<?xml version="1.0" encoding="ISO-8859-1" ?>
<link_info>
   <banner>TI ARM Linker PC v20.2.5.LTS</banner>
   <copyright>Copyright (c) 1996-2018 Texas Instruments Incorporated</copyright>
   <link_time>0x62b56758</link_time>
   <link_errors>0x0</link_errors>
   <output_file>ADC.out</output_file>
   <entry_point>
      <name>_c_int00_noargs</name>
      <address>0x4b49</address>
   </entry_point>
   <input_file_list>
      <input_file id="fl-2">
         <path>.\</path>
         <kind>object</kind>
         <file>ADC14.obj</file>
         <name>ADC14.obj</name>
      </input_file>
      <input_file id="fl-3">
         <path>.\</path>
         <kind>object</kind>
         <file>Clock.obj</file>
         <name>Clock.obj</name>
      </input_file>
      <input_file id="fl-4">
         <path>.\</path>
         <kind>object</kind>
         <file>CortexM.obj</file>
         <name>CortexM.obj</name>
      </input_file>
      <input_file id="fl-5">
         <path>.\</path>
         <kind>object</kind>
         <file>GPIO.obj</file>
         <name>GPIO.obj</name>
      </input_file>
      <input_file id="fl-6">
         <path>.\</path>
         <kind>object</kind>
         <file>LaunchPad.obj</file>
         <name>LaunchPad.obj</name>
      </input_file>
      <input_file id="fl-7">
         <path>.\</path>
         <kind>object</kind>
         <file>SysTickInts.obj</file>
         <name>SysTickInts.obj</name>
      </input_file>
      <input_file id="fl-8">
         <path>.\</path>
         <kind>object</kind>
         <file>UART0.obj</file>
         <name>UART0.obj</name>
      </input_file>
      <input_file id="fl-9">
         <path>.\</path>
         <kind>object</kind>
         <file>data_process.obj</file>
         <name>data_process.obj</name>
      </input_file>
      <input_file id="fl-a">
         <path>.\</path>
         <kind>object</kind>
         <file>key.obj</file>
         <name>key.obj</name>
      </input_file>
      <input_file id="fl-b">
         <path>.\</path>
         <kind>object</kind>
         <file>main.obj</file>
         <name>main.obj</name>
      </input_file>
      <input_file id="fl-c">
         <path>.\</path>
         <kind>object</kind>
         <file>oled.obj</file>
         <name>oled.obj</name>
      </input_file>
      <input_file id="fl-d">
         <path>.\</path>
         <kind>object</kind>
         <file>startup_msp432p401r_ccs.obj</file>
         <name>startup_msp432p401r_ccs.obj</name>
      </input_file>
      <input_file id="fl-e">
         <path>.\</path>
         <kind>object</kind>
         <file>system_msp432p401r.obj</file>
         <name>system_msp432p401r.obj</name>
      </input_file>
      <input_file id="fl-13">
         <kind>object</kind>
         <file>&lt;internal&gt;</file>
         <name>&lt;internal&gt;</name>
      </input_file>
      <input_file id="fl-c9">
         <path>C:\ti\ccs1100\ccs\tools\compiler\ti-cgt-arm_20.2.5.LTS\lib\</path>
         <kind>archive</kind>
         <file>rtsv7M4_T_le_v4SPD16_eabi.lib</file>
         <name>printf.c.obj</name>
      </input_file>
      <input_file id="fl-ca">
         <path>C:\ti\ccs1100\ccs\tools\compiler\ti-cgt-arm_20.2.5.LTS\lib\</path>
         <kind>archive</kind>
         <file>rtsv7M4_T_le_v4SPD16_eabi.lib</file>
         <name>_printfi.c.obj</name>
      </input_file>
      <input_file id="fl-cb">
         <path>C:\ti\ccs1100\ccs\tools\compiler\ti-cgt-arm_20.2.5.LTS\lib\</path>
         <kind>archive</kind>
         <file>rtsv7M4_T_le_v4SPD16_eabi.lib</file>
         <name>fopen.c.obj</name>
      </input_file>
      <input_file id="fl-cc">
         <path>C:\ti\ccs1100\ccs\tools\compiler\ti-cgt-arm_20.2.5.LTS\lib\</path>
         <kind>archive</kind>
         <file>rtsv7M4_T_le_v4SPD16_eabi.lib</file>
         <name>fputc.c.obj</name>
      </input_file>
      <input_file id="fl-cd">
         <path>C:\ti\ccs1100\ccs\tools\compiler\ti-cgt-arm_20.2.5.LTS\lib\</path>
         <kind>archive</kind>
         <file>rtsv7M4_T_le_v4SPD16_eabi.lib</file>
         <name>fputs.c.obj</name>
      </input_file>
      <input_file id="fl-ce">
         <path>C:\ti\ccs1100\ccs\tools\compiler\ti-cgt-arm_20.2.5.LTS\lib\</path>
         <kind>archive</kind>
         <file>rtsv7M4_T_le_v4SPD16_eabi.lib</file>
         <name>_io_perm.c.obj</name>
      </input_file>
      <input_file id="fl-cf">
         <path>C:\ti\ccs1100\ccs\tools\compiler\ti-cgt-arm_20.2.5.LTS\lib\</path>
         <kind>archive</kind>
         <file>rtsv7M4_T_le_v4SPD16_eabi.lib</file>
         <name>setvbuf.c.obj</name>
      </input_file>
      <input_file id="fl-d0">
         <path>C:\ti\ccs1100\ccs\tools\compiler\ti-cgt-arm_20.2.5.LTS\lib\</path>
         <kind>archive</kind>
         <file>rtsv7M4_T_le_v4SPD16_eabi.lib</file>
         <name>s_frexp.c.obj</name>
      </input_file>
      <input_file id="fl-d1">
         <path>C:\ti\ccs1100\ccs\tools\compiler\ti-cgt-arm_20.2.5.LTS\lib\</path>
         <kind>archive</kind>
         <file>rtsv7M4_T_le_v4SPD16_eabi.lib</file>
         <name>s_scalbn.c.obj</name>
      </input_file>
      <input_file id="fl-d2">
         <path>C:\ti\ccs1100\ccs\tools\compiler\ti-cgt-arm_20.2.5.LTS\lib\</path>
         <kind>archive</kind>
         <file>rtsv7M4_T_le_v4SPD16_eabi.lib</file>
         <name>wcslen.c.obj</name>
      </input_file>
      <input_file id="fl-d3">
         <path>C:\ti\ccs1100\ccs\tools\compiler\ti-cgt-arm_20.2.5.LTS\lib\</path>
         <kind>archive</kind>
         <file>rtsv7M4_T_le_v4SPD16_eabi.lib</file>
         <name>fd_add_t2.asm.obj</name>
      </input_file>
      <input_file id="fl-d4">
         <path>C:\ti\ccs1100\ccs\tools\compiler\ti-cgt-arm_20.2.5.LTS\lib\</path>
         <kind>archive</kind>
         <file>rtsv7M4_T_le_v4SPD16_eabi.lib</file>
         <name>fd_cmp_t2.asm.obj</name>
      </input_file>
      <input_file id="fl-d5">
         <path>C:\ti\ccs1100\ccs\tools\compiler\ti-cgt-arm_20.2.5.LTS\lib\</path>
         <kind>archive</kind>
         <file>rtsv7M4_T_le_v4SPD16_eabi.lib</file>
         <name>fd_div_t2.asm.obj</name>
      </input_file>
      <input_file id="fl-d6">
         <path>C:\ti\ccs1100\ccs\tools\compiler\ti-cgt-arm_20.2.5.LTS\lib\</path>
         <kind>archive</kind>
         <file>rtsv7M4_T_le_v4SPD16_eabi.lib</file>
         <name>fd_mul_t2.asm.obj</name>
      </input_file>
      <input_file id="fl-d7">
         <path>C:\ti\ccs1100\ccs\tools\compiler\ti-cgt-arm_20.2.5.LTS\lib\</path>
         <kind>archive</kind>
         <file>rtsv7M4_T_le_v4SPD16_eabi.lib</file>
         <name>fd_toi_t2.asm.obj</name>
      </input_file>
      <input_file id="fl-d8">
         <path>C:\ti\ccs1100\ccs\tools\compiler\ti-cgt-arm_20.2.5.LTS\lib\</path>
         <kind>archive</kind>
         <file>rtsv7M4_T_le_v4SPD16_eabi.lib</file>
         <name>fd_tos_t2.asm.obj</name>
      </input_file>
      <input_file id="fl-d9">
         <path>C:\ti\ccs1100\ccs\tools\compiler\ti-cgt-arm_20.2.5.LTS\lib\</path>
         <kind>archive</kind>
         <file>rtsv7M4_T_le_v4SPD16_eabi.lib</file>
         <name>fs_tod_t2.asm.obj</name>
      </input_file>
      <input_file id="fl-da">
         <path>C:\ti\ccs1100\ccs\tools\compiler\ti-cgt-arm_20.2.5.LTS\lib\</path>
         <kind>archive</kind>
         <file>rtsv7M4_T_le_v4SPD16_eabi.lib</file>
         <name>i_tofd_t2.asm.obj</name>
      </input_file>
      <input_file id="fl-db">
         <path>C:\ti\ccs1100\ccs\tools\compiler\ti-cgt-arm_20.2.5.LTS\lib\</path>
         <kind>archive</kind>
         <file>rtsv7M4_T_le_v4SPD16_eabi.lib</file>
         <name>memcpy_t2.asm.obj</name>
      </input_file>
      <input_file id="fl-dc">
         <path>C:\ti\ccs1100\ccs\tools\compiler\ti-cgt-arm_20.2.5.LTS\lib\</path>
         <kind>archive</kind>
         <file>rtsv7M4_T_le_v4SPD16_eabi.lib</file>
         <name>u_tofd_t2.asm.obj</name>
      </input_file>
      <input_file id="fl-dd">
         <path>C:\ti\ccs1100\ccs\tools\compiler\ti-cgt-arm_20.2.5.LTS\lib\</path>
         <kind>archive</kind>
         <file>rtsv7M4_T_le_v4SPD16_eabi.lib</file>
         <name>ull_div_t2.asm.obj</name>
      </input_file>
      <input_file id="fl-de">
         <path>C:\ti\ccs1100\ccs\tools\compiler\ti-cgt-arm_20.2.5.LTS\lib\</path>
         <kind>archive</kind>
         <file>rtsv7M4_T_le_v4SPD16_eabi.lib</file>
         <name>memset_t2.asm.obj</name>
      </input_file>
      <input_file id="fl-df">
         <path>C:\ti\ccs1100\ccs\tools\compiler\ti-cgt-arm_20.2.5.LTS\lib\</path>
         <kind>archive</kind>
         <file>rtsv7M4_T_le_v4SPD16_eabi.lib</file>
         <name>copy_zero_init.c.obj</name>
      </input_file>
      <input_file id="fl-e0">
         <path>C:\ti\ccs1100\ccs\tools\compiler\ti-cgt-arm_20.2.5.LTS\lib\</path>
         <kind>archive</kind>
         <file>rtsv7M4_T_le_v4SPD16_eabi.lib</file>
         <name>copy_decompress_none.c.obj</name>
      </input_file>
      <input_file id="fl-e1">
         <path>C:\ti\ccs1100\ccs\tools\compiler\ti-cgt-arm_20.2.5.LTS\lib\</path>
         <kind>archive</kind>
         <file>rtsv7M4_T_le_v4SPD16_eabi.lib</file>
         <name>copy_decompress_lzss.c.obj</name>
      </input_file>
      <input_file id="fl-e2">
         <path>C:\ti\ccs1100\ccs\tools\compiler\ti-cgt-arm_20.2.5.LTS\lib\</path>
         <kind>archive</kind>
         <file>rtsv7M4_T_le_v4SPD16_eabi.lib</file>
         <name>exit.c.obj</name>
      </input_file>
      <input_file id="fl-e3">
         <path>C:\ti\ccs1100\ccs\tools\compiler\ti-cgt-arm_20.2.5.LTS\lib\</path>
         <kind>archive</kind>
         <file>rtsv7M4_T_le_v4SPD16_eabi.lib</file>
         <name>_lock.c.obj</name>
      </input_file>
      <input_file id="fl-e4">
         <path>C:\ti\ccs1100\ccs\tools\compiler\ti-cgt-arm_20.2.5.LTS\lib\</path>
         <kind>archive</kind>
         <file>rtsv7M4_T_le_v4SPD16_eabi.lib</file>
         <name>_ltoa.c.obj</name>
      </input_file>
      <input_file id="fl-e5">
         <path>C:\ti\ccs1100\ccs\tools\compiler\ti-cgt-arm_20.2.5.LTS\lib\</path>
         <kind>archive</kind>
         <file>rtsv7M4_T_le_v4SPD16_eabi.lib</file>
         <name>atoi.c.obj</name>
      </input_file>
      <input_file id="fl-e6">
         <path>C:\ti\ccs1100\ccs\tools\compiler\ti-cgt-arm_20.2.5.LTS\lib\</path>
         <kind>archive</kind>
         <file>rtsv7M4_T_le_v4SPD16_eabi.lib</file>
         <name>ctype.c.obj</name>
      </input_file>
      <input_file id="fl-e7">
         <path>C:\ti\ccs1100\ccs\tools\compiler\ti-cgt-arm_20.2.5.LTS\lib\</path>
         <kind>archive</kind>
         <file>rtsv7M4_T_le_v4SPD16_eabi.lib</file>
         <name>defs.c.obj</name>
      </input_file>
      <input_file id="fl-e8">
         <path>C:\ti\ccs1100\ccs\tools\compiler\ti-cgt-arm_20.2.5.LTS\lib\</path>
         <kind>archive</kind>
         <file>rtsv7M4_T_le_v4SPD16_eabi.lib</file>
         <name>memccpy.c.obj</name>
      </input_file>
      <input_file id="fl-e9">
         <path>C:\ti\ccs1100\ccs\tools\compiler\ti-cgt-arm_20.2.5.LTS\lib\</path>
         <kind>archive</kind>
         <file>rtsv7M4_T_le_v4SPD16_eabi.lib</file>
         <name>memchr.c.obj</name>
      </input_file>
      <input_file id="fl-ea">
         <path>C:\ti\ccs1100\ccs\tools\compiler\ti-cgt-arm_20.2.5.LTS\lib\</path>
         <kind>archive</kind>
         <file>rtsv7M4_T_le_v4SPD16_eabi.lib</file>
         <name>memory.c.obj</name>
      </input_file>
      <input_file id="fl-eb">
         <path>C:\ti\ccs1100\ccs\tools\compiler\ti-cgt-arm_20.2.5.LTS\lib\</path>
         <kind>archive</kind>
         <file>rtsv7M4_T_le_v4SPD16_eabi.lib</file>
         <name>strchr.c.obj</name>
      </input_file>
      <input_file id="fl-ec">
         <path>C:\ti\ccs1100\ccs\tools\compiler\ti-cgt-arm_20.2.5.LTS\lib\</path>
         <kind>archive</kind>
         <file>rtsv7M4_T_le_v4SPD16_eabi.lib</file>
         <name>strlen.c.obj</name>
      </input_file>
      <input_file id="fl-ed">
         <path>C:\ti\ccs1100\ccs\tools\compiler\ti-cgt-arm_20.2.5.LTS\lib\</path>
         <kind>archive</kind>
         <file>rtsv7M4_T_le_v4SPD16_eabi.lib</file>
         <name>errno.c.obj</name>
      </input_file>
      <input_file id="fl-ee">
         <path>C:\ti\ccs1100\ccs\tools\compiler\ti-cgt-arm_20.2.5.LTS\lib\</path>
         <kind>archive</kind>
         <file>rtsv7M4_T_le_v4SPD16_eabi.lib</file>
         <name>boot_cortex_m.c.obj</name>
      </input_file>
      <input_file id="fl-ef">
         <path>C:\ti\ccs1100\ccs\tools\compiler\ti-cgt-arm_20.2.5.LTS\lib\</path>
         <kind>archive</kind>
         <file>rtsv7M4_T_le_v4SPD16_eabi.lib</file>
         <name>write.c.obj</name>
      </input_file>
      <input_file id="fl-f0">
         <path>C:\ti\ccs1100\ccs\tools\compiler\ti-cgt-arm_20.2.5.LTS\lib\</path>
         <kind>archive</kind>
         <file>rtsv7M4_T_le_v4SPD16_eabi.lib</file>
         <name>host_device.c.obj</name>
      </input_file>
      <input_file id="fl-f1">
         <path>C:\ti\ccs1100\ccs\tools\compiler\ti-cgt-arm_20.2.5.LTS\lib\</path>
         <kind>archive</kind>
         <file>rtsv7M4_T_le_v4SPD16_eabi.lib</file>
         <name>open.c.obj</name>
      </input_file>
      <input_file id="fl-f2">
         <path>C:\ti\ccs1100\ccs\tools\compiler\ti-cgt-arm_20.2.5.LTS\lib\</path>
         <kind>archive</kind>
         <file>rtsv7M4_T_le_v4SPD16_eabi.lib</file>
         <name>add_device.c.obj</name>
      </input_file>
      <input_file id="fl-f3">
         <path>C:\ti\ccs1100\ccs\tools\compiler\ti-cgt-arm_20.2.5.LTS\lib\</path>
         <kind>archive</kind>
         <file>rtsv7M4_T_le_v4SPD16_eabi.lib</file>
         <name>fclose.c.obj</name>
      </input_file>
      <input_file id="fl-f4">
         <path>C:\ti\ccs1100\ccs\tools\compiler\ti-cgt-arm_20.2.5.LTS\lib\</path>
         <kind>archive</kind>
         <file>rtsv7M4_T_le_v4SPD16_eabi.lib</file>
         <name>fflush.c.obj</name>
      </input_file>
      <input_file id="fl-f5">
         <path>C:\ti\ccs1100\ccs\tools\compiler\ti-cgt-arm_20.2.5.LTS\lib\</path>
         <kind>archive</kind>
         <file>rtsv7M4_T_le_v4SPD16_eabi.lib</file>
         <name>fseek.c.obj</name>
      </input_file>
      <input_file id="fl-f6">
         <path>C:\ti\ccs1100\ccs\tools\compiler\ti-cgt-arm_20.2.5.LTS\lib\</path>
         <kind>archive</kind>
         <file>rtsv7M4_T_le_v4SPD16_eabi.lib</file>
         <name>getdevice.c.obj</name>
      </input_file>
      <input_file id="fl-f7">
         <path>C:\ti\ccs1100\ccs\tools\compiler\ti-cgt-arm_20.2.5.LTS\lib\</path>
         <kind>archive</kind>
         <file>rtsv7M4_T_le_v4SPD16_eabi.lib</file>
         <name>s_copysign.c.obj</name>
      </input_file>
      <input_file id="fl-f8">
         <path>C:\ti\ccs1100\ccs\tools\compiler\ti-cgt-arm_20.2.5.LTS\lib\</path>
         <kind>archive</kind>
         <file>rtsv7M4_T_le_v4SPD16_eabi.lib</file>
         <name>div0.asm.obj</name>
      </input_file>
      <input_file id="fl-f9">
         <path>C:\ti\ccs1100\ccs\tools\compiler\ti-cgt-arm_20.2.5.LTS\lib\</path>
         <kind>archive</kind>
         <file>rtsv7M4_T_le_v4SPD16_eabi.lib</file>
         <name>autoinit.c.obj</name>
      </input_file>
      <input_file id="fl-fa">
         <path>C:\ti\ccs1100\ccs\tools\compiler\ti-cgt-arm_20.2.5.LTS\lib\</path>
         <kind>archive</kind>
         <file>rtsv7M4_T_le_v4SPD16_eabi.lib</file>
         <name>pre_init.c.obj</name>
      </input_file>
      <input_file id="fl-fb">
         <path>C:\ti\ccs1100\ccs\tools\compiler\ti-cgt-arm_20.2.5.LTS\lib\</path>
         <kind>archive</kind>
         <file>rtsv7M4_T_le_v4SPD16_eabi.lib</file>
         <name>cpy_tbl.c.obj</name>
      </input_file>
      <input_file id="fl-fc">
         <path>C:\ti\ccs1100\ccs\tools\compiler\ti-cgt-arm_20.2.5.LTS\lib\</path>
         <kind>archive</kind>
         <file>rtsv7M4_T_le_v4SPD16_eabi.lib</file>
         <name>args_main.c.obj</name>
      </input_file>
      <input_file id="fl-fd">
         <path>C:\ti\ccs1100\ccs\tools\compiler\ti-cgt-arm_20.2.5.LTS\lib\</path>
         <kind>archive</kind>
         <file>rtsv7M4_T_le_v4SPD16_eabi.lib</file>
         <name>strcmp.c.obj</name>
      </input_file>
      <input_file id="fl-fe">
         <path>C:\ti\ccs1100\ccs\tools\compiler\ti-cgt-arm_20.2.5.LTS\lib\</path>
         <kind>archive</kind>
         <file>rtsv7M4_T_le_v4SPD16_eabi.lib</file>
         <name>strncpy.c.obj</name>
      </input_file>
      <input_file id="fl-ff">
         <path>C:\ti\ccs1100\ccs\tools\compiler\ti-cgt-arm_20.2.5.LTS\lib\</path>
         <kind>archive</kind>
         <file>rtsv7M4_T_le_v4SPD16_eabi.lib</file>
         <name>hostclose.c.obj</name>
      </input_file>
      <input_file id="fl-100">
         <path>C:\ti\ccs1100\ccs\tools\compiler\ti-cgt-arm_20.2.5.LTS\lib\</path>
         <kind>archive</kind>
         <file>rtsv7M4_T_le_v4SPD16_eabi.lib</file>
         <name>hostlseek.c.obj</name>
      </input_file>
      <input_file id="fl-101">
         <path>C:\ti\ccs1100\ccs\tools\compiler\ti-cgt-arm_20.2.5.LTS\lib\</path>
         <kind>archive</kind>
         <file>rtsv7M4_T_le_v4SPD16_eabi.lib</file>
         <name>hostopen.c.obj</name>
      </input_file>
      <input_file id="fl-102">
         <path>C:\ti\ccs1100\ccs\tools\compiler\ti-cgt-arm_20.2.5.LTS\lib\</path>
         <kind>archive</kind>
         <file>rtsv7M4_T_le_v4SPD16_eabi.lib</file>
         <name>hostread.c.obj</name>
      </input_file>
      <input_file id="fl-103">
         <path>C:\ti\ccs1100\ccs\tools\compiler\ti-cgt-arm_20.2.5.LTS\lib\</path>
         <kind>archive</kind>
         <file>rtsv7M4_T_le_v4SPD16_eabi.lib</file>
         <name>hostrename.c.obj</name>
      </input_file>
      <input_file id="fl-104">
         <path>C:\ti\ccs1100\ccs\tools\compiler\ti-cgt-arm_20.2.5.LTS\lib\</path>
         <kind>archive</kind>
         <file>rtsv7M4_T_le_v4SPD16_eabi.lib</file>
         <name>hostunlink.c.obj</name>
      </input_file>
      <input_file id="fl-105">
         <path>C:\ti\ccs1100\ccs\tools\compiler\ti-cgt-arm_20.2.5.LTS\lib\</path>
         <kind>archive</kind>
         <file>rtsv7M4_T_le_v4SPD16_eabi.lib</file>
         <name>hostwrite.c.obj</name>
      </input_file>
      <input_file id="fl-106">
         <path>C:\ti\ccs1100\ccs\tools\compiler\ti-cgt-arm_20.2.5.LTS\lib\</path>
         <kind>archive</kind>
         <file>rtsv7M4_T_le_v4SPD16_eabi.lib</file>
         <name>trgmsg.c.obj</name>
      </input_file>
      <input_file id="fl-107">
         <path>C:\ti\ccs1100\ccs\tools\compiler\ti-cgt-arm_20.2.5.LTS\lib\</path>
         <kind>archive</kind>
         <file>rtsv7M4_T_le_v4SPD16_eabi.lib</file>
         <name>remove.c.obj</name>
      </input_file>
      <input_file id="fl-108">
         <path>C:\ti\ccs1100\ccs\tools\compiler\ti-cgt-arm_20.2.5.LTS\lib\</path>
         <kind>archive</kind>
         <file>rtsv7M4_T_le_v4SPD16_eabi.lib</file>
         <name>lseek.c.obj</name>
      </input_file>
      <input_file id="fl-109">
         <path>C:\ti\ccs1100\ccs\tools\compiler\ti-cgt-arm_20.2.5.LTS\lib\</path>
         <kind>archive</kind>
         <file>rtsv7M4_T_le_v4SPD16_eabi.lib</file>
         <name>close.c.obj</name>
      </input_file>
      <input_file id="fl-10a">
         <path>C:\ti\ccs1100\ccs\tools\compiler\ti-cgt-arm_20.2.5.LTS\lib\</path>
         <kind>archive</kind>
         <file>rtsv7M4_T_le_v4SPD16_eabi.lib</file>
         <name>strcpy.c.obj</name>
      </input_file>
      <input_file id="fl-10b">
         <path>C:\ti\ccs1100\ccs\tools\compiler\ti-cgt-arm_20.2.5.LTS\lib\</path>
         <kind>archive</kind>
         <file>rtsv7M4_T_le_v4SPD16_eabi.lib</file>
         <name>unlink.c.obj</name>
      </input_file>
      <input_file id="fl-10c">
         <path>C:\ti\simplelink_msp432p4_sdk_3_40_01_02\source\ti\devices\msp432p4xx\driverlib\ccs\</path>
         <kind>archive</kind>
         <file>msp432p4xx_driverlib.lib</file>
         <name>interrupt.o</name>
      </input_file>
      <input_file id="fl-10d">
         <path>C:\ti\simplelink_msp432p4_sdk_3_40_01_02\source\ti\devices\msp432p4xx\driverlib\ccs\</path>
         <kind>archive</kind>
         <file>msp432p4xx_driverlib.lib</file>
         <name>timer32.o</name>
      </input_file>
      <input_file id="fl-10e">
         <path>C:\ti\simplelink_msp432p4_sdk_3_40_01_02\source\ti\devices\msp432p4xx\driverlib\ccs\</path>
         <kind>archive</kind>
         <file>msp432p4xx_driverlib.lib</file>
         <name>cpu.o</name>
      </input_file>
   </input_file_list>
   <object_component_list>
      <object_component id="oc-26">
         <name>.intvecs:retain</name>
         <load_address>0x0</load_address>
         <run_address>0x0</run_address>
         <size>0xe4</size>
         <input_file_ref idref="fl-d"/>
      </object_component>
      <object_component id="oc-224">
         <name>.text:__TI_printfi</name>
         <load_address>0xe4</load_address>
         <run_address>0xe4</run_address>
         <size>0xa4e</size>
         <input_file_ref idref="fl-ca"/>
      </object_component>
      <object_component id="oc-32d">
         <name>.text:_nop</name>
         <load_address>0xb32</load_address>
         <run_address>0xb32</run_address>
         <size>0x2</size>
         <input_file_ref idref="fl-e3"/>
      </object_component>
      <object_component id="oc-ce">
         <name>.text</name>
         <load_address>0xb34</load_address>
         <run_address>0xb34</run_address>
         <size>0x790</size>
         <input_file_ref idref="fl-c"/>
      </object_component>
      <object_component id="oc-da">
         <name>.text</name>
         <load_address>0x12c4</load_address>
         <run_address>0x12c4</run_address>
         <size>0x6bc</size>
         <input_file_ref idref="fl-8"/>
      </object_component>
      <object_component id="oc-70">
         <name>.text</name>
         <load_address>0x1980</load_address>
         <run_address>0x1980</run_address>
         <size>0x580</size>
         <input_file_ref idref="fl-b"/>
      </object_component>
      <object_component id="oc-ac">
         <name>.text</name>
         <load_address>0x1f00</load_address>
         <run_address>0x1f00</run_address>
         <size>0x334</size>
         <input_file_ref idref="fl-e"/>
      </object_component>
      <object_component id="oc-309">
         <name>.text:_pconv_a</name>
         <load_address>0x2234</load_address>
         <run_address>0x2234</run_address>
         <size>0x270</size>
         <input_file_ref idref="fl-ca"/>
      </object_component>
      <object_component id="oc-e6">
         <name>.text</name>
         <load_address>0x24a4</load_address>
         <run_address>0x24a4</run_address>
         <size>0x260</size>
         <input_file_ref idref="fl-2"/>
      </object_component>
      <object_component id="oc-b9">
         <name>.text</name>
         <load_address>0x2704</load_address>
         <run_address>0x2704</run_address>
         <size>0x234</size>
         <input_file_ref idref="fl-a"/>
      </object_component>
      <object_component id="oc-d4">
         <name>.text</name>
         <load_address>0x2938</load_address>
         <run_address>0x2938</run_address>
         <size>0x1e0</size>
         <input_file_ref idref="fl-3"/>
      </object_component>
      <object_component id="oc-2f7">
         <name>.text:_pconv_g</name>
         <load_address>0x2b18</load_address>
         <run_address>0x2b18</run_address>
         <size>0x1d0</size>
         <input_file_ref idref="fl-ca"/>
      </object_component>
      <object_component id="oc-123">
         <name>.text</name>
         <load_address>0x2ce8</load_address>
         <run_address>0x2ce8</run_address>
         <size>0x1b6</size>
         <input_file_ref idref="fl-d3"/>
      </object_component>
      <object_component id="oc-4ca">
         <name>.text</name>
         <load_address>0x2e9e</load_address>
         <run_address>0x2e9e</run_address>
         <size>0x2</size>
         <input_file_ref idref="fl-f8"/>
      </object_component>
      <object_component id="oc-303">
         <name>.text:_pconv_e</name>
         <load_address>0x2ea0</load_address>
         <run_address>0x2ea0</run_address>
         <size>0x13c</size>
         <input_file_ref idref="fl-ca"/>
      </object_component>
      <object_component id="oc-114">
         <name>.text</name>
         <load_address>0x2fdc</load_address>
         <run_address>0x2fdc</run_address>
         <size>0x136</size>
         <input_file_ref idref="fl-d5"/>
      </object_component>
      <object_component id="oc-412">
         <name>.text:fcvt</name>
         <load_address>0x3114</load_address>
         <run_address>0x3114</run_address>
         <size>0x124</size>
         <input_file_ref idref="fl-ca"/>
      </object_component>
      <object_component id="oc-337">
         <name>.text:fputs</name>
         <load_address>0x3238</load_address>
         <run_address>0x3238</run_address>
         <size>0x114</size>
         <input_file_ref idref="fl-cd"/>
      </object_component>
      <object_component id="oc-2aa">
         <name>.text:_openfile</name>
         <load_address>0x334c</load_address>
         <run_address>0x334c</run_address>
         <size>0x110</size>
         <input_file_ref idref="fl-cb"/>
      </object_component>
      <object_component id="oc-426">
         <name>.text:scalbn</name>
         <load_address>0x345c</load_address>
         <run_address>0x345c</run_address>
         <size>0x110</size>
         <input_file_ref idref="fl-d1"/>
      </object_component>
      <object_component id="oc-3d3">
         <name>.text:aligned_alloc</name>
         <load_address>0x356c</load_address>
         <run_address>0x356c</run_address>
         <size>0x100</size>
         <input_file_ref idref="fl-ea"/>
      </object_component>
      <object_component id="oc-10f">
         <name>.text</name>
         <load_address>0x366c</load_address>
         <run_address>0x366c</run_address>
         <size>0xfc</size>
         <input_file_ref idref="fl-d6"/>
      </object_component>
      <object_component id="oc-2bd">
         <name>.text:free</name>
         <load_address>0x3768</load_address>
         <run_address>0x3768</run_address>
         <size>0xe4</size>
         <input_file_ref idref="fl-ea"/>
      </object_component>
      <object_component id="oc-1fb">
         <name>.text:setvbuf</name>
         <load_address>0x384c</load_address>
         <run_address>0x384c</run_address>
         <size>0xdc</size>
         <input_file_ref idref="fl-cf"/>
      </object_component>
      <object_component id="oc-3a6">
         <name>.text:open</name>
         <load_address>0x3928</load_address>
         <run_address>0x3928</run_address>
         <size>0xbc</size>
         <input_file_ref idref="fl-f1"/>
      </object_component>
      <object_component id="oc-1e9">
         <name>.text:add_device</name>
         <load_address>0x39e4</load_address>
         <run_address>0x39e4</run_address>
         <size>0xb8</size>
         <input_file_ref idref="fl-f2"/>
      </object_component>
      <object_component id="oc-2ec">
         <name>.text:_ltostr</name>
         <load_address>0x3a9c</load_address>
         <run_address>0x3a9c</run_address>
         <size>0xb1</size>
         <input_file_ref idref="fl-ca"/>
      </object_component>
      <object_component id="oc-1ef">
         <name>.text:fopen</name>
         <load_address>0x3b50</load_address>
         <run_address>0x3b50</run_address>
         <size>0x9c</size>
         <input_file_ref idref="fl-cb"/>
      </object_component>
      <object_component id="oc-3a">
         <name>.text</name>
         <load_address>0x3bec</load_address>
         <run_address>0x3bec</run_address>
         <size>0x9c</size>
         <input_file_ref idref="fl-db"/>
      </object_component>
      <object_component id="oc-3f8">
         <name>.text</name>
         <load_address>0x3c88</load_address>
         <run_address>0x3c88</run_address>
         <size>0x96</size>
         <input_file_ref idref="fl-dd"/>
      </object_component>
      <object_component id="oc-33e">
         <name>.text:fputc</name>
         <load_address>0x3d20</load_address>
         <run_address>0x3d20</run_address>
         <size>0x8c</size>
         <input_file_ref idref="fl-cc"/>
      </object_component>
      <object_component id="oc-2f2">
         <name>.text:__aeabi_cdcmple</name>
         <load_address>0x3dac</load_address>
         <run_address>0x3dac</run_address>
         <size>0x86</size>
         <input_file_ref idref="fl-d4"/>
      </object_component>
      <object_component id="oc-128">
         <name>.text:__aeabi_cdrcmple</name>
         <load_address>0x3e32</load_address>
         <run_address>0x3e32</run_address>
         <size>0x86</size>
         <input_file_ref idref="fl-d4"/>
      </object_component>
      <object_component id="oc-f2">
         <name>.text:Interrupt_enableInterrupt</name>
         <load_address>0x3eb8</load_address>
         <run_address>0x3eb8</run_address>
         <size>0x80</size>
         <input_file_ref idref="fl-10c"/>
      </object_component>
      <object_component id="oc-94">
         <name>.text</name>
         <load_address>0x3f38</load_address>
         <run_address>0x3f38</run_address>
         <size>0x7a</size>
         <input_file_ref idref="fl-de"/>
      </object_component>
      <object_component id="oc-2b6">
         <name>.text:__TI_closefile</name>
         <load_address>0x3fb4</load_address>
         <run_address>0x3fb4</run_address>
         <size>0x74</size>
         <input_file_ref idref="fl-f3"/>
      </object_component>
      <object_component id="oc-4ba">
         <name>.text:split</name>
         <load_address>0x4028</load_address>
         <run_address>0x4028</run_address>
         <size>0x70</size>
         <input_file_ref idref="fl-ea"/>
      </object_component>
      <object_component id="oc-40b">
         <name>.text:_mcpy</name>
         <load_address>0x4098</load_address>
         <run_address>0x4098</run_address>
         <size>0x6e</size>
         <input_file_ref idref="fl-ca"/>
      </object_component>
      <object_component id="oc-119">
         <name>.text</name>
         <load_address>0x4106</load_address>
         <run_address>0x4106</run_address>
         <size>0x6e</size>
         <input_file_ref idref="fl-d8"/>
      </object_component>
      <object_component id="oc-391">
         <name>.text:HOSTrename</name>
         <load_address>0x4174</load_address>
         <run_address>0x4174</run_address>
         <size>0x6c</size>
         <input_file_ref idref="fl-103"/>
      </object_component>
      <object_component id="oc-385">
         <name>.text:HOSTlseek</name>
         <load_address>0x41e0</load_address>
         <run_address>0x41e0</run_address>
         <size>0x68</size>
         <input_file_ref idref="fl-100"/>
      </object_component>
      <object_component id="oc-ec">
         <name>.text:Timer32_initModule</name>
         <load_address>0x4248</load_address>
         <run_address>0x4248</run_address>
         <size>0x68</size>
         <input_file_ref idref="fl-10d"/>
      </object_component>
      <object_component id="oc-17">
         <name>.text:decompress:lzss:__TI_decompress_lzss</name>
         <load_address>0x42b0</load_address>
         <run_address>0x42b0</run_address>
         <size>0x68</size>
         <input_file_ref idref="fl-e1"/>
      </object_component>
      <object_component id="oc-137">
         <name>.text:printf</name>
         <load_address>0x4318</load_address>
         <run_address>0x4318</run_address>
         <size>0x68</size>
         <input_file_ref idref="fl-c9"/>
      </object_component>
      <object_component id="oc-420">
         <name>.text:frexp</name>
         <load_address>0x4380</load_address>
         <run_address>0x4380</run_address>
         <size>0x64</size>
         <input_file_ref idref="fl-d0"/>
      </object_component>
      <object_component id="oc-4f9">
         <name>.text:fseek</name>
         <load_address>0x43e4</load_address>
         <run_address>0x43e4</run_address>
         <size>0x64</size>
         <input_file_ref idref="fl-f5"/>
      </object_component>
      <object_component id="oc-450">
         <name>.text:__TI_wrt_ok</name>
         <load_address>0x4448</load_address>
         <run_address>0x4448</run_address>
         <size>0x62</size>
         <input_file_ref idref="fl-ce"/>
      </object_component>
      <object_component id="oc-36d">
         <name>.text:HOSTopen</name>
         <load_address>0x44ac</load_address>
         <run_address>0x44ac</run_address>
         <size>0x60</size>
         <input_file_ref idref="fl-101"/>
      </object_component>
      <object_component id="oc-3b7">
         <name>.text:close</name>
         <load_address>0x450c</load_address>
         <run_address>0x450c</run_address>
         <size>0x5c</size>
         <input_file_ref idref="fl-109"/>
      </object_component>
      <object_component id="oc-379">
         <name>.text:HOSTread</name>
         <load_address>0x4568</load_address>
         <run_address>0x4568</run_address>
         <size>0x58</size>
         <input_file_ref idref="fl-102"/>
      </object_component>
      <object_component id="oc-37f">
         <name>.text:HOSTwrite</name>
         <load_address>0x45c0</load_address>
         <run_address>0x45c0</run_address>
         <size>0x58</size>
         <input_file_ref idref="fl-105"/>
      </object_component>
      <object_component id="oc-2fd">
         <name>.text:_pconv_f</name>
         <load_address>0x4618</load_address>
         <run_address>0x4618</run_address>
         <size>0x56</size>
         <input_file_ref idref="fl-ca"/>
      </object_component>
      <object_component id="oc-3ff">
         <name>.text:__TI_ltoa</name>
         <load_address>0x466e</load_address>
         <run_address>0x466e</run_address>
         <size>0x54</size>
         <input_file_ref idref="fl-e4"/>
      </object_component>
      <object_component id="oc-405">
         <name>.text:_ecpy</name>
         <load_address>0x46c2</load_address>
         <run_address>0x46c2</run_address>
         <size>0x52</size>
         <input_file_ref idref="fl-ca"/>
      </object_component>
      <object_component id="oc-3b1">
         <name>.text:__TI_doflush</name>
         <load_address>0x4714</load_address>
         <run_address>0x4714</run_address>
         <size>0x4c</size>
         <input_file_ref idref="fl-f4"/>
      </object_component>
      <object_component id="oc-2e6">
         <name>.text:atoi</name>
         <load_address>0x4760</load_address>
         <run_address>0x4760</run_address>
         <size>0x4c</size>
         <input_file_ref idref="fl-e5"/>
      </object_component>
      <object_component id="oc-180">
         <name>.text:exit</name>
         <load_address>0x47ac</load_address>
         <run_address>0x47ac</run_address>
         <size>0x48</size>
         <input_file_ref idref="fl-e2"/>
      </object_component>
      <object_component id="oc-132">
         <name>.text</name>
         <load_address>0x47f4</load_address>
         <run_address>0x47f4</run_address>
         <size>0x48</size>
         <input_file_ref idref="fl-d7"/>
      </object_component>
      <object_component id="oc-373">
         <name>.text:HOSTclose</name>
         <load_address>0x483c</load_address>
         <run_address>0x483c</run_address>
         <size>0x44</size>
         <input_file_ref idref="fl-ff"/>
      </object_component>
      <object_component id="oc-38b">
         <name>.text:HOSTunlink</name>
         <load_address>0x4880</load_address>
         <run_address>0x4880</run_address>
         <size>0x44</size>
         <input_file_ref idref="fl-104"/>
      </object_component>
      <object_component id="oc-186">
         <name>.text:__TI_auto_init_nobinit_nopinit:__TI_auto_init_nobinit_nopinit</name>
         <load_address>0x48c4</load_address>
         <run_address>0x48c4</run_address>
         <size>0x44</size>
         <input_file_ref idref="fl-f9"/>
      </object_component>
      <object_component id="oc-4a1">
         <name>.text:getdevice</name>
         <load_address>0x4908</load_address>
         <run_address>0x4908</run_address>
         <size>0x44</size>
         <input_file_ref idref="fl-f6"/>
      </object_component>
      <object_component id="oc-e0">
         <name>.text</name>
         <load_address>0x494c</load_address>
         <run_address>0x494c</run_address>
         <size>0x40</size>
         <input_file_ref idref="fl-7"/>
      </object_component>
      <object_component id="oc-418">
         <name>.text:_fcpy</name>
         <load_address>0x498c</load_address>
         <run_address>0x498c</run_address>
         <size>0x3e</size>
         <input_file_ref idref="fl-ca"/>
      </object_component>
      <object_component id="oc-c5">
         <name>.text:Timer32_startTimer</name>
         <load_address>0x49cc</load_address>
         <run_address>0x49cc</run_address>
         <size>0x38</size>
         <input_file_ref idref="fl-10d"/>
      </object_component>
      <object_component id="oc-478">
         <name>.text:__TI_writemsg</name>
         <load_address>0x4a04</load_address>
         <run_address>0x4a04</run_address>
         <size>0x38</size>
         <input_file_ref idref="fl-106"/>
      </object_component>
      <object_component id="oc-11e">
         <name>.text</name>
         <load_address>0x4a3c</load_address>
         <run_address>0x4a3c</run_address>
         <size>0x38</size>
         <input_file_ref idref="fl-d9"/>
      </object_component>
      <object_component id="oc-29e">
         <name>.text:strncpy</name>
         <load_address>0x4a74</load_address>
         <run_address>0x4a74</run_address>
         <size>0x36</size>
         <input_file_ref idref="fl-fe"/>
      </object_component>
      <object_component id="oc-bf">
         <name>.text:Timer32_setCount</name>
         <load_address>0x4aac</load_address>
         <run_address>0x4aac</run_address>
         <size>0x34</size>
         <input_file_ref idref="fl-10d"/>
      </object_component>
      <object_component id="oc-2c9">
         <name>.text:__TI_cleanup</name>
         <load_address>0x4ae0</load_address>
         <run_address>0x4ae0</run_address>
         <size>0x34</size>
         <input_file_ref idref="fl-cb"/>
      </object_component>
      <object_component id="oc-47e">
         <name>.text:__TI_readmsg</name>
         <load_address>0x4b14</load_address>
         <run_address>0x4b14</run_address>
         <size>0x34</size>
         <input_file_ref idref="fl-106"/>
      </object_component>
      <object_component id="oc-58">
         <name>.text:_c_int00_noargs:_c_int00_noargs</name>
         <load_address>0x4b48</load_address>
         <run_address>0x4b48</run_address>
         <size>0x34</size>
         <input_file_ref idref="fl-ee"/>
      </object_component>
      <object_component id="oc-1f5">
         <name>.text:freopen</name>
         <load_address>0x4b7c</load_address>
         <run_address>0x4b7c</run_address>
         <size>0x34</size>
         <input_file_ref idref="fl-cb"/>
      </object_component>
      <object_component id="oc-298">
         <name>.text:finddevice</name>
         <load_address>0x4bb0</load_address>
         <run_address>0x4bb0</run_address>
         <size>0x30</size>
         <input_file_ref idref="fl-f6"/>
      </object_component>
      <object_component id="oc-12d">
         <name>.text</name>
         <load_address>0x4be0</load_address>
         <run_address>0x4be0</run_address>
         <size>0x2e</size>
         <input_file_ref idref="fl-da"/>
      </object_component>
      <object_component id="oc-3bd">
         <name>.text:unlink</name>
         <load_address>0x4c10</load_address>
         <run_address>0x4c10</run_address>
         <size>0x2c</size>
         <input_file_ref idref="fl-10b"/>
      </object_component>
      <object_component id="oc-3cc">
         <name>.text:free_list_insert</name>
         <load_address>0x4c3c</load_address>
         <run_address>0x4c3c</run_address>
         <size>0x28</size>
         <input_file_ref idref="fl-ea"/>
      </object_component>
      <object_component id="oc-53f">
         <name>.text:lseek</name>
         <load_address>0x4c64</load_address>
         <run_address>0x4c64</run_address>
         <size>0x28</size>
         <input_file_ref idref="fl-108"/>
      </object_component>
      <object_component id="oc-45c">
         <name>.text:write</name>
         <load_address>0x4c8c</load_address>
         <run_address>0x4c8c</run_address>
         <size>0x28</size>
         <input_file_ref idref="fl-ef"/>
      </object_component>
      <object_component id="oc-f8">
         <name>.text</name>
         <load_address>0x4cb4</load_address>
         <run_address>0x4cb4</run_address>
         <size>0x24</size>
         <input_file_ref idref="fl-4"/>
      </object_component>
      <object_component id="oc-456">
         <name>.text:memchr</name>
         <load_address>0x4cd8</load_address>
         <run_address>0x4cd8</run_address>
         <size>0x20</size>
         <input_file_ref idref="fl-e9"/>
      </object_component>
      <object_component id="oc-10a">
         <name>.text</name>
         <load_address>0x4cf8</load_address>
         <run_address>0x4cf8</run_address>
         <size>0x20</size>
         <input_file_ref idref="fl-dc"/>
      </object_component>
      <object_component id="oc-46">
         <name>.text:decompress:ZI:__TI_zero_init_nomemset:__TI_zero_init_nomemset</name>
         <load_address>0x4d18</load_address>
         <run_address>0x4d18</run_address>
         <size>0x1c</size>
         <input_file_ref idref="fl-df"/>
      </object_component>
      <object_component id="oc-3c6">
         <name>.text:free_list_remove</name>
         <load_address>0x4d34</load_address>
         <run_address>0x4d34</run_address>
         <size>0x1c</size>
         <input_file_ref idref="fl-ea"/>
      </object_component>
      <object_component id="oc-30f">
         <name>.text:memccpy</name>
         <load_address>0x4d50</load_address>
         <run_address>0x4d50</run_address>
         <size>0x1c</size>
         <input_file_ref idref="fl-e8"/>
      </object_component>
      <object_component id="oc-4dd">
         <name>.text:copysign</name>
         <load_address>0x4d6c</load_address>
         <run_address>0x4d6c</run_address>
         <size>0x1a</size>
         <input_file_ref idref="fl-f7"/>
      </object_component>
      <object_component id="oc-363">
         <name>.text:strcmp</name>
         <load_address>0x4d86</load_address>
         <run_address>0x4d86</run_address>
         <size>0x18</size>
         <input_file_ref idref="fl-fd"/>
      </object_component>
      <object_component id="oc-42c">
         <name>.text:strchr</name>
         <load_address>0x4d9e</load_address>
         <run_address>0x4d9e</run_address>
         <size>0x16</size>
         <input_file_ref idref="fl-eb"/>
      </object_component>
      <object_component id="oc-b3">
         <name>.text:Timer32_clearInterruptFlag</name>
         <load_address>0x4db4</load_address>
         <run_address>0x4db4</run_address>
         <size>0x14</size>
         <input_file_ref idref="fl-10d"/>
      </object_component>
      <object_component id="oc-fe">
         <name>.text:Timer32_enableInterrupt</name>
         <load_address>0x4dc8</load_address>
         <run_address>0x4dc8</run_address>
         <size>0x14</size>
         <input_file_ref idref="fl-10d"/>
      </object_component>
      <object_component id="oc-492">
         <name>.text:strcpy</name>
         <load_address>0x4ddc</load_address>
         <run_address>0x4ddc</run_address>
         <size>0x14</size>
         <input_file_ref idref="fl-10a"/>
      </object_component>
      <object_component id="oc-2e0">
         <name>.text:strlen</name>
         <load_address>0x4df0</load_address>
         <run_address>0x4df0</run_address>
         <size>0x14</size>
         <input_file_ref idref="fl-ec"/>
      </object_component>
      <object_component id="oc-315">
         <name>.text:wcslen</name>
         <load_address>0x4e04</load_address>
         <run_address>0x4e04</run_address>
         <size>0x12</size>
         <input_file_ref idref="fl-d2"/>
      </object_component>
      <object_component id="oc-104">
         <name>.text:Interrupt_enableMaster</name>
         <load_address>0x4e16</load_address>
         <run_address>0x4e16</run_address>
         <size>0x10</size>
         <input_file_ref idref="fl-10c"/>
      </object_component>
      <object_component id="oc-1d">
         <name>.text:decompress:none:__TI_decompress_none</name>
         <load_address>0x4e26</load_address>
         <run_address>0x4e26</run_address>
         <size>0xe</size>
         <input_file_ref idref="fl-e0"/>
      </object_component>
      <object_component id="oc-6a">
         <name>.text</name>
         <load_address>0x4e34</load_address>
         <run_address>0x4e34</run_address>
         <size>0xe</size>
         <input_file_ref idref="fl-d"/>
      </object_component>
      <object_component id="oc-214">
         <name>.text:CPU_cpsie</name>
         <load_address>0x4e42</load_address>
         <run_address>0x4e42</run_address>
         <size>0xc</size>
         <input_file_ref idref="fl-10e"/>
      </object_component>
      <object_component id="oc-31b">
         <name>.text:__aeabi_errno_addr</name>
         <load_address>0x4e50</load_address>
         <run_address>0x4e50</run_address>
         <size>0x8</size>
         <input_file_ref idref="fl-ed"/>
      </object_component>
      <object_component id="oc-2c3">
         <name>.text:malloc</name>
         <load_address>0x4e58</load_address>
         <run_address>0x4e58</run_address>
         <size>0x8</size>
         <input_file_ref idref="fl-ea"/>
      </object_component>
      <object_component id="oc-233">
         <name>.text:_outc</name>
         <load_address>0x4e60</load_address>
         <run_address>0x4e60</run_address>
         <size>0x4</size>
         <input_file_ref idref="fl-c9"/>
      </object_component>
      <object_component id="oc-22d">
         <name>.text:_outs</name>
         <load_address>0x4e64</load_address>
         <run_address>0x4e64</run_address>
         <size>0x4</size>
         <input_file_ref idref="fl-c9"/>
      </object_component>
      <object_component id="oc-9a">
         <name>.text:_system_pre_init</name>
         <load_address>0x4e68</load_address>
         <run_address>0x4e68</run_address>
         <size>0x4</size>
         <input_file_ref idref="fl-fa"/>
      </object_component>
      <object_component id="oc-17a">
         <name>.text:abort:abort</name>
         <load_address>0x4e6c</load_address>
         <run_address>0x4e6c</run_address>
         <size>0x4</size>
         <input_file_ref idref="fl-e2"/>
      </object_component>
      <object_component id="oc-1d3">
         <name>.const:asc2_1608</name>
         <load_address>0x4e70</load_address>
         <run_address>0x4e70</run_address>
         <size>0x5f0</size>
         <input_file_ref idref="fl-c"/>
      </object_component>
      <object_component id="oc-1d6">
         <name>.const:asc2_1206</name>
         <load_address>0x5460</load_address>
         <run_address>0x5460</run_address>
         <size>0x474</size>
         <input_file_ref idref="fl-c"/>
      </object_component>
      <object_component id="oc-1dc">
         <name>.const:Hzk1</name>
         <load_address>0x58d4</load_address>
         <run_address>0x58d4</run_address>
         <size>0x330</size>
         <input_file_ref idref="fl-c"/>
      </object_component>
      <object_component id="oc-1d0">
         <name>.const:asc2_0806</name>
         <load_address>0x5c04</load_address>
         <run_address>0x5c04</run_address>
         <size>0x228</size>
         <input_file_ref idref="fl-c"/>
      </object_component>
      <object_component id="oc-1d9">
         <name>.const:Hzk</name>
         <load_address>0x5e2c</load_address>
         <run_address>0x5e2c</run_address>
         <size>0x1c0</size>
         <input_file_ref idref="fl-c"/>
      </object_component>
      <object_component id="oc-3f3">
         <name>.const:.string:_ctypes_</name>
         <load_address>0x5fec</load_address>
         <run_address>0x5fec</run_address>
         <size>0x101</size>
         <input_file_ref idref="fl-e6"/>
      </object_component>
      <object_component id="oc-20e">
         <name>.const:g_pulEnRegs</name>
         <load_address>0x60f0</load_address>
         <run_address>0x60f0</run_address>
         <size>0x8</size>
         <input_file_ref idref="fl-10c"/>
      </object_component>
      <object_component id="oc-588">
         <name>.cinit..data.load</name>
         <load_address>0x60f8</load_address>
         <run_address>0x60f8</run_address>
         <size>0x7c</size>
      </object_component>
      <object_component id="oc-586">
         <name>__TI_handler_table</name>
         <load_address>0x6174</load_address>
         <run_address>0x6174</run_address>
         <size>0xc</size>
      </object_component>
      <object_component id="oc-589">
         <name>.cinit..bss.load</name>
         <load_address>0x6180</load_address>
         <run_address>0x6180</run_address>
         <size>0x8</size>
      </object_component>
      <object_component id="oc-587">
         <name>__TI_cinit_table</name>
         <load_address>0x6188</load_address>
         <run_address>0x6188</run_address>
         <size>0x10</size>
      </object_component>
      <object_component id="oc-55a">
         <name>.binit</name>
         <load_address>0x0</load_address>
         <run_address>0x0</run_address>
         <size>0x0</size>
      </object_component>
      <object_component id="oc-1e1">
         <name>.data</name>
         <load_address>0x20005fe4</load_address>
         <run_address>0x20005fe4</run_address>
         <size>0x18</size>
         <input_file_ref idref="fl-3"/>
      </object_component>
      <object_component id="oc-cb">
         <name>.data</name>
         <load_address>0x20005f28</load_address>
         <run_address>0x20005f28</run_address>
         <size>0x69</size>
         <input_file_ref idref="fl-b"/>
      </object_component>
      <object_component id="oc-13d">
         <name>.data:ADC1</name>
         <load_address>0x20000000</load_address>
         <run_address>0x20000000</run_address>
         <size>0xfa0</size>
         <input_file_ref idref="fl-b"/>
      </object_component>
      <object_component id="oc-140">
         <name>.data:ADC2</name>
         <load_address>0x20000fa0</load_address>
         <run_address>0x20000fa0</run_address>
         <size>0xfa0</size>
         <input_file_ref idref="fl-b"/>
      </object_component>
      <object_component id="oc-143">
         <name>.data:ADCMAX1</name>
         <load_address>0x20003e80</load_address>
         <run_address>0x20003e80</run_address>
         <size>0xfa0</size>
         <input_file_ref idref="fl-b"/>
      </object_component>
      <object_component id="oc-146">
         <name>.data:ADCEndMAX1</name>
         <load_address>0x20001f40</load_address>
         <run_address>0x20001f40</run_address>
         <size>0xfa0</size>
         <input_file_ref idref="fl-b"/>
      </object_component>
      <object_component id="oc-149">
         <name>.data:ADCMAX2</name>
         <load_address>0x20004e20</load_address>
         <run_address>0x20004e20</run_address>
         <size>0xfa0</size>
         <input_file_ref idref="fl-b"/>
      </object_component>
      <object_component id="oc-14c">
         <name>.data:ADCEndMAX2</name>
         <load_address>0x20002ee0</load_address>
         <run_address>0x20002ee0</run_address>
         <size>0xfa0</size>
         <input_file_ref idref="fl-b"/>
      </object_component>
      <object_component id="oc-1b8">
         <name>.data</name>
         <load_address>0x20006038</load_address>
         <run_address>0x20006038</run_address>
         <size>0x4</size>
         <input_file_ref idref="fl-e"/>
      </object_component>
      <object_component id="oc-2b0">
         <name>.data</name>
         <load_address>0x20006030</load_address>
         <run_address>0x20006030</run_address>
         <size>0x4</size>
         <input_file_ref idref="fl-cb"/>
      </object_component>
      <object_component id="oc-25e">
         <name>.data:$O1$$</name>
         <load_address>0x2000600c</load_address>
         <run_address>0x2000600c</run_address>
         <size>0xc</size>
         <input_file_ref idref="fl-e2"/>
      </object_component>
      <object_component id="oc-22a">
         <name>.data:$O1$$</name>
         <load_address>0x20006018</load_address>
         <run_address>0x20006018</run_address>
         <size>0x8</size>
         <input_file_ref idref="fl-e3"/>
      </object_component>
      <object_component id="oc-201">
         <name>.data:_ftable</name>
         <load_address>0x20005dc0</load_address>
         <run_address>0x20005dc0</run_address>
         <size>0xf0</size>
         <input_file_ref idref="fl-e7"/>
      </object_component>
      <object_component id="oc-2b1">
         <name>.data</name>
         <load_address>0x20005ffc</load_address>
         <run_address>0x20005ffc</run_address>
         <size>0x10</size>
         <input_file_ref idref="fl-e7"/>
      </object_component>
      <object_component id="oc-4b5">
         <name>.data:$O1$$</name>
         <load_address>0x20006020</load_address>
         <run_address>0x20006020</run_address>
         <size>0x8</size>
         <input_file_ref idref="fl-ea"/>
      </object_component>
      <object_component id="oc-43c">
         <name>.data</name>
         <load_address>0x2000602c</load_address>
         <run_address>0x2000602c</run_address>
         <size>0x4</size>
         <input_file_ref idref="fl-ed"/>
      </object_component>
      <object_component id="oc-2a5">
         <name>.data:_device</name>
         <load_address>0x20005eb0</load_address>
         <run_address>0x20005eb0</run_address>
         <size>0x78</size>
         <input_file_ref idref="fl-f0"/>
      </object_component>
      <object_component id="oc-4a8">
         <name>.data:_stream</name>
         <load_address>0x20005f94</load_address>
         <run_address>0x20005f94</run_address>
         <size>0x50</size>
         <input_file_ref idref="fl-f0"/>
      </object_component>
      <object_component id="oc-4a7">
         <name>.data</name>
         <load_address>0x20006034</load_address>
         <run_address>0x20006034</run_address>
         <size>0x4</size>
         <input_file_ref idref="fl-f1"/>
      </object_component>
      <object_component id="oc-2a4">
         <name>.data</name>
         <load_address>0x20006028</load_address>
         <run_address>0x20006028</run_address>
         <size>0x4</size>
         <input_file_ref idref="fl-f2"/>
      </object_component>
      <object_component id="oc-1c7">
         <name>.bss</name>
         <uninitialized>true</uninitialized>
         <run_address>0x20006614</run_address>
         <size>0x2</size>
         <input_file_ref idref="fl-a"/>
      </object_component>
      <object_component id="oc-50a">
         <name>.bss:_CIOBUF_</name>
         <uninitialized>true</uninitialized>
         <run_address>0x20006440</run_address>
         <size>0x120</size>
         <input_file_ref idref="fl-106"/>
      </object_component>
      <object_component id="oc-1e8">
         <name>.common:Messageindexb</name>
         <uninitialized>true</uninitialized>
         <run_address>0x20006610</run_address>
         <size>0x4</size>
      </object_component>
      <object_component id="oc-1e5">
         <name>.common:Messageb</name>
         <uninitialized>true</uninitialized>
         <run_address>0x20006600</run_address>
         <size>0x8</size>
      </object_component>
      <object_component id="oc-1c8">
         <name>.common:Key_KeyNumber</name>
         <uninitialized>true</uninitialized>
         <run_address>0x20006616</run_address>
         <size>0x1</size>
      </object_component>
      <object_component id="oc-3c3">
         <name>.common:__TI_tmpnams</name>
         <uninitialized>true</uninitialized>
         <run_address>0x20006560</run_address>
         <size>0xa0</size>
      </object_component>
      <object_component id="oc-484">
         <name>.common:parmbuf</name>
         <uninitialized>true</uninitialized>
         <run_address>0x20006608</run_address>
         <size>0x8</size>
      </object_component>
      <object_component id="oc-29">
         <name>.sysmem</name>
         <uninitialized>true</uninitialized>
         <run_address>0x20006040</run_address>
         <size>0x10</size>
         <input_file_ref idref="fl-ea"/>
      </object_component>
      <object_component id="oc-58c">
         <name>.sysmem</name>
         <uninitialized>true</uninitialized>
         <run_address>0x20006040</run_address>
         <size>0x0</size>
      </object_component>
      <object_component id="oc-2c">
         <name>.stack</name>
         <uninitialized>true</uninitialized>
         <run_address>0x2000fe00</run_address>
         <size>0x4</size>
         <input_file_ref idref="fl-ee"/>
      </object_component>
      <object_component id="oc-58b">
         <name>.stack</name>
         <uninitialized>true</uninitialized>
         <run_address>0x2000fe00</run_address>
         <size>0x0</size>
      </object_component>
      <object_component id="oc-20c">
         <name>.debug_info</name>
         <load_address>0x0</load_address>
         <run_address>0x0</run_address>
         <size>0x540</size>
         <input_file_ref idref="fl-2"/>
      </object_component>
      <object_component id="oc-e8">
         <name>.debug_info</name>
         <load_address>0x540</load_address>
         <run_address>0x540</run_address>
         <size>0x5f9</size>
         <input_file_ref idref="fl-2"/>
      </object_component>
      <object_component id="oc-24e">
         <name>.debug_info</name>
         <load_address>0xb39</load_address>
         <run_address>0xb39</run_address>
         <size>0x37e2</size>
         <input_file_ref idref="fl-2"/>
      </object_component>
      <object_component id="oc-159">
         <name>.debug_info</name>
         <load_address>0x431b</load_address>
         <run_address>0x431b</run_address>
         <size>0x26b</size>
         <input_file_ref idref="fl-2"/>
      </object_component>
      <object_component id="oc-253">
         <name>.debug_info</name>
         <load_address>0x4586</load_address>
         <run_address>0x4586</run_address>
         <size>0x1055</size>
         <input_file_ref idref="fl-2"/>
      </object_component>
      <object_component id="oc-35">
         <name>.debug_info</name>
         <load_address>0x55db</load_address>
         <run_address>0x55db</run_address>
         <size>0x84</size>
         <input_file_ref idref="fl-2"/>
      </object_component>
      <object_component id="oc-258">
         <name>.debug_info</name>
         <load_address>0x565f</load_address>
         <run_address>0x565f</run_address>
         <size>0x2a4</size>
         <input_file_ref idref="fl-2"/>
      </object_component>
      <object_component id="oc-1bc">
         <name>.debug_info</name>
         <load_address>0x5903</load_address>
         <run_address>0x5903</run_address>
         <size>0xbb</size>
         <input_file_ref idref="fl-2"/>
      </object_component>
      <object_component id="oc-1e2">
         <name>.debug_info</name>
         <load_address>0x59be</load_address>
         <run_address>0x59be</run_address>
         <size>0x196</size>
         <input_file_ref idref="fl-3"/>
      </object_component>
      <object_component id="oc-d5">
         <name>.debug_info</name>
         <load_address>0x5b54</load_address>
         <run_address>0x5b54</run_address>
         <size>0x3dc</size>
         <input_file_ref idref="fl-3"/>
      </object_component>
      <object_component id="oc-f9">
         <name>.debug_info</name>
         <load_address>0x5f30</load_address>
         <run_address>0x5f30</run_address>
         <size>0x39d</size>
         <input_file_ref idref="fl-4"/>
      </object_component>
      <object_component id="oc-e3">
         <name>.debug_info</name>
         <load_address>0x62cd</load_address>
         <run_address>0x62cd</run_address>
         <size>0x1c1</size>
         <input_file_ref idref="fl-7"/>
      </object_component>
      <object_component id="oc-1e6">
         <name>.debug_info</name>
         <load_address>0x648e</load_address>
         <run_address>0x648e</run_address>
         <size>0x787</size>
         <input_file_ref idref="fl-8"/>
      </object_component>
      <object_component id="oc-db">
         <name>.debug_info</name>
         <load_address>0x6c15</load_address>
         <run_address>0x6c15</run_address>
         <size>0x1953</size>
         <input_file_ref idref="fl-8"/>
      </object_component>
      <object_component id="oc-293">
         <name>.debug_info</name>
         <load_address>0x8568</load_address>
         <run_address>0x8568</run_address>
         <size>0xcc</size>
         <input_file_ref idref="fl-8"/>
      </object_component>
      <object_component id="oc-205">
         <name>.debug_info</name>
         <load_address>0x8634</load_address>
         <run_address>0x8634</run_address>
         <size>0x2c</size>
         <input_file_ref idref="fl-8"/>
      </object_component>
      <object_component id="oc-23b">
         <name>.debug_info</name>
         <load_address>0x8660</load_address>
         <run_address>0x8660</run_address>
         <size>0x2c</size>
         <input_file_ref idref="fl-8"/>
      </object_component>
      <object_component id="oc-1c9">
         <name>.debug_info</name>
         <load_address>0x868c</load_address>
         <run_address>0x868c</run_address>
         <size>0x551</size>
         <input_file_ref idref="fl-a"/>
      </object_component>
      <object_component id="oc-ba">
         <name>.debug_info</name>
         <load_address>0x8bdd</load_address>
         <run_address>0x8bdd</run_address>
         <size>0x230</size>
         <input_file_ref idref="fl-a"/>
      </object_component>
      <object_component id="oc-150">
         <name>.debug_info</name>
         <load_address>0x8e0d</load_address>
         <run_address>0x8e0d</run_address>
         <size>0x8fc</size>
         <input_file_ref idref="fl-b"/>
      </object_component>
      <object_component id="oc-cc">
         <name>.debug_info</name>
         <load_address>0x9709</load_address>
         <run_address>0x9709</run_address>
         <size>0x3ea</size>
         <input_file_ref idref="fl-b"/>
      </object_component>
      <object_component id="oc-13e">
         <name>.debug_info</name>
         <load_address>0x9af3</load_address>
         <run_address>0x9af3</run_address>
         <size>0xbd</size>
         <input_file_ref idref="fl-b"/>
      </object_component>
      <object_component id="oc-141">
         <name>.debug_info</name>
         <load_address>0x9bb0</load_address>
         <run_address>0x9bb0</run_address>
         <size>0xbd</size>
         <input_file_ref idref="fl-b"/>
      </object_component>
      <object_component id="oc-144">
         <name>.debug_info</name>
         <load_address>0x9c6d</load_address>
         <run_address>0x9c6d</run_address>
         <size>0xc3</size>
         <input_file_ref idref="fl-b"/>
      </object_component>
      <object_component id="oc-147">
         <name>.debug_info</name>
         <load_address>0x9d30</load_address>
         <run_address>0x9d30</run_address>
         <size>0xc9</size>
         <input_file_ref idref="fl-b"/>
      </object_component>
      <object_component id="oc-14a">
         <name>.debug_info</name>
         <load_address>0x9df9</load_address>
         <run_address>0x9df9</run_address>
         <size>0xc3</size>
         <input_file_ref idref="fl-b"/>
      </object_component>
      <object_component id="oc-14d">
         <name>.debug_info</name>
         <load_address>0x9ebc</load_address>
         <run_address>0x9ebc</run_address>
         <size>0xc9</size>
         <input_file_ref idref="fl-b"/>
      </object_component>
      <object_component id="oc-71">
         <name>.debug_info</name>
         <load_address>0x9f85</load_address>
         <run_address>0x9f85</run_address>
         <size>0x75f</size>
         <input_file_ref idref="fl-b"/>
      </object_component>
      <object_component id="oc-152">
         <name>.debug_info</name>
         <load_address>0xa6e4</load_address>
         <run_address>0xa6e4</run_address>
         <size>0x8b</size>
         <input_file_ref idref="fl-b"/>
      </object_component>
      <object_component id="oc-1e0">
         <name>.debug_info</name>
         <load_address>0xa76f</load_address>
         <run_address>0xa76f</run_address>
         <size>0x5df</size>
         <input_file_ref idref="fl-c"/>
      </object_component>
      <object_component id="oc-1d1">
         <name>.debug_info</name>
         <load_address>0xad4e</load_address>
         <run_address>0xad4e</run_address>
         <size>0xe4</size>
         <input_file_ref idref="fl-c"/>
      </object_component>
      <object_component id="oc-1d4">
         <name>.debug_info</name>
         <load_address>0xae32</load_address>
         <run_address>0xae32</run_address>
         <size>0xe4</size>
         <input_file_ref idref="fl-c"/>
      </object_component>
      <object_component id="oc-1d7">
         <name>.debug_info</name>
         <load_address>0xaf16</load_address>
         <run_address>0xaf16</run_address>
         <size>0xe4</size>
         <input_file_ref idref="fl-c"/>
      </object_component>
      <object_component id="oc-1da">
         <name>.debug_info</name>
         <load_address>0xaffa</load_address>
         <run_address>0xaffa</run_address>
         <size>0xd9</size>
         <input_file_ref idref="fl-c"/>
      </object_component>
      <object_component id="oc-1dd">
         <name>.debug_info</name>
         <load_address>0xb0d3</load_address>
         <run_address>0xb0d3</run_address>
         <size>0xdb</size>
         <input_file_ref idref="fl-c"/>
      </object_component>
      <object_component id="oc-d0">
         <name>.debug_info</name>
         <load_address>0xb1ae</load_address>
         <run_address>0xb1ae</run_address>
         <size>0x11ac</size>
         <input_file_ref idref="fl-c"/>
      </object_component>
      <object_component id="oc-78">
         <name>.debug_info</name>
         <load_address>0xc35a</load_address>
         <run_address>0xc35a</run_address>
         <size>0x2bc</size>
         <input_file_ref idref="fl-d"/>
      </object_component>
      <object_component id="oc-27">
         <name>.debug_info</name>
         <load_address>0xc616</load_address>
         <run_address>0xc616</run_address>
         <size>0xe8</size>
         <input_file_ref idref="fl-d"/>
      </object_component>
      <object_component id="oc-6c">
         <name>.debug_info</name>
         <load_address>0xc6fe</load_address>
         <run_address>0xc6fe</run_address>
         <size>0x1af</size>
         <input_file_ref idref="fl-d"/>
      </object_component>
      <object_component id="oc-1b9">
         <name>.debug_info</name>
         <load_address>0xc8ad</load_address>
         <run_address>0xc8ad</run_address>
         <size>0xe1</size>
         <input_file_ref idref="fl-e"/>
      </object_component>
      <object_component id="oc-ad">
         <name>.debug_info</name>
         <load_address>0xc98e</load_address>
         <run_address>0xc98e</run_address>
         <size>0x253</size>
         <input_file_ref idref="fl-e"/>
      </object_component>
      <object_component id="oc-23a">
         <name>.debug_info</name>
         <load_address>0xcbe1</load_address>
         <run_address>0xcbe1</run_address>
         <size>0x3e5</size>
         <input_file_ref idref="fl-c9"/>
      </object_component>
      <object_component id="oc-235">
         <name>.debug_info</name>
         <load_address>0xcfc6</load_address>
         <run_address>0xcfc6</run_address>
         <size>0x157</size>
         <input_file_ref idref="fl-c9"/>
      </object_component>
      <object_component id="oc-22f">
         <name>.debug_info</name>
         <load_address>0xd11d</load_address>
         <run_address>0xd11d</run_address>
         <size>0x166</size>
         <input_file_ref idref="fl-c9"/>
      </object_component>
      <object_component id="oc-13a">
         <name>.debug_info</name>
         <load_address>0xd283</load_address>
         <run_address>0xd283</run_address>
         <size>0x1ac</size>
         <input_file_ref idref="fl-c9"/>
      </object_component>
      <object_component id="oc-347">
         <name>.debug_info</name>
         <load_address>0xd42f</load_address>
         <run_address>0xd42f</run_address>
         <size>0xb2</size>
         <input_file_ref idref="fl-c9"/>
      </object_component>
      <object_component id="oc-322">
         <name>.debug_info</name>
         <load_address>0xd4e1</load_address>
         <run_address>0xd4e1</run_address>
         <size>0x590</size>
         <input_file_ref idref="fl-ca"/>
      </object_component>
      <object_component id="oc-2f0">
         <name>.debug_info</name>
         <load_address>0xda71</load_address>
         <run_address>0xda71</run_address>
         <size>0x21e</size>
         <input_file_ref idref="fl-ca"/>
      </object_component>
      <object_component id="oc-409">
         <name>.debug_info</name>
         <load_address>0xdc8f</load_address>
         <run_address>0xdc8f</run_address>
         <size>0x1b3</size>
         <input_file_ref idref="fl-ca"/>
      </object_component>
      <object_component id="oc-40f">
         <name>.debug_info</name>
         <load_address>0xde42</load_address>
         <run_address>0xde42</run_address>
         <size>0x21b</size>
         <input_file_ref idref="fl-ca"/>
      </object_component>
      <object_component id="oc-2fb">
         <name>.debug_info</name>
         <load_address>0xe05d</load_address>
         <run_address>0xe05d</run_address>
         <size>0x3c0</size>
         <input_file_ref idref="fl-ca"/>
      </object_component>
      <object_component id="oc-416">
         <name>.debug_info</name>
         <load_address>0xe41d</load_address>
         <run_address>0xe41d</run_address>
         <size>0x30a</size>
         <input_file_ref idref="fl-ca"/>
      </object_component>
      <object_component id="oc-41c">
         <name>.debug_info</name>
         <load_address>0xe727</load_address>
         <run_address>0xe727</run_address>
         <size>0x215</size>
         <input_file_ref idref="fl-ca"/>
      </object_component>
      <object_component id="oc-301">
         <name>.debug_info</name>
         <load_address>0xe93c</load_address>
         <run_address>0xe93c</run_address>
         <size>0x215</size>
         <input_file_ref idref="fl-ca"/>
      </object_component>
      <object_component id="oc-307">
         <name>.debug_info</name>
         <load_address>0xeb51</load_address>
         <run_address>0xeb51</run_address>
         <size>0x304</size>
         <input_file_ref idref="fl-ca"/>
      </object_component>
      <object_component id="oc-30d">
         <name>.debug_info</name>
         <load_address>0xee55</load_address>
         <run_address>0xee55</run_address>
         <size>0x4b5</size>
         <input_file_ref idref="fl-ca"/>
      </object_component>
      <object_component id="oc-228">
         <name>.debug_info</name>
         <load_address>0xf30a</load_address>
         <run_address>0xf30a</run_address>
         <size>0x5f4</size>
         <input_file_ref idref="fl-ca"/>
      </object_component>
      <object_component id="oc-323">
         <name>.debug_info</name>
         <load_address>0xf8fe</load_address>
         <run_address>0xf8fe</run_address>
         <size>0x86</size>
         <input_file_ref idref="fl-ca"/>
      </object_component>
      <object_component id="oc-443">
         <name>.debug_info</name>
         <load_address>0xf984</load_address>
         <run_address>0xf984</run_address>
         <size>0x39</size>
         <input_file_ref idref="fl-ca"/>
      </object_component>
      <object_component id="oc-4f4">
         <name>.debug_info</name>
         <load_address>0xf9bd</load_address>
         <run_address>0xf9bd</run_address>
         <size>0xb6</size>
         <input_file_ref idref="fl-ca"/>
      </object_component>
      <object_component id="oc-448">
         <name>.debug_info</name>
         <load_address>0xfa73</load_address>
         <run_address>0xfa73</run_address>
         <size>0x46</size>
         <input_file_ref idref="fl-ca"/>
      </object_component>
      <object_component id="oc-328">
         <name>.debug_info</name>
         <load_address>0xfab9</load_address>
         <run_address>0xfab9</run_address>
         <size>0x46</size>
         <input_file_ref idref="fl-ca"/>
      </object_component>
      <object_component id="oc-39c">
         <name>.debug_info</name>
         <load_address>0xfaff</load_address>
         <run_address>0xfaff</run_address>
         <size>0x2c</size>
         <input_file_ref idref="fl-ca"/>
      </object_component>
      <object_component id="oc-2b5">
         <name>.debug_info</name>
         <load_address>0xfb2b</load_address>
         <run_address>0xfb2b</run_address>
         <size>0x3f5</size>
         <input_file_ref idref="fl-cb"/>
      </object_component>
      <object_component id="oc-2ad">
         <name>.debug_info</name>
         <load_address>0xff20</load_address>
         <run_address>0xff20</run_address>
         <size>0x20e</size>
         <input_file_ref idref="fl-cb"/>
      </object_component>
      <object_component id="oc-2cb">
         <name>.debug_info</name>
         <load_address>0x1012e</load_address>
         <run_address>0x1012e</run_address>
         <size>0x176</size>
         <input_file_ref idref="fl-cb"/>
      </object_component>
      <object_component id="oc-1f6">
         <name>.debug_info</name>
         <load_address>0x102a4</load_address>
         <run_address>0x102a4</run_address>
         <size>0x1e4</size>
         <input_file_ref idref="fl-cb"/>
      </object_component>
      <object_component id="oc-1f1">
         <name>.debug_info</name>
         <load_address>0x10488</load_address>
         <run_address>0x10488</run_address>
         <size>0x1cd</size>
         <input_file_ref idref="fl-cb"/>
      </object_component>
      <object_component id="oc-160">
         <name>.debug_info</name>
         <load_address>0x10655</load_address>
         <run_address>0x10655</run_address>
         <size>0x2c</size>
         <input_file_ref idref="fl-cb"/>
      </object_component>
      <object_component id="oc-465">
         <name>.debug_info</name>
         <load_address>0x10681</load_address>
         <run_address>0x10681</run_address>
         <size>0x383</size>
         <input_file_ref idref="fl-cc"/>
      </object_component>
      <object_component id="oc-340">
         <name>.debug_info</name>
         <load_address>0x10a04</load_address>
         <run_address>0x10a04</run_address>
         <size>0x1ea</size>
         <input_file_ref idref="fl-cc"/>
      </object_component>
      <object_component id="oc-463">
         <name>.debug_info</name>
         <load_address>0x10bee</load_address>
         <run_address>0x10bee</run_address>
         <size>0x3fc</size>
         <input_file_ref idref="fl-cd"/>
      </object_component>
      <object_component id="oc-338">
         <name>.debug_info</name>
         <load_address>0x10fea</load_address>
         <run_address>0x10fea</run_address>
         <size>0x2e2</size>
         <input_file_ref idref="fl-cd"/>
      </object_component>
      <object_component id="oc-171">
         <name>.debug_info</name>
         <load_address>0x112cc</load_address>
         <run_address>0x112cc</run_address>
         <size>0x2c</size>
         <input_file_ref idref="fl-cd"/>
      </object_component>
      <object_component id="oc-3dd">
         <name>.debug_info</name>
         <load_address>0x112f8</load_address>
         <run_address>0x112f8</run_address>
         <size>0x300</size>
         <input_file_ref idref="fl-ce"/>
      </object_component>
      <object_component id="oc-451">
         <name>.debug_info</name>
         <load_address>0x115f8</load_address>
         <run_address>0x115f8</run_address>
         <size>0x19c</size>
         <input_file_ref idref="fl-ce"/>
      </object_component>
      <object_component id="oc-2d1">
         <name>.debug_info</name>
         <load_address>0x11794</load_address>
         <run_address>0x11794</run_address>
         <size>0xbf</size>
         <input_file_ref idref="fl-ce"/>
      </object_component>
      <object_component id="oc-2d0">
         <name>.debug_info</name>
         <load_address>0x11853</load_address>
         <run_address>0x11853</run_address>
         <size>0x374</size>
         <input_file_ref idref="fl-cf"/>
      </object_component>
      <object_component id="oc-1fe">
         <name>.debug_info</name>
         <load_address>0x11bc7</load_address>
         <run_address>0x11bc7</run_address>
         <size>0x20b</size>
         <input_file_ref idref="fl-cf"/>
      </object_component>
      <object_component id="oc-4d7">
         <name>.debug_info</name>
         <load_address>0x11dd2</load_address>
         <run_address>0x11dd2</run_address>
         <size>0x295</size>
         <input_file_ref idref="fl-d0"/>
      </object_component>
      <object_component id="oc-424">
         <name>.debug_info</name>
         <load_address>0x12067</load_address>
         <run_address>0x12067</run_address>
         <size>0x195</size>
         <input_file_ref idref="fl-d0"/>
      </object_component>
      <object_component id="oc-535">
         <name>.debug_info</name>
         <load_address>0x121fc</load_address>
         <run_address>0x121fc</run_address>
         <size>0x39</size>
         <input_file_ref idref="fl-d0"/>
      </object_component>
      <object_component id="oc-4d8">
         <name>.debug_info</name>
         <load_address>0x12235</load_address>
         <run_address>0x12235</run_address>
         <size>0x2c</size>
         <input_file_ref idref="fl-d0"/>
      </object_component>
      <object_component id="oc-4e4">
         <name>.debug_info</name>
         <load_address>0x12261</load_address>
         <run_address>0x12261</run_address>
         <size>0x2f8</size>
         <input_file_ref idref="fl-d1"/>
      </object_component>
      <object_component id="oc-428">
         <name>.debug_info</name>
         <load_address>0x12559</load_address>
         <run_address>0x12559</run_address>
         <size>0x225</size>
         <input_file_ref idref="fl-d1"/>
      </object_component>
      <object_component id="oc-43b">
         <name>.debug_info</name>
         <load_address>0x1277e</load_address>
         <run_address>0x1277e</run_address>
         <size>0x28f</size>
         <input_file_ref idref="fl-d2"/>
      </object_component>
      <object_component id="oc-317">
         <name>.debug_info</name>
         <load_address>0x12a0d</load_address>
         <run_address>0x12a0d</run_address>
         <size>0x15a</size>
         <input_file_ref idref="fl-d2"/>
      </object_component>
      <object_component id="oc-4e9">
         <name>.debug_info</name>
         <load_address>0x12b67</load_address>
         <run_address>0x12b67</run_address>
         <size>0x46</size>
         <input_file_ref idref="fl-d2"/>
      </object_component>
      <object_component id="oc-436">
         <name>.debug_info</name>
         <load_address>0x12bad</load_address>
[...]
         <value>0x3bed</value>
         <object_component_ref idref="oc-3a"/>
      </symbol>
      <symbol id="sm-6d0">
         <name>__aeabi_memcpy</name>
         <value>0x3bed</value>
         <object_component_ref idref="oc-3a"/>
      </symbol>
      <symbol id="sm-6d1">
         <name>__aeabi_memcpy8</name>
         <value>0x3bed</value>
         <object_component_ref idref="oc-3a"/>
      </symbol>
      <symbol id="sm-6d2">
         <name>__aeabi_memcpy4</name>
         <value>0x3bed</value>
         <object_component_ref idref="oc-3a"/>
      </symbol>
      <symbol id="sm-6dc">
         <name>__aeabi_ui2d</name>
         <value>0x4cf9</value>
         <object_component_ref idref="oc-10a"/>
      </symbol>
      <symbol id="sm-6e9">
         <name>__aeabi_uldivmod</name>
         <value>0x3c89</value>
         <object_component_ref idref="oc-3f8"/>
      </symbol>
      <symbol id="sm-6f8">
         <name>__aeabi_memset</name>
         <value>0x3f3b</value>
         <object_component_ref idref="oc-94"/>
      </symbol>
      <symbol id="sm-6f9">
         <name>memset</name>
         <value>0x3f41</value>
         <object_component_ref idref="oc-94"/>
      </symbol>
      <symbol id="sm-6fa">
         <name>__aeabi_memset8</name>
         <value>0x3f3b</value>
         <object_component_ref idref="oc-94"/>
      </symbol>
      <symbol id="sm-6fb">
         <name>__aeabi_memset4</name>
         <value>0x3f3b</value>
         <object_component_ref idref="oc-94"/>
      </symbol>
      <symbol id="sm-6fc">
         <name>__aeabi_memclr8</name>
         <value>0x3f39</value>
         <object_component_ref idref="oc-94"/>
      </symbol>
      <symbol id="sm-6fd">
         <name>__aeabi_memclr4</name>
         <value>0x3f39</value>
         <object_component_ref idref="oc-94"/>
      </symbol>
      <symbol id="sm-6fe">
         <name>__aeabi_memclr</name>
         <value>0x3f39</value>
         <object_component_ref idref="oc-94"/>
      </symbol>
      <symbol id="sm-712">
         <name>__TI_zero_init_nomemset</name>
         <value>0x4d19</value>
         <object_component_ref idref="oc-46"/>
      </symbol>
      <symbol id="sm-729">
         <name>__TI_decompress_none</name>
         <value>0x4e27</value>
         <object_component_ref idref="oc-1d"/>
      </symbol>
      <symbol id="sm-74c">
         <name>__TI_decompress_lzss</name>
         <value>0x42b1</value>
         <object_component_ref idref="oc-17"/>
      </symbol>
      <symbol id="sm-772">
         <name>C$$EXIT</name>
         <value>0x4e6d</value>
         <object_component_ref idref="oc-17a"/>
      </symbol>
      <symbol id="sm-773">
         <name>abort</name>
         <value>0x4e6d</value>
         <object_component_ref idref="oc-17a"/>
      </symbol>
      <symbol id="sm-774">
         <name>__TI_dtors_ptr</name>
         <value>0x20006010</value>
         <object_component_ref idref="oc-25e"/>
      </symbol>
      <symbol id="sm-775">
         <name>__TI_cleanup_ptr</name>
         <value>0x2000600c</value>
         <object_component_ref idref="oc-25e"/>
      </symbol>
      <symbol id="sm-776">
         <name>__TI_enable_exit_profile_output</name>
         <value>0x20006014</value>
         <object_component_ref idref="oc-25e"/>
      </symbol>
      <symbol id="sm-777">
         <name>exit</name>
         <value>0x47ad</value>
         <object_component_ref idref="oc-180"/>
      </symbol>
      <symbol id="sm-78c">
         <name>_nop</name>
         <value>0xb33</value>
         <object_component_ref idref="oc-32d"/>
      </symbol>
      <symbol id="sm-78d">
         <name>_lock</name>
         <value>0x20006018</value>
         <object_component_ref idref="oc-22a"/>
      </symbol>
      <symbol id="sm-78e">
         <name>_unlock</name>
         <value>0x2000601c</value>
         <object_component_ref idref="oc-22a"/>
      </symbol>
      <symbol id="sm-79d">
         <name>__TI_ltoa</name>
         <value>0x466f</value>
         <object_component_ref idref="oc-3ff"/>
      </symbol>
      <symbol id="sm-7b3">
         <name>atoi</name>
         <value>0x4761</value>
         <object_component_ref idref="oc-2e6"/>
      </symbol>
      <symbol id="sm-7be">
         <name>_ctypes_</name>
         <value>0x5fec</value>
         <object_component_ref idref="oc-3f3"/>
      </symbol>
      <symbol id="sm-7d3">
         <name>__TI_tmpnams</name>
         <value>0x20006560</value>
      </symbol>
      <symbol id="sm-7d4">
         <name>__aeabi_stdout</name>
         <value>0x20006004</value>
         <object_component_ref idref="oc-2b1"/>
      </symbol>
      <symbol id="sm-7d5">
         <name>__aeabi_stderr</name>
         <value>0x20006008</value>
         <object_component_ref idref="oc-2b1"/>
      </symbol>
      <symbol id="sm-7d6">
         <name>__aeabi_stdin</name>
         <value>0x20006000</value>
         <object_component_ref idref="oc-2b1"/>
      </symbol>
      <symbol id="sm-7d7">
         <name>_ftable</name>
         <value>0x20005dc0</value>
         <object_component_ref idref="oc-201"/>
      </symbol>
      <symbol id="sm-7d8">
         <name>__TI_ft_end</name>
         <value>0x20005ffc</value>
         <object_component_ref idref="oc-2b1"/>
      </symbol>
      <symbol id="sm-7e8">
         <name>memccpy</name>
         <value>0x4d51</value>
         <object_component_ref idref="oc-30f"/>
      </symbol>
      <symbol id="sm-7f8">
         <name>memchr</name>
         <value>0x4cd9</value>
         <object_component_ref idref="oc-456"/>
      </symbol>
      <symbol id="sm-87c">
         <name>_sys_memory</name>
         <value>0x20006040</value>
         <object_component_ref idref="oc-29"/>
      </symbol>
      <symbol id="sm-87d">
         <name>free</name>
         <value>0x3769</value>
         <object_component_ref idref="oc-2bd"/>
      </symbol>
      <symbol id="sm-87e">
         <name>memalign</name>
         <value>0x356d</value>
         <object_component_ref idref="oc-3d3"/>
      </symbol>
      <symbol id="sm-87f">
         <name>malloc</name>
         <value>0x4e59</value>
         <object_component_ref idref="oc-2c3"/>
      </symbol>
      <symbol id="sm-880">
         <name>aligned_alloc</name>
         <value>0x356d</value>
         <object_component_ref idref="oc-3d3"/>
      </symbol>
      <symbol id="sm-890">
         <name>strchr</name>
         <value>0x4d9f</value>
         <object_component_ref idref="oc-42c"/>
      </symbol>
      <symbol id="sm-89e">
         <name>strlen</name>
         <value>0x4df1</value>
         <object_component_ref idref="oc-2e0"/>
      </symbol>
      <symbol id="sm-8b4">
         <name>__aeabi_errno_addr</name>
         <value>0x4e51</value>
         <object_component_ref idref="oc-31b"/>
      </symbol>
      <symbol id="sm-8b5">
         <name>errno</name>
         <value>0x2000602c</value>
         <object_component_ref idref="oc-43c"/>
      </symbol>
      <symbol id="sm-8c8">
         <name>__stack</name>
         <value>0x2000fe00</value>
         <object_component_ref idref="oc-2c"/>
      </symbol>
      <symbol id="sm-8c9">
         <name>_c_int00_noargs</name>
         <value>0x4b49</value>
         <object_component_ref idref="oc-58"/>
      </symbol>
      <symbol id="sm-8de">
         <name>write</name>
         <value>0x4c8d</value>
         <object_component_ref idref="oc-45c"/>
      </symbol>
      <symbol id="sm-8ef">
         <name>_stream</name>
         <value>0x20005f94</value>
         <object_component_ref idref="oc-4a8"/>
      </symbol>
      <symbol id="sm-8f0">
         <name>_device</name>
         <value>0x20005eb0</value>
         <object_component_ref idref="oc-2a5"/>
      </symbol>
      <symbol id="sm-90d">
         <name>open</name>
         <value>0x3929</value>
         <object_component_ref idref="oc-3a6"/>
      </symbol>
      <symbol id="sm-92d">
         <name>add_device</name>
         <value>0x39e5</value>
         <object_component_ref idref="oc-1e9"/>
      </symbol>
      <symbol id="sm-942">
         <name>__TI_closefile</name>
         <value>0x3fb5</value>
         <object_component_ref idref="oc-2b6"/>
      </symbol>
      <symbol id="sm-952">
         <name>__TI_doflush</name>
         <value>0x4715</value>
         <object_component_ref idref="oc-3b1"/>
      </symbol>
      <symbol id="sm-964">
         <name>fseek</name>
         <value>0x43e5</value>
         <object_component_ref idref="oc-4f9"/>
      </symbol>
      <symbol id="sm-982">
         <name>finddevice</name>
         <value>0x4bb1</value>
         <object_component_ref idref="oc-298"/>
      </symbol>
      <symbol id="sm-983">
         <name>getdevice</name>
         <value>0x4909</value>
         <object_component_ref idref="oc-4a1"/>
      </symbol>
      <symbol id="sm-98d">
         <name>copysign</name>
         <value>0x4d6d</value>
         <object_component_ref idref="oc-4dd"/>
      </symbol>
      <symbol id="sm-98e">
         <name>copysignl</name>
         <value>0x4d6d</value>
         <object_component_ref idref="oc-4dd"/>
      </symbol>
      <symbol id="sm-998">
         <name>__aeabi_idiv0</name>
         <value>0x2e9f</value>
         <object_component_ref idref="oc-4ca"/>
      </symbol>
      <symbol id="sm-999">
         <name>__aeabi_ldiv0</name>
         <value>0x2e9f</value>
         <object_component_ref idref="oc-4ca"/>
      </symbol>
      <symbol id="sm-9c1">
         <name>__TI_auto_init_nobinit_nopinit</name>
         <value>0x48c5</value>
         <object_component_ref idref="oc-186"/>
      </symbol>
      <symbol id="sm-9cb">
         <name>_system_pre_init</name>
         <value>0x4e69</value>
         <object_component_ref idref="oc-9a"/>
      </symbol>
      <symbol id="sm-9dc">
         <name>strcmp</name>
         <value>0x4d87</value>
         <object_component_ref idref="oc-363"/>
      </symbol>
      <symbol id="sm-9ec">
         <name>strncpy</name>
         <value>0x4a75</value>
         <object_component_ref idref="oc-29e"/>
      </symbol>
      <symbol id="sm-9fd">
         <name>HOSTclose</name>
         <value>0x483d</value>
         <object_component_ref idref="oc-373"/>
      </symbol>
      <symbol id="sm-a0e">
         <name>HOSTlseek</name>
         <value>0x41e1</value>
         <object_component_ref idref="oc-385"/>
      </symbol>
      <symbol id="sm-a20">
         <name>parmbuf</name>
         <value>0x20006608</value>
      </symbol>
      <symbol id="sm-a21">
         <name>HOSTopen</name>
         <value>0x44ad</value>
         <object_component_ref idref="oc-36d"/>
      </symbol>
      <symbol id="sm-a32">
         <name>HOSTread</name>
         <value>0x4569</value>
         <object_component_ref idref="oc-379"/>
      </symbol>
      <symbol id="sm-a43">
         <name>HOSTrename</name>
         <value>0x4175</value>
         <object_component_ref idref="oc-391"/>
      </symbol>
      <symbol id="sm-a54">
         <name>HOSTunlink</name>
         <value>0x4881</value>
         <object_component_ref idref="oc-38b"/>
      </symbol>
      <symbol id="sm-a65">
         <name>HOSTwrite</name>
         <value>0x45c1</value>
         <object_component_ref idref="oc-37f"/>
      </symbol>
      <symbol id="sm-a89">
         <name>__TI_readmsg</name>
         <value>0x4b15</value>
         <object_component_ref idref="oc-47e"/>
      </symbol>
      <symbol id="sm-a8a">
         <name>C$$IO$$</name>
         <value>0x4a33</value>
         <object_component_ref idref="oc-478"/>
      </symbol>
      <symbol id="sm-a8b">
         <name>__CIOBUF_</name>
         <value>0x20006440</value>
         <object_component_ref idref="oc-50a"/>
      </symbol>
      <symbol id="sm-a8c">
         <name>__TI_writemsg</name>
         <value>0x4a05</value>
         <object_component_ref idref="oc-478"/>
      </symbol>
      <symbol id="sm-a9d">
         <name>lseek</name>
         <value>0x4c65</value>
         <object_component_ref idref="oc-53f"/>
      </symbol>
      <symbol id="sm-ab1">
         <name>close</name>
         <value>0x450d</value>
         <object_component_ref idref="oc-3b7"/>
      </symbol>
      <symbol id="sm-abf">
         <name>strcpy</name>
         <value>0x4ddd</value>
         <object_component_ref idref="oc-492"/>
      </symbol>
      <symbol id="sm-acf">
         <name>unlink</name>
         <value>0x4c11</value>
         <object_component_ref idref="oc-3bd"/>
      </symbol>
      <symbol id="sm-b0e">
         <name>Interrupt_enableMaster</name>
         <value>0x4e17</value>
         <object_component_ref idref="oc-104"/>
      </symbol>
      <symbol id="sm-b0f">
         <name>Interrupt_enableInterrupt</name>
         <value>0x3eb9</value>
         <object_component_ref idref="oc-f2"/>
      </symbol>
      <symbol id="sm-b48">
         <name>Timer32_startTimer</name>
         <value>0x49cd</value>
         <object_component_ref idref="oc-c5"/>
      </symbol>
      <symbol id="sm-b49">
         <name>Timer32_enableInterrupt</name>
         <value>0x4dc9</value>
         <object_component_ref idref="oc-fe"/>
      </symbol>
      <symbol id="sm-b4a">
         <name>Timer32_setCount</name>
         <value>0x4aad</value>
         <object_component_ref idref="oc-bf"/>
      </symbol>
      <symbol id="sm-b4b">
         <name>Timer32_initModule</name>
         <value>0x4249</value>
         <object_component_ref idref="oc-ec"/>
      </symbol>
      <symbol id="sm-b4c">
         <name>Timer32_clearInterruptFlag</name>
         <value>0x4db5</value>
         <object_component_ref idref="oc-b3"/>
      </symbol>
      <symbol id="sm-b56">
         <name>CPU_cpsie</name>
         <value>0x4e43</value>
         <object_component_ref idref="oc-214"/>
      </symbol>
      <symbol id="sm-b57">
         <name>__TI_static_base__</name>
         <value>0x0</value>
      </symbol>
      <symbol id="sm-b5a">
         <name>__mpu_init</name>
         <value>0x0</value>
      </symbol>
      <symbol id="sm-b5b">
         <name>_system_post_cinit</name>
         <value>0x0</value>
      </symbol>
      <symbol id="sm-b5c">
         <name>NMI_Handler</name>
         <value>0x4e41</value>
      </symbol>
      <symbol id="sm-b5d">
         <name>HardFault_Handler</name>
         <value>0x4e41</value>
      </symbol>
      <symbol id="sm-b5e">
         <name>MemManage_Handler</name>
         <value>0x4e41</value>
      </symbol>
      <symbol id="sm-b5f">
         <name>BusFault_Handler</name>
         <value>0x4e41</value>
      </symbol>
      <symbol id="sm-b60">
         <name>UsageFault_Handler</name>
         <value>0x4e41</value>
      </symbol>
      <symbol id="sm-b61">
         <name>SVC_Handler</name>
         <value>0x4e41</value>
      </symbol>
      <symbol id="sm-b62">
         <name>DebugMon_Handler</name>
         <value>0x4e41</value>
      </symbol>
      <symbol id="sm-b63">
         <name>PendSV_Handler</name>
         <value>0x4e41</value>
      </symbol>
      <symbol id="sm-b64">
         <name>SysTick_Handler</name>
         <value>0x1981</value>
      </symbol>
      <symbol id="sm-b65">
         <name>PSS_IRQHandler</name>
         <value>0x4e41</value>
      </symbol>
      <symbol id="sm-b66">
         <name>CS_IRQHandler</name>
         <value>0x4e41</value>
      </symbol>
      <symbol id="sm-b67">
         <name>PCM_IRQHandler</name>
         <value>0x4e41</value>
      </symbol>
      <symbol id="sm-b68">
         <name>WDT_A_IRQHandler</name>
         <value>0x4e41</value>
      </symbol>
      <symbol id="sm-b69">
         <name>FPU_IRQHandler</name>
         <value>0x4e41</value>
      </symbol>
      <symbol id="sm-b6a">
         <name>FLCTL_IRQHandler</name>
         <value>0x4e41</value>
      </symbol>
      <symbol id="sm-b6b">
         <name>COMP_E0_IRQHandler</name>
         <value>0x4e41</value>
      </symbol>
      <symbol id="sm-b6c">
         <name>COMP_E1_IRQHandler</name>
         <value>0x4e41</value>
      </symbol>
      <symbol id="sm-b6d">
         <name>TA0_0_IRQHandler</name>
         <value>0x4e41</value>
      </symbol>
      <symbol id="sm-b6e">
         <name>TA0_N_IRQHandler</name>
         <value>0x4e41</value>
      </symbol>
      <symbol id="sm-b6f">
         <name>TA1_0_IRQHandler</name>
         <value>0x4e41</value>
      </symbol>
      <symbol id="sm-b70">
         <name>TA1_N_IRQHandler</name>
         <value>0x4e41</value>
      </symbol>
      <symbol id="sm-b71">
         <name>TA2_0_IRQHandler</name>
         <value>0x4e41</value>
      </symbol>
      <symbol id="sm-b72">
         <name>TA2_N_IRQHandler</name>
         <value>0x4e41</value>
      </symbol>
      <symbol id="sm-b73">
         <name>TA3_0_IRQHandler</name>
         <value>0x4e41</value>
      </symbol>
      <symbol id="sm-b74">
         <name>TA3_N_IRQHandler</name>
         <value>0x4e41</value>
      </symbol>
      <symbol id="sm-b75">
         <name>EUSCIA0_IRQHandler</name>
         <value>0x4e41</value>
      </symbol>
      <symbol id="sm-b76">
         <name>EUSCIA1_IRQHandler</name>
         <value>0x4e41</value>
      </symbol>
      <symbol id="sm-b77">
         <name>EUSCIA2_IRQHandler</name>
         <value>0x4e41</value>
      </symbol>
      <symbol id="sm-b78">
         <name>EUSCIA3_IRQHandler</name>
         <value>0x4e41</value>
      </symbol>
      <symbol id="sm-b79">
         <name>EUSCIB0_IRQHandler</name>
         <value>0x4e41</value>
      </symbol>
      <symbol id="sm-b7a">
         <name>EUSCIB1_IRQHandler</name>
         <value>0x4e41</value>
      </symbol>
      <symbol id="sm-b7b">
         <name>EUSCIB2_IRQHandler</name>
         <value>0x4e41</value>
      </symbol>
      <symbol id="sm-b7c">
         <name>EUSCIB3_IRQHandler</name>
         <value>0x4e41</value>
      </symbol>
      <symbol id="sm-b7d">
         <name>ADC14_IRQHandler</name>
         <value>0x4e41</value>
      </symbol>
      <symbol id="sm-b7e">
         <name>T32_INT1_IRQHandler</name>
         <value>0x19a7</value>
      </symbol>
      <symbol id="sm-b7f">
         <name>T32_INT2_IRQHandler</name>
         <value>0x4e41</value>
      </symbol>
      <symbol id="sm-b80">
         <name>T32_INTC_IRQHandler</name>
         <value>0x4e41</value>
      </symbol>
      <symbol id="sm-b81">
         <name>AES256_IRQHandler</name>
         <value>0x4e41</value>
      </symbol>
      <symbol id="sm-b82">
         <name>RTC_C_IRQHandler</name>
         <value>0x4e41</value>
      </symbol>
      <symbol id="sm-b83">
         <name>DMA_ERR_IRQHandler</name>
         <value>0x4e41</value>
      </symbol>
      <symbol id="sm-b84">
         <name>DMA_INT3_IRQHandler</name>
         <value>0x4e41</value>
      </symbol>
      <symbol id="sm-b85">
         <name>DMA_INT2_IRQHandler</name>
         <value>0x4e41</value>
      </symbol>
      <symbol id="sm-b86">
         <name>DMA_INT1_IRQHandler</name>
         <value>0x4e41</value>
      </symbol>
      <symbol id="sm-b87">
         <name>DMA_INT0_IRQHandler</name>
         <value>0x4e41</value>
      </symbol>
      <symbol id="sm-b88">
         <name>PORT1_IRQHandler</name>
         <value>0x4e41</value>
      </symbol>
      <symbol id="sm-b89">
         <name>PORT2_IRQHandler</name>
         <value>0x4e41</value>
      </symbol>
      <symbol id="sm-b8a">
         <name>PORT3_IRQHandler</name>
         <value>0x4e41</value>
      </symbol>
      <symbol id="sm-b8b">
         <name>PORT4_IRQHandler</name>
         <value>0x4e41</value>
      </symbol>
      <symbol id="sm-b8c">
         <name>PORT5_IRQHandler</name>
         <value>0x4e41</value>
      </symbol>
      <symbol id="sm-b8d">
         <name>PORT6_IRQHandler</name>
         <value>0x4e41</value>
      </symbol>
      <symbol id="sm-b8e">
         <name>remove</name>
         <value>0x4c11</value>
      </symbol>
   </symbol_table>
   <title>Link successful</title>
</link_info>
