******************************************************************************
                  TI ARM Linker PC v20.2.5                     
******************************************************************************
>> Linked Tue May 31 13:32:36 2022

OUTPUT FILE NAME:   <Serial_Test.out>
ENTRY POINT SYMBOL: "_c_int00_noargs"  address: 00004635


MEMORY CONFIGURATION

         name            origin    length      used     unused   attr    fill
----------------------  --------  ---------  --------  --------  ----  --------
  MAIN                  00000000   00040000  00005b5e  0003a4a2  R  X
  INFO                  00200000   00004000  00000000  00004000  R  X
  SRAM_CODE             01000000   00010000  00000b33  0000f4cd  RW X
  SRAM_DATA             20000000   00010000  00000b33  0000f4cd  RW  


SEGMENT ALLOCATION MAP

run origin  load origin   length   init length attrs members
----------  ----------- ---------- ----------- ----- -------
00000000    00000000    00005b60   00005b60    r-x
  00000000    00000000    000000e4   000000e4    r-- .intvecs
  000000e4    000000e4    000047b6   000047b6    r-x .text
  0000489c    0000489c    00001204   00001204    r-- .const
  00005aa0    00005aa0    000000c0   000000c0    r-- .cinit
20000000    20000000    00000933   00000000    rw-
  20000000    20000000    000000e8   00000000    rw- .vtable
  200000e8    200000e8    00000400   00000000    rw- .sysmem
  200004e8    200004e8    00000260   00000000    rw- .data
  20000748    20000748    000001eb   00000000    rw- .bss
2000fe00    2000fe00    00000200   00000000    rw-
  2000fe00    2000fe00    00000200   00000000    rw- .stack


SECTION ALLOCATION MAP

 output                                  attributes/
section   page    origin      length       input sections
--------  ----  ----------  ----------   ----------------
.intvecs   0    00000000    000000e4     
                  00000000    000000e4     startup_msp432p401r_ccs.obj (.intvecs:retain)

.text      0    000000e4    000047b6     
                  000000e4    00001c84     main.obj (.text)
                  00001d68    00000790     oled.obj (.text)
                  000024f8    000006bc     UART0.obj (.text)
                  00002bb4    00000618     DS1302.obj (.text)
                  000031cc    00000334     system_msp432p401r.obj (.text)
                  00003500    000001e0     Clock.obj (.text)
                  000036e0    00000110     rtsv7M4_T_le_v4SPD16_eabi.lib : fopen.c.obj (.text:_openfile)
                  000037f0    00000100                                   : memory.c.obj (.text:aligned_alloc)
                  000038f0    000000e4                                   : memory.c.obj (.text:free)
                  000039d4    000000dc                                   : setvbuf.c.obj (.text:setvbuf)
                  00003ab0    000000bc                                   : open.c.obj (.text:open)
                  00003b6c    000000b8                                   : add_device.c.obj (.text:add_device)
                  00003c24    0000009c                                   : fopen.c.obj (.text:fopen)
                  00003cc0    0000009c                                   : memcpy_t2.asm.obj (.text)
                  00003d5c    00000084     msp432p4xx_driverlib.lib : gpio.o (.text:GPIO_getEnabledInterruptStatus)
                  00003de0    00000080                              : interrupt.o (.text:Interrupt_enableInterrupt)
                  00003e60    0000007a     rtsv7M4_T_le_v4SPD16_eabi.lib : memset_t2.asm.obj (.text)
                  00003eda    00000002                                   : _lock.c.obj (.text:_nop)
                  00003edc    00000074                                   : fclose.c.obj (.text:__TI_closefile)
                  00003f50    00000070                                   : memory.c.obj (.text:split)
                  00003fc0    0000006c                                   : hostrename.c.obj (.text:HOSTrename)
                  0000402c    00000068                                   : hostlseek.c.obj (.text:HOSTlseek)
                  00004094    00000068                                   : copy_decompress_lzss.c.obj (.text:decompress:lzss:__TI_decompress_lzss)
                  000040fc    00000060                                   : hostopen.c.obj (.text:HOSTopen)
                  0000415c    0000005e                                   : i_divt2.asm.obj (.text)
                  000041ba    00000002                                   : div0.asm.obj (.text)
                  000041bc    0000005c     msp432p4xx_driverlib.lib : interrupt.o (.text:Interrupt_registerInterrupt)
                  00004218    0000005c     rtsv7M4_T_le_v4SPD16_eabi.lib : close.c.obj (.text:close)
                  00004274    00000058     msp432p4xx_driverlib.lib : gpio.o (.text:GPIO_setAsInputPinWithPullUpResistor)
                  000042cc    00000058     rtsv7M4_T_le_v4SPD16_eabi.lib : hostread.c.obj (.text:HOSTread)
                  00004324    00000058                                   : hostwrite.c.obj (.text:HOSTwrite)
                  0000437c    0000004c                                   : fflush.c.obj (.text:__TI_doflush)
                  000043c8    00000048                                   : exit.c.obj (.text:exit)
                  00004410    00000044                                   : hostclose.c.obj (.text:HOSTclose)
                  00004454    00000044                                   : hostunlink.c.obj (.text:HOSTunlink)
                  00004498    00000044                                   : autoinit.c.obj (.text:__TI_auto_init_nobinit_nopinit:__TI_auto_init_nobinit_nopinit)
                  000044dc    00000044                                   : getdevice.c.obj (.text:getdevice)
                  00004520    0000003c     msp432p4xx_driverlib.lib : gpio.o (.text:GPIO_interruptEdgeSelect)
                  0000455c    00000038     rtsv7M4_T_le_v4SPD16_eabi.lib : trgmsg.c.obj (.text:__TI_writemsg)
                  00004594    00000036                                   : strncpy.c.obj (.text:strncpy)
                  000045ca    00000002     --HOLE-- [fill = 0]
                  000045cc    00000034                                   : fopen.c.obj (.text:__TI_cleanup)
                  00004600    00000034                                   : trgmsg.c.obj (.text:__TI_readmsg)
                  00004634    00000034                                   : boot_cortex_m.c.obj (.text:_c_int00_noargs:_c_int00_noargs)
                  00004668    00000034                                   : fopen.c.obj (.text:freopen)
                  0000469c    00000030                                   : getdevice.c.obj (.text:finddevice)
                  000046cc    0000002c                                   : unlink.c.obj (.text:unlink)
                  000046f8    00000028     msp432p4xx_driverlib.lib : gpio.o (.text:GPIO_clearInterruptFlag)
                  00004720    00000028                              : gpio.o (.text:GPIO_enableInterrupt)
                  00004748    00000028     rtsv7M4_T_le_v4SPD16_eabi.lib : memory.c.obj (.text:free_list_insert)
                  00004770    00000028                                   : write.c.obj (.text:write)
                  00004798    00000024     msp432p4xx_driverlib.lib : gpio.o (.text:GPIO_getInterruptStatus)
                  000047bc    00000024                              : gpio.o (.text:GPIO_registerInterrupt)
                  000047e0    0000001c     rtsv7M4_T_le_v4SPD16_eabi.lib : copy_zero_init.c.obj (.text:decompress:ZI:__TI_zero_init_nomemset:__TI_zero_init_nomemset)
                  000047fc    0000001c                                   : memory.c.obj (.text:free_list_remove)
                  00004818    00000018                                   : strcmp.c.obj (.text:strcmp)
                  00004830    00000016                                   : strchr.c.obj (.text:strchr)
                  00004846    00000014                                   : strcpy.c.obj (.text:strcpy)
                  0000485a    00000014                                   : strlen.c.obj (.text:strlen)
                  0000486e    0000000e                                   : copy_decompress_none.c.obj (.text:decompress:none:__TI_decompress_none)
                  0000487c    0000000e     startup_msp432p401r_ccs.obj (.text)
                  0000488a    00000008     rtsv7M4_T_le_v4SPD16_eabi.lib : memory.c.obj (.text:malloc)
                  00004892    00000004                                   : pre_init.c.obj (.text:_system_pre_init)
                  00004896    00000004                                   : exit.c.obj (.text:abort:abort)

.const     0    0000489c    00001204     
                  0000489c    000005f0     oled.obj (.const:asc2_1608)
                  00004e8c    00000474     oled.obj (.const:asc2_1206)
                  00005300    00000330     oled.obj (.const:Hzk1)
                  00005630    00000228     oled.obj (.const:asc2_0806)
                  00005858    000001c0     oled.obj (.const:Hzk)
                  00005a18    00000030     msp432p4xx_driverlib.lib : gpio.o (.const:GPIO_PORT_TO_BASE)
                  00005a48    00000024     main.obj (.const:.string)
                  00005a6c    0000001c     msp432p4xx_driverlib.lib : gpio.o (.const:GPIO_PORT_TO_INT)
                  00005a88    00000008     DS1302.obj (.const:.string:$P$T0$1)
                  00005a90    00000008     DS1302.obj (.const:.string:$P$T1$2)
                  00005a98    00000008     msp432p4xx_driverlib.lib : interrupt.o (.const:g_pulEnRegs)

.cinit     0    00005aa0    000000c0     
                  00005aa0    00000089     (.cinit..data.load) [load image, compression = lzss]
                  00005b29    00000003     --HOLE-- [fill = 0]
                  00005b2c    0000000c     (__TI_handler_table)
                  00005b38    00000008     (.cinit..bss.load) [load image, compression = zero_init]
                  00005b40    00000008     (.cinit..vtable.load) [load image, compression = zero_init]
                  00005b48    00000018     (__TI_cinit_table)

.init_array 
*          0    00000000    00000000     UNINITIALIZED

.binit     0    00000000    00000000     

.vtable    0    20000000    000000e8     UNINITIALIZED
                  20000000    000000e8     msp432p4xx_driverlib.lib : interrupt.o (.vtable)

.sysmem    0    200000e8    00000400     UNINITIALIZED
                  200000e8    00000010     rtsv7M4_T_le_v4SPD16_eabi.lib : memory.c.obj (.sysmem)
                  200000f8    000003f0     --HOLE--

.data      0    200004e8    00000260     UNINITIALIZED
                  200004e8    000000f0     rtsv7M4_T_le_v4SPD16_eabi.lib : defs.c.obj (.data:_ftable)
                  200005d8    00000078                                   : host_device.c.obj (.data:_device)
                  20000650    00000050                                   : host_device.c.obj (.data:_stream)
                  200006a0    00000048     main.obj (.data)
                  200006e8    00000018     Clock.obj (.data)
                  20000700    00000010     rtsv7M4_T_le_v4SPD16_eabi.lib : defs.c.obj (.data)
                  20000710    0000000c                                   : exit.c.obj (.data:$O1$$)
                  2000071c    0000000c     main.obj (.data:city)
                  20000728    00000008     rtsv7M4_T_le_v4SPD16_eabi.lib : _lock.c.obj (.data:$O1$$)
                  20000730    00000008                                   : memory.c.obj (.data:$O1$$)
                  20000738    00000004                                   : add_device.c.obj (.data)
                  2000073c    00000004                                   : fopen.c.obj (.data)
                  20000740    00000004                                   : open.c.obj (.data)
                  20000744    00000004     system_msp432p401r.obj (.data)

.bss       0    20000748    000001eb     UNINITIALIZED
                  20000748    00000120     rtsv7M4_T_le_v4SPD16_eabi.lib : trgmsg.c.obj (.bss:_CIOBUF_)
                  20000868    000000a0     (.common:__TI_tmpnams)
                  20000908    0000000c     (.common:BeijingTime)
                  20000914    00000008     (.common:Messageb)
                  2000091c    00000008     (.common:parmbuf)
                  20000924    00000004     (.common:Messageindexb)
                  20000928    00000004     (.common:location)
                  2000092c    00000004     (.common:time)
                  20000930    00000003     (.common:alarm)

.stack     0    2000fe00    00000200     UNINITIALIZED
                  2000fe00    00000004     rtsv7M4_T_le_v4SPD16_eabi.lib : boot_cortex_m.c.obj (.stack)
                  2000fe04    000001fc     --HOLE--

__llvm_prf_cnts 
*          0    20000000    00000000     UNINITIALIZED

MODULE SUMMARY

       Module                        code    ro data   rw data
       ------                        ----    -------   -------
    .\
       main.obj                      7300    36        214    
       oled.obj                      1936    4476      0      
       UART0.obj                     1724    0         24     
       DS1302.obj                    1560    16        0      
       system_msp432p401r.obj        820     0         8      
       Clock.obj                     480     0         48     
       startup_msp432p401r_ccs.obj   14      228       0      
    +--+-----------------------------+-------+---------+---------+
       Total:                        13834   4756      294    
                                                              
    C:/ti/simplelink_msp432p4_sdk_3_40_01_02/source/ti/devices/msp432p4xx/driverlib/ccs/msp432p4xx_driverlib.lib
       interrupt.o                   220     8         464    
       gpio.o                        432     76        0      
    +--+-----------------------------+-------+---------+---------+
       Total:                        652     84        464    
                                                              
    C:\ti\ccs1100\ccs\tools\compiler\ti-cgt-arm_20.2.5.LTS\lib\rtsv7M4_T_le_v4SPD16_eabi.lib
       defs.c.obj                    0       0         832    
       memory.c.obj                  672     0         16     
       trgmsg.c.obj                  108     0         576    
       fopen.c.obj                   532     0         8      
       host_device.c.obj             0       0         400    
       setvbuf.c.obj                 220     0         0      
       open.c.obj                    188     0         8      
       add_device.c.obj              184     0         8      
       memcpy_t2.asm.obj             156     0         0      
       memset_t2.asm.obj             122     0         0      
       fclose.c.obj                  116     0         0      
       getdevice.c.obj               116     0         0      
       hostopen.c.obj                96      0         16     
       hostrename.c.obj              108     0         0      
       copy_decompress_lzss.c.obj    104     0         0      
       hostlseek.c.obj               104     0         0      
       exit.c.obj                    76      0         24     
       i_divt2.asm.obj               94      0         0      
       close.c.obj                   92      0         0      
       hostread.c.obj                88      0         0      
       hostwrite.c.obj               88      0         0      
       fflush.c.obj                  76      0         0      
       autoinit.c.obj                68      0         0      
       hostclose.c.obj               68      0         0      
       hostunlink.c.obj              68      0         0      
       strncpy.c.obj                 54      0         0      
       boot_cortex_m.c.obj           52      0         0      
       unlink.c.obj                  44      0         0      
       write.c.obj                   40      0         0      
       copy_zero_init.c.obj          28      0         0      
       strcmp.c.obj                  24      0         0      
       strchr.c.obj                  22      0         0      
       strcpy.c.obj                  20      0         0      
       strlen.c.obj                  20      0         0      
       _lock.c.obj                   2       0         16     
       copy_decompress_none.c.obj    14      0         0      
       pre_init.c.obj                4       0         0      
       div0.asm.obj                  2       0         0      
    +--+-----------------------------+-------+---------+---------+
       Total:                        3870    0         1904   
                                                              
       Heap:                         0       0         2048   
       Stack:                        0       0         1024   
       Linker Generated:             0       189       0      
    +--+-----------------------------+-------+---------+---------+
       Grand Total:                  18356   5029      5734   


LINKER GENERATED COPY TABLES

__TI_cinit_table @ 00005b48 records: 3, size/record: 8, table size: 24
	.data: load addr=00005aa0, load size=00000089 bytes, run addr=200004e8, run size=00000260 bytes, compression=lzss
	.bss: load addr=00005b38, load size=00000008 bytes, run addr=20000748, run size=000001eb bytes, compression=zero_init
	.vtable: load addr=00005b40, load size=00000008 bytes, run addr=20000000, run size=000000e8 bytes, compression=zero_init


LINKER GENERATED HANDLER TABLE

__TI_handler_table @ 00005b2c records: 3, size/record: 4, table size: 12
	index: 0, handler: __TI_zero_init
	index: 1, handler: __TI_decompress_lzss
	index: 2, handler: __TI_decompress_none


GLOBAL SYMBOLS: SORTED ALPHABETICALLY BY Name 

address   name                                
-------   ----                                
00004889  ADC14_IRQHandler                    
00004889  AES256_IRQHandler                   
00001151  AlarmClock                          
000017a1  AlarmRing                           
20000908  BeijingTime                         
00004889  BusFault_Handler                    
00004897  C$$EXIT                             
0000458b  C$$IO$$                             
00004889  COMP_E0_IRQHandler                  
00004889  COMP_E1_IRQHandler                  
200006f0  CPMwait                             
00004889  CS_IRQHandler                       
200006e8  ClockFrequency                      
00003655  Clock_Delay1ms                      
0000362b  Clock_Delay1us                      
00003617  Clock_GetFreq                       
00003501  Clock_Init48MHz                     
00000db5  Counter                             
200006fc  Crystalstable                       
00004889  DMA_ERR_IRQHandler                  
00004889  DMA_INT0_IRQHandler                 
00004889  DMA_INT1_IRQHandler                 
00004889  DMA_INT2_IRQHandler                 
00004889  DMA_INT3_IRQHandler                 
00002e7d  DS1302_Read_Time                    
00002ed5  DS1302_read_time                    
00002fa7  DS1302_write_time                   
00004889  DebugMon_Handler                    
00004889  Default_Handler                     
00004889  EUSCIA0_IRQHandler                  
00004889  EUSCIA1_IRQHandler                  
00004889  EUSCIA2_IRQHandler                  
00004889  EUSCIA3_IRQHandler                  
00004889  EUSCIB0_IRQHandler                  
00004889  EUSCIB1_IRQHandler                  
00004889  EUSCIB2_IRQHandler                  
00004889  EUSCIB3_IRQHandler                  
00004889  FLCTL_IRQHandler                    
00004889  FPU_IRQHandler                      
0000037d  GPIO_Interrupt                      
000046f9  GPIO_clearInterruptFlag             
00004721  GPIO_enableInterrupt                
00003d5d  GPIO_getEnabledInterruptStatus      
00004799  GPIO_getInterruptStatus             
00004521  GPIO_interruptEdgeSelect            
000047bd  GPIO_registerInterrupt              
00004275  GPIO_setAsInputPinWithPullUpResistor
00004411  HOSTclose                           
0000402d  HOSTlseek                           
000040fd  HOSTopen                            
000042cd  HOSTread                            
00003fc1  HOSTrename                          
00004455  HOSTunlink                          
00004325  HOSTwrite                           
00004889  HardFault_Handler                   
00000611  Home                                
00005858  Hzk                                 
00005300  Hzk1                                
200006f8  IFlags                              
000002fb  Init                                
00003de1  Interrupt_enableInterrupt           
000041bd  Interrupt_registerInterrupt         
00004889  MemManage_Handler                   
00000997  Menu                                
20000914  Messageb                            
20000924  Messageindexb                       
00004889  NMI_Handler                         
00001f11  OLED_Clear                          
00001d9b  OLED_ColorTurn                      
00001dc1  OLED_DisplayTurn                    
00001ef5  OLED_Display_Off                    
00001ed9  OLED_Display_On                     
000022f9  OLED_DrawBMP                        
000023a5  OLED_Init                           
00001e9d  OLED_Set_Pos                        
00001f7b  OLED_ShowChar                       
00002237  OLED_ShowChinese                    
000020e1  OLED_ShowNum                        
000021cb  OLED_ShowString                     
00001df7  OLED_WR_Byte                        
00004889  PCM_IRQHandler                      
00001a05  PORT1_IRQHandler                    
00001a05  PORT1_IRQHandler                    
00004889  PORT2_IRQHandler                    
00004889  PORT3_IRQHandler                    
00001a7d  PORT4_IRQHandler                    
00001a7d  PORT4_IRQHandler                    
00004889  PORT5_IRQHandler                    
00004889  PORT6_IRQHandler                    
00004889  PSS_IRQHandler                      
00004889  PendSV_Handler                      
00001cf7  Port2_Init                          
00001d17  Port2_Output                        
200006f4  Postwait                            
200006ec  Prewait                             
00004889  RTC_C_IRQHandler                    
00002ce7  R_Data                              
0000487d  Reset_Handler                       
00004889  SVC_Handler                         
000004f5  SerialCalibration                   
0000031b  SetTime                             
00002e27  Set_DS1302                          
00000aad  StopWatch                           
00004889  SysTick_Handler                     
20000744  SystemCoreClock                     
000031cd  SystemCoreClockUpdate               
00003445  SystemInit                          
00004889  T32_INT1_IRQHandler                 
00004889  T32_INT2_IRQHandler                 
00004889  T32_INTC_IRQHandler                 
00004889  TA0_0_IRQHandler                    
00004889  TA0_N_IRQHandler                    
00004889  TA1_0_IRQHandler                    
00004889  TA1_N_IRQHandler                    
00004889  TA2_0_IRQHandler                    
00004889  TA2_N_IRQHandler                    
00004889  TA3_0_IRQHandler                    
00004889  TA3_N_IRQHandler                    
0000253f  UART0_InChar                        
000029c9  UART0_InString                      
00002589  UART0_InUDec                        
0000287d  UART0_InUHex                        
000024f9  UART0_Init                          
00002b29  UART0_Initprintf                    
0000254f  UART0_OutChar                       
0000256b  UART0_OutString                     
0000260d  UART0_OutUDec                       
00002779  UART0_OutUDec4                      
000027cd  UART0_OutUDec5                      
00002809  UART0_OutUFix1                      
00002831  UART0_OutUFix2                      
00002941  UART0_OutUHex                       
000029ad  UART0_OutUHex2                      
00004889  UsageFault_Handler                  
4000480c  WDTCTL_SYM                          
00004889  WDT_A_IRQHandler                    
00002bb5  W_Data                              
0000181d  WorldTime                           
20000748  __CIOBUF_                           
20010000  __STACK_END                         
00000200  __STACK_SIZE                        
00000400  __SYSMEM_SIZE                       
00005b48  __TI_CINIT_Base                     
00005b60  __TI_CINIT_Limit                    
00005b2c  __TI_Handler_Table_Base             
00005b38  __TI_Handler_Table_Limit            
00004499  __TI_auto_init_nobinit_nopinit      
000045cd  __TI_cleanup                        
20000710  __TI_cleanup_ptr                    
00003edd  __TI_closefile                      
00004095  __TI_decompress_lzss                
0000486f  __TI_decompress_none                
0000437d  __TI_doflush                        
20000714  __TI_dtors_ptr                      
20000718  __TI_enable_exit_profile_output     
20000700  __TI_ft_end                         
ffffffff  __TI_pprof_out_hndl                 
ffffffff  __TI_prof_data_size                 
ffffffff  __TI_prof_data_start                
00004601  __TI_readmsg                        
00000000  __TI_static_base__                  
20000868  __TI_tmpnams                        
0000455d  __TI_writemsg                       
000047e1  __TI_zero_init_nomemset             
0000415d  __aeabi_idiv                        
000041bb  __aeabi_idiv0                       
0000415d  __aeabi_idivmod                     
000041bb  __aeabi_ldiv0                       
00003e61  __aeabi_memclr                      
00003e61  __aeabi_memclr4                     
00003e61  __aeabi_memclr8                     
00003cc1  __aeabi_memcpy                      
00003cc1  __aeabi_memcpy4                     
00003cc1  __aeabi_memcpy8                     
00003e63  __aeabi_memset                      
00003e63  __aeabi_memset4                     
00003e63  __aeabi_memset8                     
2000070c  __aeabi_stderr                      
20000704  __aeabi_stdin                       
20000708  __aeabi_stdout                      
ffffffff  __binit__                           
ffffffff  __c_args__                          
UNDEFED   __mpu_init                          
2000fe00  __stack                             
20000000  __start___llvm_prf_cnts             
20000000  __stop___llvm_prf_cnts              
00004635  _c_int00_noargs                     
200005d8  _device                             
200004e8  _ftable                             
20000728  _lock                               
00003edb  _nop                                
20000650  _stream                             
200000e8  _sys_memory                         
UNDEFED   _system_post_cinit                  
00004893  _system_pre_init                    
2000072c  _unlock                             
00004897  abort                               
00003b6d  add_device                          
200006c4  ah                                  
20000930  alarm                               
000037f1  aligned_alloc                       
200006c8  am                                  
00005630  asc2_0806                           
00004e8c  asc2_1206                           
0000489c  asc2_1608                           
200006c0  aw                                  
200006d8  back                                
ffffffff  binit                               
2000071c  city                                
200006b4  clear                               
00004219  close                               
200006dc  convert                             
200006e4  correct_d                           
200006e0  correct_t                           
200006a0  count                               
0000361d  delay                               
00001d69  delay_ms                            
000043c9  exit                                
00002a63  ferror                              
00002a43  fgetc                               
0000469d  finddevice                          
00003c25  fopen                               
000038f1  free                                
00004669  freopen                             
20000000  g_pfnRAMVectors                     
00003141  getWeekdayByYearday                 
000044dd  getdevice                           
00000000  interruptVectors                    
200006a4  key                                 
20000928  location                            
000000e5  main                                
0000488b  malloc                              
000037f1  memalign                            
00003cc1  memcpy                              
00003e69  memset                              
000020ab  oled_pow                            
00003ab1  open                                
00002985  outnibble                           
2000091c  parmbuf                             
200006cc  pause                               
200006b0  plus                                
000046cd  remove                              
200006a8  secondkey                           
200006ac  set                                 
000039d5  setvbuf                             
200006b8  shift                               
200006d0  start                               
00004831  strchr                              
00004819  strcmp                              
00004847  strcpy                              
0000485b  strlen                              
00004595  strncpy                             
200006bc  sw                                  
2000092c  time                                
200006d4  turnoff                             
00002a81  uart_close                          
00002aff  uart_lseek                          
00002a71  uart_open                           
00002a93  uart_read                           
00002b1b  uart_rename                         
00002b0f  uart_unlink                         
00002abd  uart_write                          
000046cd  unlink                              
00004771  write                               


GLOBAL SYMBOLS: SORTED BY Symbol Address 

address   name                                
-------   ----                                
00000000  __TI_static_base__                  
00000000  interruptVectors                    
000000e5  main                                
00000200  __STACK_SIZE                        
000002fb  Init                                
0000031b  SetTime                             
0000037d  GPIO_Interrupt                      
00000400  __SYSMEM_SIZE                       
000004f5  SerialCalibration                   
00000611  Home                                
00000997  Menu                                
00000aad  StopWatch                           
00000db5  Counter                             
00001151  AlarmClock                          
000017a1  AlarmRing                           
0000181d  WorldTime                           
00001a05  PORT1_IRQHandler                    
00001a05  PORT1_IRQHandler                    
00001a7d  PORT4_IRQHandler                    
00001a7d  PORT4_IRQHandler                    
00001cf7  Port2_Init                          
00001d17  Port2_Output                        
00001d69  delay_ms                            
00001d9b  OLED_ColorTurn                      
00001dc1  OLED_DisplayTurn                    
00001df7  OLED_WR_Byte                        
00001e9d  OLED_Set_Pos                        
00001ed9  OLED_Display_On                     
00001ef5  OLED_Display_Off                    
00001f11  OLED_Clear                          
00001f7b  OLED_ShowChar                       
000020ab  oled_pow                            
000020e1  OLED_ShowNum                        
000021cb  OLED_ShowString                     
00002237  OLED_ShowChinese                    
000022f9  OLED_DrawBMP                        
000023a5  OLED_Init                           
000024f9  UART0_Init                          
0000253f  UART0_InChar                        
0000254f  UART0_OutChar                       
0000256b  UART0_OutString                     
00002589  UART0_InUDec                        
0000260d  UART0_OutUDec                       
00002779  UART0_OutUDec4                      
000027cd  UART0_OutUDec5                      
00002809  UART0_OutUFix1                      
00002831  UART0_OutUFix2                      
0000287d  UART0_InUHex                        
00002941  UART0_OutUHex                       
00002985  outnibble                           
000029ad  UART0_OutUHex2                      
000029c9  UART0_InString                      
00002a43  fgetc                               
00002a63  ferror                              
00002a71  uart_open                           
00002a81  uart_close                          
00002a93  uart_read                           
00002abd  uart_write                          
00002aff  uart_lseek                          
00002b0f  uart_unlink                         
00002b1b  uart_rename                         
00002b29  UART0_Initprintf                    
00002bb5  W_Data                              
00002ce7  R_Data                              
00002e27  Set_DS1302                          
00002e7d  DS1302_Read_Time                    
00002ed5  DS1302_read_time                    
00002fa7  DS1302_write_time                   
00003141  getWeekdayByYearday                 
000031cd  SystemCoreClockUpdate               
00003445  SystemInit                          
00003501  Clock_Init48MHz                     
00003617  Clock_GetFreq                       
0000361d  delay                               
0000362b  Clock_Delay1us                      
00003655  Clock_Delay1ms                      
000037f1  aligned_alloc                       
000037f1  memalign                            
000038f1  free                                
000039d5  setvbuf                             
00003ab1  open                                
00003b6d  add_device                          
00003c25  fopen                               
00003cc1  __aeabi_memcpy                      
00003cc1  __aeabi_memcpy4                     
00003cc1  __aeabi_memcpy8                     
00003cc1  memcpy                              
00003d5d  GPIO_getEnabledInterruptStatus      
00003de1  Interrupt_enableInterrupt           
00003e61  __aeabi_memclr                      
00003e61  __aeabi_memclr4                     
00003e61  __aeabi_memclr8                     
00003e63  __aeabi_memset                      
00003e63  __aeabi_memset4                     
00003e63  __aeabi_memset8                     
00003e69  memset                              
00003edb  _nop                                
00003edd  __TI_closefile                      
00003fc1  HOSTrename                          
0000402d  HOSTlseek                           
00004095  __TI_decompress_lzss                
000040fd  HOSTopen                            
0000415d  __aeabi_idiv                        
0000415d  __aeabi_idivmod                     
000041bb  __aeabi_idiv0                       
000041bb  __aeabi_ldiv0                       
000041bd  Interrupt_registerInterrupt         
00004219  close                               
00004275  GPIO_setAsInputPinWithPullUpResistor
000042cd  HOSTread                            
00004325  HOSTwrite                           
0000437d  __TI_doflush                        
000043c9  exit                                
00004411  HOSTclose                           
00004455  HOSTunlink                          
00004499  __TI_auto_init_nobinit_nopinit      
000044dd  getdevice                           
00004521  GPIO_interruptEdgeSelect            
0000455d  __TI_writemsg                       
0000458b  C$$IO$$                             
00004595  strncpy                             
000045cd  __TI_cleanup                        
00004601  __TI_readmsg                        
00004635  _c_int00_noargs                     
00004669  freopen                             
0000469d  finddevice                          
000046cd  remove                              
000046cd  unlink                              
000046f9  GPIO_clearInterruptFlag             
00004721  GPIO_enableInterrupt                
00004771  write                               
00004799  GPIO_getInterruptStatus             
000047bd  GPIO_registerInterrupt              
000047e1  __TI_zero_init_nomemset             
00004819  strcmp                              
00004831  strchr                              
00004847  strcpy                              
0000485b  strlen                              
0000486f  __TI_decompress_none                
0000487d  Reset_Handler                       
00004889  ADC14_IRQHandler                    
00004889  AES256_IRQHandler                   
00004889  BusFault_Handler                    
00004889  COMP_E0_IRQHandler                  
00004889  COMP_E1_IRQHandler                  
00004889  CS_IRQHandler                       
00004889  DMA_ERR_IRQHandler                  
00004889  DMA_INT0_IRQHandler                 
00004889  DMA_INT1_IRQHandler                 
00004889  DMA_INT2_IRQHandler                 
00004889  DMA_INT3_IRQHandler                 
00004889  DebugMon_Handler                    
00004889  Default_Handler                     
00004889  EUSCIA0_IRQHandler                  
00004889  EUSCIA1_IRQHandler                  
00004889  EUSCIA2_IRQHandler                  
00004889  EUSCIA3_IRQHandler                  
00004889  EUSCIB0_IRQHandler                  
00004889  EUSCIB1_IRQHandler                  
00004889  EUSCIB2_IRQHandler                  
00004889  EUSCIB3_IRQHandler                  
00004889  FLCTL_IRQHandler                    
00004889  FPU_IRQHandler                      
00004889  HardFault_Handler                   
00004889  MemManage_Handler                   
00004889  NMI_Handler                         
00004889  PCM_IRQHandler                      
00004889  PORT2_IRQHandler                    
00004889  PORT3_IRQHandler                    
00004889  PORT5_IRQHandler                    
00004889  PORT6_IRQHandler                    
00004889  PSS_IRQHandler                      
00004889  PendSV_Handler                      
00004889  RTC_C_IRQHandler                    
00004889  SVC_Handler                         
00004889  SysTick_Handler                     
00004889  T32_INT1_IRQHandler                 
00004889  T32_INT2_IRQHandler                 
00004889  T32_INTC_IRQHandler                 
00004889  TA0_0_IRQHandler                    
00004889  TA0_N_IRQHandler                    
00004889  TA1_0_IRQHandler                    
00004889  TA1_N_IRQHandler                    
00004889  TA2_0_IRQHandler                    
00004889  TA2_N_IRQHandler                    
00004889  TA3_0_IRQHandler                    
00004889  TA3_N_IRQHandler                    
00004889  UsageFault_Handler                  
00004889  WDT_A_IRQHandler                    
0000488b  malloc                              
00004893  _system_pre_init                    
00004897  C$$EXIT                             
00004897  abort                               
0000489c  asc2_1608                           
00004e8c  asc2_1206                           
00005300  Hzk1                                
00005630  asc2_0806                           
00005858  Hzk                                 
00005b2c  __TI_Handler_Table_Base             
00005b38  __TI_Handler_Table_Limit            
00005b48  __TI_CINIT_Base                     
00005b60  __TI_CINIT_Limit                    
20000000  __start___llvm_prf_cnts             
20000000  __stop___llvm_prf_cnts              
20000000  g_pfnRAMVectors                     
200000e8  _sys_memory                         
200004e8  _ftable                             
200005d8  _device                             
20000650  _stream                             
200006a0  count                               
200006a4  key                                 
200006a8  secondkey                           
200006ac  set                                 
200006b0  plus                                
200006b4  clear                               
200006b8  shift                               
200006bc  sw                                  
200006c0  aw                                  
200006c4  ah                                  
200006c8  am                                  
200006cc  pause                               
200006d0  start                               
200006d4  turnoff                             
200006d8  back                                
200006dc  convert                             
200006e0  correct_t                           
200006e4  correct_d                           
200006e8  ClockFrequency                      
200006ec  Prewait                             
200006f0  CPMwait                             
200006f4  Postwait                            
200006f8  IFlags                              
200006fc  Crystalstable                       
20000700  __TI_ft_end                         
20000704  __aeabi_stdin                       
20000708  __aeabi_stdout                      
2000070c  __aeabi_stderr                      
20000710  __TI_cleanup_ptr                    
20000714  __TI_dtors_ptr                      
20000718  __TI_enable_exit_profile_output     
2000071c  city                                
20000728  _lock                               
2000072c  _unlock                             
20000744  SystemCoreClock                     
20000748  __CIOBUF_                           
20000868  __TI_tmpnams                        
20000908  BeijingTime                         
20000914  Messageb                            
2000091c  parmbuf                             
20000924  Messageindexb                       
20000928  location                            
2000092c  time                                
20000930  alarm                               
2000fe00  __stack                             
20010000  __STACK_END                         
4000480c  WDTCTL_SYM                          
ffffffff  __TI_pprof_out_hndl                 
ffffffff  __TI_prof_data_size                 
ffffffff  __TI_prof_data_start                
ffffffff  __binit__                           
ffffffff  __c_args__                          
ffffffff  binit                               
UNDEFED   __mpu_init                          
UNDEFED   _system_post_cinit                  

[264 symbols]
