******************************************************************************
                  TI ARM Linker PC v20.2.5                     
******************************************************************************
>> Linked Mon Jan  3 17:01:43 2022

OUTPUT FILE NAME:   <traction_control.out>
ENTRY POINT SYMBOL: "_c_int00_noargs"  address: 00004301


MEMORY CONFIGURATION

         name            origin    length      used     unused   attr    fill
----------------------  --------  ---------  --------  --------  ----  --------
  MAIN                  00000000   00040000  00004908  0003b6f8  R  X
  INFO                  00200000   00004000  00000000  00004000  R  X
  SRAM_CODE             01000000   00010000  00000ad4  0000f52c  RW X
  SRAM_DATA             20000000   00010000  00000ad4  0000f52c  RW  


SEGMENT ALLOCATION MAP

run origin  load origin   length   init length attrs members
----------  ----------- ---------- ----------- ----- -------
00000000    00000000    00004908   00004908    r-x
  00000000    00000000    000000e4   000000e4    r-- .intvecs
  000000e4    000000e4    000045fc   000045fc    r-x .text
  000046e0    000046e0    00000178   00000178    r-- .const
  00004858    00004858    000000b0   000000b0    r-- .cinit
20000000    20000000    000008d4   00000000    rw-
  20000000    20000000    000000e8   00000000    rw- .vtable
  200000e8    200000e8    00000400   00000000    rw- .sysmem
  200004e8    200004e8    00000218   00000000    rw- .data
  20000700    20000700    000001d4   00000000    rw- .bss
2000fe00    2000fe00    00000200   00000000    rw-
  2000fe00    2000fe00    00000200   00000000    rw- .stack


SECTION ALLOCATION MAP

 output                                  attributes/
section   page    origin      length       input sections
--------  ----  ----------  ----------   ----------------
.intvecs   0    00000000    000000e4     
                  00000000    000000e4     startup_msp432p401r_ccs.obj (.intvecs:retain)

.text      0    000000e4    000045fc     
                  000000e4    00000a4e     rtsv7M4_T_le_v4SPD16_eabi.lib : _printfi.c.obj (.text:__TI_printfi)
                  00000b32    00000002                                   : _lock.c.obj (.text:_nop)
                  00000b34    000006bc     UART0.obj (.text)
                  000011f0    00000464     main.obj (.text)
                  00001654    00000334     system_msp432p401r.obj (.text)
                  00001988    00000270     rtsv7M4_T_le_v4SPD16_eabi.lib : _printfi.c.obj (.text:_pconv_a)
                  00001bf8    00000228     PWM.obj (.text)
                  00001e20    000001ec     Reflectance.obj (.text)
                  0000200c    000001e0     Clock.obj (.text)
                  000021ec    000001d0     rtsv7M4_T_le_v4SPD16_eabi.lib : _printfi.c.obj (.text:_pconv_g)
                  000023bc    000001b6                                   : fd_add_t2.asm.obj (.text)
                  00002572    00000002                                   : div0.asm.obj (.text)
                  00002574    0000016c     Motor.obj (.text)
                  000026e0    0000013c     rtsv7M4_T_le_v4SPD16_eabi.lib : _printfi.c.obj (.text:_pconv_e)
                  0000281c    00000136                                   : fd_div_t2.asm.obj (.text)
                  00002952    00000002     --HOLE-- [fill = 0]
                  00002954    00000124                                   : _printfi.c.obj (.text:fcvt)
                  00002a78    00000114                                   : fputs.c.obj (.text:fputs)
                  00002b8c    00000110                                   : fopen.c.obj (.text:_openfile)
                  00002c9c    00000110                                   : s_scalbn.c.obj (.text:scalbn)
                  00002dac    00000100                                   : memory.c.obj (.text:aligned_alloc)
                  00002eac    000000fc                                   : fd_mul_t2.asm.obj (.text)
                  00002fa8    000000e4                                   : memory.c.obj (.text:free)
                  0000308c    000000dc                                   : setvbuf.c.obj (.text:setvbuf)
                  00003168    000000bc                                   : open.c.obj (.text:open)
                  00003224    000000b8                                   : add_device.c.obj (.text:add_device)
                  000032dc    000000b1                                   : _printfi.c.obj (.text:_ltostr)
                  0000338d    00000003     --HOLE-- [fill = 0]
                  00003390    0000009c                                   : fopen.c.obj (.text:fopen)
                  0000342c    0000009c                                   : memcpy_t2.asm.obj (.text)
                  000034c8    00000096                                   : ull_div_t2.asm.obj (.text)
                  0000355e    00000002     --HOLE-- [fill = 0]
                  00003560    0000008c                                   : fputc.c.obj (.text:fputc)
                  000035ec    00000086                                   : fd_cmp_t2.asm.obj (.text:__aeabi_cdcmple)
                  00003672    00000086                                   : fd_cmp_t2.asm.obj (.text:__aeabi_cdrcmple)
                  000036f8    00000080     msp432p4xx_driverlib.lib : interrupt.o (.text:Interrupt_enableInterrupt)
                  00003778    0000007a     rtsv7M4_T_le_v4SPD16_eabi.lib : memset_t2.asm.obj (.text)
                  000037f2    00000002     --HOLE-- [fill = 0]
                  000037f4    00000074                                   : fclose.c.obj (.text:__TI_closefile)
                  00003868    00000070                                   : memory.c.obj (.text:split)
                  000038d8    0000006e                                   : _printfi.c.obj (.text:_mcpy)
                  00003946    00000002     --HOLE-- [fill = 0]
                  00003948    0000006c                                   : hostrename.c.obj (.text:HOSTrename)
                  000039b4    00000068                                   : hostlseek.c.obj (.text:HOSTlseek)
                  00003a1c    00000068                                   : copy_decompress_lzss.c.obj (.text:decompress:lzss:__TI_decompress_lzss)
                  00003a84    00000068                                   : printf.c.obj (.text:printf)
                  00003aec    00000064                                   : s_frexp.c.obj (.text:frexp)
                  00003b50    00000064                                   : fseek.c.obj (.text:fseek)
                  00003bb4    00000062                                   : _io_perm.c.obj (.text:__TI_wrt_ok)
                  00003c16    00000002     --HOLE-- [fill = 0]
                  00003c18    00000060                                   : hostopen.c.obj (.text:HOSTopen)
                  00003c78    0000005c     msp432p4xx_driverlib.lib : interrupt.o (.text:Interrupt_registerInterrupt)
                  00003cd4    0000005c     rtsv7M4_T_le_v4SPD16_eabi.lib : close.c.obj (.text:close)
                  00003d30    00000058     msp432p4xx_driverlib.lib : gpio.o (.text:GPIO_setAsInputPinWithPullUpResistor)
                  00003d88    00000058     rtsv7M4_T_le_v4SPD16_eabi.lib : hostread.c.obj (.text:HOSTread)
                  00003de0    00000058                                   : hostwrite.c.obj (.text:HOSTwrite)
                  00003e38    00000056                                   : _printfi.c.obj (.text:_pconv_f)
                  00003e8e    00000054                                   : _ltoa.c.obj (.text:__TI_ltoa)
                  00003ee2    00000052                                   : _printfi.c.obj (.text:_ecpy)
                  00003f34    0000004c                                   : fflush.c.obj (.text:__TI_doflush)
                  00003f80    0000004c                                   : atoi.c.obj (.text:atoi)
                  00003fcc    00000048                                   : exit.c.obj (.text:exit)
                  00004014    00000048                                   : fd_toi_t2.asm.obj (.text)
                  0000405c    00000044                                   : hostclose.c.obj (.text:HOSTclose)
                  000040a0    00000044                                   : hostunlink.c.obj (.text:HOSTunlink)
                  000040e4    00000044                                   : autoinit.c.obj (.text:__TI_auto_init_nobinit_nopinit:__TI_auto_init_nobinit_nopinit)
                  00004128    00000044                                   : getdevice.c.obj (.text:getdevice)
                  0000416c    00000040     msp432p4xx_driverlib.lib : gpio.o (.text:GPIO_setAsOutputPin)
                  000041ac    0000003e     rtsv7M4_T_le_v4SPD16_eabi.lib : _printfi.c.obj (.text:_fcpy)
                  000041ea    00000002     --HOLE-- [fill = 0]
                  000041ec    0000003c     msp432p4xx_driverlib.lib : gpio.o (.text:GPIO_interruptEdgeSelect)
                  00004228    00000038     rtsv7M4_T_le_v4SPD16_eabi.lib : trgmsg.c.obj (.text:__TI_writemsg)
                  00004260    00000036                                   : strncpy.c.obj (.text:strncpy)
                  00004296    00000002     --HOLE-- [fill = 0]
                  00004298    00000034                                   : fopen.c.obj (.text:__TI_cleanup)
                  000042cc    00000034                                   : trgmsg.c.obj (.text:__TI_readmsg)
                  00004300    00000034                                   : boot_cortex_m.c.obj (.text:_c_int00_noargs:_c_int00_noargs)
                  00004334    00000034                                   : fopen.c.obj (.text:freopen)
                  00004368    00000030     msp432p4xx_driverlib.lib : gpio.o (.text:GPIO_getInputPinValue)
                  00004398    00000030     rtsv7M4_T_le_v4SPD16_eabi.lib : getdevice.c.obj (.text:finddevice)
                  000043c8    0000002e                                   : i_tofd_t2.asm.obj (.text)
                  000043f6    00000002     --HOLE-- [fill = 0]
                  000043f8    0000002c                                   : unlink.c.obj (.text:unlink)
                  00004424    00000028     msp432p4xx_driverlib.lib : gpio.o (.text:GPIO_clearInterruptFlag)
                  0000444c    00000028                              : gpio.o (.text:GPIO_enableInterrupt)
                  00004474    00000028                              : gpio.o (.text:GPIO_setOutputHighOnPin)
                  0000449c    00000028                              : gpio.o (.text:GPIO_setOutputLowOnPin)
                  000044c4    00000028                              : gpio.o (.text:GPIO_toggleOutputOnPin)
                  000044ec    00000028     rtsv7M4_T_le_v4SPD16_eabi.lib : memory.c.obj (.text:free_list_insert)
                  00004514    00000028                                   : lseek.c.obj (.text:lseek)
                  0000453c    00000028                                   : write.c.obj (.text:write)
                  00004564    00000024     msp432p4xx_driverlib.lib : gpio.o (.text:GPIO_getInterruptStatus)
                  00004588    00000024                              : gpio.o (.text:GPIO_registerInterrupt)
                  000045ac    00000020     rtsv7M4_T_le_v4SPD16_eabi.lib : memchr.c.obj (.text:memchr)
                  000045cc    0000001c                                   : copy_zero_init.c.obj (.text:decompress:ZI:__TI_zero_init_nomemset:__TI_zero_init_nomemset)
                  000045e8    0000001c                                   : memory.c.obj (.text:free_list_remove)
                  00004604    0000001c                                   : memccpy.c.obj (.text:memccpy)
                  00004620    0000001a                                   : s_copysign.c.obj (.text:copysign)
                  0000463a    00000018                                   : strcmp.c.obj (.text:strcmp)
                  00004652    00000016                                   : strchr.c.obj (.text:strchr)
                  00004668    00000014                                   : strcpy.c.obj (.text:strcpy)
                  0000467c    00000014                                   : strlen.c.obj (.text:strlen)
                  00004690    00000012                                   : wcslen.c.obj (.text:wcslen)
                  000046a2    0000000e                                   : copy_decompress_none.c.obj (.text:decompress:none:__TI_decompress_none)
                  000046b0    0000000e     startup_msp432p401r_ccs.obj (.text)
                  000046be    00000002     --HOLE-- [fill = 0]
                  000046c0    00000008     rtsv7M4_T_le_v4SPD16_eabi.lib : errno.c.obj (.text:__aeabi_errno_addr)
                  000046c8    00000008                                   : memory.c.obj (.text:malloc)
                  000046d0    00000004                                   : printf.c.obj (.text:_outc)
                  000046d4    00000004                                   : printf.c.obj (.text:_outs)
                  000046d8    00000004                                   : pre_init.c.obj (.text:_system_pre_init)
                  000046dc    00000004                                   : exit.c.obj (.text:abort:abort)

.const     0    000046e0    00000178     
                  000046e0    00000101     rtsv7M4_T_le_v4SPD16_eabi.lib : ctype.c.obj (.const:.string:_ctypes_)
                  000047e1    00000003     --HOLE-- [fill = 0]
                  000047e4    00000030     msp432p4xx_driverlib.lib : gpio.o (.const:GPIO_PORT_TO_BASE)
                  00004814    00000020     Reflectance.obj (.const:$P$T0$1)
                  00004834    0000001c     msp432p4xx_driverlib.lib : gpio.o (.const:GPIO_PORT_TO_INT)
                  00004850    00000008                              : interrupt.o (.const:g_pulEnRegs)

.cinit     0    00004858    000000b0     
                  00004858    00000075     (.cinit..data.load) [load image, compression = lzss]
                  000048cd    00000003     --HOLE-- [fill = 0]
                  000048d0    0000000c     (__TI_handler_table)
                  000048dc    00000004     --HOLE-- [fill = 0]
                  000048e0    00000008     (.cinit..bss.load) [load image, compression = zero_init]
                  000048e8    00000008     (.cinit..vtable.load) [load image, compression = zero_init]
                  000048f0    00000018     (__TI_cinit_table)

.init_array 
*          0    00000000    00000000     UNINITIALIZED

.binit     0    00000000    00000000     

.vtable    0    20000000    000000e8     UNINITIALIZED
                  20000000    000000e8     msp432p4xx_driverlib.lib : interrupt.o (.vtable)

.sysmem    0    200000e8    00000400     UNINITIALIZED
                  200000e8    00000010     rtsv7M4_T_le_v4SPD16_eabi.lib : memory.c.obj (.sysmem)
                  200000f8    000003f0     --HOLE--

.data      0    200004e8    00000218     UNINITIALIZED
                  200004e8    000000f0     rtsv7M4_T_le_v4SPD16_eabi.lib : defs.c.obj (.data:_ftable)
                  200005d8    00000078                                   : host_device.c.obj (.data:_device)
                  20000650    00000050                                   : host_device.c.obj (.data:_stream)
                  200006a0    00000018     Clock.obj (.data)
                  200006b8    00000010     rtsv7M4_T_le_v4SPD16_eabi.lib : defs.c.obj (.data)
                  200006c8    0000000c                                   : exit.c.obj (.data:$O1$$)
                  200006d4    00000008                                   : _lock.c.obj (.data:$O1$$)
                  200006dc    00000008                                   : memory.c.obj (.data:$O1$$)
                  200006e4    00000008     main.obj (.data)
                  200006ec    00000004     rtsv7M4_T_le_v4SPD16_eabi.lib : add_device.c.obj (.data)
                  200006f0    00000004                                   : errno.c.obj (.data)
                  200006f4    00000004                                   : fopen.c.obj (.data)
                  200006f8    00000004                                   : open.c.obj (.data)
                  200006fc    00000004     system_msp432p401r.obj (.data)

.bss       0    20000700    000001d4     UNINITIALIZED
                  20000700    00000120     rtsv7M4_T_le_v4SPD16_eabi.lib : trgmsg.c.obj (.bss:_CIOBUF_)
                  20000820    000000a0     (.common:__TI_tmpnams)
                  200008c0    00000008     (.common:Messageb)
                  200008c8    00000008     (.common:parmbuf)
                  200008d0    00000004     (.common:Messageindexb)

.stack     0    2000fe00    00000200     UNINITIALIZED
                  2000fe00    00000004     rtsv7M4_T_le_v4SPD16_eabi.lib : boot_cortex_m.c.obj (.stack)
                  2000fe04    000001fc     --HOLE--

__llvm_prf_cnts 
*          0    20000000    00000000     UNINITIALIZED

MODULE SUMMARY

       Module                        code    ro data   rw data
       ------                        ----    -------   -------
    .\
       UART0.obj                     1724    0         24     
       main.obj                      1124    0         16     
       system_msp432p401r.obj        820     0         8      
       PWM.obj                       552     0         0      
       Clock.obj                     480     0         48     
       Reflectance.obj               492     32        0      
       Motor.obj                     364     0         0      
       startup_msp432p401r_ccs.obj   14      228       0      
    +--+-----------------------------+-------+---------+---------+
       Total:                        5570    260       96     
                                                              
    C:/ti/simplelink_msp432p4_sdk_3_40_01_02/source/ti/devices/msp432p4xx/driverlib/ccs/msp432p4xx_driverlib.lib
       interrupt.o                   220     8         464    
       gpio.o                        532     76        0      
    +--+-----------------------------+-------+---------+---------+
       Total:                        752     84        464    
                                                              
    C:\ti\ccs1100\ccs\tools\compiler\ti-cgt-arm_20.2.5.LTS\lib\rtsv7M4_T_le_v4SPD16_eabi.lib
       _printfi.c.obj                4851    0         0      
       defs.c.obj                    0       0         832    
       memory.c.obj                  672     0         16     
       trgmsg.c.obj                  108     0         576    
       fopen.c.obj                   532     0         8      
       fd_add_t2.asm.obj             438     0         0      
       host_device.c.obj             0       0         400    
       fd_div_t2.asm.obj             310     0         0      
       fputs.c.obj                   276     0         0      
       s_scalbn.c.obj                272     0         0      
       fd_cmp_t2.asm.obj             268     0         0      
       ctype.c.obj                   0       257       0      
       fd_mul_t2.asm.obj             252     0         0      
       setvbuf.c.obj                 220     0         0      
       open.c.obj                    188     0         8      
       add_device.c.obj              184     0         8      
       memcpy_t2.asm.obj             156     0         0      
       ull_div_t2.asm.obj            150     0         0      
       fputc.c.obj                   140     0         0      
       memset_t2.asm.obj             122     0         0      
       fclose.c.obj                  116     0         0      
       getdevice.c.obj               116     0         0      
       hostopen.c.obj                96      0         16     
       printf.c.obj                  112     0         0      
       hostrename.c.obj              108     0         0      
       copy_decompress_lzss.c.obj    104     0         0      
       hostlseek.c.obj               104     0         0      
       exit.c.obj                    76      0         24     
       fseek.c.obj                   100     0         0      
       s_frexp.c.obj                 100     0         0      
       _io_perm.c.obj                98      0         0      
       close.c.obj                   92      0         0      
       hostread.c.obj                88      0         0      
       hostwrite.c.obj               88      0         0      
       _ltoa.c.obj                   84      0         0      
       atoi.c.obj                    76      0         0      
       fflush.c.obj                  76      0         0      
       fd_toi_t2.asm.obj             72      0         0      
       autoinit.c.obj                68      0         0      
       hostclose.c.obj               68      0         0      
       hostunlink.c.obj              68      0         0      
       strncpy.c.obj                 54      0         0      
       boot_cortex_m.c.obj           52      0         0      
       i_tofd_t2.asm.obj             46      0         0      
       unlink.c.obj                  44      0         0      
       lseek.c.obj                   40      0         0      
       write.c.obj                   40      0         0      
       memchr.c.obj                  32      0         0      
       copy_zero_init.c.obj          28      0         0      
       memccpy.c.obj                 28      0         0      
       s_copysign.c.obj              26      0         0      
       strcmp.c.obj                  24      0         0      
       strchr.c.obj                  22      0         0      
       strcpy.c.obj                  20      0         0      
       strlen.c.obj                  20      0         0      
       _lock.c.obj                   2       0         16     
       wcslen.c.obj                  18      0         0      
       errno.c.obj                   8       0         8      
       copy_decompress_none.c.obj    14      0         0      
       pre_init.c.obj                4       0         0      
       div0.asm.obj                  2       0         0      
    +--+-----------------------------+-------+---------+---------+
       Total:                        11573   257       1912   
                                                              
       Heap:                         0       0         2048   
       Stack:                        0       0         1024   
       Linker Generated:             0       169       0      
    +--+-----------------------------+-------+---------+---------+
       Grand Total:                  17895   770       5544   


LINKER GENERATED COPY TABLES

__TI_cinit_table @ 000048f0 records: 3, size/record: 8, table size: 24
	.data: load addr=00004858, load size=00000075 bytes, run addr=200004e8, run size=00000218 bytes, compression=lzss
	.bss: load addr=000048e0, load size=00000008 bytes, run addr=20000700, run size=000001d4 bytes, compression=zero_init
	.vtable: load addr=000048e8, load size=00000008 bytes, run addr=20000000, run size=000000e8 bytes, compression=zero_init


LINKER GENERATED HANDLER TABLE

__TI_handler_table @ 000048d0 records: 3, size/record: 4, table size: 12
	index: 0, handler: __TI_zero_init
	index: 1, handler: __TI_decompress_lzss
	index: 2, handler: __TI_decompress_none


GLOBAL SYMBOLS: SORTED ALPHABETICALLY BY Name 

address   name                                
-------   ----                                
000046bd  ADC14_IRQHandler                    
000046bd  AES256_IRQHandler                   
000046bd  BusFault_Handler                    
000046dd  C$$EXIT                             
00004257  C$$IO$$                             
000046bd  COMP_E0_IRQHandler                  
000046bd  COMP_E1_IRQHandler                  
200006a8  CPMwait                             
000046bd  CS_IRQHandler                       
200006a0  ClockFrequency                      
00002161  Clock_Delay1ms                      
00002137  Clock_Delay1us                      
00002123  Clock_GetFreq                       
0000200d  Clock_Init48MHz                     
200006b4  Crystalstable                       
000046bd  DMA_ERR_IRQHandler                  
000046bd  DMA_INT0_IRQHandler                 
000046bd  DMA_INT1_IRQHandler                 
000046bd  DMA_INT2_IRQHandler                 
000046bd  DMA_INT3_IRQHandler                 
000046bd  DebugMon_Handler                    
000046bd  Default_Handler                     
000046bd  EUSCIA0_IRQHandler                  
000046bd  EUSCIA1_IRQHandler                  
000046bd  EUSCIA2_IRQHandler                  
000046bd  EUSCIA3_IRQHandler                  
000046bd  EUSCIB0_IRQHandler                  
000046bd  EUSCIB1_IRQHandler                  
000046bd  EUSCIB2_IRQHandler                  
000046bd  EUSCIB3_IRQHandler                  
000046bd  FLCTL_IRQHandler                    
000046bd  FPU_IRQHandler                      
00004425  GPIO_clearInterruptFlag             
0000444d  GPIO_enableInterrupt                
00004369  GPIO_getInputPinValue               
00004565  GPIO_getInterruptStatus             
000041ed  GPIO_interruptEdgeSelect            
00004589  GPIO_registerInterrupt              
00003d31  GPIO_setAsInputPinWithPullUpResistor
0000416d  GPIO_setAsOutputPin                 
00004475  GPIO_setOutputHighOnPin             
0000449d  GPIO_setOutputLowOnPin              
000044c5  GPIO_toggleOutputOnPin              
0000405d  HOSTclose                           
000039b5  HOSTlseek                           
00003c19  HOSTopen                            
00003d89  HOSTread                            
00003949  HOSTrename                          
000040a1  HOSTunlink                          
00003de1  HOSTwrite                           
000046bd  HardFault_Handler                   
200006b0  IFlags                              
000036f9  Interrupt_enableInterrupt           
00003c79  Interrupt_registerInterrupt         
000046bd  MemManage_Handler                   
200008c0  Messageb                            
200008d0  Messageindexb                       
0000268b  Motor_Backward                      
000025e7  Motor_Forward                       
00002575  Motor_Init                          
00002651  Motor_Left                          
00002617  Motor_Right                         
000025c7  Motor_Stop                          
000046bd  NMI_Handler                         
000046bd  PCM_IRQHandler                      
00001585  PORT1_IRQHandler                    
00001585  PORT1_IRQHandler                    
000046bd  PORT2_IRQHandler                    
000046bd  PORT3_IRQHandler                    
000046bd  PORT4_IRQHandler                    
000046bd  PORT5_IRQHandler                    
000046bd  PORT6_IRQHandler                    
000046bd  PSS_IRQHandler                      
00001ce3  PWM_Duty1                           
00001d03  PWM_Duty2                           
00001da7  PWM_Duty3                           
00001dc7  PWM_Duty4                           
00001bf9  PWM_Init1                           
00001c5f  PWM_Init12                          
00001d23  PWM_Init34                          
000046bd  PendSV_Handler                      
200006ac  Postwait                            
200006a4  Prewait                             
000046bd  RTC_C_IRQHandler                    
00001e91  Reflectance_Center                  
00001fd7  Reflectance_End                     
00001e21  Reflectance_Init                    
00001ed3  Reflectance_Position                
00001e41  Reflectance_Read                    
00001fa5  Reflectance_Start                   
000046b1  Reset_Handler                       
000046bd  SVC_Handler                         
000046bd  SysTick_Handler                     
200006fc  SystemCoreClock                     
00001655  SystemCoreClockUpdate               
000018cd  SystemInit                          
000046bd  T32_INT1_IRQHandler                 
000046bd  T32_INT2_IRQHandler                 
000046bd  T32_INTC_IRQHandler                 
000046bd  TA0_0_IRQHandler                    
000046bd  TA0_N_IRQHandler                    
000046bd  TA1_0_IRQHandler                    
000046bd  TA1_N_IRQHandler                    
000046bd  TA2_0_IRQHandler                    
000046bd  TA2_N_IRQHandler                    
000046bd  TA3_0_IRQHandler                    
000046bd  TA3_N_IRQHandler                    
00000b7b  UART0_InChar                        
00001005  UART0_InString                      
00000bc5  UART0_InUDec                        
00000eb9  UART0_InUHex                        
00000b35  UART0_Init                          
00001165  UART0_Initprintf                    
00000b8b  UART0_OutChar                       
00000ba7  UART0_OutString                     
00000c49  UART0_OutUDec                       
00000db5  UART0_OutUDec4                      
00000e09  UART0_OutUDec5                      
00000e45  UART0_OutUFix1                      
00000e6d  UART0_OutUFix2                      
00000f7d  UART0_OutUHex                       
00000fe9  UART0_OutUHex2                      
000046bd  UsageFault_Handler                  
4000480c  WDTCTL_SYM                          
000046bd  WDT_A_IRQHandler                    
20000700  __CIOBUF_                           
20010000  __STACK_END                         
00000200  __STACK_SIZE                        
00000400  __SYSMEM_SIZE                       
000048f0  __TI_CINIT_Base                     
00004908  __TI_CINIT_Limit                    
000048d0  __TI_Handler_Table_Base             
000048dc  __TI_Handler_Table_Limit            
000040e5  __TI_auto_init_nobinit_nopinit      
00004299  __TI_cleanup                        
200006c8  __TI_cleanup_ptr                    
000037f5  __TI_closefile                      
00003a1d  __TI_decompress_lzss                
000046a3  __TI_decompress_none                
00003f35  __TI_doflush                        
200006cc  __TI_dtors_ptr                      
200006d0  __TI_enable_exit_profile_output     
200006b8  __TI_ft_end                         
00003e8f  __TI_ltoa                           
ffffffff  __TI_pprof_out_hndl                 
000000e5  __TI_printfi                        
ffffffff  __TI_prof_data_size                 
ffffffff  __TI_prof_data_start                
000042cd  __TI_readmsg                        
00000000  __TI_static_base__                  
20000820  __TI_tmpnams                        
00004229  __TI_writemsg                       
00003bb5  __TI_wrt_ok                         
000045cd  __TI_zero_init_nomemset             
000035ed  __aeabi_cdcmpeq                     
000035ed  __aeabi_cdcmple                     
00003673  __aeabi_cdrcmple                    
00004015  __aeabi_d2iz                        
000023c7  __aeabi_dadd                        
0000281d  __aeabi_ddiv                        
00002ead  __aeabi_dmul                        
000023bd  __aeabi_dsub                        
000046c1  __aeabi_errno_addr                  
000043c9  __aeabi_i2d                         
00002573  __aeabi_idiv0                       
00002573  __aeabi_ldiv0                       
00003779  __aeabi_memclr                      
00003779  __aeabi_memclr4                     
00003779  __aeabi_memclr8                     
0000342d  __aeabi_memcpy                      
0000342d  __aeabi_memcpy4                     
0000342d  __aeabi_memcpy8                     
0000377b  __aeabi_memset                      
0000377b  __aeabi_memset4                     
0000377b  __aeabi_memset8                     
200006c4  __aeabi_stderr                      
200006bc  __aeabi_stdin                       
200006c0  __aeabi_stdout                      
000034c9  __aeabi_uldivmod                    
ffffffff  __binit__                           
ffffffff  __c_args__                          
UNDEFED   __mpu_init                          
2000fe00  __stack                             
20000000  __start___llvm_prf_cnts             
20000000  __stop___llvm_prf_cnts              
00004301  _c_int00_noargs                     
000046e0  _ctypes_                            
200005d8  _device                             
200004e8  _ftable                             
200006d4  _lock                               
00000b33  _nop                                
20000650  _stream                             
200000e8  _sys_memory                         
UNDEFED   _system_post_cinit                  
000046d9  _system_pre_init                    
200006d8  _unlock                             
000046dd  abort                               
00003225  add_device                          
00002dad  aligned_alloc                       
00003f81  atoi                                
ffffffff  binit                               
00003cd5  close                               
00004621  copysign                            
00004621  copysignl                           
00002129  delay                               
200006f0  errno                               
00003fcd  exit                                
0000109f  ferror                              
0000107f  fgetc                               
00004399  finddevice                          
00003391  fopen                               
00003561  fputc                               
00002a79  fputs                               
00002fa9  free                                
00004335  freopen                             
00003aed  frexp                               
00003aed  frexpl                              
00003b51  fseek                               
20000000  g_pfnRAMVectors                     
00004129  getdevice                           
00000000  interruptVectors                    
00002c9d  ldexp                               
00002c9d  ldexpl                              
00004515  lseek                               
000011f1  main                                
000046c9  malloc                              
00002dad  memalign                            
00004605  memccpy                             
000045ad  memchr                              
0000342d  memcpy                              
00003781  memset                              
00003169  open                                
00000fc1  outnibble                           
200008c8  parmbuf                             
00003a85  printf                              
00003561  putc                                
000043f9  remove                              
00002c9d  scalbn                              
00002c9d  scalbnl                             
0000308d  setvbuf                             
00004653  strchr                              
0000463b  strcmp                              
00004669  strcpy                              
0000467d  strlen                              
00004261  strncpy                             
000010bd  uart_close                          
0000113b  uart_lseek                          
000010ad  uart_open                           
000010cf  uart_read                           
00001157  uart_rename                         
0000114b  uart_unlink                         
000010f9  uart_write                          
000043f9  unlink                              
00004691  wcslen                              
0000453d  write                               


GLOBAL SYMBOLS: SORTED BY Symbol Address 

address   name                                
-------   ----                                
00000000  __TI_static_base__                  
00000000  interruptVectors                    
000000e5  __TI_printfi                        
00000200  __STACK_SIZE                        
00000400  __SYSMEM_SIZE                       
00000b33  _nop                                
00000b35  UART0_Init                          
00000b7b  UART0_InChar                        
00000b8b  UART0_OutChar                       
00000ba7  UART0_OutString                     
00000bc5  UART0_InUDec                        
00000c49  UART0_OutUDec                       
00000db5  UART0_OutUDec4                      
00000e09  UART0_OutUDec5                      
00000e45  UART0_OutUFix1                      
00000e6d  UART0_OutUFix2                      
00000eb9  UART0_InUHex                        
00000f7d  UART0_OutUHex                       
00000fc1  outnibble                           
00000fe9  UART0_OutUHex2                      
00001005  UART0_InString                      
0000107f  fgetc                               
0000109f  ferror                              
000010ad  uart_open                           
000010bd  uart_close                          
000010cf  uart_read                           
000010f9  uart_write                          
0000113b  uart_lseek                          
0000114b  uart_unlink                         
00001157  uart_rename                         
00001165  UART0_Initprintf                    
000011f1  main                                
00001585  PORT1_IRQHandler                    
00001585  PORT1_IRQHandler                    
00001655  SystemCoreClockUpdate               
000018cd  SystemInit                          
00001bf9  PWM_Init1                           
00001c5f  PWM_Init12                          
00001ce3  PWM_Duty1                           
00001d03  PWM_Duty2                           
00001d23  PWM_Init34                          
00001da7  PWM_Duty3                           
00001dc7  PWM_Duty4                           
00001e21  Reflectance_Init                    
00001e41  Reflectance_Read                    
00001e91  Reflectance_Center                  
00001ed3  Reflectance_Position                
00001fa5  Reflectance_Start                   
00001fd7  Reflectance_End                     
0000200d  Clock_Init48MHz                     
00002123  Clock_GetFreq                       
00002129  delay                               
00002137  Clock_Delay1us                      
00002161  Clock_Delay1ms                      
000023bd  __aeabi_dsub                        
000023c7  __aeabi_dadd                        
00002573  __aeabi_idiv0                       
00002573  __aeabi_ldiv0                       
00002575  Motor_Init                          
000025c7  Motor_Stop                          
000025e7  Motor_Forward                       
00002617  Motor_Right                         
00002651  Motor_Left                          
0000268b  Motor_Backward                      
0000281d  __aeabi_ddiv                        
00002a79  fputs                               
00002c9d  ldexp                               
00002c9d  ldexpl                              
00002c9d  scalbn                              
00002c9d  scalbnl                             
00002dad  aligned_alloc                       
00002dad  memalign                            
00002ead  __aeabi_dmul                        
00002fa9  free                                
0000308d  setvbuf                             
00003169  open                                
00003225  add_device                          
00003391  fopen                               
0000342d  __aeabi_memcpy                      
0000342d  __aeabi_memcpy4                     
0000342d  __aeabi_memcpy8                     
0000342d  memcpy                              
000034c9  __aeabi_uldivmod                    
00003561  fputc                               
00003561  putc                                
000035ed  __aeabi_cdcmpeq                     
000035ed  __aeabi_cdcmple                     
00003673  __aeabi_cdrcmple                    
000036f9  Interrupt_enableInterrupt           
00003779  __aeabi_memclr                      
00003779  __aeabi_memclr4                     
00003779  __aeabi_memclr8                     
0000377b  __aeabi_memset                      
0000377b  __aeabi_memset4                     
0000377b  __aeabi_memset8                     
00003781  memset                              
000037f5  __TI_closefile                      
00003949  HOSTrename                          
000039b5  HOSTlseek                           
00003a1d  __TI_decompress_lzss                
00003a85  printf                              
00003aed  frexp                               
00003aed  frexpl                              
00003b51  fseek                               
00003bb5  __TI_wrt_ok                         
00003c19  HOSTopen                            
00003c79  Interrupt_registerInterrupt         
00003cd5  close                               
00003d31  GPIO_setAsInputPinWithPullUpResistor
00003d89  HOSTread                            
00003de1  HOSTwrite                           
00003e8f  __TI_ltoa                           
00003f35  __TI_doflush                        
00003f81  atoi                                
00003fcd  exit                                
00004015  __aeabi_d2iz                        
0000405d  HOSTclose                           
000040a1  HOSTunlink                          
000040e5  __TI_auto_init_nobinit_nopinit      
00004129  getdevice                           
0000416d  GPIO_setAsOutputPin                 
000041ed  GPIO_interruptEdgeSelect            
00004229  __TI_writemsg                       
00004257  C$$IO$$                             
00004261  strncpy                             
00004299  __TI_cleanup                        
000042cd  __TI_readmsg                        
00004301  _c_int00_noargs                     
00004335  freopen                             
00004369  GPIO_getInputPinValue               
00004399  finddevice                          
000043c9  __aeabi_i2d                         
000043f9  remove                              
000043f9  unlink                              
00004425  GPIO_clearInterruptFlag             
0000444d  GPIO_enableInterrupt                
00004475  GPIO_setOutputHighOnPin             
0000449d  GPIO_setOutputLowOnPin              
000044c5  GPIO_toggleOutputOnPin              
00004515  lseek                               
0000453d  write                               
00004565  GPIO_getInterruptStatus             
00004589  GPIO_registerInterrupt              
000045ad  memchr                              
000045cd  __TI_zero_init_nomemset             
00004605  memccpy                             
00004621  copysign                            
00004621  copysignl                           
0000463b  strcmp                              
00004653  strchr                              
00004669  strcpy                              
0000467d  strlen                              
00004691  wcslen                              
000046a3  __TI_decompress_none                
000046b1  Reset_Handler                       
000046bd  ADC14_IRQHandler                    
000046bd  AES256_IRQHandler                   
000046bd  BusFault_Handler                    
000046bd  COMP_E0_IRQHandler                  
000046bd  COMP_E1_IRQHandler                  
000046bd  CS_IRQHandler                       
000046bd  DMA_ERR_IRQHandler                  
000046bd  DMA_INT0_IRQHandler                 
000046bd  DMA_INT1_IRQHandler                 
000046bd  DMA_INT2_IRQHandler                 
000046bd  DMA_INT3_IRQHandler                 
000046bd  DebugMon_Handler                    
000046bd  Default_Handler                     
000046bd  EUSCIA0_IRQHandler                  
000046bd  EUSCIA1_IRQHandler                  
000046bd  EUSCIA2_IRQHandler                  
000046bd  EUSCIA3_IRQHandler                  
000046bd  EUSCIB0_IRQHandler                  
000046bd  EUSCIB1_IRQHandler                  
000046bd  EUSCIB2_IRQHandler                  
000046bd  EUSCIB3_IRQHandler                  
000046bd  FLCTL_IRQHandler                    
000046bd  FPU_IRQHandler                      
000046bd  HardFault_Handler                   
000046bd  MemManage_Handler                   
000046bd  NMI_Handler                         
000046bd  PCM_IRQHandler                      
000046bd  PORT2_IRQHandler                    
000046bd  PORT3_IRQHandler                    
000046bd  PORT4_IRQHandler                    
000046bd  PORT5_IRQHandler                    
000046bd  PORT6_IRQHandler                    
000046bd  PSS_IRQHandler                      
000046bd  PendSV_Handler                      
000046bd  RTC_C_IRQHandler                    
000046bd  SVC_Handler                         
000046bd  SysTick_Handler                     
000046bd  T32_INT1_IRQHandler                 
000046bd  T32_INT2_IRQHandler                 
000046bd  T32_INTC_IRQHandler                 
000046bd  TA0_0_IRQHandler                    
000046bd  TA0_N_IRQHandler                    
000046bd  TA1_0_IRQHandler                    
000046bd  TA1_N_IRQHandler                    
000046bd  TA2_0_IRQHandler                    
000046bd  TA2_N_IRQHandler                    
000046bd  TA3_0_IRQHandler                    
000046bd  TA3_N_IRQHandler                    
000046bd  UsageFault_Handler                  
000046bd  WDT_A_IRQHandler                    
000046c1  __aeabi_errno_addr                  
000046c9  malloc                              
000046d9  _system_pre_init                    
000046dd  C$$EXIT                             
000046dd  abort                               
000046e0  _ctypes_                            
000048d0  __TI_Handler_Table_Base             
000048dc  __TI_Handler_Table_Limit            
000048f0  __TI_CINIT_Base                     
00004908  __TI_CINIT_Limit                    
20000000  __start___llvm_prf_cnts             
20000000  __stop___llvm_prf_cnts              
20000000  g_pfnRAMVectors                     
200000e8  _sys_memory                         
200004e8  _ftable                             
200005d8  _device                             
20000650  _stream                             
200006a0  ClockFrequency                      
200006a4  Prewait                             
200006a8  CPMwait                             
200006ac  Postwait                            
200006b0  IFlags                              
200006b4  Crystalstable                       
200006b8  __TI_ft_end                         
200006bc  __aeabi_stdin                       
200006c0  __aeabi_stdout                      
200006c4  __aeabi_stderr                      
200006c8  __TI_cleanup_ptr                    
200006cc  __TI_dtors_ptr                      
200006d0  __TI_enable_exit_profile_output     
200006d4  _lock                               
200006d8  _unlock                             
200006f0  errno                               
200006fc  SystemCoreClock                     
20000700  __CIOBUF_                           
20000820  __TI_tmpnams                        
200008c0  Messageb                            
200008c8  parmbuf                             
200008d0  Messageindexb                       
2000fe00  __stack                             
20010000  __STACK_END                         
4000480c  WDTCTL_SYM                          
ffffffff  __TI_pprof_out_hndl                 
ffffffff  __TI_prof_data_size                 
ffffffff  __TI_prof_data_start                
ffffffff  __binit__                           
ffffffff  __c_args__                          
ffffffff  binit                               
UNDEFED   __mpu_init                          
UNDEFED   _system_post_cinit                  

[255 symbols]
