******************************************************************************
                  TI ARM Linker PC v20.2.5                     
******************************************************************************
>> Linked Wed Jan 12 20:00:54 2022

OUTPUT FILE NAME:   <run.out>
ENTRY POINT SYMBOL: "_c_int00_noargs"  address: 00002009


MEMORY CONFIGURATION

         name            origin    length      used     unused   attr    fill
----------------------  --------  ---------  --------  --------  ----  --------
  MAIN                  00000000   00040000  0000228e  0003dd72  R  X
  INFO                  00200000   00004000  00000000  00004000  R  X
  SRAM_CODE             01000000   00010000  000009e0  0000f620  RW X
  SRAM_DATA             20000000   00010000  000009e0  0000f620  RW  


SEGMENT ALLOCATION MAP

run origin  load origin   length   init length attrs members
----------  ----------- ---------- ----------- ----- -------
00000000    00000000    00002290   00002290    r-x
  00000000    00000000    000000e4   000000e4    r-- .intvecs
  000000e4    000000e4    000020f2   000020f2    r-x .text
  000021d8    000021d8    00000020   00000020    r-- .const
  000021f8    000021f8    00000098   00000098    r-- .cinit
20000000    20000000    000007e0   00000000    rw-
  20000000    20000000    00000400   00000000    rw- .sysmem
  20000400    20000400    0000020c   00000000    rw- .data
  2000060c    2000060c    000001d4   00000000    rw- .bss
2000fe00    2000fe00    00000200   00000000    rw-
  2000fe00    2000fe00    00000200   00000000    rw- .stack


SECTION ALLOCATION MAP

 output                                  attributes/
section   page    origin      length       input sections
--------  ----  ----------  ----------   ----------------
.intvecs   0    00000000    000000e4     
                  00000000    000000e4     startup_msp432p401r_ccs.obj (.intvecs:retain)

.text      0    000000e4    000020f2     
                  000000e4    000006bc     UART0.obj (.text)
                  000007a0    00000334     system_msp432p401r.obj (.text)
                  00000ad4    00000228     PWM.obj (.text)
                  00000cfc    000001ec     Reflectance.obj (.text)
                  00000ee8    000001e0     Clock.obj (.text)
                  000010c8    0000016c     Motor.obj (.text)
                  00001234    00000110     rtsv7M4_T_le_v4SPD16_eabi.lib : fopen.c.obj (.text:_openfile)
                  00001344    00000100                                   : memory.c.obj (.text:aligned_alloc)
                  00001444    000000e4                                   : memory.c.obj (.text:free)
                  00001528    000000dc                                   : setvbuf.c.obj (.text:setvbuf)
                  00001604    000000d4     main.obj (.text)
                  000016d8    000000bc     rtsv7M4_T_le_v4SPD16_eabi.lib : open.c.obj (.text:open)
                  00001794    000000b8                                   : add_device.c.obj (.text:add_device)
                  0000184c    0000009c                                   : fopen.c.obj (.text:fopen)
                  000018e8    0000009c                                   : memcpy_t2.asm.obj (.text)
                  00001984    0000007a                                   : memset_t2.asm.obj (.text)
                  000019fe    00000002                                   : _lock.c.obj (.text:_nop)
                  00001a00    00000074                                   : fclose.c.obj (.text:__TI_closefile)
                  00001a74    00000070                                   : memory.c.obj (.text:split)
                  00001ae4    0000006c                                   : hostrename.c.obj (.text:HOSTrename)
                  00001b50    00000068                                   : hostlseek.c.obj (.text:HOSTlseek)
                  00001bb8    00000068                                   : copy_decompress_lzss.c.obj (.text:decompress:lzss:__TI_decompress_lzss)
                  00001c20    00000060                                   : hostopen.c.obj (.text:HOSTopen)
                  00001c80    0000005c                                   : close.c.obj (.text:close)
                  00001cdc    00000058                                   : hostread.c.obj (.text:HOSTread)
                  00001d34    00000058                                   : hostwrite.c.obj (.text:HOSTwrite)
                  00001d8c    0000004c                                   : fflush.c.obj (.text:__TI_doflush)
                  00001dd8    00000048                                   : exit.c.obj (.text:exit)
                  00001e20    00000044                                   : hostclose.c.obj (.text:HOSTclose)
                  00001e64    00000044                                   : hostunlink.c.obj (.text:HOSTunlink)
                  00001ea8    00000044                                   : autoinit.c.obj (.text:__TI_auto_init_nobinit_nopinit:__TI_auto_init_nobinit_nopinit)
                  00001eec    00000044                                   : getdevice.c.obj (.text:getdevice)
                  00001f30    00000038                                   : trgmsg.c.obj (.text:__TI_writemsg)
                  00001f68    00000036                                   : strncpy.c.obj (.text:strncpy)
                  00001f9e    00000002     --HOLE-- [fill = 0]
                  00001fa0    00000034                                   : fopen.c.obj (.text:__TI_cleanup)
                  00001fd4    00000034                                   : trgmsg.c.obj (.text:__TI_readmsg)
                  00002008    00000034                                   : boot_cortex_m.c.obj (.text:_c_int00_noargs:_c_int00_noargs)
                  0000203c    00000034                                   : fopen.c.obj (.text:freopen)
                  00002070    00000030                                   : getdevice.c.obj (.text:finddevice)
                  000020a0    0000002c                                   : unlink.c.obj (.text:unlink)
                  000020cc    00000028                                   : memory.c.obj (.text:free_list_insert)
                  000020f4    00000028                                   : write.c.obj (.text:write)
                  0000211c    0000001c                                   : copy_zero_init.c.obj (.text:decompress:ZI:__TI_zero_init_nomemset:__TI_zero_init_nomemset)
                  00002138    0000001c                                   : memory.c.obj (.text:free_list_remove)
                  00002154    00000018                                   : strcmp.c.obj (.text:strcmp)
                  0000216c    00000016                                   : strchr.c.obj (.text:strchr)
                  00002182    00000014                                   : strcpy.c.obj (.text:strcpy)
                  00002196    00000014                                   : strlen.c.obj (.text:strlen)
                  000021aa    0000000e                                   : copy_decompress_none.c.obj (.text:decompress:none:__TI_decompress_none)
                  000021b8    0000000e     startup_msp432p401r_ccs.obj (.text)
                  000021c6    00000008     rtsv7M4_T_le_v4SPD16_eabi.lib : memory.c.obj (.text:malloc)
                  000021ce    00000004                                   : pre_init.c.obj (.text:_system_pre_init)
                  000021d2    00000004                                   : exit.c.obj (.text:abort:abort)

.const     0    000021d8    00000020     
                  000021d8    00000020     Reflectance.obj (.const:$P$T0$1)

.cinit     0    000021f8    00000098     
                  000021f8    0000006f     (.cinit..data.load) [load image, compression = lzss]
                  00002267    00000001     --HOLE-- [fill = 0]
                  00002268    0000000c     (__TI_handler_table)
                  00002274    00000004     --HOLE-- [fill = 0]
                  00002278    00000008     (.cinit..bss.load) [load image, compression = zero_init]
                  00002280    00000010     (__TI_cinit_table)

.init_array 
*          0    00000000    00000000     UNINITIALIZED

.binit     0    00000000    00000000     

.sysmem    0    20000000    00000400     UNINITIALIZED
                  20000000    00000010     rtsv7M4_T_le_v4SPD16_eabi.lib : memory.c.obj (.sysmem)
                  20000010    000003f0     --HOLE--

.data      0    20000400    0000020c     UNINITIALIZED
                  20000400    000000f0     rtsv7M4_T_le_v4SPD16_eabi.lib : defs.c.obj (.data:_ftable)
                  200004f0    00000078                                   : host_device.c.obj (.data:_device)
                  20000568    00000050                                   : host_device.c.obj (.data:_stream)
                  200005b8    00000018     Clock.obj (.data)
                  200005d0    00000010     rtsv7M4_T_le_v4SPD16_eabi.lib : defs.c.obj (.data)
                  200005e0    0000000c                                   : exit.c.obj (.data:$O1$$)
                  200005ec    00000008                                   : _lock.c.obj (.data:$O1$$)
                  200005f4    00000008                                   : memory.c.obj (.data:$O1$$)
                  200005fc    00000004                                   : add_device.c.obj (.data)
                  20000600    00000004                                   : fopen.c.obj (.data)
                  20000604    00000004                                   : open.c.obj (.data)
                  20000608    00000004     system_msp432p401r.obj (.data)

.bss       0    2000060c    000001d4     UNINITIALIZED
                  2000060c    00000120     rtsv7M4_T_le_v4SPD16_eabi.lib : trgmsg.c.obj (.bss:_CIOBUF_)
                  2000072c    000000a0     (.common:__TI_tmpnams)
                  200007cc    00000008     (.common:Messageb)
                  200007d4    00000008     (.common:parmbuf)
                  200007dc    00000004     (.common:Messageindexb)

.stack     0    2000fe00    00000200     UNINITIALIZED
                  2000fe00    00000004     rtsv7M4_T_le_v4SPD16_eabi.lib : boot_cortex_m.c.obj (.stack)
                  2000fe04    000001fc     --HOLE--

__llvm_prf_cnts 
*          0    20000000    00000000     UNINITIALIZED

MODULE SUMMARY

       Module                        code   ro data   rw data
       ------                        ----   -------   -------
    .\
       UART0.obj                     1724   0         24     
       system_msp432p401r.obj        820    0         8      
       PWM.obj                       552    0         0      
       Clock.obj                     480    0         48     
       Reflectance.obj               492    32        0      
       Motor.obj                     364    0         0      
       startup_msp432p401r_ccs.obj   14     228       0      
       main.obj                      212    0         0      
    +--+-----------------------------+------+---------+---------+
       Total:                        4658   260       80     
                                                             
    C:\ti\ccs1100\ccs\tools\compiler\ti-cgt-arm_20.2.5.LTS\lib\rtsv7M4_T_le_v4SPD16_eabi.lib
       defs.c.obj                    0      0         832    
       memory.c.obj                  672    0         16     
       trgmsg.c.obj                  108    0         576    
       fopen.c.obj                   532    0         8      
       host_device.c.obj             0      0         400    
       setvbuf.c.obj                 220    0         0      
       open.c.obj                    188    0         8      
       add_device.c.obj              184    0         8      
       memcpy_t2.asm.obj             156    0         0      
       memset_t2.asm.obj             122    0         0      
       fclose.c.obj                  116    0         0      
       getdevice.c.obj               116    0         0      
       hostopen.c.obj                96     0         16     
       hostrename.c.obj              108    0         0      
       copy_decompress_lzss.c.obj    104    0         0      
       hostlseek.c.obj               104    0         0      
       exit.c.obj                    76     0         24     
       close.c.obj                   92     0         0      
       hostread.c.obj                88     0         0      
       hostwrite.c.obj               88     0         0      
       fflush.c.obj                  76     0         0      
       autoinit.c.obj                68     0         0      
       hostclose.c.obj               68     0         0      
       hostunlink.c.obj              68     0         0      
       strncpy.c.obj                 54     0         0      
       boot_cortex_m.c.obj           52     0         0      
       unlink.c.obj                  44     0         0      
       write.c.obj                   40     0         0      
       copy_zero_init.c.obj          28     0         0      
       strcmp.c.obj                  24     0         0      
       strchr.c.obj                  22     0         0      
       strcpy.c.obj                  20     0         0      
       strlen.c.obj                  20     0         0      
       _lock.c.obj                   2      0         16     
       copy_decompress_none.c.obj    14     0         0      
       pre_init.c.obj                4      0         0      
    +--+-----------------------------+------+---------+---------+
       Total:                        3774   0         1904   
                                                             
       Heap:                         0      0         2048   
       Stack:                        0      0         1024   
       Linker Generated:             0      147       0      
    +--+-----------------------------+------+---------+---------+
       Grand Total:                  8432   407       5056   


LINKER GENERATED COPY TABLES

__TI_cinit_table @ 00002280 records: 2, size/record: 8, table size: 16
	.data: load addr=000021f8, load size=0000006f bytes, run addr=20000400, run size=0000020c bytes, compression=lzss
	.bss: load addr=00002278, load size=00000008 bytes, run addr=2000060c, run size=000001d4 bytes, compression=zero_init


LINKER GENERATED HANDLER TABLE

__TI_handler_table @ 00002268 records: 3, size/record: 4, table size: 12
	index: 0, handler: __TI_decompress_lzss
	index: 1, handler: __TI_decompress_none
	index: 2, handler: __TI_zero_init


GLOBAL SYMBOLS: SORTED ALPHABETICALLY BY Name 

address   name                           
-------   ----                           
000021c5  ADC14_IRQHandler               
000021c5  AES256_IRQHandler              
000021c5  BusFault_Handler               
000021d3  C$$EXIT                        
00001f5f  C$$IO$$                        
000021c5  COMP_E0_IRQHandler             
000021c5  COMP_E1_IRQHandler             
200005c0  CPMwait                        
000021c5  CS_IRQHandler                  
200005b8  ClockFrequency                 
0000103d  Clock_Delay1ms                 
00001013  Clock_Delay1us                 
00000fff  Clock_GetFreq                  
00000ee9  Clock_Init48MHz                
200005cc  Crystalstable                  
000021c5  DMA_ERR_IRQHandler             
000021c5  DMA_INT0_IRQHandler            
000021c5  DMA_INT1_IRQHandler            
000021c5  DMA_INT2_IRQHandler            
000021c5  DMA_INT3_IRQHandler            
000021c5  DebugMon_Handler               
000021c5  Default_Handler                
000021c5  EUSCIA0_IRQHandler             
000021c5  EUSCIA1_IRQHandler             
000021c5  EUSCIA2_IRQHandler             
000021c5  EUSCIA3_IRQHandler             
000021c5  EUSCIB0_IRQHandler             
000021c5  EUSCIB1_IRQHandler             
000021c5  EUSCIB2_IRQHandler             
000021c5  EUSCIB3_IRQHandler             
000021c5  FLCTL_IRQHandler               
000021c5  FPU_IRQHandler                 
00001e21  HOSTclose                      
00001b51  HOSTlseek                      
00001c21  HOSTopen                       
00001cdd  HOSTread                       
00001ae5  HOSTrename                     
00001e65  HOSTunlink                     
00001d35  HOSTwrite                      
000021c5  HardFault_Handler              
200005c8  IFlags                         
000021c5  MemManage_Handler              
200007cc  Messageb                       
200007dc  Messageindexb                  
000011df  Motor_Backward                 
0000113b  Motor_Forward                  
000010c9  Motor_Init                     
000011a5  Motor_Left                     
0000116b  Motor_Right                    
0000111b  Motor_Stop                     
000021c5  NMI_Handler                    
000021c5  PCM_IRQHandler                 
000021c5  PORT1_IRQHandler               
000021c5  PORT2_IRQHandler               
000021c5  PORT3_IRQHandler               
000021c5  PORT4_IRQHandler               
000021c5  PORT5_IRQHandler               
000021c5  PORT6_IRQHandler               
000021c5  PSS_IRQHandler                 
00000bbf  PWM_Duty1                      
00000bdf  PWM_Duty2                      
00000c83  PWM_Duty3                      
00000ca3  PWM_Duty4                      
00000ad5  PWM_Init1                      
00000b3b  PWM_Init12                     
00000bff  PWM_Init34                     
000021c5  PendSV_Handler                 
00001605  Port1_Init                     
00001625  Port1_Input                    
0000162f  Port1_Output                   
0000164d  Port2_Init                     
0000166d  Port2_Output                   
200005c4  Postwait                       
200005bc  Prewait                        
000021c5  RTC_C_IRQHandler               
00000d6d  Reflectance_Center             
00000eb3  Reflectance_End                
00000cfd  Reflectance_Init               
00000daf  Reflectance_Position           
00000d1d  Reflectance_Read               
00000e81  Reflectance_Start              
000021b9  Reset_Handler                  
000021c5  SVC_Handler                    
000021c5  SysTick_Handler                
20000608  SystemCoreClock                
000007a1  SystemCoreClockUpdate          
00000a19  SystemInit                     
000021c5  T32_INT1_IRQHandler            
000021c5  T32_INT2_IRQHandler            
000021c5  T32_INTC_IRQHandler            
000021c5  TA0_0_IRQHandler               
000021c5  TA0_N_IRQHandler               
000021c5  TA1_0_IRQHandler               
000021c5  TA1_N_IRQHandler               
000021c5  TA2_0_IRQHandler               
000021c5  TA2_N_IRQHandler               
000021c5  TA3_0_IRQHandler               
000021c5  TA3_N_IRQHandler               
0000012b  UART0_InChar                   
000005b5  UART0_InString                 
00000175  UART0_InUDec                   
00000469  UART0_InUHex                   
000000e5  UART0_Init                     
00000715  UART0_Initprintf               
0000013b  UART0_OutChar                  
00000157  UART0_OutString                
000001f9  UART0_OutUDec                  
00000365  UART0_OutUDec4                 
000003b9  UART0_OutUDec5                 
000003f5  UART0_OutUFix1                 
0000041d  UART0_OutUFix2                 
0000052d  UART0_OutUHex                  
00000599  UART0_OutUHex2                 
000021c5  UsageFault_Handler             
4000480c  WDTCTL_SYM                     
000021c5  WDT_A_IRQHandler               
2000060c  __CIOBUF_                      
20010000  __STACK_END                    
00000200  __STACK_SIZE                   
00000400  __SYSMEM_SIZE                  
00002280  __TI_CINIT_Base                
00002290  __TI_CINIT_Limit               
00002268  __TI_Handler_Table_Base        
00002274  __TI_Handler_Table_Limit       
00001ea9  __TI_auto_init_nobinit_nopinit 
00001fa1  __TI_cleanup                   
200005e0  __TI_cleanup_ptr               
00001a01  __TI_closefile                 
00001bb9  __TI_decompress_lzss           
000021ab  __TI_decompress_none           
00001d8d  __TI_doflush                   
200005e4  __TI_dtors_ptr                 
200005e8  __TI_enable_exit_profile_output
200005d0  __TI_ft_end                    
ffffffff  __TI_pprof_out_hndl            
ffffffff  __TI_prof_data_size            
ffffffff  __TI_prof_data_start           
00001fd5  __TI_readmsg                   
00000000  __TI_static_base__             
2000072c  __TI_tmpnams                   
00001f31  __TI_writemsg                  
0000211d  __TI_zero_init_nomemset        
00001985  __aeabi_memclr                 
00001985  __aeabi_memclr4                
00001985  __aeabi_memclr8                
000018e9  __aeabi_memcpy                 
000018e9  __aeabi_memcpy4                
000018e9  __aeabi_memcpy8                
00001987  __aeabi_memset                 
00001987  __aeabi_memset4                
00001987  __aeabi_memset8                
200005dc  __aeabi_stderr                 
200005d4  __aeabi_stdin                  
200005d8  __aeabi_stdout                 
ffffffff  __binit__                      
ffffffff  __c_args__                     
UNDEFED   __mpu_init                     
2000fe00  __stack                        
20000000  __start___llvm_prf_cnts        
20000000  __stop___llvm_prf_cnts         
00002009  _c_int00_noargs                
200004f0  _device                        
20000400  _ftable                        
200005ec  _lock                          
000019ff  _nop                           
20000568  _stream                        
20000000  _sys_memory                    
UNDEFED   _system_post_cinit             
000021cf  _system_pre_init               
200005f0  _unlock                        
000021d3  abort                          
00001795  add_device                     
00001345  aligned_alloc                  
ffffffff  binit                          
00001c81  close                          
00001005  delay                          
00001dd9  exit                           
0000064f  ferror                         
0000062f  fgetc                          
00002071  finddevice                     
0000184d  fopen                          
00001445  free                           
0000203d  freopen                        
00001eed  getdevice                      
00000000  interruptVectors               
00001681  main                           
000021c7  malloc                         
00001345  memalign                       
000018e9  memcpy                         
0000198d  memset                         
000016d9  open                           
00000571  outnibble                      
200007d4  parmbuf                        
000020a1  remove                         
00001529  setvbuf                        
0000216d  strchr                         
00002155  strcmp                         
00002183  strcpy                         
00002197  strlen                         
00001f69  strncpy                        
0000066d  uart_close                     
000006eb  uart_lseek                     
0000065d  uart_open                      
0000067f  uart_read                      
00000707  uart_rename                    
000006fb  uart_unlink                    
000006a9  uart_write                     
000020a1  unlink                         
000020f5  write                          


GLOBAL SYMBOLS: SORTED BY Symbol Address 

address   name                           
-------   ----                           
00000000  __TI_static_base__             
00000000  interruptVectors               
000000e5  UART0_Init                     
0000012b  UART0_InChar                   
0000013b  UART0_OutChar                  
00000157  UART0_OutString                
00000175  UART0_InUDec                   
000001f9  UART0_OutUDec                  
00000200  __STACK_SIZE                   
00000365  UART0_OutUDec4                 
000003b9  UART0_OutUDec5                 
000003f5  UART0_OutUFix1                 
00000400  __SYSMEM_SIZE                  
0000041d  UART0_OutUFix2                 
00000469  UART0_InUHex                   
0000052d  UART0_OutUHex                  
00000571  outnibble                      
00000599  UART0_OutUHex2                 
000005b5  UART0_InString                 
0000062f  fgetc                          
0000064f  ferror                         
0000065d  uart_open                      
0000066d  uart_close                     
0000067f  uart_read                      
000006a9  uart_write                     
000006eb  uart_lseek                     
000006fb  uart_unlink                    
00000707  uart_rename                    
00000715  UART0_Initprintf               
000007a1  SystemCoreClockUpdate          
00000a19  SystemInit                     
00000ad5  PWM_Init1                      
00000b3b  PWM_Init12                     
00000bbf  PWM_Duty1                      
00000bdf  PWM_Duty2                      
00000bff  PWM_Init34                     
00000c83  PWM_Duty3                      
00000ca3  PWM_Duty4                      
00000cfd  Reflectance_Init               
00000d1d  Reflectance_Read               
00000d6d  Reflectance_Center             
00000daf  Reflectance_Position           
00000e81  Reflectance_Start              
00000eb3  Reflectance_End                
00000ee9  Clock_Init48MHz                
00000fff  Clock_GetFreq                  
00001005  delay                          
00001013  Clock_Delay1us                 
0000103d  Clock_Delay1ms                 
000010c9  Motor_Init                     
0000111b  Motor_Stop                     
0000113b  Motor_Forward                  
0000116b  Motor_Right                    
000011a5  Motor_Left                     
000011df  Motor_Backward                 
00001345  aligned_alloc                  
00001345  memalign                       
00001445  free                           
00001529  setvbuf                        
00001605  Port1_Init                     
00001625  Port1_Input                    
0000162f  Port1_Output                   
0000164d  Port2_Init                     
0000166d  Port2_Output                   
00001681  main                           
000016d9  open                           
00001795  add_device                     
0000184d  fopen                          
000018e9  __aeabi_memcpy                 
000018e9  __aeabi_memcpy4                
000018e9  __aeabi_memcpy8                
000018e9  memcpy                         
00001985  __aeabi_memclr                 
00001985  __aeabi_memclr4                
00001985  __aeabi_memclr8                
00001987  __aeabi_memset                 
00001987  __aeabi_memset4                
00001987  __aeabi_memset8                
0000198d  memset                         
000019ff  _nop                           
00001a01  __TI_closefile                 
00001ae5  HOSTrename                     
00001b51  HOSTlseek                      
00001bb9  __TI_decompress_lzss           
00001c21  HOSTopen                       
00001c81  close                          
00001cdd  HOSTread                       
00001d35  HOSTwrite                      
00001d8d  __TI_doflush                   
00001dd9  exit                           
00001e21  HOSTclose                      
00001e65  HOSTunlink                     
00001ea9  __TI_auto_init_nobinit_nopinit 
00001eed  getdevice                      
00001f31  __TI_writemsg                  
00001f5f  C$$IO$$                        
00001f69  strncpy                        
00001fa1  __TI_cleanup                   
00001fd5  __TI_readmsg                   
00002009  _c_int00_noargs                
0000203d  freopen                        
00002071  finddevice                     
000020a1  remove                         
000020a1  unlink                         
000020f5  write                          
0000211d  __TI_zero_init_nomemset        
00002155  strcmp                         
0000216d  strchr                         
00002183  strcpy                         
00002197  strlen                         
000021ab  __TI_decompress_none           
000021b9  Reset_Handler                  
000021c5  ADC14_IRQHandler               
000021c5  AES256_IRQHandler              
000021c5  BusFault_Handler               
000021c5  COMP_E0_IRQHandler             
000021c5  COMP_E1_IRQHandler             
000021c5  CS_IRQHandler                  
000021c5  DMA_ERR_IRQHandler             
000021c5  DMA_INT0_IRQHandler            
000021c5  DMA_INT1_IRQHandler            
000021c5  DMA_INT2_IRQHandler            
000021c5  DMA_INT3_IRQHandler            
000021c5  DebugMon_Handler               
000021c5  Default_Handler                
000021c5  EUSCIA0_IRQHandler             
000021c5  EUSCIA1_IRQHandler             
000021c5  EUSCIA2_IRQHandler             
000021c5  EUSCIA3_IRQHandler             
000021c5  EUSCIB0_IRQHandler             
000021c5  EUSCIB1_IRQHandler             
000021c5  EUSCIB2_IRQHandler             
000021c5  EUSCIB3_IRQHandler             
000021c5  FLCTL_IRQHandler               
000021c5  FPU_IRQHandler                 
000021c5  HardFault_Handler              
000021c5  MemManage_Handler              
000021c5  NMI_Handler                    
000021c5  PCM_IRQHandler                 
000021c5  PORT1_IRQHandler               
000021c5  PORT2_IRQHandler               
000021c5  PORT3_IRQHandler               
000021c5  PORT4_IRQHandler               
000021c5  PORT5_IRQHandler               
000021c5  PORT6_IRQHandler               
000021c5  PSS_IRQHandler                 
000021c5  PendSV_Handler                 
000021c5  RTC_C_IRQHandler               
000021c5  SVC_Handler                    
000021c5  SysTick_Handler                
000021c5  T32_INT1_IRQHandler            
000021c5  T32_INT2_IRQHandler            
000021c5  T32_INTC_IRQHandler            
000021c5  TA0_0_IRQHandler               
000021c5  TA0_N_IRQHandler               
000021c5  TA1_0_IRQHandler               
000021c5  TA1_N_IRQHandler               
000021c5  TA2_0_IRQHandler               
000021c5  TA2_N_IRQHandler               
000021c5  TA3_0_IRQHandler               
000021c5  TA3_N_IRQHandler               
000021c5  UsageFault_Handler             
000021c5  WDT_A_IRQHandler               
000021c7  malloc                         
000021cf  _system_pre_init               
000021d3  C$$EXIT                        
000021d3  abort                          
00002268  __TI_Handler_Table_Base        
00002274  __TI_Handler_Table_Limit       
00002280  __TI_CINIT_Base                
00002290  __TI_CINIT_Limit               
20000000  __start___llvm_prf_cnts        
20000000  __stop___llvm_prf_cnts         
20000000  _sys_memory                    
20000400  _ftable                        
200004f0  _device                        
20000568  _stream                        
200005b8  ClockFrequency                 
200005bc  Prewait                        
200005c0  CPMwait                        
200005c4  Postwait                       
200005c8  IFlags                         
200005cc  Crystalstable                  
200005d0  __TI_ft_end                    
200005d4  __aeabi_stdin                  
200005d8  __aeabi_stdout                 
200005dc  __aeabi_stderr                 
200005e0  __TI_cleanup_ptr               
200005e4  __TI_dtors_ptr                 
200005e8  __TI_enable_exit_profile_output
200005ec  _lock                          
200005f0  _unlock                        
20000608  SystemCoreClock                
2000060c  __CIOBUF_                      
2000072c  __TI_tmpnams                   
200007cc  Messageb                       
200007d4  parmbuf                        
200007dc  Messageindexb                  
2000fe00  __stack                        
20010000  __STACK_END                    
4000480c  WDTCTL_SYM                     
ffffffff  __TI_pprof_out_hndl            
ffffffff  __TI_prof_data_size            
ffffffff  __TI_prof_data_start           
ffffffff  __binit__                      
ffffffff  __c_args__                     
ffffffff  binit                          
UNDEFED   __mpu_init                     
UNDEFED   _system_post_cinit             

[209 symbols]
