******************************************************************************
                  TI ARM Linker PC v20.2.5                     
******************************************************************************
>> Linked Wed Jan  5 18:34:53 2022

OUTPUT FILE NAME:   <run_maze.out>
ENTRY POINT SYMBOL: "_c_int00_noargs"  address: 00003f85


MEMORY CONFIGURATION

         name            origin    length      used     unused   attr    fill
----------------------  --------  ---------  --------  --------  ----  --------
  MAIN                  00000000   00040000  000043e0  0003bc20  R  X
  INFO                  00200000   00004000  00000000  00004000  R  X
  SRAM_CODE             01000000   00010000  000009e4  0000f61c  RW X
  SRAM_DATA             20000000   00010000  000009e4  0000f61c  RW  


SEGMENT ALLOCATION MAP

run origin  load origin   length   init length attrs members
----------  ----------- ---------- ----------- ----- -------
00000000    00000000    000043e0   000043e0    r-x
  00000000    00000000    000000e4   000000e4    r-- .intvecs
  000000e4    000000e4    00004140   00004140    r-x .text
  00004224    00004224    00000124   00000124    r-- .const
  00004348    00004348    00000098   00000098    r-- .cinit
20000000    20000000    000007e4   00000000    rw-
  20000000    20000000    00000400   00000000    rw- .sysmem
  20000400    20000400    00000210   00000000    rw- .data
  20000610    20000610    000001d4   00000000    rw- .bss
2000fe00    2000fe00    00000200   00000000    rw-
  2000fe00    2000fe00    00000200   00000000    rw- .stack


SECTION ALLOCATION MAP

 output                                  attributes/
section   page    origin      length       input sections
--------  ----  ----------  ----------   ----------------
.intvecs   0    00000000    000000e4     
                  00000000    000000e4     startup_msp432p401r_ccs.obj (.intvecs:retain)

.text      0    000000e4    00004140     
                  000000e4    00000a4e     rtsv7M4_T_le_v4SPD16_eabi.lib : _printfi.c.obj (.text:__TI_printfi)
                  00000b32    00000002                                   : _lock.c.obj (.text:_nop)
                  00000b34    000006bc     UART0.obj (.text)
                  000011f0    00000334     system_msp432p401r.obj (.text)
                  00001524    00000298     main.obj (.text)
                  000017bc    00000270     rtsv7M4_T_le_v4SPD16_eabi.lib : _printfi.c.obj (.text:_pconv_a)
                  00001a2c    00000228     PWM.obj (.text)
                  00001c54    000001ec     Reflectance.obj (.text)
                  00001e40    000001e0     Clock.obj (.text)
                  00002020    000001d0     rtsv7M4_T_le_v4SPD16_eabi.lib : _printfi.c.obj (.text:_pconv_g)
                  000021f0    000001b6                                   : fd_add_t2.asm.obj (.text)
                  000023a6    00000002                                   : div0.asm.obj (.text)
                  000023a8    0000016c     Motor.obj (.text)
                  00002514    0000013c     rtsv7M4_T_le_v4SPD16_eabi.lib : _printfi.c.obj (.text:_pconv_e)
                  00002650    00000136                                   : fd_div_t2.asm.obj (.text)
                  00002786    00000002     --HOLE-- [fill = 0]
                  00002788    00000124                                   : _printfi.c.obj (.text:fcvt)
                  000028ac    00000114                                   : fputs.c.obj (.text:fputs)
                  000029c0    00000110                                   : fopen.c.obj (.text:_openfile)
                  00002ad0    00000110                                   : s_scalbn.c.obj (.text:scalbn)
                  00002be0    00000100                                   : memory.c.obj (.text:aligned_alloc)
                  00002ce0    000000fc                                   : fd_mul_t2.asm.obj (.text)
                  00002ddc    000000e4                                   : memory.c.obj (.text:free)
                  00002ec0    000000dc                                   : setvbuf.c.obj (.text:setvbuf)
                  00002f9c    000000bc                                   : open.c.obj (.text:open)
                  00003058    000000b8                                   : add_device.c.obj (.text:add_device)
                  00003110    000000b1                                   : _printfi.c.obj (.text:_ltostr)
                  000031c1    00000003     --HOLE-- [fill = 0]
                  000031c4    0000009c                                   : fopen.c.obj (.text:fopen)
                  00003260    0000009c                                   : memcpy_t2.asm.obj (.text)
                  000032fc    00000096                                   : ull_div_t2.asm.obj (.text)
                  00003392    00000002     --HOLE-- [fill = 0]
                  00003394    0000008c                                   : fputc.c.obj (.text:fputc)
                  00003420    00000086                                   : fd_cmp_t2.asm.obj (.text:__aeabi_cdcmple)
                  000034a6    00000086                                   : fd_cmp_t2.asm.obj (.text:__aeabi_cdrcmple)
                  0000352c    0000007a                                   : memset_t2.asm.obj (.text)
                  000035a6    00000002     --HOLE-- [fill = 0]
                  000035a8    00000074                                   : fclose.c.obj (.text:__TI_closefile)
                  0000361c    00000070                                   : memory.c.obj (.text:split)
                  0000368c    0000006e                                   : _printfi.c.obj (.text:_mcpy)
                  000036fa    00000002     --HOLE-- [fill = 0]
                  000036fc    0000006c                                   : hostrename.c.obj (.text:HOSTrename)
                  00003768    00000068                                   : hostlseek.c.obj (.text:HOSTlseek)
                  000037d0    00000068                                   : copy_decompress_lzss.c.obj (.text:decompress:lzss:__TI_decompress_lzss)
                  00003838    00000068                                   : printf.c.obj (.text:printf)
                  000038a0    00000064                                   : s_frexp.c.obj (.text:frexp)
                  00003904    00000064                                   : fseek.c.obj (.text:fseek)
                  00003968    00000062                                   : _io_perm.c.obj (.text:__TI_wrt_ok)
                  000039ca    00000002     --HOLE-- [fill = 0]
                  000039cc    00000060                                   : hostopen.c.obj (.text:HOSTopen)
                  00003a2c    0000005c                                   : close.c.obj (.text:close)
                  00003a88    00000058                                   : hostread.c.obj (.text:HOSTread)
                  00003ae0    00000058                                   : hostwrite.c.obj (.text:HOSTwrite)
                  00003b38    00000056                                   : _printfi.c.obj (.text:_pconv_f)
                  00003b8e    00000054                                   : _ltoa.c.obj (.text:__TI_ltoa)
                  00003be2    00000052                                   : _printfi.c.obj (.text:_ecpy)
                  00003c34    0000004c                                   : fflush.c.obj (.text:__TI_doflush)
                  00003c80    0000004c                                   : atoi.c.obj (.text:atoi)
                  00003ccc    00000048                                   : exit.c.obj (.text:exit)
                  00003d14    00000048                                   : fd_toi_t2.asm.obj (.text)
                  00003d5c    00000044                                   : hostclose.c.obj (.text:HOSTclose)
                  00003da0    00000044                                   : hostunlink.c.obj (.text:HOSTunlink)
                  00003de4    00000044                                   : autoinit.c.obj (.text:__TI_auto_init_nobinit_nopinit:__TI_auto_init_nobinit_nopinit)
                  00003e28    00000044                                   : getdevice.c.obj (.text:getdevice)
                  00003e6c    0000003e                                   : _printfi.c.obj (.text:_fcpy)
                  00003eaa    00000002     --HOLE-- [fill = 0]
                  00003eac    00000038                                   : trgmsg.c.obj (.text:__TI_writemsg)
                  00003ee4    00000036                                   : strncpy.c.obj (.text:strncpy)
                  00003f1a    00000002     --HOLE-- [fill = 0]
                  00003f1c    00000034                                   : fopen.c.obj (.text:__TI_cleanup)
                  00003f50    00000034                                   : trgmsg.c.obj (.text:__TI_readmsg)
                  00003f84    00000034                                   : boot_cortex_m.c.obj (.text:_c_int00_noargs:_c_int00_noargs)
                  00003fb8    00000034                                   : fopen.c.obj (.text:freopen)
                  00003fec    00000030                                   : getdevice.c.obj (.text:finddevice)
                  0000401c    0000002e                                   : i_tofd_t2.asm.obj (.text)
                  0000404a    00000002     --HOLE-- [fill = 0]
                  0000404c    0000002c                                   : unlink.c.obj (.text:unlink)
                  00004078    00000028                                   : memory.c.obj (.text:free_list_insert)
                  000040a0    00000028                                   : lseek.c.obj (.text:lseek)
                  000040c8    00000028                                   : write.c.obj (.text:write)
                  000040f0    00000020                                   : memchr.c.obj (.text:memchr)
                  00004110    0000001c                                   : copy_zero_init.c.obj (.text:decompress:ZI:__TI_zero_init_nomemset:__TI_zero_init_nomemset)
                  0000412c    0000001c                                   : memory.c.obj (.text:free_list_remove)
                  00004148    0000001c                                   : memccpy.c.obj (.text:memccpy)
                  00004164    0000001a                                   : s_copysign.c.obj (.text:copysign)
                  0000417e    00000018                                   : strcmp.c.obj (.text:strcmp)
                  00004196    00000016                                   : strchr.c.obj (.text:strchr)
                  000041ac    00000014                                   : strcpy.c.obj (.text:strcpy)
                  000041c0    00000014                                   : strlen.c.obj (.text:strlen)
                  000041d4    00000012                                   : wcslen.c.obj (.text:wcslen)
                  000041e6    0000000e                                   : copy_decompress_none.c.obj (.text:decompress:none:__TI_decompress_none)
                  000041f4    0000000e     startup_msp432p401r_ccs.obj (.text)
                  00004202    00000002     --HOLE-- [fill = 0]
                  00004204    00000008     rtsv7M4_T_le_v4SPD16_eabi.lib : errno.c.obj (.text:__aeabi_errno_addr)
                  0000420c    00000008                                   : memory.c.obj (.text:malloc)
                  00004214    00000004                                   : printf.c.obj (.text:_outc)
                  00004218    00000004                                   : printf.c.obj (.text:_outs)
                  0000421c    00000004                                   : pre_init.c.obj (.text:_system_pre_init)
                  00004220    00000004                                   : exit.c.obj (.text:abort:abort)

.const     0    00004224    00000124     
                  00004224    00000101     rtsv7M4_T_le_v4SPD16_eabi.lib : ctype.c.obj (.const:.string:_ctypes_)
                  00004325    00000003     --HOLE-- [fill = 0]
                  00004328    00000020     Reflectance.obj (.const:$P$T0$1)

.cinit     0    00004348    00000098     
                  00004348    0000006f     (.cinit..data.load) [load image, compression = lzss]
                  000043b7    00000001     --HOLE-- [fill = 0]
                  000043b8    0000000c     (__TI_handler_table)
                  000043c4    00000004     --HOLE-- [fill = 0]
                  000043c8    00000008     (.cinit..bss.load) [load image, compression = zero_init]
                  000043d0    00000010     (__TI_cinit_table)

.init_array 
*          0    00000000    00000000     UNINITIALIZED

.binit     0    00000000    00000000     

.sysmem    0    20000000    00000400     UNINITIALIZED
                  20000000    00000010     rtsv7M4_T_le_v4SPD16_eabi.lib : memory.c.obj (.sysmem)
                  20000010    000003f0     --HOLE--

.data      0    20000400    00000210     UNINITIALIZED
                  20000400    000000f0     rtsv7M4_T_le_v4SPD16_eabi.lib : defs.c.obj (.data:_ftable)
                  200004f0    00000078                                   : host_device.c.obj (.data:_device)
                  20000568    00000050                                   : host_device.c.obj (.data:_stream)
                  200005b8    00000018     Clock.obj (.data)
                  200005d0    00000010     rtsv7M4_T_le_v4SPD16_eabi.lib : defs.c.obj (.data)
                  200005e0    0000000c                                   : exit.c.obj (.data:$O1$$)
                  200005ec    00000008                                   : _lock.c.obj (.data:$O1$$)
                  200005f4    00000008                                   : memory.c.obj (.data:$O1$$)
                  200005fc    00000004                                   : add_device.c.obj (.data)
                  20000600    00000004                                   : errno.c.obj (.data)
                  20000604    00000004                                   : fopen.c.obj (.data)
                  20000608    00000004                                   : open.c.obj (.data)
                  2000060c    00000004     system_msp432p401r.obj (.data)

.bss       0    20000610    000001d4     UNINITIALIZED
                  20000610    00000120     rtsv7M4_T_le_v4SPD16_eabi.lib : trgmsg.c.obj (.bss:_CIOBUF_)
                  20000730    000000a0     (.common:__TI_tmpnams)
                  200007d0    00000008     (.common:Messageb)
                  200007d8    00000008     (.common:parmbuf)
                  200007e0    00000004     (.common:Messageindexb)

.stack     0    2000fe00    00000200     UNINITIALIZED
                  2000fe00    00000004     rtsv7M4_T_le_v4SPD16_eabi.lib : boot_cortex_m.c.obj (.stack)
                  2000fe04    000001fc     --HOLE--

__llvm_prf_cnts 
*          0    20000000    00000000     UNINITIALIZED

MODULE SUMMARY

       Module                        code    ro data   rw data
       ------                        ----    -------   -------
    .\
       UART0.obj                     1724    0         24     
       system_msp432p401r.obj        820     0         8      
       main.obj                      664     0         0      
       PWM.obj                       552     0         0      
       Clock.obj                     480     0         48     
       Reflectance.obj               492     32        0      
       Motor.obj                     364     0         0      
       startup_msp432p401r_ccs.obj   14      228       0      
    +--+-----------------------------+-------+---------+---------+
       Total:                        5110    260       80     
                                                              
    C:\ti\ccs1100\ccs\tools\compiler\ti-cgt-arm_20.2.5.LTS\lib\rtsv7M4_T_le_v4SPD16_eabi.lib
       _printfi.c.obj                4851    0         0      
       defs.c.obj                    0       0         832    
       memory.c.obj                  672     0         16     
       trgmsg.c.obj                  108     0         576    
       fopen.c.obj                   532     0         8      
       fd_add_t2.asm.obj             438     0         0      
       host_device.c.obj             0       0         400    
       fd_div_t2.asm.obj             310     0         0      
       fputs.c.obj                   276     0         0      
       s_scalbn.c.obj                272     0         0      
       fd_cmp_t2.asm.obj             268     0         0      
       ctype.c.obj                   0       257       0      
       fd_mul_t2.asm.obj             252     0         0      
       setvbuf.c.obj                 220     0         0      
       open.c.obj                    188     0         8      
       add_device.c.obj              184     0         8      
       memcpy_t2.asm.obj             156     0         0      
       ull_div_t2.asm.obj            150     0         0      
       fputc.c.obj                   140     0         0      
       memset_t2.asm.obj             122     0         0      
       fclose.c.obj                  116     0         0      
       getdevice.c.obj               116     0         0      
       hostopen.c.obj                96      0         16     
       printf.c.obj                  112     0         0      
       hostrename.c.obj              108     0         0      
       copy_decompress_lzss.c.obj    104     0         0      
       hostlseek.c.obj               104     0         0      
       exit.c.obj                    76      0         24     
       fseek.c.obj                   100     0         0      
       s_frexp.c.obj                 100     0         0      
       _io_perm.c.obj                98      0         0      
       close.c.obj                   92      0         0      
       hostread.c.obj                88      0         0      
       hostwrite.c.obj               88      0         0      
       _ltoa.c.obj                   84      0         0      
       atoi.c.obj                    76      0         0      
       fflush.c.obj                  76      0         0      
       fd_toi_t2.asm.obj             72      0         0      
       autoinit.c.obj                68      0         0      
       hostclose.c.obj               68      0         0      
       hostunlink.c.obj              68      0         0      
       strncpy.c.obj                 54      0         0      
       boot_cortex_m.c.obj           52      0         0      
       i_tofd_t2.asm.obj             46      0         0      
       unlink.c.obj                  44      0         0      
       lseek.c.obj                   40      0         0      
       write.c.obj                   40      0         0      
       memchr.c.obj                  32      0         0      
       copy_zero_init.c.obj          28      0         0      
       memccpy.c.obj                 28      0         0      
       s_copysign.c.obj              26      0         0      
       strcmp.c.obj                  24      0         0      
       strchr.c.obj                  22      0         0      
       strcpy.c.obj                  20      0         0      
       strlen.c.obj                  20      0         0      
       _lock.c.obj                   2       0         16     
       wcslen.c.obj                  18      0         0      
       errno.c.obj                   8       0         8      
       copy_decompress_none.c.obj    14      0         0      
       pre_init.c.obj                4       0         0      
       div0.asm.obj                  2       0         0      
    +--+-----------------------------+-------+---------+---------+
       Total:                        11573   257       1912   
                                                              
       Heap:                         0       0         2048   
       Stack:                        0       0         1024   
       Linker Generated:             0       147       0      
    +--+-----------------------------+-------+---------+---------+
       Grand Total:                  16683   664       5064   


LINKER GENERATED COPY TABLES

__TI_cinit_table @ 000043d0 records: 2, size/record: 8, table size: 16
	.data: load addr=00004348, load size=0000006f bytes, run addr=20000400, run size=00000210 bytes, compression=lzss
	.bss: load addr=000043c8, load size=00000008 bytes, run addr=20000610, run size=000001d4 bytes, compression=zero_init


LINKER GENERATED HANDLER TABLE

__TI_handler_table @ 000043b8 records: 3, size/record: 4, table size: 12
	index: 0, handler: __TI_decompress_lzss
	index: 1, handler: __TI_decompress_none
	index: 2, handler: __TI_zero_init


GLOBAL SYMBOLS: SORTED ALPHABETICALLY BY Name 

address   name                           
-------   ----                           
00004201  ADC14_IRQHandler               
00004201  AES256_IRQHandler              
00004201  BusFault_Handler               
00004221  C$$EXIT                        
00003edb  C$$IO$$                        
00004201  COMP_E0_IRQHandler             
00004201  COMP_E1_IRQHandler             
200005c0  CPMwait                        
00004201  CS_IRQHandler                  
200005b8  ClockFrequency                 
00001f95  Clock_Delay1ms                 
00001f6b  Clock_Delay1us                 
00001f57  Clock_GetFreq                  
00001e41  Clock_Init48MHz                
200005cc  Crystalstable                  
00004201  DMA_ERR_IRQHandler             
00004201  DMA_INT0_IRQHandler            
00004201  DMA_INT1_IRQHandler            
00004201  DMA_INT2_IRQHandler            
00004201  DMA_INT3_IRQHandler            
00004201  DebugMon_Handler               
00004201  Default_Handler                
00004201  EUSCIA0_IRQHandler             
00004201  EUSCIA1_IRQHandler             
00004201  EUSCIA2_IRQHandler             
00004201  EUSCIA3_IRQHandler             
00004201  EUSCIB0_IRQHandler             
00004201  EUSCIB1_IRQHandler             
00004201  EUSCIB2_IRQHandler             
00004201  EUSCIB3_IRQHandler             
00004201  FLCTL_IRQHandler               
00004201  FPU_IRQHandler                 
00003d5d  HOSTclose                      
00003769  HOSTlseek                      
000039cd  HOSTopen                       
00003a89  HOSTread                       
000036fd  HOSTrename                     
00003da1  HOSTunlink                     
00003ae1  HOSTwrite                      
00004201  HardFault_Handler              
200005c8  IFlags                         
00004201  MemManage_Handler              
200007d0  Messageb                       
200007e0  Messageindexb                  
000024bf  Motor_Backward                 
0000241b  Motor_Forward                  
000023a9  Motor_Init                     
00002485  Motor_Left                     
0000244b  Motor_Right                    
000023fb  Motor_Stop                     
00004201  NMI_Handler                    
00004201  PCM_IRQHandler                 
00004201  PORT1_IRQHandler               
00004201  PORT2_IRQHandler               
00004201  PORT3_IRQHandler               
00004201  PORT4_IRQHandler               
00004201  PORT5_IRQHandler               
00004201  PORT6_IRQHandler               
00004201  PSS_IRQHandler                 
00001b17  PWM_Duty1                      
00001b37  PWM_Duty2                      
00001bdb  PWM_Duty3                      
00001bfb  PWM_Duty4                      
00001a2d  PWM_Init1                      
00001a93  PWM_Init12                     
00001b57  PWM_Init34                     
00004201  PendSV_Handler                 
200005c4  Postwait                       
200005bc  Prewait                        
00004201  RTC_C_IRQHandler               
00001cc5  Reflectance_Center             
00001e0b  Reflectance_End                
00001c55  Reflectance_Init               
00001d07  Reflectance_Position           
00001c75  Reflectance_Read               
00001dd9  Reflectance_Start              
000041f5  Reset_Handler                  
00004201  SVC_Handler                    
00004201  SysTick_Handler                
2000060c  SystemCoreClock                
000011f1  SystemCoreClockUpdate          
00001469  SystemInit                     
00004201  T32_INT1_IRQHandler            
00004201  T32_INT2_IRQHandler            
00004201  T32_INTC_IRQHandler            
00004201  TA0_0_IRQHandler               
00004201  TA0_N_IRQHandler               
00004201  TA1_0_IRQHandler               
00004201  TA1_N_IRQHandler               
00004201  TA2_0_IRQHandler               
00004201  TA2_N_IRQHandler               
00004201  TA3_0_IRQHandler               
00004201  TA3_N_IRQHandler               
00000b7b  UART0_InChar                   
00001005  UART0_InString                 
00000bc5  UART0_InUDec                   
00000eb9  UART0_InUHex                   
00000b35  UART0_Init                     
00001165  UART0_Initprintf               
00000b8b  UART0_OutChar                  
00000ba7  UART0_OutString                
00000c49  UART0_OutUDec                  
00000db5  UART0_OutUDec4                 
00000e09  UART0_OutUDec5                 
00000e45  UART0_OutUFix1                 
00000e6d  UART0_OutUFix2                 
00000f7d  UART0_OutUHex                  
00000fe9  UART0_OutUHex2                 
00004201  UsageFault_Handler             
4000480c  WDTCTL_SYM                     
00004201  WDT_A_IRQHandler               
20000610  __CIOBUF_                      
20010000  __STACK_END                    
00000200  __STACK_SIZE                   
00000400  __SYSMEM_SIZE                  
000043d0  __TI_CINIT_Base                
000043e0  __TI_CINIT_Limit               
000043b8  __TI_Handler_Table_Base        
000043c4  __TI_Handler_Table_Limit       
00003de5  __TI_auto_init_nobinit_nopinit 
00003f1d  __TI_cleanup                   
200005e0  __TI_cleanup_ptr               
000035a9  __TI_closefile                 
000037d1  __TI_decompress_lzss           
000041e7  __TI_decompress_none           
00003c35  __TI_doflush                   
200005e4  __TI_dtors_ptr                 
200005e8  __TI_enable_exit_profile_output
200005d0  __TI_ft_end                    
00003b8f  __TI_ltoa                      
ffffffff  __TI_pprof_out_hndl            
000000e5  __TI_printfi                   
ffffffff  __TI_prof_data_size            
ffffffff  __TI_prof_data_start           
00003f51  __TI_readmsg                   
00000000  __TI_static_base__             
20000730  __TI_tmpnams                   
00003ead  __TI_writemsg                  
00003969  __TI_wrt_ok                    
00004111  __TI_zero_init_nomemset        
00003421  __aeabi_cdcmpeq                
00003421  __aeabi_cdcmple                
000034a7  __aeabi_cdrcmple               
00003d15  __aeabi_d2iz                   
000021fb  __aeabi_dadd                   
00002651  __aeabi_ddiv                   
00002ce1  __aeabi_dmul                   
000021f1  __aeabi_dsub                   
00004205  __aeabi_errno_addr             
0000401d  __aeabi_i2d                    
000023a7  __aeabi_idiv0                  
000023a7  __aeabi_ldiv0                  
0000352d  __aeabi_memclr                 
0000352d  __aeabi_memclr4                
0000352d  __aeabi_memclr8                
00003261  __aeabi_memcpy                 
00003261  __aeabi_memcpy4                
00003261  __aeabi_memcpy8                
0000352f  __aeabi_memset                 
0000352f  __aeabi_memset4                
0000352f  __aeabi_memset8                
200005dc  __aeabi_stderr                 
200005d4  __aeabi_stdin                  
200005d8  __aeabi_stdout                 
000032fd  __aeabi_uldivmod               
ffffffff  __binit__                      
ffffffff  __c_args__                     
UNDEFED   __mpu_init                     
2000fe00  __stack                        
20000000  __start___llvm_prf_cnts        
20000000  __stop___llvm_prf_cnts         
00003f85  _c_int00_noargs                
00004224  _ctypes_                       
200004f0  _device                        
20000400  _ftable                        
200005ec  _lock                          
00000b33  _nop                           
20000568  _stream                        
20000000  _sys_memory                    
UNDEFED   _system_post_cinit             
0000421d  _system_pre_init               
200005f0  _unlock                        
00004221  abort                          
00003059  add_device                     
00002be1  aligned_alloc                  
00003c81  atoi                           
ffffffff  binit                          
00003a2d  close                          
00004165  copysign                       
00004165  copysignl                      
00001f5d  delay                          
20000600  errno                          
00003ccd  exit                           
0000109f  ferror                         
0000107f  fgetc                          
00003fed  finddevice                     
000031c5  fopen                          
00003395  fputc                          
000028ad  fputs                          
00002ddd  free                           
00003fb9  freopen                        
000038a1  frexp                          
000038a1  frexpl                         
00003905  fseek                          
00003e29  getdevice                      
00000000  interruptVectors               
00002ad1  ldexp                          
00002ad1  ldexpl                         
000040a1  lseek                          
00001525  main                           
0000420d  malloc                         
00002be1  memalign                       
00004149  memccpy                        
000040f1  memchr                         
00003261  memcpy                         
00003535  memset                         
00002f9d  open                           
00000fc1  outnibble                      
200007d8  parmbuf                        
00003839  printf                         
00003395  putc                           
0000404d  remove                         
00002ad1  scalbn                         
00002ad1  scalbnl                        
00002ec1  setvbuf                        
00004197  strchr                         
0000417f  strcmp                         
000041ad  strcpy                         
000041c1  strlen                         
00003ee5  strncpy                        
000010bd  uart_close                     
0000113b  uart_lseek                     
000010ad  uart_open                      
000010cf  uart_read                      
00001157  uart_rename                    
0000114b  uart_unlink                    
000010f9  uart_write                     
0000404d  unlink                         
000041d5  wcslen                         
000040c9  write                          


GLOBAL SYMBOLS: SORTED BY Symbol Address 

address   name                           
-------   ----                           
00000000  __TI_static_base__             
00000000  interruptVectors               
000000e5  __TI_printfi                   
00000200  __STACK_SIZE                   
00000400  __SYSMEM_SIZE                  
00000b33  _nop                           
00000b35  UART0_Init                     
00000b7b  UART0_InChar                   
00000b8b  UART0_OutChar                  
00000ba7  UART0_OutString                
00000bc5  UART0_InUDec                   
00000c49  UART0_OutUDec                  
00000db5  UART0_OutUDec4                 
00000e09  UART0_OutUDec5                 
00000e45  UART0_OutUFix1                 
00000e6d  UART0_OutUFix2                 
00000eb9  UART0_InUHex                   
00000f7d  UART0_OutUHex                  
00000fc1  outnibble                      
00000fe9  UART0_OutUHex2                 
00001005  UART0_InString                 
0000107f  fgetc                          
0000109f  ferror                         
000010ad  uart_open                      
000010bd  uart_close                     
000010cf  uart_read                      
000010f9  uart_write                     
0000113b  uart_lseek                     
0000114b  uart_unlink                    
00001157  uart_rename                    
00001165  UART0_Initprintf               
000011f1  SystemCoreClockUpdate          
00001469  SystemInit                     
00001525  main                           
00001a2d  PWM_Init1                      
00001a93  PWM_Init12                     
00001b17  PWM_Duty1                      
00001b37  PWM_Duty2                      
00001b57  PWM_Init34                     
00001bdb  PWM_Duty3                      
00001bfb  PWM_Duty4                      
00001c55  Reflectance_Init               
00001c75  Reflectance_Read               
00001cc5  Reflectance_Center             
00001d07  Reflectance_Position           
00001dd9  Reflectance_Start              
00001e0b  Reflectance_End                
00001e41  Clock_Init48MHz                
00001f57  Clock_GetFreq                  
00001f5d  delay                          
00001f6b  Clock_Delay1us                 
00001f95  Clock_Delay1ms                 
000021f1  __aeabi_dsub                   
000021fb  __aeabi_dadd                   
000023a7  __aeabi_idiv0                  
000023a7  __aeabi_ldiv0                  
000023a9  Motor_Init                     
000023fb  Motor_Stop                     
0000241b  Motor_Forward                  
0000244b  Motor_Right                    
00002485  Motor_Left                     
000024bf  Motor_Backward                 
00002651  __aeabi_ddiv                   
000028ad  fputs                          
00002ad1  ldexp                          
00002ad1  ldexpl                         
00002ad1  scalbn                         
00002ad1  scalbnl                        
00002be1  aligned_alloc                  
00002be1  memalign                       
00002ce1  __aeabi_dmul                   
00002ddd  free                           
00002ec1  setvbuf                        
00002f9d  open                           
00003059  add_device                     
000031c5  fopen                          
00003261  __aeabi_memcpy                 
00003261  __aeabi_memcpy4                
00003261  __aeabi_memcpy8                
00003261  memcpy                         
000032fd  __aeabi_uldivmod               
00003395  fputc                          
00003395  putc                           
00003421  __aeabi_cdcmpeq                
00003421  __aeabi_cdcmple                
000034a7  __aeabi_cdrcmple               
0000352d  __aeabi_memclr                 
0000352d  __aeabi_memclr4                
0000352d  __aeabi_memclr8                
0000352f  __aeabi_memset                 
0000352f  __aeabi_memset4                
0000352f  __aeabi_memset8                
00003535  memset                         
000035a9  __TI_closefile                 
000036fd  HOSTrename                     
00003769  HOSTlseek                      
000037d1  __TI_decompress_lzss           
00003839  printf                         
000038a1  frexp                          
000038a1  frexpl                         
00003905  fseek                          
00003969  __TI_wrt_ok                    
000039cd  HOSTopen                       
00003a2d  close                          
00003a89  HOSTread                       
00003ae1  HOSTwrite                      
00003b8f  __TI_ltoa                      
00003c35  __TI_doflush                   
00003c81  atoi                           
00003ccd  exit                           
00003d15  __aeabi_d2iz                   
00003d5d  HOSTclose                      
00003da1  HOSTunlink                     
00003de5  __TI_auto_init_nobinit_nopinit 
00003e29  getdevice                      
00003ead  __TI_writemsg                  
00003edb  C$$IO$$                        
00003ee5  strncpy                        
00003f1d  __TI_cleanup                   
00003f51  __TI_readmsg                   
00003f85  _c_int00_noargs                
00003fb9  freopen                        
00003fed  finddevice                     
0000401d  __aeabi_i2d                    
0000404d  remove                         
0000404d  unlink                         
000040a1  lseek                          
000040c9  write                          
000040f1  memchr                         
00004111  __TI_zero_init_nomemset        
00004149  memccpy                        
00004165  copysign                       
00004165  copysignl                      
0000417f  strcmp                         
00004197  strchr                         
000041ad  strcpy                         
000041c1  strlen                         
000041d5  wcslen                         
000041e7  __TI_decompress_none           
000041f5  Reset_Handler                  
00004201  ADC14_IRQHandler               
00004201  AES256_IRQHandler              
00004201  BusFault_Handler               
00004201  COMP_E0_IRQHandler             
00004201  COMP_E1_IRQHandler             
00004201  CS_IRQHandler                  
00004201  DMA_ERR_IRQHandler             
00004201  DMA_INT0_IRQHandler            
00004201  DMA_INT1_IRQHandler            
00004201  DMA_INT2_IRQHandler            
00004201  DMA_INT3_IRQHandler            
00004201  DebugMon_Handler               
00004201  Default_Handler                
00004201  EUSCIA0_IRQHandler             
00004201  EUSCIA1_IRQHandler             
00004201  EUSCIA2_IRQHandler             
00004201  EUSCIA3_IRQHandler             
00004201  EUSCIB0_IRQHandler             
00004201  EUSCIB1_IRQHandler             
00004201  EUSCIB2_IRQHandler             
00004201  EUSCIB3_IRQHandler             
00004201  FLCTL_IRQHandler               
00004201  FPU_IRQHandler                 
00004201  HardFault_Handler              
00004201  MemManage_Handler              
00004201  NMI_Handler                    
00004201  PCM_IRQHandler                 
00004201  PORT1_IRQHandler               
00004201  PORT2_IRQHandler               
00004201  PORT3_IRQHandler               
00004201  PORT4_IRQHandler               
00004201  PORT5_IRQHandler               
00004201  PORT6_IRQHandler               
00004201  PSS_IRQHandler                 
00004201  PendSV_Handler                 
00004201  RTC_C_IRQHandler               
00004201  SVC_Handler                    
00004201  SysTick_Handler                
00004201  T32_INT1_IRQHandler            
00004201  T32_INT2_IRQHandler            
00004201  T32_INTC_IRQHandler            
00004201  TA0_0_IRQHandler               
00004201  TA0_N_IRQHandler               
00004201  TA1_0_IRQHandler               
00004201  TA1_N_IRQHandler               
00004201  TA2_0_IRQHandler               
00004201  TA2_N_IRQHandler               
00004201  TA3_0_IRQHandler               
00004201  TA3_N_IRQHandler               
00004201  UsageFault_Handler             
00004201  WDT_A_IRQHandler               
00004205  __aeabi_errno_addr             
0000420d  malloc                         
0000421d  _system_pre_init               
00004221  C$$EXIT                        
00004221  abort                          
00004224  _ctypes_                       
000043b8  __TI_Handler_Table_Base        
000043c4  __TI_Handler_Table_Limit       
000043d0  __TI_CINIT_Base                
000043e0  __TI_CINIT_Limit               
20000000  __start___llvm_prf_cnts        
20000000  __stop___llvm_prf_cnts         
20000000  _sys_memory                    
20000400  _ftable                        
200004f0  _device                        
20000568  _stream                        
200005b8  ClockFrequency                 
200005bc  Prewait                        
200005c0  CPMwait                        
200005c4  Postwait                       
200005c8  IFlags                         
200005cc  Crystalstable                  
200005d0  __TI_ft_end                    
200005d4  __aeabi_stdin                  
200005d8  __aeabi_stdout                 
200005dc  __aeabi_stderr                 
200005e0  __TI_cleanup_ptr               
200005e4  __TI_dtors_ptr                 
200005e8  __TI_enable_exit_profile_output
200005ec  _lock                          
200005f0  _unlock                        
20000600  errno                          
2000060c  SystemCoreClock                
20000610  __CIOBUF_                      
20000730  __TI_tmpnams                   
200007d0  Messageb                       
200007d8  parmbuf                        
200007e0  Messageindexb                  
2000fe00  __stack                        
20010000  __STACK_END                    
4000480c  WDTCTL_SYM                     
ffffffff  __TI_pprof_out_hndl            
ffffffff  __TI_prof_data_size            
ffffffff  __TI_prof_data_start           
ffffffff  __binit__                      
ffffffff  __c_args__                     
ffffffff  binit                          
UNDEFED   __mpu_init                     
UNDEFED   _system_post_cinit             

[240 symbols]
