<?xml version="1.0" encoding="ISO-8859-1" ?>
<link_info>
   <banner>TI ARM Linker PC v20.2.5.LTS</banner>
   <copyright>Copyright (c) 1996-2018 Texas Instruments Incorporated</copyright>
   <link_time>0x6291cacc</link_time>
   <link_errors>0x0</link_errors>
   <output_file>DS1302.out</output_file>
   <entry_point>
      <name>_c_int00_noargs</name>
      <address>0x4509</address>
   </entry_point>
   <input_file_list>
      <input_file id="fl-2">
         <path>.\</path>
         <kind>object</kind>
         <file>Clock.obj</file>
         <name>Clock.obj</name>
      </input_file>
      <input_file id="fl-3">
         <path>.\</path>
         <kind>object</kind>
         <file>DS1302.obj</file>
         <name>DS1302.obj</name>
      </input_file>
      <input_file id="fl-4">
         <path>.\</path>
         <kind>object</kind>
         <file>GPIO.obj</file>
         <name>GPIO.obj</name>
      </input_file>
      <input_file id="fl-5">
         <path>.\</path>
         <kind>object</kind>
         <file>key.obj</file>
         <name>key.obj</name>
      </input_file>
      <input_file id="fl-6">
         <path>.\</path>
         <kind>object</kind>
         <file>main2.obj</file>
         <name>main2.obj</name>
      </input_file>
      <input_file id="fl-7">
         <path>.\</path>
         <kind>object</kind>
         <file>oled.obj</file>
         <name>oled.obj</name>
      </input_file>
      <input_file id="fl-8">
         <path>.\</path>
         <kind>object</kind>
         <file>startup_msp432p401r_ccs.obj</file>
         <name>startup_msp432p401r_ccs.obj</name>
      </input_file>
      <input_file id="fl-9">
         <path>.\</path>
         <kind>object</kind>
         <file>system_msp432p401r.obj</file>
         <name>system_msp432p401r.obj</name>
      </input_file>
      <input_file id="fl-a">
         <path>.\</path>
         <kind>object</kind>
         <file>usart.obj</file>
         <name>usart.obj</name>
      </input_file>
      <input_file id="fl-f">
         <kind>object</kind>
         <file>&lt;internal&gt;</file>
         <name>&lt;internal&gt;</name>
      </input_file>
      <input_file id="fl-c5">
         <path>C:\ti\ccs1100\ccs\tools\compiler\ti-cgt-arm_20.2.5.LTS\lib\</path>
         <kind>archive</kind>
         <file>rtsv7M4_T_le_v4SPD16_eabi.lib</file>
         <name>printf.c.obj</name>
      </input_file>
      <input_file id="fl-c6">
         <path>C:\ti\ccs1100\ccs\tools\compiler\ti-cgt-arm_20.2.5.LTS\lib\</path>
         <kind>archive</kind>
         <file>rtsv7M4_T_le_v4SPD16_eabi.lib</file>
         <name>_printfi.c.obj</name>
      </input_file>
      <input_file id="fl-c7">
         <path>C:\ti\ccs1100\ccs\tools\compiler\ti-cgt-arm_20.2.5.LTS\lib\</path>
         <kind>archive</kind>
         <file>rtsv7M4_T_le_v4SPD16_eabi.lib</file>
         <name>fputs.c.obj</name>
      </input_file>
      <input_file id="fl-c8">
         <path>C:\ti\ccs1100\ccs\tools\compiler\ti-cgt-arm_20.2.5.LTS\lib\</path>
         <kind>archive</kind>
         <file>rtsv7M4_T_le_v4SPD16_eabi.lib</file>
         <name>_io_perm.c.obj</name>
      </input_file>
      <input_file id="fl-c9">
         <path>C:\ti\ccs1100\ccs\tools\compiler\ti-cgt-arm_20.2.5.LTS\lib\</path>
         <kind>archive</kind>
         <file>rtsv7M4_T_le_v4SPD16_eabi.lib</file>
         <name>setvbuf.c.obj</name>
      </input_file>
      <input_file id="fl-ca">
         <path>C:\ti\ccs1100\ccs\tools\compiler\ti-cgt-arm_20.2.5.LTS\lib\</path>
         <kind>archive</kind>
         <file>rtsv7M4_T_le_v4SPD16_eabi.lib</file>
         <name>s_frexp.c.obj</name>
      </input_file>
      <input_file id="fl-cb">
         <path>C:\ti\ccs1100\ccs\tools\compiler\ti-cgt-arm_20.2.5.LTS\lib\</path>
         <kind>archive</kind>
         <file>rtsv7M4_T_le_v4SPD16_eabi.lib</file>
         <name>s_scalbn.c.obj</name>
      </input_file>
      <input_file id="fl-cc">
         <path>C:\ti\ccs1100\ccs\tools\compiler\ti-cgt-arm_20.2.5.LTS\lib\</path>
         <kind>archive</kind>
         <file>rtsv7M4_T_le_v4SPD16_eabi.lib</file>
         <name>wcslen.c.obj</name>
      </input_file>
      <input_file id="fl-cd">
         <path>C:\ti\ccs1100\ccs\tools\compiler\ti-cgt-arm_20.2.5.LTS\lib\</path>
         <kind>archive</kind>
         <file>rtsv7M4_T_le_v4SPD16_eabi.lib</file>
         <name>fd_add_t2.asm.obj</name>
      </input_file>
      <input_file id="fl-ce">
         <path>C:\ti\ccs1100\ccs\tools\compiler\ti-cgt-arm_20.2.5.LTS\lib\</path>
         <kind>archive</kind>
         <file>rtsv7M4_T_le_v4SPD16_eabi.lib</file>
         <name>fd_cmp_t2.asm.obj</name>
      </input_file>
      <input_file id="fl-cf">
         <path>C:\ti\ccs1100\ccs\tools\compiler\ti-cgt-arm_20.2.5.LTS\lib\</path>
         <kind>archive</kind>
         <file>rtsv7M4_T_le_v4SPD16_eabi.lib</file>
         <name>fd_div_t2.asm.obj</name>
      </input_file>
      <input_file id="fl-d0">
         <path>C:\ti\ccs1100\ccs\tools\compiler\ti-cgt-arm_20.2.5.LTS\lib\</path>
         <kind>archive</kind>
         <file>rtsv7M4_T_le_v4SPD16_eabi.lib</file>
         <name>fd_mul_t2.asm.obj</name>
      </input_file>
      <input_file id="fl-d1">
         <path>C:\ti\ccs1100\ccs\tools\compiler\ti-cgt-arm_20.2.5.LTS\lib\</path>
         <kind>archive</kind>
         <file>rtsv7M4_T_le_v4SPD16_eabi.lib</file>
         <name>fd_toi_t2.asm.obj</name>
      </input_file>
      <input_file id="fl-d2">
         <path>C:\ti\ccs1100\ccs\tools\compiler\ti-cgt-arm_20.2.5.LTS\lib\</path>
         <kind>archive</kind>
         <file>rtsv7M4_T_le_v4SPD16_eabi.lib</file>
         <name>i_tofd_t2.asm.obj</name>
      </input_file>
      <input_file id="fl-d3">
         <path>C:\ti\ccs1100\ccs\tools\compiler\ti-cgt-arm_20.2.5.LTS\lib\</path>
         <kind>archive</kind>
         <file>rtsv7M4_T_le_v4SPD16_eabi.lib</file>
         <name>memcpy_t2.asm.obj</name>
      </input_file>
      <input_file id="fl-d4">
         <path>C:\ti\ccs1100\ccs\tools\compiler\ti-cgt-arm_20.2.5.LTS\lib\</path>
         <kind>archive</kind>
         <file>rtsv7M4_T_le_v4SPD16_eabi.lib</file>
         <name>ull_div_t2.asm.obj</name>
      </input_file>
      <input_file id="fl-d5">
         <path>C:\ti\ccs1100\ccs\tools\compiler\ti-cgt-arm_20.2.5.LTS\lib\</path>
         <kind>archive</kind>
         <file>rtsv7M4_T_le_v4SPD16_eabi.lib</file>
         <name>memset_t2.asm.obj</name>
      </input_file>
      <input_file id="fl-d6">
         <path>C:\ti\ccs1100\ccs\tools\compiler\ti-cgt-arm_20.2.5.LTS\lib\</path>
         <kind>archive</kind>
         <file>rtsv7M4_T_le_v4SPD16_eabi.lib</file>
         <name>copy_zero_init.c.obj</name>
      </input_file>
      <input_file id="fl-d7">
         <path>C:\ti\ccs1100\ccs\tools\compiler\ti-cgt-arm_20.2.5.LTS\lib\</path>
         <kind>archive</kind>
         <file>rtsv7M4_T_le_v4SPD16_eabi.lib</file>
         <name>copy_decompress_none.c.obj</name>
      </input_file>
      <input_file id="fl-d8">
         <path>C:\ti\ccs1100\ccs\tools\compiler\ti-cgt-arm_20.2.5.LTS\lib\</path>
         <kind>archive</kind>
         <file>rtsv7M4_T_le_v4SPD16_eabi.lib</file>
         <name>copy_decompress_lzss.c.obj</name>
      </input_file>
      <input_file id="fl-d9">
         <path>C:\ti\ccs1100\ccs\tools\compiler\ti-cgt-arm_20.2.5.LTS\lib\</path>
         <kind>archive</kind>
         <file>rtsv7M4_T_le_v4SPD16_eabi.lib</file>
         <name>exit.c.obj</name>
      </input_file>
      <input_file id="fl-da">
         <path>C:\ti\ccs1100\ccs\tools\compiler\ti-cgt-arm_20.2.5.LTS\lib\</path>
         <kind>archive</kind>
         <file>rtsv7M4_T_le_v4SPD16_eabi.lib</file>
         <name>_lock.c.obj</name>
      </input_file>
      <input_file id="fl-db">
         <path>C:\ti\ccs1100\ccs\tools\compiler\ti-cgt-arm_20.2.5.LTS\lib\</path>
         <kind>archive</kind>
         <file>rtsv7M4_T_le_v4SPD16_eabi.lib</file>
         <name>_ltoa.c.obj</name>
      </input_file>
      <input_file id="fl-dc">
         <path>C:\ti\ccs1100\ccs\tools\compiler\ti-cgt-arm_20.2.5.LTS\lib\</path>
         <kind>archive</kind>
         <file>rtsv7M4_T_le_v4SPD16_eabi.lib</file>
         <name>atoi.c.obj</name>
      </input_file>
      <input_file id="fl-dd">
         <path>C:\ti\ccs1100\ccs\tools\compiler\ti-cgt-arm_20.2.5.LTS\lib\</path>
         <kind>archive</kind>
         <file>rtsv7M4_T_le_v4SPD16_eabi.lib</file>
         <name>ctype.c.obj</name>
      </input_file>
      <input_file id="fl-de">
         <path>C:\ti\ccs1100\ccs\tools\compiler\ti-cgt-arm_20.2.5.LTS\lib\</path>
         <kind>archive</kind>
         <file>rtsv7M4_T_le_v4SPD16_eabi.lib</file>
         <name>defs.c.obj</name>
      </input_file>
      <input_file id="fl-df">
         <path>C:\ti\ccs1100\ccs\tools\compiler\ti-cgt-arm_20.2.5.LTS\lib\</path>
         <kind>archive</kind>
         <file>rtsv7M4_T_le_v4SPD16_eabi.lib</file>
         <name>memccpy.c.obj</name>
      </input_file>
      <input_file id="fl-e0">
         <path>C:\ti\ccs1100\ccs\tools\compiler\ti-cgt-arm_20.2.5.LTS\lib\</path>
         <kind>archive</kind>
         <file>rtsv7M4_T_le_v4SPD16_eabi.lib</file>
         <name>memchr.c.obj</name>
      </input_file>
      <input_file id="fl-e1">
         <path>C:\ti\ccs1100\ccs\tools\compiler\ti-cgt-arm_20.2.5.LTS\lib\</path>
         <kind>archive</kind>
         <file>rtsv7M4_T_le_v4SPD16_eabi.lib</file>
         <name>memory.c.obj</name>
      </input_file>
      <input_file id="fl-e2">
         <path>C:\ti\ccs1100\ccs\tools\compiler\ti-cgt-arm_20.2.5.LTS\lib\</path>
         <kind>archive</kind>
         <file>rtsv7M4_T_le_v4SPD16_eabi.lib</file>
         <name>strchr.c.obj</name>
      </input_file>
      <input_file id="fl-e3">
         <path>C:\ti\ccs1100\ccs\tools\compiler\ti-cgt-arm_20.2.5.LTS\lib\</path>
         <kind>archive</kind>
         <file>rtsv7M4_T_le_v4SPD16_eabi.lib</file>
         <name>strlen.c.obj</name>
      </input_file>
      <input_file id="fl-e4">
         <path>C:\ti\ccs1100\ccs\tools\compiler\ti-cgt-arm_20.2.5.LTS\lib\</path>
         <kind>archive</kind>
         <file>rtsv7M4_T_le_v4SPD16_eabi.lib</file>
         <name>errno.c.obj</name>
      </input_file>
      <input_file id="fl-e5">
         <path>C:\ti\ccs1100\ccs\tools\compiler\ti-cgt-arm_20.2.5.LTS\lib\</path>
         <kind>archive</kind>
         <file>rtsv7M4_T_le_v4SPD16_eabi.lib</file>
         <name>boot_cortex_m.c.obj</name>
      </input_file>
      <input_file id="fl-e6">
         <path>C:\ti\ccs1100\ccs\tools\compiler\ti-cgt-arm_20.2.5.LTS\lib\</path>
         <kind>archive</kind>
         <file>rtsv7M4_T_le_v4SPD16_eabi.lib</file>
         <name>write.c.obj</name>
      </input_file>
      <input_file id="fl-e7">
         <path>C:\ti\ccs1100\ccs\tools\compiler\ti-cgt-arm_20.2.5.LTS\lib\</path>
         <kind>archive</kind>
         <file>rtsv7M4_T_le_v4SPD16_eabi.lib</file>
         <name>host_device.c.obj</name>
      </input_file>
      <input_file id="fl-e8">
         <path>C:\ti\ccs1100\ccs\tools\compiler\ti-cgt-arm_20.2.5.LTS\lib\</path>
         <kind>archive</kind>
         <file>rtsv7M4_T_le_v4SPD16_eabi.lib</file>
         <name>fflush.c.obj</name>
      </input_file>
      <input_file id="fl-e9">
         <path>C:\ti\ccs1100\ccs\tools\compiler\ti-cgt-arm_20.2.5.LTS\lib\</path>
         <kind>archive</kind>
         <file>rtsv7M4_T_le_v4SPD16_eabi.lib</file>
         <name>fopen.c.obj</name>
      </input_file>
      <input_file id="fl-ea">
         <path>C:\ti\ccs1100\ccs\tools\compiler\ti-cgt-arm_20.2.5.LTS\lib\</path>
         <kind>archive</kind>
         <file>rtsv7M4_T_le_v4SPD16_eabi.lib</file>
         <name>fseek.c.obj</name>
      </input_file>
      <input_file id="fl-eb">
         <path>C:\ti\ccs1100\ccs\tools\compiler\ti-cgt-arm_20.2.5.LTS\lib\</path>
         <kind>archive</kind>
         <file>rtsv7M4_T_le_v4SPD16_eabi.lib</file>
         <name>s_copysign.c.obj</name>
      </input_file>
      <input_file id="fl-ec">
         <path>C:\ti\ccs1100\ccs\tools\compiler\ti-cgt-arm_20.2.5.LTS\lib\</path>
         <kind>archive</kind>
         <file>rtsv7M4_T_le_v4SPD16_eabi.lib</file>
         <name>div0.asm.obj</name>
      </input_file>
      <input_file id="fl-ed">
         <path>C:\ti\ccs1100\ccs\tools\compiler\ti-cgt-arm_20.2.5.LTS\lib\</path>
         <kind>archive</kind>
         <file>rtsv7M4_T_le_v4SPD16_eabi.lib</file>
         <name>autoinit.c.obj</name>
      </input_file>
      <input_file id="fl-ee">
         <path>C:\ti\ccs1100\ccs\tools\compiler\ti-cgt-arm_20.2.5.LTS\lib\</path>
         <kind>archive</kind>
         <file>rtsv7M4_T_le_v4SPD16_eabi.lib</file>
         <name>pre_init.c.obj</name>
      </input_file>
      <input_file id="fl-ef">
         <path>C:\ti\ccs1100\ccs\tools\compiler\ti-cgt-arm_20.2.5.LTS\lib\</path>
         <kind>archive</kind>
         <file>rtsv7M4_T_le_v4SPD16_eabi.lib</file>
         <name>cpy_tbl.c.obj</name>
      </input_file>
      <input_file id="fl-f0">
         <path>C:\ti\ccs1100\ccs\tools\compiler\ti-cgt-arm_20.2.5.LTS\lib\</path>
         <kind>archive</kind>
         <file>rtsv7M4_T_le_v4SPD16_eabi.lib</file>
         <name>args_main.c.obj</name>
      </input_file>
      <input_file id="fl-f1">
         <path>C:\ti\ccs1100\ccs\tools\compiler\ti-cgt-arm_20.2.5.LTS\lib\</path>
         <kind>archive</kind>
         <file>rtsv7M4_T_le_v4SPD16_eabi.lib</file>
         <name>hostclose.c.obj</name>
      </input_file>
      <input_file id="fl-f2">
         <path>C:\ti\ccs1100\ccs\tools\compiler\ti-cgt-arm_20.2.5.LTS\lib\</path>
         <kind>archive</kind>
         <file>rtsv7M4_T_le_v4SPD16_eabi.lib</file>
         <name>hostlseek.c.obj</name>
      </input_file>
      <input_file id="fl-f3">
         <path>C:\ti\ccs1100\ccs\tools\compiler\ti-cgt-arm_20.2.5.LTS\lib\</path>
         <kind>archive</kind>
         <file>rtsv7M4_T_le_v4SPD16_eabi.lib</file>
         <name>hostopen.c.obj</name>
      </input_file>
      <input_file id="fl-f4">
         <path>C:\ti\ccs1100\ccs\tools\compiler\ti-cgt-arm_20.2.5.LTS\lib\</path>
         <kind>archive</kind>
         <file>rtsv7M4_T_le_v4SPD16_eabi.lib</file>
         <name>hostread.c.obj</name>
      </input_file>
      <input_file id="fl-f5">
         <path>C:\ti\ccs1100\ccs\tools\compiler\ti-cgt-arm_20.2.5.LTS\lib\</path>
         <kind>archive</kind>
         <file>rtsv7M4_T_le_v4SPD16_eabi.lib</file>
         <name>hostrename.c.obj</name>
      </input_file>
      <input_file id="fl-f6">
         <path>C:\ti\ccs1100\ccs\tools\compiler\ti-cgt-arm_20.2.5.LTS\lib\</path>
         <kind>archive</kind>
         <file>rtsv7M4_T_le_v4SPD16_eabi.lib</file>
         <name>hostunlink.c.obj</name>
      </input_file>
      <input_file id="fl-f7">
         <path>C:\ti\ccs1100\ccs\tools\compiler\ti-cgt-arm_20.2.5.LTS\lib\</path>
         <kind>archive</kind>
         <file>rtsv7M4_T_le_v4SPD16_eabi.lib</file>
         <name>hostwrite.c.obj</name>
      </input_file>
      <input_file id="fl-f8">
         <path>C:\ti\ccs1100\ccs\tools\compiler\ti-cgt-arm_20.2.5.LTS\lib\</path>
         <kind>archive</kind>
         <file>rtsv7M4_T_le_v4SPD16_eabi.lib</file>
         <name>trgmsg.c.obj</name>
      </input_file>
      <input_file id="fl-f9">
         <path>C:\ti\ccs1100\ccs\tools\compiler\ti-cgt-arm_20.2.5.LTS\lib\</path>
         <kind>archive</kind>
         <file>rtsv7M4_T_le_v4SPD16_eabi.lib</file>
         <name>open.c.obj</name>
      </input_file>
      <input_file id="fl-fa">
         <path>C:\ti\ccs1100\ccs\tools\compiler\ti-cgt-arm_20.2.5.LTS\lib\</path>
         <kind>archive</kind>
         <file>rtsv7M4_T_le_v4SPD16_eabi.lib</file>
         <name>lseek.c.obj</name>
      </input_file>
      <input_file id="fl-fb">
         <path>C:\ti\ccs1100\ccs\tools\compiler\ti-cgt-arm_20.2.5.LTS\lib\</path>
         <kind>archive</kind>
         <file>rtsv7M4_T_le_v4SPD16_eabi.lib</file>
         <name>fclose.c.obj</name>
      </input_file>
      <input_file id="fl-fc">
         <path>C:\ti\ccs1100\ccs\tools\compiler\ti-cgt-arm_20.2.5.LTS\lib\</path>
         <kind>archive</kind>
         <file>rtsv7M4_T_le_v4SPD16_eabi.lib</file>
         <name>getdevice.c.obj</name>
      </input_file>
      <input_file id="fl-fd">
         <path>C:\ti\ccs1100\ccs\tools\compiler\ti-cgt-arm_20.2.5.LTS\lib\</path>
         <kind>archive</kind>
         <file>rtsv7M4_T_le_v4SPD16_eabi.lib</file>
         <name>strcmp.c.obj</name>
      </input_file>
      <input_file id="fl-fe">
         <path>C:\ti\ccs1100\ccs\tools\compiler\ti-cgt-arm_20.2.5.LTS\lib\</path>
         <kind>archive</kind>
         <file>rtsv7M4_T_le_v4SPD16_eabi.lib</file>
         <name>strcpy.c.obj</name>
      </input_file>
      <input_file id="fl-ff">
         <path>C:\ti\ccs1100\ccs\tools\compiler\ti-cgt-arm_20.2.5.LTS\lib\</path>
         <kind>archive</kind>
         <file>rtsv7M4_T_le_v4SPD16_eabi.lib</file>
         <name>strncpy.c.obj</name>
      </input_file>
      <input_file id="fl-100">
         <path>C:\ti\ccs1100\ccs\tools\compiler\ti-cgt-arm_20.2.5.LTS\lib\</path>
         <kind>archive</kind>
         <file>rtsv7M4_T_le_v4SPD16_eabi.lib</file>
         <name>remove.c.obj</name>
      </input_file>
      <input_file id="fl-101">
         <path>C:\ti\ccs1100\ccs\tools\compiler\ti-cgt-arm_20.2.5.LTS\lib\</path>
         <kind>archive</kind>
         <file>rtsv7M4_T_le_v4SPD16_eabi.lib</file>
         <name>close.c.obj</name>
      </input_file>
      <input_file id="fl-102">
         <path>C:\ti\ccs1100\ccs\tools\compiler\ti-cgt-arm_20.2.5.LTS\lib\</path>
         <kind>archive</kind>
         <file>rtsv7M4_T_le_v4SPD16_eabi.lib</file>
         <name>unlink.c.obj</name>
      </input_file>
      <input_file id="fl-103">
         <path>C:\ti\simplelink_msp432p4_sdk_3_40_01_02\source\ti\devices\msp432p4xx\driverlib\ccs\</path>
         <kind>archive</kind>
         <file>msp432p4xx_driverlib.lib</file>
         <name>cs.o</name>
      </input_file>
      <input_file id="fl-104">
         <path>C:\ti\simplelink_msp432p4_sdk_3_40_01_02\source\ti\devices\msp432p4xx\driverlib\ccs\</path>
         <kind>archive</kind>
         <file>msp432p4xx_driverlib.lib</file>
         <name>gpio.o</name>
      </input_file>
      <input_file id="fl-105">
         <path>C:\ti\simplelink_msp432p4_sdk_3_40_01_02\source\ti\devices\msp432p4xx\driverlib\ccs\</path>
         <kind>archive</kind>
         <file>msp432p4xx_driverlib.lib</file>
         <name>interrupt.o</name>
      </input_file>
      <input_file id="fl-106">
         <path>C:\ti\simplelink_msp432p4_sdk_3_40_01_02\source\ti\devices\msp432p4xx\driverlib\ccs\</path>
         <kind>archive</kind>
         <file>msp432p4xx_driverlib.lib</file>
         <name>sysctl_a.o</name>
      </input_file>
      <input_file id="fl-107">
         <path>C:\ti\simplelink_msp432p4_sdk_3_40_01_02\source\ti\devices\msp432p4xx\driverlib\ccs\</path>
         <kind>archive</kind>
         <file>msp432p4xx_driverlib.lib</file>
         <name>timer_a.o</name>
      </input_file>
      <input_file id="fl-108">
         <path>C:\ti\simplelink_msp432p4_sdk_3_40_01_02\source\ti\devices\msp432p4xx\driverlib\ccs\</path>
         <kind>archive</kind>
         <file>msp432p4xx_driverlib.lib</file>
         <name>uart.o</name>
      </input_file>
      <input_file id="fl-109">
         <path>C:\ti\simplelink_msp432p4_sdk_3_40_01_02\source\ti\devices\msp432p4xx\driverlib\ccs\</path>
         <kind>archive</kind>
         <file>msp432p4xx_driverlib.lib</file>
         <name>cpu.o</name>
      </input_file>
   </input_file_list>
   <object_component_list>
      <object_component id="oc-26">
         <name>.intvecs:retain</name>
         <load_address>0x0</load_address>
         <run_address>0x0</run_address>
         <size>0xe4</size>
         <input_file_ref idref="fl-8"/>
      </object_component>
      <object_component id="oc-1b5">
         <name>.text:__TI_printfi</name>
         <load_address>0xe4</load_address>
         <run_address>0xe4</run_address>
         <size>0xa4e</size>
         <input_file_ref idref="fl-c6"/>
      </object_component>
      <object_component id="oc-305">
         <name>.text:_nop</name>
         <load_address>0xb32</load_address>
         <run_address>0xb32</run_address>
         <size>0x2</size>
         <input_file_ref idref="fl-da"/>
      </object_component>
      <object_component id="oc-140">
         <name>.text</name>
         <load_address>0xb34</load_address>
         <run_address>0xb34</run_address>
         <size>0x790</size>
         <input_file_ref idref="fl-7"/>
      </object_component>
      <object_component id="oc-e9">
         <name>.text</name>
         <load_address>0x12c4</load_address>
         <run_address>0x12c4</run_address>
         <size>0x618</size>
         <input_file_ref idref="fl-3"/>
      </object_component>
      <object_component id="oc-b2">
         <name>.text</name>
         <load_address>0x18dc</load_address>
         <run_address>0x18dc</run_address>
         <size>0x334</size>
         <input_file_ref idref="fl-9"/>
      </object_component>
      <object_component id="oc-70">
         <name>.text</name>
         <load_address>0x1c10</load_address>
         <run_address>0x1c10</run_address>
         <size>0x29c</size>
         <input_file_ref idref="fl-a"/>
      </object_component>
      <object_component id="oc-2e1">
         <name>.text:_pconv_a</name>
         <load_address>0x1eac</load_address>
         <run_address>0x1eac</run_address>
         <size>0x270</size>
         <input_file_ref idref="fl-c6"/>
      </object_component>
      <object_component id="oc-13a">
         <name>.text</name>
         <load_address>0x211c</load_address>
         <run_address>0x211c</run_address>
         <size>0x1e0</size>
         <input_file_ref idref="fl-2"/>
      </object_component>
      <object_component id="oc-2cf">
         <name>.text:_pconv_g</name>
         <load_address>0x22fc</load_address>
         <run_address>0x22fc</run_address>
         <size>0x1d0</size>
         <input_file_ref idref="fl-c6"/>
      </object_component>
      <object_component id="oc-397">
         <name>.text</name>
         <load_address>0x24cc</load_address>
         <run_address>0x24cc</run_address>
         <size>0x1b6</size>
         <input_file_ref idref="fl-cd"/>
      </object_component>
      <object_component id="oc-424">
         <name>.text</name>
         <load_address>0x2682</load_address>
         <run_address>0x2682</run_address>
         <size>0x2</size>
         <input_file_ref idref="fl-ec"/>
      </object_component>
      <object_component id="oc-a0">
         <name>.text</name>
         <load_address>0x2684</load_address>
         <run_address>0x2684</run_address>
         <size>0x1a4</size>
         <input_file_ref idref="fl-6"/>
      </object_component>
      <object_component id="oc-146">
         <name>.text</name>
         <load_address>0x2828</load_address>
         <run_address>0x2828</run_address>
         <size>0x178</size>
         <input_file_ref idref="fl-5"/>
      </object_component>
      <object_component id="oc-26c">
         <name>.text:privateTimer_AProcessClockSourceDivider</name>
         <load_address>0x29a0</load_address>
         <run_address>0x29a0</run_address>
         <size>0x144</size>
         <input_file_ref idref="fl-107"/>
      </object_component>
      <object_component id="oc-2db">
         <name>.text:_pconv_e</name>
         <load_address>0x2ae4</load_address>
         <run_address>0x2ae4</run_address>
         <size>0x13c</size>
         <input_file_ref idref="fl-c6"/>
      </object_component>
      <object_component id="oc-37d">
         <name>.text</name>
         <load_address>0x2c20</load_address>
         <run_address>0x2c20</run_address>
         <size>0x136</size>
         <input_file_ref idref="fl-cf"/>
      </object_component>
      <object_component id="oc-3a9">
         <name>.text:fcvt</name>
         <load_address>0x2d58</load_address>
         <run_address>0x2d58</run_address>
         <size>0x124</size>
         <input_file_ref idref="fl-c6"/>
      </object_component>
      <object_component id="oc-bf">
         <name>.text:UART_initModule</name>
         <load_address>0x2e7c</load_address>
         <run_address>0x2e7c</run_address>
         <size>0x11c</size>
         <input_file_ref idref="fl-108"/>
      </object_component>
      <object_component id="oc-313">
         <name>.text:fputs</name>
         <load_address>0x2f98</load_address>
         <run_address>0x2f98</run_address>
         <size>0x114</size>
         <input_file_ref idref="fl-c7"/>
      </object_component>
      <object_component id="oc-3bd">
         <name>.text:scalbn</name>
         <load_address>0x30ac</load_address>
         <run_address>0x30ac</run_address>
         <size>0x110</size>
         <input_file_ref idref="fl-cb"/>
      </object_component>
      <object_component id="oc-4cd">
         <name>.text:aligned_alloc</name>
         <load_address>0x31bc</load_address>
         <run_address>0x31bc</run_address>
         <size>0x100</size>
         <input_file_ref idref="fl-e1"/>
      </object_component>
      <object_component id="oc-378">
         <name>.text</name>
         <load_address>0x32bc</load_address>
         <run_address>0x32bc</run_address>
         <size>0xfc</size>
         <input_file_ref idref="fl-d0"/>
      </object_component>
      <object_component id="oc-48b">
         <name>.text:free</name>
         <load_address>0x33b8</load_address>
         <run_address>0x33b8</run_address>
         <size>0xe4</size>
         <input_file_ref idref="fl-e1"/>
      </object_component>
      <object_component id="oc-45f">
         <name>.text:setvbuf</name>
         <load_address>0x349c</load_address>
         <run_address>0x349c</run_address>
         <size>0xdc</size>
         <input_file_ref idref="fl-c9"/>
      </object_component>
      <object_component id="oc-2c4">
         <name>.text:_ltostr</name>
         <load_address>0x3578</load_address>
         <run_address>0x3578</run_address>
         <size>0xb1</size>
         <input_file_ref idref="fl-c6"/>
      </object_component>
      <object_component id="oc-3a">
         <name>.text</name>
         <load_address>0x362a</load_address>
         <run_address>0x362a</run_address>
         <size>0x9c</size>
         <input_file_ref idref="fl-d3"/>
      </object_component>
      <object_component id="oc-371">
         <name>.text</name>
         <load_address>0x36c6</load_address>
         <run_address>0x36c6</run_address>
         <size>0x96</size>
         <input_file_ref idref="fl-d4"/>
      </object_component>
      <object_component id="oc-2ca">
         <name>.text:__aeabi_cdcmple</name>
         <load_address>0x375c</load_address>
         <run_address>0x375c</run_address>
         <size>0x86</size>
         <input_file_ref idref="fl-ce"/>
      </object_component>
      <object_component id="oc-382">
         <name>.text:__aeabi_cdrcmple</name>
         <load_address>0x37e2</load_address>
         <run_address>0x37e2</run_address>
         <size>0x86</size>
         <input_file_ref idref="fl-ce"/>
      </object_component>
      <object_component id="oc-152">
         <name>.text:Interrupt_enableInterrupt</name>
         <load_address>0x3868</load_address>
         <run_address>0x3868</run_address>
         <size>0x80</size>
         <input_file_ref idref="fl-105"/>
      </object_component>
      <object_component id="oc-94">
         <name>.text</name>
         <load_address>0x38e8</load_address>
         <run_address>0x38e8</run_address>
         <size>0x7a</size>
         <input_file_ref idref="fl-d5"/>
      </object_component>
      <object_component id="oc-4d4">
         <name>.text:__TI_closefile</name>
         <load_address>0x3964</load_address>
         <run_address>0x3964</run_address>
         <size>0x74</size>
         <input_file_ref idref="fl-fb"/>
      </object_component>
      <object_component id="oc-515">
         <name>.text:split</name>
         <load_address>0x39d8</load_address>
         <run_address>0x39d8</run_address>
         <size>0x70</size>
         <input_file_ref idref="fl-e1"/>
      </object_component>
      <object_component id="oc-3a2">
         <name>.text:_mcpy</name>
         <load_address>0x3a48</load_address>
         <run_address>0x3a48</run_address>
         <size>0x6e</size>
         <input_file_ref idref="fl-c6"/>
      </object_component>
      <object_component id="oc-504">
         <name>.text:HOSTrename</name>
         <load_address>0x3ab8</load_address>
         <run_address>0x3ab8</run_address>
         <size>0x6c</size>
         <input_file_ref idref="fl-f5"/>
      </object_component>
      <object_component id="oc-4f8">
         <name>.text:HOSTlseek</name>
         <load_address>0x3b24</load_address>
         <run_address>0x3b24</run_address>
         <size>0x68</size>
         <input_file_ref idref="fl-f2"/>
      </object_component>
      <object_component id="oc-14c">
         <name>.text:Timer_A_configureUpMode</name>
         <load_address>0x3b8c</load_address>
         <run_address>0x3b8c</run_address>
         <size>0x68</size>
         <input_file_ref idref="fl-107"/>
      </object_component>
      <object_component id="oc-17">
         <name>.text:decompress:lzss:__TI_decompress_lzss</name>
         <load_address>0x3bf4</load_address>
         <run_address>0x3bf4</run_address>
         <size>0x68</size>
         <input_file_ref idref="fl-d8"/>
      </object_component>
      <object_component id="oc-c5">
         <name>.text:printf</name>
         <load_address>0x3c5c</load_address>
         <run_address>0x3c5c</run_address>
         <size>0x68</size>
         <input_file_ref idref="fl-c5"/>
      </object_component>
      <object_component id="oc-d1">
         <name>.text:UART_getEnabledInterruptStatus</name>
         <load_address>0x3cc4</load_address>
         <run_address>0x3cc4</run_address>
         <size>0x64</size>
         <input_file_ref idref="fl-108"/>
      </object_component>
      <object_component id="oc-3b7">
         <name>.text:frexp</name>
         <load_address>0x3d28</load_address>
         <run_address>0x3d28</run_address>
         <size>0x64</size>
         <input_file_ref idref="fl-ca"/>
      </object_component>
      <object_component id="oc-459">
         <name>.text:fseek</name>
         <load_address>0x3d8c</load_address>
         <run_address>0x3d8c</run_address>
         <size>0x64</size>
         <input_file_ref idref="fl-ea"/>
      </object_component>
      <object_component id="oc-3ee">
         <name>.text:__TI_wrt_ok</name>
         <load_address>0x3df0</load_address>
         <run_address>0x3df0</run_address>
         <size>0x62</size>
         <input_file_ref idref="fl-c8"/>
      </object_component>
      <object_component id="oc-4e0">
         <name>.text:HOSTopen</name>
         <load_address>0x3e54</load_address>
         <run_address>0x3e54</run_address>
         <size>0x60</size>
         <input_file_ref idref="fl-f3"/>
      </object_component>
      <object_component id="oc-51c">
         <name>.text:close</name>
         <load_address>0x3eb4</load_address>
         <run_address>0x3eb4</run_address>
         <size>0x5c</size>
         <input_file_ref idref="fl-101"/>
      </object_component>
      <object_component id="oc-248">
         <name>.text:GPIO_setAsInputPinWithPullUpResistor</name>
         <load_address>0x3f10</load_address>
         <run_address>0x3f10</run_address>
         <size>0x58</size>
         <input_file_ref idref="fl-104"/>
      </object_component>
      <object_component id="oc-4ec">
         <name>.text:HOSTread</name>
         <load_address>0x3f68</load_address>
         <run_address>0x3f68</run_address>
         <size>0x58</size>
         <input_file_ref idref="fl-f4"/>
      </object_component>
      <object_component id="oc-4f2">
         <name>.text:HOSTwrite</name>
         <load_address>0x3fc0</load_address>
         <run_address>0x3fc0</run_address>
         <size>0x58</size>
         <input_file_ref idref="fl-f7"/>
      </object_component>
      <object_component id="oc-2d5">
         <name>.text:_pconv_f</name>
         <load_address>0x4018</load_address>
         <run_address>0x4018</run_address>
         <size>0x56</size>
         <input_file_ref idref="fl-c6"/>
      </object_component>
      <object_component id="oc-38c">
         <name>.text:__TI_ltoa</name>
         <load_address>0x406e</load_address>
         <run_address>0x406e</run_address>
         <size>0x54</size>
         <input_file_ref idref="fl-db"/>
      </object_component>
      <object_component id="oc-39c">
         <name>.text:_ecpy</name>
         <load_address>0x40c2</load_address>
         <run_address>0x40c2</run_address>
         <size>0x52</size>
         <input_file_ref idref="fl-c6"/>
      </object_component>
      <object_component id="oc-3fa">
         <name>.text:__TI_doflush</name>
         <load_address>0x4114</load_address>
         <run_address>0x4114</run_address>
         <size>0x4c</size>
         <input_file_ref idref="fl-e8"/>
      </object_component>
      <object_component id="oc-e3">
         <name>.text:atoi</name>
         <load_address>0x4160</load_address>
         <run_address>0x4160</run_address>
         <size>0x4c</size>
         <input_file_ref idref="fl-dc"/>
      </object_component>
      <object_component id="oc-171">
         <name>.text:exit</name>
         <load_address>0x41ac</load_address>
         <run_address>0x41ac</run_address>
         <size>0x48</size>
         <input_file_ref idref="fl-d9"/>
      </object_component>
      <object_component id="oc-387">
         <name>.text</name>
         <load_address>0x41f4</load_address>
         <run_address>0x41f4</run_address>
         <size>0x48</size>
         <input_file_ref idref="fl-d1"/>
      </object_component>
      <object_component id="oc-4e6">
         <name>.text:HOSTclose</name>
         <load_address>0x423c</load_address>
         <run_address>0x423c</run_address>
         <size>0x44</size>
         <input_file_ref idref="fl-f1"/>
      </object_component>
      <object_component id="oc-4fe">
         <name>.text:HOSTunlink</name>
         <load_address>0x4280</load_address>
         <run_address>0x4280</run_address>
         <size>0x44</size>
         <input_file_ref idref="fl-f6"/>
      </object_component>
      <object_component id="oc-177">
         <name>.text:__TI_auto_init_nobinit_nopinit:__TI_auto_init_nobinit_nopinit</name>
         <load_address>0x42c4</load_address>
         <run_address>0x42c4</run_address>
         <size>0x44</size>
         <input_file_ref idref="fl-ed"/>
      </object_component>
      <object_component id="oc-554">
         <name>.text:getdevice</name>
         <load_address>0x4308</load_address>
         <run_address>0x4308</run_address>
         <size>0x44</size>
         <input_file_ref idref="fl-fc"/>
      </object_component>
      <object_component id="oc-3af">
         <name>.text:_fcpy</name>
         <load_address>0x434c</load_address>
         <run_address>0x434c</run_address>
         <size>0x3e</size>
         <input_file_ref idref="fl-c6"/>
      </object_component>
      <object_component id="oc-254">
         <name>.text:GPIO_interruptEdgeSelect</name>
         <load_address>0x438c</load_address>
         <run_address>0x438c</run_address>
         <size>0x3c</size>
         <input_file_ref idref="fl-104"/>
      </object_component>
      <object_component id="oc-52d">
         <name>.text:__TI_writemsg</name>
         <load_address>0x43c8</load_address>
         <run_address>0x43c8</run_address>
         <size>0x38</size>
         <input_file_ref idref="fl-f8"/>
      </object_component>
      <object_component id="oc-576">
         <name>.text:strncpy</name>
         <load_address>0x4400</load_address>
         <run_address>0x4400</run_address>
         <size>0x36</size>
         <input_file_ref idref="fl-ff"/>
      </object_component>
      <object_component id="oc-b9">
         <name>.text:CS_setDCOCenteredFrequency</name>
         <load_address>0x4438</load_address>
         <run_address>0x4438</run_address>
         <size>0x34</size>
         <input_file_ref idref="fl-103"/>
      </object_component>
      <object_component id="oc-cb">
         <name>.text:UART_transmitData</name>
         <load_address>0x446c</load_address>
         <run_address>0x446c</run_address>
         <size>0x34</size>
         <input_file_ref idref="fl-108"/>
      </object_component>
      <object_component id="oc-497">
         <name>.text:__TI_cleanup</name>
         <load_address>0x44a0</load_address>
         <run_address>0x44a0</run_address>
         <size>0x34</size>
         <input_file_ref idref="fl-e9"/>
      </object_component>
      <object_component id="oc-533">
         <name>.text:__TI_readmsg</name>
         <load_address>0x44d4</load_address>
         <run_address>0x44d4</run_address>
         <size>0x34</size>
         <input_file_ref idref="fl-f8"/>
      </object_component>
      <object_component id="oc-58">
         <name>.text:_c_int00_noargs:_c_int00_noargs</name>
         <load_address>0x4508</load_address>
         <run_address>0x4508</run_address>
         <size>0x34</size>
         <input_file_ref idref="fl-e5"/>
      </object_component>
      <object_component id="oc-dd">
         <name>.text:UART_receiveData</name>
         <load_address>0x453c</load_address>
         <run_address>0x453c</run_address>
         <size>0x30</size>
         <input_file_ref idref="fl-108"/>
      </object_component>
      <object_component id="oc-57c">
         <name>.text:finddevice</name>
         <load_address>0x456c</load_address>
         <run_address>0x456c</run_address>
         <size>0x30</size>
         <input_file_ref idref="fl-fc"/>
      </object_component>
      <object_component id="oc-392">
         <name>.text</name>
         <load_address>0x459c</load_address>
         <run_address>0x459c</run_address>
         <size>0x2e</size>
         <input_file_ref idref="fl-d2"/>
      </object_component>
      <object_component id="oc-522">
         <name>.text:unlink</name>
         <load_address>0x45cc</load_address>
         <run_address>0x45cc</run_address>
         <size>0x2c</size>
         <input_file_ref idref="fl-102"/>
      </object_component>
      <object_component id="oc-24e">
         <name>.text:GPIO_clearInterruptFlag</name>
         <load_address>0x45f8</load_address>
         <run_address>0x45f8</run_address>
         <size>0x28</size>
         <input_file_ref idref="fl-104"/>
      </object_component>
      <object_component id="oc-25a">
         <name>.text:GPIO_enableInterrupt</name>
         <load_address>0x4620</load_address>
         <run_address>0x4620</run_address>
         <size>0x28</size>
         <input_file_ref idref="fl-104"/>
      </object_component>
      <object_component id="oc-4c6">
         <name>.text:free_list_insert</name>
         <load_address>0x4648</load_address>
         <run_address>0x4648</run_address>
         <size>0x28</size>
         <input_file_ref idref="fl-e1"/>
      </object_component>
      <object_component id="oc-483">
         <name>.text:lseek</name>
         <load_address>0x4670</load_address>
         <run_address>0x4670</run_address>
         <size>0x28</size>
         <input_file_ref idref="fl-fa"/>
      </object_component>
      <object_component id="oc-400">
         <name>.text:write</name>
         <load_address>0x4698</load_address>
         <run_address>0x4698</run_address>
         <size>0x28</size>
         <input_file_ref idref="fl-e6"/>
      </object_component>
      <object_component id="oc-3f4">
         <name>.text:memchr</name>
         <load_address>0x46c0</load_address>
         <run_address>0x46c0</run_address>
         <size>0x20</size>
         <input_file_ref idref="fl-e0"/>
      </object_component>
      <object_component id="oc-46">
         <name>.text:decompress:ZI:__TI_zero_init_nomemset:__TI_zero_init_nomemset</name>
         <load_address>0x46e0</load_address>
         <run_address>0x46e0</run_address>
         <size>0x1c</size>
         <input_file_ref idref="fl-d6"/>
      </object_component>
      <object_component id="oc-4c0">
         <name>.text:free_list_remove</name>
         <load_address>0x46fc</load_address>
         <run_address>0x46fc</run_address>
         <size>0x1c</size>
         <input_file_ref idref="fl-e1"/>
      </object_component>
      <object_component id="oc-2e7">
         <name>.text:memccpy</name>
         <load_address>0x4718</load_address>
         <run_address>0x4718</run_address>
         <size>0x1c</size>
         <input_file_ref idref="fl-df"/>
      </object_component>
      <object_component id="oc-43d">
         <name>.text:copysign</name>
         <load_address>0x4734</load_address>
         <run_address>0x4734</run_address>
         <size>0x1a</size>
         <input_file_ref idref="fl-eb"/>
      </object_component>
      <object_component id="oc-ef">
         <name>.text:UART_getInterruptStatus</name>
         <load_address>0x474e</load_address>
         <run_address>0x474e</run_address>
         <size>0x18</size>
         <input_file_ref idref="fl-108"/>
      </object_component>
      <object_component id="oc-593">
         <name>.text:strcmp</name>
         <load_address>0x4766</load_address>
         <run_address>0x4766</run_address>
         <size>0x18</size>
         <input_file_ref idref="fl-fd"/>
      </object_component>
      <object_component id="oc-158">
         <name>.text:Timer_A_startCounter</name>
         <load_address>0x477e</load_address>
         <run_address>0x477e</run_address>
         <size>0x16</size>
         <input_file_ref idref="fl-107"/>
      </object_component>
      <object_component id="oc-d7">
         <name>.text:UART_clearInterruptFlag</name>
         <load_address>0x4794</load_address>
         <run_address>0x4794</run_address>
         <size>0x16</size>
         <input_file_ref idref="fl-108"/>
      </object_component>
      <object_component id="oc-3c3">
         <name>.text:strchr</name>
         <load_address>0x47aa</load_address>
         <run_address>0x47aa</run_address>
         <size>0x16</size>
         <input_file_ref idref="fl-e2"/>
      </object_component>
      <object_component id="oc-547">
         <name>.text:strcpy</name>
         <load_address>0x47c0</load_address>
         <run_address>0x47c0</run_address>
         <size>0x14</size>
         <input_file_ref idref="fl-fe"/>
      </object_component>
      <object_component id="oc-2be">
         <name>.text:strlen</name>
         <load_address>0x47d4</load_address>
         <run_address>0x47d4</run_address>
         <size>0x14</size>
         <input_file_ref idref="fl-e3"/>
      </object_component>
      <object_component id="oc-2ed">
         <name>.text:wcslen</name>
         <load_address>0x47e8</load_address>
         <run_address>0x47e8</run_address>
         <size>0x12</size>
         <input_file_ref idref="fl-cc"/>
      </object_component>
      <object_component id="oc-15e">
         <name>.text:Interrupt_enableMaster</name>
         <load_address>0x47fa</load_address>
         <run_address>0x47fa</run_address>
         <size>0x10</size>
         <input_file_ref idref="fl-105"/>
      </object_component>
      <object_component id="oc-1d">
         <name>.text:decompress:none:__TI_decompress_none</name>
         <load_address>0x480a</load_address>
         <run_address>0x480a</run_address>
         <size>0xe</size>
         <input_file_ref idref="fl-d7"/>
      </object_component>
      <object_component id="oc-6a">
         <name>.text</name>
         <load_address>0x4818</load_address>
         <run_address>0x4818</run_address>
         <size>0xe</size>
         <input_file_ref idref="fl-8"/>
      </object_component>
      <object_component id="oc-279">
         <name>.text:CPU_cpsie</name>
         <load_address>0x4826</load_address>
         <run_address>0x4826</run_address>
         <size>0xc</size>
         <input_file_ref idref="fl-109"/>
      </object_component>
      <object_component id="oc-2f3">
         <name>.text:__aeabi_errno_addr</name>
         <load_address>0x4834</load_address>
         <run_address>0x4834</run_address>
         <size>0x8</size>
         <input_file_ref idref="fl-e4"/>
      </object_component>
      <object_component id="oc-491">
         <name>.text:malloc</name>
         <load_address>0x483c</load_address>
         <run_address>0x483c</run_address>
         <size>0x8</size>
         <input_file_ref idref="fl-e1"/>
      </object_component>
      <object_component id="oc-1c7">
         <name>.text:_outc</name>
         <load_address>0x4844</load_address>
         <run_address>0x4844</run_address>
         <size>0x4</size>
         <input_file_ref idref="fl-c5"/>
      </object_component>
      <object_component id="oc-1c1">
         <name>.text:_outs</name>
         <load_address>0x4848</load_address>
         <run_address>0x4848</run_address>
         <size>0x4</size>
         <input_file_ref idref="fl-c5"/>
      </object_component>
      <object_component id="oc-9a">
         <name>.text:_system_pre_init</name>
         <load_address>0x484c</load_address>
         <run_address>0x484c</run_address>
         <size>0x4</size>
         <input_file_ref idref="fl-ee"/>
      </object_component>
      <object_component id="oc-16b">
         <name>.text:abort:abort</name>
         <load_address>0x4850</load_address>
         <run_address>0x4850</run_address>
         <size>0x4</size>
         <input_file_ref idref="fl-d9"/>
      </object_component>
      <object_component id="oc-23a">
         <name>.const:asc2_1608</name>
         <load_address>0x4854</load_address>
         <run_address>0x4854</run_address>
         <size>0x5f0</size>
         <input_file_ref idref="fl-7"/>
      </object_component>
      <object_component id="oc-23d">
         <name>.const:asc2_1206</name>
         <load_address>0x4e44</load_address>
         <run_address>0x4e44</run_address>
         <size>0x474</size>
         <input_file_ref idref="fl-7"/>
      </object_component>
      <object_component id="oc-243">
         <name>.const:Hzk1</name>
         <load_address>0x52b8</load_address>
         <run_address>0x52b8</run_address>
         <size>0x330</size>
         <input_file_ref idref="fl-7"/>
      </object_component>
      <object_component id="oc-237">
         <name>.const:asc2_0806</name>
         <load_address>0x55e8</load_address>
         <run_address>0x55e8</run_address>
         <size>0x228</size>
         <input_file_ref idref="fl-7"/>
      </object_component>
      <object_component id="oc-240">
         <name>.const:Hzk</name>
         <load_address>0x5810</load_address>
         <run_address>0x5810</run_address>
         <size>0x1c0</size>
         <input_file_ref idref="fl-7"/>
      </object_component>
      <object_component id="oc-1dd">
         <name>.const:.string:_ctypes_</name>
         <load_address>0x59d0</load_address>
         <run_address>0x59d0</run_address>
         <size>0x101</size>
         <input_file_ref idref="fl-dd"/>
      </object_component>
      <object_component id="oc-342">
         <name>.const:GPIO_PORT_TO_BASE</name>
         <load_address>0x5ad4</load_address>
         <run_address>0x5ad4</run_address>
         <size>0x30</size>
         <input_file_ref idref="fl-104"/>
      </object_component>
      <object_component id="oc-f5">
         <name>.const:uartConfig</name>
         <load_address>0x5b04</load_address>
         <run_address>0x5b04</run_address>
         <size>0x28</size>
         <input_file_ref idref="fl-a"/>
      </object_component>
      <object_component id="oc-167">
         <name>.const:upConfig</name>
         <load_address>0x5b2c</load_address>
         <run_address>0x5b2c</run_address>
         <size>0x18</size>
         <input_file_ref idref="fl-6"/>
      </object_component>
      <object_component id="oc-1e2">
         <name>.const:.string:$P$T0$1</name>
         <load_address>0x5b44</load_address>
         <run_address>0x5b44</run_address>
         <size>0x8</size>
         <input_file_ref idref="fl-3"/>
      </object_component>
      <object_component id="oc-1e5">
         <name>.const:.string:$P$T1$2</name>
         <load_address>0x5b4c</load_address>
         <run_address>0x5b4c</run_address>
         <size>0x8</size>
         <input_file_ref idref="fl-3"/>
      </object_component>
      <object_component id="oc-274">
         <name>.const:g_pulEnRegs</name>
         <load_address>0x5b54</load_address>
         <run_address>0x5b54</run_address>
         <size>0x8</size>
         <input_file_ref idref="fl-105"/>
      </object_component>
      <object_component id="oc-5d3">
         <name>.cinit..data.load</name>
         <load_address>0x5b60</load_address>
         <run_address>0x5b60</run_address>
         <size>0x7a</size>
      </object_component>
      <object_component id="oc-5d1">
         <name>__TI_handler_table</name>
         <load_address>0x5bdc</load_address>
         <run_address>0x5bdc</run_address>
         <size>0xc</size>
      </object_component>
      <object_component id="oc-5d4">
         <name>.cinit..bss.load</name>
         <load_address>0x5be8</load_address>
         <run_address>0x5be8</run_address>
         <size>0x8</size>
      </object_component>
      <object_component id="oc-5d2">
         <name>__TI_cinit_table</name>
         <load_address>0x5bf0</load_address>
         <run_address>0x5bf0</run_address>
         <size>0x10</size>
      </object_component>
      <object_component id="oc-5a5">
         <name>.binit</name>
         <load_address>0x0</load_address>
         <run_address>0x0</run_address>
         <size>0x0</size>
      </object_component>
      <object_component id="oc-233">
         <name>.data</name>
         <load_address>0x200005f4</load_address>
         <run_address>0x200005f4</run_address>
         <size>0x18</size>
         <input_file_ref idref="fl-2"/>
      </object_component>
      <object_component id="oc-164">
         <name>.data</name>
         <load_address>0x200005b8</load_address>
         <run_address>0x200005b8</run_address>
         <size>0x3c</size>
         <input_file_ref idref="fl-6"/>
      </object_component>
      <object_component id="oc-1a9">
         <name>.data</name>
         <load_address>0x20000650</load_address>
         <run_address>0x20000650</run_address>
         <size>0x4</size>
         <input_file_ref idref="fl-9"/>
      </object_component>
      <object_component id="oc-f8">
         <name>.data:ch</name>
         <load_address>0x20000000</load_address>
         <run_address>0x20000000</run_address>
         <size>0x400</size>
         <input_file_ref idref="fl-a"/>
      </object_component>
      <object_component id="oc-fe">
         <name>.data:hour</name>
         <load_address>0x20000654</load_address>
         <run_address>0x20000654</run_address>
         <size>0x3</size>
         <input_file_ref idref="fl-a"/>
      </object_component>
      <object_component id="oc-101">
         <name>.data:minute</name>
         <load_address>0x20000657</load_address>
         <run_address>0x20000657</run_address>
         <size>0x3</size>
         <input_file_ref idref="fl-a"/>
      </object_component>
      <object_component id="oc-104">
         <name>.data:second</name>
         <load_address>0x2000065a</load_address>
         <run_address>0x2000065a</run_address>
         <size>0x3</size>
         <input_file_ref idref="fl-a"/>
      </object_component>
      <object_component id="oc-fb">
         <name>.data</name>
         <load_address>0x2000060c</load_address>
         <run_address>0x2000060c</run_address>
         <size>0x14</size>
         <input_file_ref idref="fl-a"/>
      </object_component>
      <object_component id="oc-285">
         <name>.data:$O1$$</name>
         <load_address>0x20000630</load_address>
         <run_address>0x20000630</run_address>
         <size>0xc</size>
         <input_file_ref idref="fl-d9"/>
      </object_component>
      <object_component id="oc-1bb">
         <name>.data:$O1$$</name>
         <load_address>0x2000063c</load_address>
         <run_address>0x2000063c</run_address>
         <size>0x8</size>
         <input_file_ref idref="fl-da"/>
      </object_component>
      <object_component id="oc-1be">
         <name>.data:_ftable</name>
         <load_address>0x20000400</load_address>
         <run_address>0x20000400</run_address>
         <size>0xf0</size>
         <input_file_ref idref="fl-de"/>
      </object_component>
      <object_component id="oc-4da">
         <name>.data</name>
         <load_address>0x20000620</load_address>
         <run_address>0x20000620</run_address>
         <size>0x10</size>
         <input_file_ref idref="fl-de"/>
      </object_component>
      <object_component id="oc-510">
         <name>.data:$O1$$</name>
         <load_address>0x20000644</load_address>
         <run_address>0x20000644</run_address>
         <size>0x8</size>
         <input_file_ref idref="fl-e1"/>
      </object_component>
      <object_component id="oc-3d3">
         <name>.data</name>
         <load_address>0x2000064c</load_address>
         <run_address>0x2000064c</run_address>
         <size>0x4</size>
         <input_file_ref idref="fl-e4"/>
      </object_component>
      <object_component id="oc-4aa">
         <name>.data:_device</name>
         <load_address>0x200004f0</load_address>
         <run_address>0x200004f0</run_address>
         <size>0x78</size>
         <input_file_ref idref="fl-e7"/>
      </object_component>
      <object_component id="oc-46b">
         <name>.data:_stream</name>
         <load_address>0x20000568</load_address>
         <run_address>0x20000568</run_address>
         <size>0x50</size>
         <input_file_ref idref="fl-e7"/>
      </object_component>
      <object_component id="oc-55e">
         <name>.bss:_CIOBUF_</name>
         <uninitialized>true</uninitialized>
         <run_address>0x20000a60</run_address>
         <size>0x120</size>
         <input_file_ref idref="fl-f8"/>
      </object_component>
      <object_component id="oc-267">
         <name>.common:Key_Flag</name>
         <uninitialized>true</uninitialized>
         <run_address>0x20000c30</run_address>
         <size>0x4</size>
      </object_component>
      <object_component id="oc-268">
         <name>.common:x</name>
         <uninitialized>true</uninitialized>
         <run_address>0x20000c44</run_address>
         <size>0x4</size>
      </object_component>
      <object_component id="oc-269">
         <name>.common:y</name>
         <uninitialized>true</uninitialized>
         <run_address>0x20000c48</run_address>
         <size>0x4</size>
      </object_component>
      <object_component id="oc-26a">
         <name>.common:z</name>
         <uninitialized>true</uninitialized>
         <run_address>0x20000c4c</run_address>
         <size>0x4</size>
      </object_component>
      <object_component id="oc-265">
         <name>.common:Clock_SET</name>
         <uninitialized>true</uninitialized>
         <run_address>0x20000c2c</run_address>
         <size>0x4</size>
      </object_component>
      <object_component id="oc-260">
         <name>.common:Timer_SET</name>
         <uninitialized>true</uninitialized>
         <run_address>0x20000c3c</run_address>
         <size>0x4</size>
      </object_component>
      <object_component id="oc-266">
         <name>.common:Light_SET</name>
         <uninitialized>true</uninitialized>
         <run_address>0x20000c34</run_address>
         <size>0x4</size>
      </object_component>
      <object_component id="oc-264">
         <name>.common:Cal_SET</name>
         <uninitialized>true</uninitialized>
         <run_address>0x20000c28</run_address>
         <size>0x4</size>
      </object_component>
      <object_component id="oc-263">
         <name>.common:Ring_SET</name>
         <uninitialized>true</uninitialized>
         <run_address>0x20000c38</run_address>
         <size>0x4</size>
      </object_component>
      <object_component id="oc-107">
         <name>.common:time</name>
         <uninitialized>true</uninitialized>
         <run_address>0x20000c40</run_address>
         <size>0x4</size>
      </object_component>
      <object_component id="oc-528">
         <name>.common:__TI_tmpnams</name>
         <uninitialized>true</uninitialized>
         <run_address>0x20000b80</run_address>
         <size>0xa0</size>
      </object_component>
      <object_component id="oc-539">
         <name>.common:parmbuf</name>
         <uninitialized>true</uninitialized>
         <run_address>0x20000c20</run_address>
         <size>0x8</size>
      </object_component>
      <object_component id="oc-29">
         <name>.sysmem</name>
         <uninitialized>true</uninitialized>
         <run_address>0x20000660</run_address>
         <size>0x10</size>
         <input_file_ref idref="fl-e1"/>
      </object_component>
      <object_component id="oc-5d7">
         <name>.sysmem</name>
         <uninitialized>true</uninitialized>
         <run_address>0x20000660</run_address>
         <size>0x0</size>
      </object_component>
      <object_component id="oc-2c">
         <name>.stack</name>
         <uninitialized>true</uninitialized>
         <run_address>0x2000fe00</run_address>
         <size>0x4</size>
         <input_file_ref idref="fl-e5"/>
      </object_component>
      <object_component id="oc-5d6">
         <name>.stack</name>
         <uninitialized>true</uninitialized>
         <run_address>0x2000fe00</run_address>
         <size>0x0</size>
      </object_component>
      <object_component id="oc-232">
         <name>.debug_info</name>
         <load_address>0x0</load_address>
         <run_address>0x0</run_address>
         <size>0x53d</size>
         <input_file_ref idref="fl-2"/>
      </object_component>
      <object_component id="oc-234">
         <name>.debug_info</name>
         <load_address>0x53d</load_address>
         <run_address>0x53d</run_address>
         <size>0x199</size>
         <input_file_ref idref="fl-2"/>
      </object_component>
      <object_component id="oc-13c">
         <name>.debug_info</name>
         <load_address>0x6d6</load_address>
         <run_address>0x6d6</run_address>
         <size>0x3df</size>
         <input_file_ref idref="fl-2"/>
      </object_component>
      <object_component id="oc-1f9">
         <name>.debug_info</name>
         <load_address>0xab5</load_address>
         <run_address>0xab5</run_address>
         <size>0x37e2</size>
         <input_file_ref idref="fl-2"/>
      </object_component>
      <object_component id="oc-119">
         <name>.debug_info</name>
         <load_address>0x4297</load_address>
         <run_address>0x4297</run_address>
         <size>0x26b</size>
         <input_file_ref idref="fl-2"/>
      </object_component>
      <object_component id="oc-1fe">
         <name>.debug_info</name>
         <load_address>0x4502</load_address>
         <run_address>0x4502</run_address>
         <size>0x1055</size>
         <input_file_ref idref="fl-2"/>
      </object_component>
      <object_component id="oc-35">
         <name>.debug_info</name>
         <load_address>0x5557</load_address>
         <run_address>0x5557</run_address>
         <size>0x84</size>
         <input_file_ref idref="fl-2"/>
      </object_component>
      <object_component id="oc-22d">
         <name>.debug_info</name>
         <load_address>0x55db</load_address>
         <run_address>0x55db</run_address>
         <size>0x2a4</size>
         <input_file_ref idref="fl-2"/>
      </object_component>
      <object_component id="oc-217">
         <name>.debug_info</name>
         <load_address>0x587f</load_address>
         <run_address>0x587f</run_address>
         <size>0xef</size>
         <input_file_ref idref="fl-2"/>
      </object_component>
      <object_component id="oc-112">
         <name>.debug_info</name>
         <load_address>0x596e</load_address>
         <run_address>0x596e</run_address>
         <size>0xbb</size>
         <input_file_ref idref="fl-2"/>
      </object_component>
      <object_component id="oc-1e9">
         <name>.debug_info</name>
         <load_address>0x5a29</load_address>
         <run_address>0x5a29</run_address>
         <size>0x599</size>
         <input_file_ref idref="fl-3"/>
      </object_component>
      <object_component id="oc-1e3">
         <name>.debug_info</name>
         <load_address>0x5fc2</load_address>
         <run_address>0x5fc2</run_address>
         <size>0xe4</size>
         <input_file_ref idref="fl-3"/>
      </object_component>
      <object_component id="oc-1e6">
         <name>.debug_info</name>
         <load_address>0x60a6</load_address>
         <run_address>0x60a6</run_address>
         <size>0xe4</size>
         <input_file_ref idref="fl-3"/>
      </object_component>
      <object_component id="oc-ed">
         <name>.debug_info</name>
         <load_address>0x618a</load_address>
         <run_address>0x618a</run_address>
         <size>0x7f6</size>
         <input_file_ref idref="fl-3"/>
      </object_component>
      <object_component id="oc-32d">
         <name>.debug_info</name>
         <load_address>0x6980</load_address>
         <run_address>0x6980</run_address>
         <size>0x37e2</size>
         <input_file_ref idref="fl-3"/>
      </object_component>
      <object_component id="oc-228">
         <name>.debug_info</name>
         <load_address>0xa162</load_address>
         <run_address>0xa162</run_address>
         <size>0xb9</size>
         <input_file_ref idref="fl-3"/>
      </object_component>
      <object_component id="oc-261">
         <name>.debug_info</name>
         <load_address>0xa21b</load_address>
         <run_address>0xa21b</run_address>
         <size>0xca8</size>
         <input_file_ref idref="fl-5"/>
      </object_component>
      <object_component id="oc-148">
         <name>.debug_info</name>
         <load_address>0xaec3</load_address>
         <run_address>0xaec3</run_address>
         <size>0x56e</size>
         <input_file_ref idref="fl-5"/>
      </object_component>
      <object_component id="oc-203">
         <name>.debug_info</name>
         <load_address>0xb431</load_address>
         <run_address>0xb431</run_address>
         <size>0x341</size>
         <input_file_ref idref="fl-5"/>
      </object_component>
      <object_component id="oc-10d">
         <name>.debug_info</name>
         <load_address>0xb772</load_address>
         <run_address>0xb772</run_address>
         <size>0x8b</size>
         <input_file_ref idref="fl-5"/>
      </object_component>
      <object_component id="oc-21e">
         <name>.debug_info</name>
         <load_address>0xb7fd</load_address>
         <run_address>0xb7fd</run_address>
         <size>0xcc</size>
         <input_file_ref idref="fl-5"/>
      </object_component>
      <object_component id="oc-1cf">
         <name>.debug_info</name>
         <load_address>0xb8c9</load_address>
         <run_address>0xb8c9</run_address>
         <size>0x2c</size>
         <input_file_ref idref="fl-5"/>
      </object_component>
      <object_component id="oc-223">
         <name>.debug_info</name>
         <load_address>0xb8f5</load_address>
         <run_address>0xb8f5</run_address>
         <size>0x102</size>
         <input_file_ref idref="fl-5"/>
      </object_component>
      <object_component id="oc-108">
         <name>.debug_info</name>
         <load_address>0xb9f7</load_address>
         <run_address>0xb9f7</run_address>
         <size>0xefc</size>
         <input_file_ref idref="fl-6"/>
      </object_component>
      <object_component id="oc-168">
         <name>.debug_info</name>
         <load_address>0xc8f3</load_address>
         <run_address>0xc8f3</run_address>
         <size>0xc9</size>
         <input_file_ref idref="fl-6"/>
      </object_component>
      <object_component id="oc-165">
         <name>.debug_info</name>
         <load_address>0xc9bc</load_address>
         <run_address>0xc9bc</run_address>
         <size>0x201</size>
         <input_file_ref idref="fl-6"/>
      </object_component>
      <object_component id="oc-a3">
         <name>.debug_info</name>
         <load_address>0xcbbd</load_address>
         <run_address>0xcbbd</run_address>
         <size>0x3cc</size>
         <input_file_ref idref="fl-6"/>
      </object_component>
      <object_component id="oc-212">
         <name>.debug_info</name>
         <load_address>0xcf89</load_address>
         <run_address>0xcf89</run_address>
         <size>0x69</size>
         <input_file_ref idref="fl-6"/>
      </object_component>
      <object_component id="oc-208">
         <name>.debug_info</name>
         <load_address>0xcff2</load_address>
         <run_address>0xcff2</run_address>
         <size>0x35</size>
         <input_file_ref idref="fl-6"/>
      </object_component>
      <object_component id="oc-20d">
         <name>.debug_info</name>
         <load_address>0xd027</load_address>
         <run_address>0xd027</run_address>
         <size>0xb9</size>
         <input_file_ref idref="fl-6"/>
      </object_component>
      <object_component id="oc-247">
         <name>.debug_info</name>
         <load_address>0xd0e0</load_address>
         <run_address>0xd0e0</run_address>
         <size>0x5e2</size>
         <input_file_ref idref="fl-7"/>
      </object_component>
      <object_component id="oc-238">
         <name>.debug_info</name>
         <load_address>0xd6c2</load_address>
         <run_address>0xd6c2</run_address>
         <size>0xe7</size>
         <input_file_ref idref="fl-7"/>
      </object_component>
      <object_component id="oc-23b">
         <name>.debug_info</name>
         <load_address>0xd7a9</load_address>
         <run_address>0xd7a9</run_address>
         <size>0xe7</size>
         <input_file_ref idref="fl-7"/>
      </object_component>
      <object_component id="oc-23e">
         <name>.debug_info</name>
         <load_address>0xd890</load_address>
         <run_address>0xd890</run_address>
         <size>0xe7</size>
         <input_file_ref idref="fl-7"/>
      </object_component>
      <object_component id="oc-241">
         <name>.debug_info</name>
         <load_address>0xd977</load_address>
         <run_address>0xd977</run_address>
         <size>0xdc</size>
         <input_file_ref idref="fl-7"/>
      </object_component>
      <object_component id="oc-244">
         <name>.debug_info</name>
         <load_address>0xda53</load_address>
         <run_address>0xda53</run_address>
         <size>0xde</size>
         <input_file_ref idref="fl-7"/>
      </object_component>
      <object_component id="oc-143">
         <name>.debug_info</name>
         <load_address>0xdb31</load_address>
         <run_address>0xdb31</run_address>
         <size>0x11ae</size>
         <input_file_ref idref="fl-7"/>
      </object_component>
      <object_component id="oc-78">
         <name>.debug_info</name>
         <load_address>0xecdf</load_address>
         <run_address>0xecdf</run_address>
         <size>0x2bf</size>
         <input_file_ref idref="fl-8"/>
      </object_component>
      <object_component id="oc-27">
         <name>.debug_info</name>
         <load_address>0xef9e</load_address>
         <run_address>0xef9e</run_address>
         <size>0xeb</size>
         <input_file_ref idref="fl-8"/>
      </object_component>
      <object_component id="oc-6b">
         <name>.debug_info</name>
         <load_address>0xf089</load_address>
         <run_address>0xf089</run_address>
         <size>0x1b2</size>
         <input_file_ref idref="fl-8"/>
      </object_component>
      <object_component id="oc-1aa">
         <name>.debug_info</name>
         <load_address>0xf23b</load_address>
         <run_address>0xf23b</run_address>
         <size>0xe4</size>
         <input_file_ref idref="fl-9"/>
      </object_component>
      <object_component id="oc-b3">
         <name>.debug_info</name>
         <load_address>0xf31f</load_address>
         <run_address>0xf31f</run_address>
         <size>0x256</size>
         <input_file_ref idref="fl-9"/>
      </object_component>
      <object_component id="oc-10a">
         <name>.debug_info</name>
         <load_address>0xf575</load_address>
         <run_address>0xf575</run_address>
         <size>0x813</size>
         <input_file_ref idref="fl-a"/>
      </object_component>
      <object_component id="oc-f9">
         <name>.debug_info</name>
         <load_address>0xfd88</load_address>
         <run_address>0xfd88</run_address>
         <size>0xcb</size>
         <input_file_ref idref="fl-a"/>
      </object_component>
      <object_component id="oc-ff">
         <name>.debug_info</name>
         <load_address>0xfe53</load_address>
         <run_address>0xfe53</run_address>
         <size>0xce</size>
         <input_file_ref idref="fl-a"/>
      </object_component>
      <object_component id="oc-102">
         <name>.debug_info</name>
         <load_address>0xff21</load_address>
         <run_address>0xff21</run_address>
         <size>0xd2</size>
         <input_file_ref idref="fl-a"/>
      </object_component>
      <object_component id="oc-105">
         <name>.debug_info</name>
         <load_address>0xfff3</load_address>
         <run_address>0xfff3</run_address>
         <size>0xd2</size>
         <input_file_ref idref="fl-a"/>
      </object_component>
      <object_component id="oc-fc">
         <name>.debug_info</name>
         <load_address>0x100c5</load_address>
         <run_address>0x100c5</run_address>
         <size>0x109</size>
         <input_file_ref idref="fl-a"/>
      </object_component>
      <object_component id="oc-f6">
         <name>.debug_info</name>
         <load_address>0x101ce</load_address>
         <run_address>0x101ce</run_address>
         <size>0xdb</size>
         <input_file_ref idref="fl-a"/>
      </object_component>
      <object_component id="oc-72">
         <name>.debug_info</name>
         <load_address>0x102a9</load_address>
         <run_address>0x102a9</run_address>
         <size>0x49a</size>
         <input_file_ref idref="fl-a"/>
      </object_component>
      <object_component id="oc-1ce">
         <name>.debug_info</name>
         <load_address>0x10743</load_address>
         <run_address>0x10743</run_address>
         <size>0x3e5</size>
         <input_file_ref idref="fl-c5"/>
      </object_component>
      <object_component id="oc-1ca">
         <name>.debug_info</name>
         <load_address>0x10b28</load_address>
         <run_address>0x10b28</run_address>
         <size>0x157</size>
         <input_file_ref idref="fl-c5"/>
      </object_component>
      <object_component id="oc-1c3">
         <name>.debug_info</name>
         <load_address>0x10c7f</load_address>
         <run_address>0x10c7f</run_address>
         <size>0x166</size>
         <input_file_ref idref="fl-c5"/>
      </object_component>
      <object_component id="oc-c8">
         <name>.debug_info</name>
         <load_address>0x10de5</load_address>
         <run_address>0x10de5</run_address>
         <size>0x1ac</size>
         <input_file_ref idref="fl-c5"/>
      </object_component>
      <object_component id="oc-31d">
         <name>.debug_info</name>
         <load_address>0x10f91</load_address>
         <run_address>0x10f91</run_address>
         <size>0xb2</size>
         <input_file_ref idref="fl-c5"/>
      </object_component>
      <object_component id="oc-2fa">
         <name>.debug_info</name>
         <load_address>0x11043</load_address>
         <run_address>0x11043</run_address>
         <size>0x590</size>
         <input_file_ref idref="fl-c6"/>
      </object_component>
      <object_component id="oc-2c8">
         <name>.debug_info</name>
         <load_address>0x115d3</load_address>
         <run_address>0x115d3</run_address>
         <size>0x21e</size>
         <input_file_ref idref="fl-c6"/>
      </object_component>
      <object_component id="oc-39f">
         <name>.debug_info</name>
         <load_address>0x117f1</load_address>
         <run_address>0x117f1</run_address>
         <size>0x1b3</size>
         <input_file_ref idref="fl-c6"/>
      </object_component>
      <object_component id="oc-3a6">
         <name>.debug_info</name>
         <load_address>0x119a4</load_address>
         <run_address>0x119a4</run_address>
         <size>0x21b</size>
         <input_file_ref idref="fl-c6"/>
      </object_component>
      <object_component id="oc-2d3">
         <name>.debug_info</name>
         <load_address>0x11bbf</load_address>
         <run_address>0x11bbf</run_address>
         <size>0x3c0</size>
         <input_file_ref idref="fl-c6"/>
      </object_component>
      <object_component id="oc-3ac">
         <name>.debug_info</name>
         <load_address>0x11f7f</load_address>
         <run_address>0x11f7f</run_address>
         <size>0x30a</size>
         <input_file_ref idref="fl-c6"/>
      </object_component>
      <object_component id="oc-3b3">
         <name>.debug_info</name>
         <load_address>0x12289</load_address>
         <run_address>0x12289</run_address>
         <size>0x215</size>
         <input_file_ref idref="fl-c6"/>
      </object_component>
      <object_component id="oc-2d9">
         <name>.debug_info</name>
         <load_address>0x1249e</load_address>
         <run_address>0x1249e</run_address>
         <size>0x215</size>
         <input_file_ref idref="fl-c6"/>
      </object_component>
      <object_component id="oc-2de">
         <name>.debug_info</name>
         <load_address>0x126b3</load_address>
         <run_address>0x126b3</run_address>
         <size>0x304</size>
         <input_file_ref idref="fl-c6"/>
      </object_component>
      <object_component id="oc-2e5">
         <name>.debug_info</name>
         <load_address>0x129b7</load_address>
         <run_address>0x129b7</run_address>
         <size>0x4b5</size>
         <input_file_ref idref="fl-c6"/>
      </object_component>
      <object_component id="oc-1b8">
         <name>.debug_info</name>
         <load_address>0x12e6c</load_address>
         <run_address>0x12e6c</run_address>
         <size>0x5f4</size>
         <input_file_ref idref="fl-c6"/>
      </object_component>
      <object_component id="oc-2fb">
         <name>.debug_info</name>
         <load_address>0x13460</load_address>
         <run_address>0x13460</run_address>
         <size>0x86</size>
         <input_file_ref idref="fl-c6"/>
      </object_component>
      <object_component id="oc-3df">
         <name>.debug_info</name>
         <load_address>0x134e6</load_address>
         <run_address>0x134e6</run_address>
         <size>0x39</size>
         <input_file_ref idref="fl-c6"/>
      </object_component>
      <object_component id="oc-454">
         <name>.debug_info</name>
         <load_address>0x1351f</load_address>
         <run_address>0x1351f</run_address>
         <size>0xb6</size>
         <input_file_ref idref="fl-c6"/>
      </object_component>
      <object_component id="oc-3e4">
         <name>.debug_info</name>
         <load_address>0x135d5</load_address>
         <run_address>0x135d5</run_address>
         <size>0x46</size>
         <input_file_ref idref="fl-c6"/>
      </object_component>
      <object_component id="oc-300">
         <name>.debug_info</name>
         <load_address>0x1361b</load_address>
         <run_address>0x1361b</run_address>
         <size>0x46</size>
         <input_file_ref idref="fl-c6"/>
      </object_component>
      <object_component id="oc-3da">
         <name>.debug_info</name>
         <load_address>0x13661</load_address>
         <run_address>0x13661</run_address>
         <size>0x2c</size>
         <input_file_ref idref="fl-c6"/>
      </object_component>
      <object_component id="oc-407">
         <name>.debug_info</name>
         <load_address>0x1368d</load_address>
         <run_address>0x1368d</run_address>
         <size>0x3fc</size>
         <input_file_ref idref="fl-c7"/>
      </object_component>
      <object_component id="oc-314">
         <name>.debug_info</name>
         <load_address>0x13a89</load_address>
         <run_address>0x13a89</run_address>
         <size>0x2e2</size>
         <input_file_ref idref="fl-c7"/>
      </object_component>
      <object_component id="oc-131">
         <name>.debug_info</name>
         <load_address>0x13d6b</load_address>
         <run_address>0x13d6b</run_address>
         <size>0x2c</size>
         <input_file_ref idref="fl-c7"/>
      </object_component>
      <object_component id="oc-466">
         <name>.debug_info</name>
         <load_address>0x13d97</load_address>
         <run_address>0x13d97</run_address>
         <size>0x300</size>
         <input_file_ref idref="fl-c8"/>
      </object_component>
      <object_component id="oc-3ef">
         <name>.debug_info</name>
         <load_address>0x14097</load_address>
         <run_address>0x14097</run_address>
         <size>0x19c</size>
         <input_file_ref idref="fl-c8"/>
      </object_component>
      <object_component id="oc-49f">
         <name>.debug_info</name>
         <load_address>0x14233</load_address>
         <run_address>0x14233</run_address>
         <size>0xbf</size>
         <input_file_ref idref="fl-c8"/>
      </object_component>
      <object_component id="oc-49e">
         <name>.debug_info</name>
         <load_address>0x142f2</load_address>
         <run_address>0x142f2</run_address>
         <size>0x374</size>
         <input_file_ref idref="fl-c9"/>
      </object_component>
      <object_component id="oc-463">
         <name>.debug_info</name>
         <load_address>0x14666</load_address>
         <run_address>0x14666</run_address>
         <size>0x20b</size>
         <input_file_ref idref="fl-c9"/>
      </object_component>
      <object_component id="oc-437">
         <name>.debug_info</name>
         <load_address>0x14871</load_address>
         <run_address>0x14871</run_address>
         <size>0x295</size>
         <input_file_ref idref="fl-ca"/>
      </object_component>
      <object_component id="oc-3b9">
         <name>.debug_info</name>
         <load_address>0x14b06</load_address>
         <run_address>0x14b06</run_address>
         <size>0x195</size>
         <input_file_ref idref="fl-ca"/>
      </object_component>
      <object_component id="oc-479">
         <name>.debug_info</name>
         <load_address>0x14c9b</load_address>
         <run_address>0x14c9b</run_address>
         <size>0x39</size>
         <input_file_ref idref="fl-ca"/>
      </object_component>
      <object_component id="oc-438">
         <name>.debug_info</name>
         <load_address>0x14cd4</load_address>
         <run_address>0x14cd4</run_address>
         <size>0x2c</size>
         <input_file_ref idref="fl-ca"/>
      </object_component>
      <object_component id="oc-444">
         <name>.debug_info</name>
         <load_address>0x14d00</load_address>
         <run_address>0x14d00</run_address>
         <size>0x2f8</size>
         <input_file_ref idref="fl-cb"/>
      </object_component>
      <object_component id="oc-3c0">
         <name>.debug_info</name>
         <load_address>0x14ff8</load_address>
         <run_address>0x14ff8</run_address>
         <size>0x225</size>
         <input_file_ref idref="fl-cb"/>
      </object_component>
      <object_component id="oc-3d2">
         <name>.debug_info</name>
         <load_address>0x1521d</load_address>
         <run_address>0x1521d</run_address>
         <size>0x28f</size>
         <input_file_ref idref="fl-cc"/>
      </object_component>
      <object_component id="oc-2ee">
         <name>.debug_info</name>
[...]
      <symbol id="sm-5c4">
         <name>__aeabi_memset8</name>
         <value>0x38eb</value>
         <object_component_ref idref="oc-94"/>
      </symbol>
      <symbol id="sm-5c5">
         <name>__aeabi_memset4</name>
         <value>0x38eb</value>
         <object_component_ref idref="oc-94"/>
      </symbol>
      <symbol id="sm-5c6">
         <name>__aeabi_memclr8</name>
         <value>0x38e9</value>
         <object_component_ref idref="oc-94"/>
      </symbol>
      <symbol id="sm-5c7">
         <name>__aeabi_memclr4</name>
         <value>0x38e9</value>
         <object_component_ref idref="oc-94"/>
      </symbol>
      <symbol id="sm-5c8">
         <name>__aeabi_memclr</name>
         <value>0x38e9</value>
         <object_component_ref idref="oc-94"/>
      </symbol>
      <symbol id="sm-5dc">
         <name>__TI_zero_init_nomemset</name>
         <value>0x46e1</value>
         <object_component_ref idref="oc-46"/>
      </symbol>
      <symbol id="sm-5f3">
         <name>__TI_decompress_none</name>
         <value>0x480b</value>
         <object_component_ref idref="oc-1d"/>
      </symbol>
      <symbol id="sm-616">
         <name>__TI_decompress_lzss</name>
         <value>0x3bf5</value>
         <object_component_ref idref="oc-17"/>
      </symbol>
      <symbol id="sm-63c">
         <name>C$$EXIT</name>
         <value>0x4851</value>
         <object_component_ref idref="oc-16b"/>
      </symbol>
      <symbol id="sm-63d">
         <name>abort</name>
         <value>0x4851</value>
         <object_component_ref idref="oc-16b"/>
      </symbol>
      <symbol id="sm-63e">
         <name>__TI_dtors_ptr</name>
         <value>0x20000634</value>
         <object_component_ref idref="oc-285"/>
      </symbol>
      <symbol id="sm-63f">
         <name>__TI_cleanup_ptr</name>
         <value>0x20000630</value>
         <object_component_ref idref="oc-285"/>
      </symbol>
      <symbol id="sm-640">
         <name>__TI_enable_exit_profile_output</name>
         <value>0x20000638</value>
         <object_component_ref idref="oc-285"/>
      </symbol>
      <symbol id="sm-641">
         <name>exit</name>
         <value>0x41ad</value>
         <object_component_ref idref="oc-171"/>
      </symbol>
      <symbol id="sm-656">
         <name>_nop</name>
         <value>0xb33</value>
         <object_component_ref idref="oc-305"/>
      </symbol>
      <symbol id="sm-657">
         <name>_lock</name>
         <value>0x2000063c</value>
         <object_component_ref idref="oc-1bb"/>
      </symbol>
      <symbol id="sm-658">
         <name>_unlock</name>
         <value>0x20000640</value>
         <object_component_ref idref="oc-1bb"/>
      </symbol>
      <symbol id="sm-667">
         <name>__TI_ltoa</name>
         <value>0x406f</value>
         <object_component_ref idref="oc-38c"/>
      </symbol>
      <symbol id="sm-67d">
         <name>atoi</name>
         <value>0x4161</value>
         <object_component_ref idref="oc-e3"/>
      </symbol>
      <symbol id="sm-688">
         <name>_ctypes_</name>
         <value>0x59d0</value>
         <object_component_ref idref="oc-1dd"/>
      </symbol>
      <symbol id="sm-69d">
         <name>__TI_tmpnams</name>
         <value>0x20000b80</value>
      </symbol>
      <symbol id="sm-69e">
         <name>__aeabi_stdout</name>
         <value>0x20000628</value>
         <object_component_ref idref="oc-4da"/>
      </symbol>
      <symbol id="sm-69f">
         <name>__aeabi_stderr</name>
         <value>0x2000062c</value>
         <object_component_ref idref="oc-4da"/>
      </symbol>
      <symbol id="sm-6a0">
         <name>__aeabi_stdin</name>
         <value>0x20000624</value>
         <object_component_ref idref="oc-4da"/>
      </symbol>
      <symbol id="sm-6a1">
         <name>_ftable</name>
         <value>0x20000400</value>
         <object_component_ref idref="oc-1be"/>
      </symbol>
      <symbol id="sm-6a2">
         <name>__TI_ft_end</name>
         <value>0x20000620</value>
         <object_component_ref idref="oc-4da"/>
      </symbol>
      <symbol id="sm-6b2">
         <name>memccpy</name>
         <value>0x4719</value>
         <object_component_ref idref="oc-2e7"/>
      </symbol>
      <symbol id="sm-6c2">
         <name>memchr</name>
         <value>0x46c1</value>
         <object_component_ref idref="oc-3f4"/>
      </symbol>
      <symbol id="sm-74b">
         <name>_sys_memory</name>
         <value>0x20000660</value>
         <object_component_ref idref="oc-29"/>
      </symbol>
      <symbol id="sm-74c">
         <name>free</name>
         <value>0x33b9</value>
         <object_component_ref idref="oc-48b"/>
      </symbol>
      <symbol id="sm-74d">
         <name>memalign</name>
         <value>0x31bd</value>
         <object_component_ref idref="oc-4cd"/>
      </symbol>
      <symbol id="sm-74e">
         <name>malloc</name>
         <value>0x483d</value>
         <object_component_ref idref="oc-491"/>
      </symbol>
      <symbol id="sm-74f">
         <name>aligned_alloc</name>
         <value>0x31bd</value>
         <object_component_ref idref="oc-4cd"/>
      </symbol>
      <symbol id="sm-75f">
         <name>strchr</name>
         <value>0x47ab</value>
         <object_component_ref idref="oc-3c3"/>
      </symbol>
      <symbol id="sm-76d">
         <name>strlen</name>
         <value>0x47d5</value>
         <object_component_ref idref="oc-2be"/>
      </symbol>
      <symbol id="sm-783">
         <name>__aeabi_errno_addr</name>
         <value>0x4835</value>
         <object_component_ref idref="oc-2f3"/>
      </symbol>
      <symbol id="sm-784">
         <name>errno</name>
         <value>0x2000064c</value>
         <object_component_ref idref="oc-3d3"/>
      </symbol>
      <symbol id="sm-797">
         <name>__stack</name>
         <value>0x2000fe00</value>
         <object_component_ref idref="oc-2c"/>
      </symbol>
      <symbol id="sm-798">
         <name>_c_int00_noargs</name>
         <value>0x4509</value>
         <object_component_ref idref="oc-58"/>
      </symbol>
      <symbol id="sm-7b2">
         <name>write</name>
         <value>0x4699</value>
         <object_component_ref idref="oc-400"/>
      </symbol>
      <symbol id="sm-7c3">
         <name>_stream</name>
         <value>0x20000568</value>
         <object_component_ref idref="oc-46b"/>
      </symbol>
      <symbol id="sm-7c4">
         <name>_device</name>
         <value>0x200004f0</value>
         <object_component_ref idref="oc-4aa"/>
      </symbol>
      <symbol id="sm-7d4">
         <name>__TI_doflush</name>
         <value>0x4115</value>
         <object_component_ref idref="oc-3fa"/>
      </symbol>
      <symbol id="sm-7e4">
         <name>__TI_cleanup</name>
         <value>0x44a1</value>
         <object_component_ref idref="oc-497"/>
      </symbol>
      <symbol id="sm-7f6">
         <name>fseek</name>
         <value>0x3d8d</value>
         <object_component_ref idref="oc-459"/>
      </symbol>
      <symbol id="sm-800">
         <name>copysign</name>
         <value>0x4735</value>
         <object_component_ref idref="oc-43d"/>
      </symbol>
      <symbol id="sm-801">
         <name>copysignl</name>
         <value>0x4735</value>
         <object_component_ref idref="oc-43d"/>
      </symbol>
      <symbol id="sm-80b">
         <name>__aeabi_idiv0</name>
         <value>0x2683</value>
         <object_component_ref idref="oc-424"/>
      </symbol>
      <symbol id="sm-80c">
         <name>__aeabi_ldiv0</name>
         <value>0x2683</value>
         <object_component_ref idref="oc-424"/>
      </symbol>
      <symbol id="sm-834">
         <name>__TI_auto_init_nobinit_nopinit</name>
         <value>0x42c5</value>
         <object_component_ref idref="oc-177"/>
      </symbol>
      <symbol id="sm-83e">
         <name>_system_pre_init</name>
         <value>0x484d</value>
         <object_component_ref idref="oc-9a"/>
      </symbol>
      <symbol id="sm-851">
         <name>HOSTclose</name>
         <value>0x423d</value>
         <object_component_ref idref="oc-4e6"/>
      </symbol>
      <symbol id="sm-862">
         <name>HOSTlseek</name>
         <value>0x3b25</value>
         <object_component_ref idref="oc-4f8"/>
      </symbol>
      <symbol id="sm-874">
         <name>parmbuf</name>
         <value>0x20000c20</value>
      </symbol>
      <symbol id="sm-875">
         <name>HOSTopen</name>
         <value>0x3e55</value>
         <object_component_ref idref="oc-4e0"/>
      </symbol>
      <symbol id="sm-886">
         <name>HOSTread</name>
         <value>0x3f69</value>
         <object_component_ref idref="oc-4ec"/>
      </symbol>
      <symbol id="sm-897">
         <name>HOSTrename</name>
         <value>0x3ab9</value>
         <object_component_ref idref="oc-504"/>
      </symbol>
      <symbol id="sm-8a8">
         <name>HOSTunlink</name>
         <value>0x4281</value>
         <object_component_ref idref="oc-4fe"/>
      </symbol>
      <symbol id="sm-8b9">
         <name>HOSTwrite</name>
         <value>0x3fc1</value>
         <object_component_ref idref="oc-4f2"/>
      </symbol>
      <symbol id="sm-8dd">
         <name>__TI_readmsg</name>
         <value>0x44d5</value>
         <object_component_ref idref="oc-533"/>
      </symbol>
      <symbol id="sm-8de">
         <name>C$$IO$$</name>
         <value>0x43f7</value>
         <object_component_ref idref="oc-52d"/>
      </symbol>
      <symbol id="sm-8df">
         <name>__CIOBUF_</name>
         <value>0x20000a60</value>
         <object_component_ref idref="oc-55e"/>
      </symbol>
      <symbol id="sm-8e0">
         <name>__TI_writemsg</name>
         <value>0x43c9</value>
         <object_component_ref idref="oc-52d"/>
      </symbol>
      <symbol id="sm-8f1">
         <name>lseek</name>
         <value>0x4671</value>
         <object_component_ref idref="oc-483"/>
      </symbol>
      <symbol id="sm-906">
         <name>__TI_closefile</name>
         <value>0x3965</value>
         <object_component_ref idref="oc-4d4"/>
      </symbol>
      <symbol id="sm-929">
         <name>finddevice</name>
         <value>0x456d</value>
         <object_component_ref idref="oc-57c"/>
      </symbol>
      <symbol id="sm-92a">
         <name>getdevice</name>
         <value>0x4309</value>
         <object_component_ref idref="oc-554"/>
      </symbol>
      <symbol id="sm-939">
         <name>strcmp</name>
         <value>0x4767</value>
         <object_component_ref idref="oc-593"/>
      </symbol>
      <symbol id="sm-947">
         <name>strcpy</name>
         <value>0x47c1</value>
         <object_component_ref idref="oc-547"/>
      </symbol>
      <symbol id="sm-957">
         <name>strncpy</name>
         <value>0x4401</value>
         <object_component_ref idref="oc-576"/>
      </symbol>
      <symbol id="sm-96c">
         <name>close</name>
         <value>0x3eb5</value>
         <object_component_ref idref="oc-51c"/>
      </symbol>
      <symbol id="sm-97c">
         <name>unlink</name>
         <value>0x45cd</value>
         <object_component_ref idref="oc-522"/>
      </symbol>
      <symbol id="sm-9b0">
         <name>CS_setDCOCenteredFrequency</name>
         <value>0x4439</value>
         <object_component_ref idref="oc-b9"/>
      </symbol>
      <symbol id="sm-9e6">
         <name>GPIO_setAsInputPinWithPullUpResistor</name>
         <value>0x3f11</value>
         <object_component_ref idref="oc-248"/>
      </symbol>
      <symbol id="sm-9e7">
         <name>GPIO_enableInterrupt</name>
         <value>0x4621</value>
         <object_component_ref idref="oc-25a"/>
      </symbol>
      <symbol id="sm-9e8">
         <name>GPIO_interruptEdgeSelect</name>
         <value>0x438d</value>
         <object_component_ref idref="oc-254"/>
      </symbol>
      <symbol id="sm-9e9">
         <name>GPIO_clearInterruptFlag</name>
         <value>0x45f9</value>
         <object_component_ref idref="oc-24e"/>
      </symbol>
      <symbol id="sm-a0f">
         <name>Interrupt_enableMaster</name>
         <value>0x47fb</value>
         <object_component_ref idref="oc-15e"/>
      </symbol>
      <symbol id="sm-a10">
         <name>Interrupt_enableInterrupt</name>
         <value>0x3869</value>
         <object_component_ref idref="oc-152"/>
      </symbol>
      <symbol id="sm-a47">
         <name>Timer_A_startCounter</name>
         <value>0x477f</value>
         <object_component_ref idref="oc-158"/>
      </symbol>
      <symbol id="sm-a48">
         <name>Timer_A_configureUpMode</name>
         <value>0x3b8d</value>
         <object_component_ref idref="oc-14c"/>
      </symbol>
      <symbol id="sm-aa2">
         <name>UART_receiveData</name>
         <value>0x453d</value>
         <object_component_ref idref="oc-dd"/>
      </symbol>
      <symbol id="sm-aa3">
         <name>UART_getEnabledInterruptStatus</name>
         <value>0x3cc5</value>
         <object_component_ref idref="oc-d1"/>
      </symbol>
      <symbol id="sm-aa4">
         <name>UART_transmitData</name>
         <value>0x446d</value>
         <object_component_ref idref="oc-cb"/>
      </symbol>
      <symbol id="sm-aa5">
         <name>UART_getInterruptStatus</name>
         <value>0x474f</value>
         <object_component_ref idref="oc-ef"/>
      </symbol>
      <symbol id="sm-aa6">
         <name>UART_initModule</name>
         <value>0x2e7d</value>
         <object_component_ref idref="oc-bf"/>
      </symbol>
      <symbol id="sm-aa7">
         <name>UART_clearInterruptFlag</name>
         <value>0x4795</value>
         <object_component_ref idref="oc-d7"/>
      </symbol>
      <symbol id="sm-ab1">
         <name>CPU_cpsie</name>
         <value>0x4827</value>
         <object_component_ref idref="oc-279"/>
      </symbol>
      <symbol id="sm-ab2">
         <name>__TI_static_base__</name>
         <value>0x0</value>
      </symbol>
      <symbol id="sm-ab5">
         <name>__mpu_init</name>
         <value>0x0</value>
      </symbol>
      <symbol id="sm-ab6">
         <name>_system_post_cinit</name>
         <value>0x0</value>
      </symbol>
      <symbol id="sm-ab7">
         <name>NMI_Handler</name>
         <value>0x4825</value>
      </symbol>
      <symbol id="sm-ab8">
         <name>HardFault_Handler</name>
         <value>0x4825</value>
      </symbol>
      <symbol id="sm-ab9">
         <name>MemManage_Handler</name>
         <value>0x4825</value>
      </symbol>
      <symbol id="sm-aba">
         <name>BusFault_Handler</name>
         <value>0x4825</value>
      </symbol>
      <symbol id="sm-abb">
         <name>UsageFault_Handler</name>
         <value>0x4825</value>
      </symbol>
      <symbol id="sm-abc">
         <name>SVC_Handler</name>
         <value>0x4825</value>
      </symbol>
      <symbol id="sm-abd">
         <name>DebugMon_Handler</name>
         <value>0x4825</value>
      </symbol>
      <symbol id="sm-abe">
         <name>PendSV_Handler</name>
         <value>0x4825</value>
      </symbol>
      <symbol id="sm-abf">
         <name>SysTick_Handler</name>
         <value>0x4825</value>
      </symbol>
      <symbol id="sm-ac0">
         <name>PSS_IRQHandler</name>
         <value>0x4825</value>
      </symbol>
      <symbol id="sm-ac1">
         <name>CS_IRQHandler</name>
         <value>0x4825</value>
      </symbol>
      <symbol id="sm-ac2">
         <name>PCM_IRQHandler</name>
         <value>0x4825</value>
      </symbol>
      <symbol id="sm-ac3">
         <name>WDT_A_IRQHandler</name>
         <value>0x4825</value>
      </symbol>
      <symbol id="sm-ac4">
         <name>FPU_IRQHandler</name>
         <value>0x4825</value>
      </symbol>
      <symbol id="sm-ac5">
         <name>FLCTL_IRQHandler</name>
         <value>0x4825</value>
      </symbol>
      <symbol id="sm-ac6">
         <name>COMP_E0_IRQHandler</name>
         <value>0x4825</value>
      </symbol>
      <symbol id="sm-ac7">
         <name>COMP_E1_IRQHandler</name>
         <value>0x4825</value>
      </symbol>
      <symbol id="sm-ac8">
         <name>TA0_0_IRQHandler</name>
         <value>0x4825</value>
      </symbol>
      <symbol id="sm-ac9">
         <name>TA0_N_IRQHandler</name>
         <value>0x4825</value>
      </symbol>
      <symbol id="sm-aca">
         <name>TA1_0_IRQHandler</name>
         <value>0x4825</value>
      </symbol>
      <symbol id="sm-acb">
         <name>TA1_N_IRQHandler</name>
         <value>0x4825</value>
      </symbol>
      <symbol id="sm-acc">
         <name>TA2_0_IRQHandler</name>
         <value>0x4825</value>
      </symbol>
      <symbol id="sm-acd">
         <name>TA2_N_IRQHandler</name>
         <value>0x4825</value>
      </symbol>
      <symbol id="sm-ace">
         <name>TA3_0_IRQHandler</name>
         <value>0x4825</value>
      </symbol>
      <symbol id="sm-acf">
         <name>TA3_N_IRQHandler</name>
         <value>0x4825</value>
      </symbol>
      <symbol id="sm-ad0">
         <name>EUSCIA0_IRQHandler</name>
         <value>0x1c89</value>
      </symbol>
      <symbol id="sm-ad1">
         <name>EUSCIA1_IRQHandler</name>
         <value>0x4825</value>
      </symbol>
      <symbol id="sm-ad2">
         <name>EUSCIA2_IRQHandler</name>
         <value>0x4825</value>
      </symbol>
      <symbol id="sm-ad3">
         <name>EUSCIA3_IRQHandler</name>
         <value>0x4825</value>
      </symbol>
      <symbol id="sm-ad4">
         <name>EUSCIB0_IRQHandler</name>
         <value>0x4825</value>
      </symbol>
      <symbol id="sm-ad5">
         <name>EUSCIB1_IRQHandler</name>
         <value>0x4825</value>
      </symbol>
      <symbol id="sm-ad6">
         <name>EUSCIB2_IRQHandler</name>
         <value>0x4825</value>
      </symbol>
      <symbol id="sm-ad7">
         <name>EUSCIB3_IRQHandler</name>
         <value>0x4825</value>
      </symbol>
      <symbol id="sm-ad8">
         <name>ADC14_IRQHandler</name>
         <value>0x4825</value>
      </symbol>
      <symbol id="sm-ad9">
         <name>T32_INT1_IRQHandler</name>
         <value>0x4825</value>
      </symbol>
      <symbol id="sm-ada">
         <name>T32_INT2_IRQHandler</name>
         <value>0x4825</value>
      </symbol>
      <symbol id="sm-adb">
         <name>T32_INTC_IRQHandler</name>
         <value>0x4825</value>
      </symbol>
      <symbol id="sm-adc">
         <name>AES256_IRQHandler</name>
         <value>0x4825</value>
      </symbol>
      <symbol id="sm-add">
         <name>RTC_C_IRQHandler</name>
         <value>0x4825</value>
      </symbol>
      <symbol id="sm-ade">
         <name>DMA_ERR_IRQHandler</name>
         <value>0x4825</value>
      </symbol>
      <symbol id="sm-adf">
         <name>DMA_INT3_IRQHandler</name>
         <value>0x4825</value>
      </symbol>
      <symbol id="sm-ae0">
         <name>DMA_INT2_IRQHandler</name>
         <value>0x4825</value>
      </symbol>
      <symbol id="sm-ae1">
         <name>DMA_INT1_IRQHandler</name>
         <value>0x4825</value>
      </symbol>
      <symbol id="sm-ae2">
         <name>DMA_INT0_IRQHandler</name>
         <value>0x4825</value>
      </symbol>
      <symbol id="sm-ae3">
         <name>PORT1_IRQHandler</name>
         <value>0x4825</value>
      </symbol>
      <symbol id="sm-ae4">
         <name>PORT2_IRQHandler</name>
         <value>0x4825</value>
      </symbol>
      <symbol id="sm-ae5">
         <name>PORT3_IRQHandler</name>
         <value>0x4825</value>
      </symbol>
      <symbol id="sm-ae6">
         <name>PORT4_IRQHandler</name>
         <value>0x4825</value>
      </symbol>
      <symbol id="sm-ae7">
         <name>PORT5_IRQHandler</name>
         <value>0x4825</value>
      </symbol>
      <symbol id="sm-ae8">
         <name>PORT6_IRQHandler</name>
         <value>0x4825</value>
      </symbol>
      <symbol id="sm-ae9">
         <name>remove</name>
         <value>0x45cd</value>
      </symbol>
   </symbol_table>
   <title>Link successful</title>
</link_info>
