******************************************************************************
                  TI ARM Linker PC v20.2.5                     
******************************************************************************
>> Linked Sat May 28 15:10:04 2022

OUTPUT FILE NAME:   <DS1302.out>
ENTRY POINT SYMBOL: "_c_int00_noargs"  address: 00004509


MEMORY CONFIGURATION

         name            origin    length      used     unused   attr    fill
----------------------  --------  ---------  --------  --------  ----  --------
  MAIN                  00000000   00040000  00005bfc  0003a404  R  X
  INFO                  00200000   00004000  00000000  00004000  R  X
  SRAM_CODE             01000000   00010000  00000e4d  0000f1b3  RW X
  SRAM_DATA             20000000   00010000  00000e4d  0000f1b3  RW  


SEGMENT ALLOCATION MAP

run origin  load origin   length   init length attrs members
----------  ----------- ---------- ----------- ----- -------
00000000    00000000    00005c00   00005c00    r-x
  00000000    00000000    000000e4   000000e4    r-- .intvecs
  000000e4    000000e4    00004770   00004770    r-x .text
  00004854    00004854    00001308   00001308    r-- .const
  00005b60    00005b60    000000a0   000000a0    r-- .cinit
20000000    20000000    00000c50   00000000    rw-
  20000000    20000000    0000065d   00000000    rw- .data
  20000660    20000660    00000400   00000000    rw- .sysmem
  20000a60    20000a60    000001f0   00000000    rw- .bss
2000fe00    2000fe00    00000200   00000000    rw-
  2000fe00    2000fe00    00000200   00000000    rw- .stack


SECTION ALLOCATION MAP

 output                                  attributes/
section   page    origin      length       input sections
--------  ----  ----------  ----------   ----------------
.intvecs   0    00000000    000000e4     
                  00000000    000000e4     startup_msp432p401r_ccs.obj (.intvecs:retain)

.text      0    000000e4    00004770     
                  000000e4    00000a4e     rtsv7M4_T_le_v4SPD16_eabi.lib : _printfi.c.obj (.text:__TI_printfi)
                  00000b32    00000002                                   : _lock.c.obj (.text:_nop)
                  00000b34    00000790     oled.obj (.text)
                  000012c4    00000618     DS1302.obj (.text)
                  000018dc    00000334     system_msp432p401r.obj (.text)
                  00001c10    0000029c     usart.obj (.text)
                  00001eac    00000270     rtsv7M4_T_le_v4SPD16_eabi.lib : _printfi.c.obj (.text:_pconv_a)
                  0000211c    000001e0     Clock.obj (.text)
                  000022fc    000001d0     rtsv7M4_T_le_v4SPD16_eabi.lib : _printfi.c.obj (.text:_pconv_g)
                  000024cc    000001b6                                   : fd_add_t2.asm.obj (.text)
                  00002682    00000002                                   : div0.asm.obj (.text)
                  00002684    000001a4     main2.obj (.text)
                  00002828    00000178     key.obj (.text)
                  000029a0    00000144     msp432p4xx_driverlib.lib : timer_a.o (.text:privateTimer_AProcessClockSourceDivider)
                  00002ae4    0000013c     rtsv7M4_T_le_v4SPD16_eabi.lib : _printfi.c.obj (.text:_pconv_e)
                  00002c20    00000136                                   : fd_div_t2.asm.obj (.text)
                  00002d56    00000002     --HOLE-- [fill = 0]
                  00002d58    00000124                                   : _printfi.c.obj (.text:fcvt)
                  00002e7c    0000011c     msp432p4xx_driverlib.lib : uart.o (.text:UART_initModule)
                  00002f98    00000114     rtsv7M4_T_le_v4SPD16_eabi.lib : fputs.c.obj (.text:fputs)
                  000030ac    00000110                                   : s_scalbn.c.obj (.text:scalbn)
                  000031bc    00000100                                   : memory.c.obj (.text:aligned_alloc)
                  000032bc    000000fc                                   : fd_mul_t2.asm.obj (.text)
                  000033b8    000000e4                                   : memory.c.obj (.text:free)
                  0000349c    000000dc                                   : setvbuf.c.obj (.text:setvbuf)
                  00003578    000000b1                                   : _printfi.c.obj (.text:_ltostr)
                  00003629    00000001     --HOLE-- [fill = 0]
                  0000362a    0000009c                                   : memcpy_t2.asm.obj (.text)
                  000036c6    00000096                                   : ull_div_t2.asm.obj (.text)
                  0000375c    00000086                                   : fd_cmp_t2.asm.obj (.text:__aeabi_cdcmple)
                  000037e2    00000086                                   : fd_cmp_t2.asm.obj (.text:__aeabi_cdrcmple)
                  00003868    00000080     msp432p4xx_driverlib.lib : interrupt.o (.text:Interrupt_enableInterrupt)
                  000038e8    0000007a     rtsv7M4_T_le_v4SPD16_eabi.lib : memset_t2.asm.obj (.text)
                  00003962    00000002     --HOLE-- [fill = 0]
                  00003964    00000074                                   : fclose.c.obj (.text:__TI_closefile)
                  000039d8    00000070                                   : memory.c.obj (.text:split)
                  00003a48    0000006e                                   : _printfi.c.obj (.text:_mcpy)
                  00003ab6    00000002     --HOLE-- [fill = 0]
                  00003ab8    0000006c                                   : hostrename.c.obj (.text:HOSTrename)
                  00003b24    00000068                                   : hostlseek.c.obj (.text:HOSTlseek)
                  00003b8c    00000068     msp432p4xx_driverlib.lib : timer_a.o (.text:Timer_A_configureUpMode)
                  00003bf4    00000068     rtsv7M4_T_le_v4SPD16_eabi.lib : copy_decompress_lzss.c.obj (.text:decompress:lzss:__TI_decompress_lzss)
                  00003c5c    00000068                                   : printf.c.obj (.text:printf)
                  00003cc4    00000064     msp432p4xx_driverlib.lib : uart.o (.text:UART_getEnabledInterruptStatus)
                  00003d28    00000064     rtsv7M4_T_le_v4SPD16_eabi.lib : s_frexp.c.obj (.text:frexp)
                  00003d8c    00000064                                   : fseek.c.obj (.text:fseek)
                  00003df0    00000062                                   : _io_perm.c.obj (.text:__TI_wrt_ok)
                  00003e52    00000002     --HOLE-- [fill = 0]
                  00003e54    00000060                                   : hostopen.c.obj (.text:HOSTopen)
                  00003eb4    0000005c                                   : close.c.obj (.text:close)
                  00003f10    00000058     msp432p4xx_driverlib.lib : gpio.o (.text:GPIO_setAsInputPinWithPullUpResistor)
                  00003f68    00000058     rtsv7M4_T_le_v4SPD16_eabi.lib : hostread.c.obj (.text:HOSTread)
                  00003fc0    00000058                                   : hostwrite.c.obj (.text:HOSTwrite)
                  00004018    00000056                                   : _printfi.c.obj (.text:_pconv_f)
                  0000406e    00000054                                   : _ltoa.c.obj (.text:__TI_ltoa)
                  000040c2    00000052                                   : _printfi.c.obj (.text:_ecpy)
                  00004114    0000004c                                   : fflush.c.obj (.text:__TI_doflush)
                  00004160    0000004c                                   : atoi.c.obj (.text:atoi)
                  000041ac    00000048                                   : exit.c.obj (.text:exit)
                  000041f4    00000048                                   : fd_toi_t2.asm.obj (.text)
                  0000423c    00000044                                   : hostclose.c.obj (.text:HOSTclose)
                  00004280    00000044                                   : hostunlink.c.obj (.text:HOSTunlink)
                  000042c4    00000044                                   : autoinit.c.obj (.text:__TI_auto_init_nobinit_nopinit:__TI_auto_init_nobinit_nopinit)
                  00004308    00000044                                   : getdevice.c.obj (.text:getdevice)
                  0000434c    0000003e                                   : _printfi.c.obj (.text:_fcpy)
                  0000438a    00000002     --HOLE-- [fill = 0]
                  0000438c    0000003c     msp432p4xx_driverlib.lib : gpio.o (.text:GPIO_interruptEdgeSelect)
                  000043c8    00000038     rtsv7M4_T_le_v4SPD16_eabi.lib : trgmsg.c.obj (.text:__TI_writemsg)
                  00004400    00000036                                   : strncpy.c.obj (.text:strncpy)
                  00004436    00000002     --HOLE-- [fill = 0]
                  00004438    00000034     msp432p4xx_driverlib.lib : cs.o (.text:CS_setDCOCenteredFrequency)
                  0000446c    00000034                              : uart.o (.text:UART_transmitData)
                  000044a0    00000034     rtsv7M4_T_le_v4SPD16_eabi.lib : fopen.c.obj (.text:__TI_cleanup)
                  000044d4    00000034                                   : trgmsg.c.obj (.text:__TI_readmsg)
                  00004508    00000034                                   : boot_cortex_m.c.obj (.text:_c_int00_noargs:_c_int00_noargs)
                  0000453c    00000030     msp432p4xx_driverlib.lib : uart.o (.text:UART_receiveData)
                  0000456c    00000030     rtsv7M4_T_le_v4SPD16_eabi.lib : getdevice.c.obj (.text:finddevice)
                  0000459c    0000002e                                   : i_tofd_t2.asm.obj (.text)
                  000045ca    00000002     --HOLE-- [fill = 0]
                  000045cc    0000002c                                   : unlink.c.obj (.text:unlink)
                  000045f8    00000028     msp432p4xx_driverlib.lib : gpio.o (.text:GPIO_clearInterruptFlag)
                  00004620    00000028                              : gpio.o (.text:GPIO_enableInterrupt)
                  00004648    00000028     rtsv7M4_T_le_v4SPD16_eabi.lib : memory.c.obj (.text:free_list_insert)
                  00004670    00000028                                   : lseek.c.obj (.text:lseek)
                  00004698    00000028                                   : write.c.obj (.text:write)
                  000046c0    00000020                                   : memchr.c.obj (.text:memchr)
                  000046e0    0000001c                                   : copy_zero_init.c.obj (.text:decompress:ZI:__TI_zero_init_nomemset:__TI_zero_init_nomemset)
                  000046fc    0000001c                                   : memory.c.obj (.text:free_list_remove)
                  00004718    0000001c                                   : memccpy.c.obj (.text:memccpy)
                  00004734    0000001a                                   : s_copysign.c.obj (.text:copysign)
                  0000474e    00000018     msp432p4xx_driverlib.lib : uart.o (.text:UART_getInterruptStatus)
                  00004766    00000018     rtsv7M4_T_le_v4SPD16_eabi.lib : strcmp.c.obj (.text:strcmp)
                  0000477e    00000016     msp432p4xx_driverlib.lib : timer_a.o (.text:Timer_A_startCounter)
                  00004794    00000016                              : uart.o (.text:UART_clearInterruptFlag)
                  000047aa    00000016     rtsv7M4_T_le_v4SPD16_eabi.lib : strchr.c.obj (.text:strchr)
                  000047c0    00000014                                   : strcpy.c.obj (.text:strcpy)
                  000047d4    00000014                                   : strlen.c.obj (.text:strlen)
                  000047e8    00000012                                   : wcslen.c.obj (.text:wcslen)
                  000047fa    00000010     msp432p4xx_driverlib.lib : interrupt.o (.text:Interrupt_enableMaster)
                  0000480a    0000000e     rtsv7M4_T_le_v4SPD16_eabi.lib : copy_decompress_none.c.obj (.text:decompress:none:__TI_decompress_none)
                  00004818    0000000e     startup_msp432p401r_ccs.obj (.text)
                  00004826    0000000c     msp432p4xx_driverlib.lib : cpu.o (.text:CPU_cpsie)
                  00004832    00000002     --HOLE-- [fill = 0]
                  00004834    00000008     rtsv7M4_T_le_v4SPD16_eabi.lib : errno.c.obj (.text:__aeabi_errno_addr)
                  0000483c    00000008                                   : memory.c.obj (.text:malloc)
                  00004844    00000004                                   : printf.c.obj (.text:_outc)
                  00004848    00000004                                   : printf.c.obj (.text:_outs)
                  0000484c    00000004                                   : pre_init.c.obj (.text:_system_pre_init)
                  00004850    00000004                                   : exit.c.obj (.text:abort:abort)

.const     0    00004854    00001308     
                  00004854    000005f0     oled.obj (.const:asc2_1608)
                  00004e44    00000474     oled.obj (.const:asc2_1206)
                  000052b8    00000330     oled.obj (.const:Hzk1)
                  000055e8    00000228     oled.obj (.const:asc2_0806)
                  00005810    000001c0     oled.obj (.const:Hzk)
                  000059d0    00000101     rtsv7M4_T_le_v4SPD16_eabi.lib : ctype.c.obj (.const:.string:_ctypes_)
                  00005ad1    00000003     --HOLE-- [fill = 0]
                  00005ad4    00000030     msp432p4xx_driverlib.lib : gpio.o (.const:GPIO_PORT_TO_BASE)
                  00005b04    00000028     usart.obj (.const:uartConfig)
                  00005b2c    00000018     main2.obj (.const:upConfig)
                  00005b44    00000008     DS1302.obj (.const:.string:$P$T0$1)
                  00005b4c    00000008     DS1302.obj (.const:.string:$P$T1$2)
                  00005b54    00000008     msp432p4xx_driverlib.lib : interrupt.o (.const:g_pulEnRegs)

.cinit     0    00005b60    000000a0     
                  00005b60    0000007a     (.cinit..data.load) [load image, compression = lzss]
                  00005bda    00000002     --HOLE-- [fill = 0]
                  00005bdc    0000000c     (__TI_handler_table)
                  00005be8    00000008     (.cinit..bss.load) [load image, compression = zero_init]
                  00005bf0    00000010     (__TI_cinit_table)

.init_array 
*          0    00000000    00000000     UNINITIALIZED

.binit     0    00000000    00000000     

.data      0    20000000    0000065d     UNINITIALIZED
                  20000000    00000400     usart.obj (.data:ch)
                  20000400    000000f0     rtsv7M4_T_le_v4SPD16_eabi.lib : defs.c.obj (.data:_ftable)
                  200004f0    00000078                                   : host_device.c.obj (.data:_device)
                  20000568    00000050                                   : host_device.c.obj (.data:_stream)
                  200005b8    0000003c     main2.obj (.data)
                  200005f4    00000018     Clock.obj (.data)
                  2000060c    00000014     usart.obj (.data)
                  20000620    00000010     rtsv7M4_T_le_v4SPD16_eabi.lib : defs.c.obj (.data)
                  20000630    0000000c                                   : exit.c.obj (.data:$O1$$)
                  2000063c    00000008                                   : _lock.c.obj (.data:$O1$$)
                  20000644    00000008                                   : memory.c.obj (.data:$O1$$)
                  2000064c    00000004                                   : errno.c.obj (.data)
                  20000650    00000004     system_msp432p401r.obj (.data)
                  20000654    00000003     usart.obj (.data:hour)
                  20000657    00000003     usart.obj (.data:minute)
                  2000065a    00000003     usart.obj (.data:second)

.sysmem    0    20000660    00000400     UNINITIALIZED
                  20000660    00000010     rtsv7M4_T_le_v4SPD16_eabi.lib : memory.c.obj (.sysmem)
                  20000670    000003f0     --HOLE--

.bss       0    20000a60    000001f0     UNINITIALIZED
                  20000a60    00000120     rtsv7M4_T_le_v4SPD16_eabi.lib : trgmsg.c.obj (.bss:_CIOBUF_)
                  20000b80    000000a0     (.common:__TI_tmpnams)
                  20000c20    00000008     (.common:parmbuf)
                  20000c28    00000004     (.common:Cal_SET)
                  20000c2c    00000004     (.common:Clock_SET)
                  20000c30    00000004     (.common:Key_Flag)
                  20000c34    00000004     (.common:Light_SET)
                  20000c38    00000004     (.common:Ring_SET)
                  20000c3c    00000004     (.common:Timer_SET)
                  20000c40    00000004     (.common:time)
                  20000c44    00000004     (.common:x)
                  20000c48    00000004     (.common:y)
                  20000c4c    00000004     (.common:z)

.stack     0    2000fe00    00000200     UNINITIALIZED
                  2000fe00    00000004     rtsv7M4_T_le_v4SPD16_eabi.lib : boot_cortex_m.c.obj (.stack)
                  2000fe04    000001fc     --HOLE--

__llvm_prf_cnts 
*          0    20000000    00000000     UNINITIALIZED

MODULE SUMMARY

       Module                        code    ro data   rw data
       ------                        ----    -------   -------
    .\
       oled.obj                      1936    4476      0      
       usart.obj                     668     40        2106   
       DS1302.obj                    1560    16        0      
       system_msp432p401r.obj        820     0         8      
       main2.obj                     420     24        128    
       Clock.obj                     480     0         48     
       key.obj                       376     0         72     
       startup_msp432p401r_ccs.obj   14      228       0      
    +--+-----------------------------+-------+---------+---------+
       Total:                        6274    4784      2362   
                                                              
    C:/ti/simplelink_msp432p4_sdk_3_40_01_02/source/ti/devices/msp432p4xx/driverlib/ccs/msp432p4xx_driverlib.lib
       uart.o                        530     0         0      
       timer_a.o                     450     0         0      
       gpio.o                        228     48        0      
       interrupt.o                   144     8         0      
       cs.o                          52      0         0      
       cpu.o                         12      0         0      
    +--+-----------------------------+-------+---------+---------+
       Total:                        1416    56        0      
                                                              
    C:\ti\ccs1100\ccs\tools\compiler\ti-cgt-arm_20.2.5.LTS\lib\rtsv7M4_T_le_v4SPD16_eabi.lib
       _printfi.c.obj                4851    0         0      
       defs.c.obj                    0       0         832    
       memory.c.obj                  672     0         16     
       trgmsg.c.obj                  108     0         576    
       fd_add_t2.asm.obj             438     0         0      
       host_device.c.obj             0       0         400    
       fd_div_t2.asm.obj             310     0         0      
       fputs.c.obj                   276     0         0      
       s_scalbn.c.obj                272     0         0      
       fd_cmp_t2.asm.obj             268     0         0      
       ctype.c.obj                   0       257       0      
       fd_mul_t2.asm.obj             252     0         0      
       setvbuf.c.obj                 220     0         0      
       memcpy_t2.asm.obj             156     0         0      
       ull_div_t2.asm.obj            150     0         0      
       memset_t2.asm.obj             122     0         0      
       fclose.c.obj                  116     0         0      
       getdevice.c.obj               116     0         0      
       hostopen.c.obj                96      0         16     
       printf.c.obj                  112     0         0      
       hostrename.c.obj              108     0         0      
       copy_decompress_lzss.c.obj    104     0         0      
       hostlseek.c.obj               104     0         0      
       exit.c.obj                    76      0         24     
       fseek.c.obj                   100     0         0      
       s_frexp.c.obj                 100     0         0      
       _io_perm.c.obj                98      0         0      
       close.c.obj                   92      0         0      
       hostread.c.obj                88      0         0      
       hostwrite.c.obj               88      0         0      
       _ltoa.c.obj                   84      0         0      
       atoi.c.obj                    76      0         0      
       fflush.c.obj                  76      0         0      
       fd_toi_t2.asm.obj             72      0         0      
       autoinit.c.obj                68      0         0      
       hostclose.c.obj               68      0         0      
       hostunlink.c.obj              68      0         0      
       strncpy.c.obj                 54      0         0      
       boot_cortex_m.c.obj           52      0         0      
       fopen.c.obj                   52      0         0      
       i_tofd_t2.asm.obj             46      0         0      
       unlink.c.obj                  44      0         0      
       lseek.c.obj                   40      0         0      
       write.c.obj                   40      0         0      
       memchr.c.obj                  32      0         0      
       copy_zero_init.c.obj          28      0         0      
       memccpy.c.obj                 28      0         0      
       s_copysign.c.obj              26      0         0      
       strcmp.c.obj                  24      0         0      
       strchr.c.obj                  22      0         0      
       strcpy.c.obj                  20      0         0      
       strlen.c.obj                  20      0         0      
       _lock.c.obj                   2       0         16     
       wcslen.c.obj                  18      0         0      
       errno.c.obj                   8       0         8      
       copy_decompress_none.c.obj    14      0         0      
       pre_init.c.obj                4       0         0      
       div0.asm.obj                  2       0         0      
    +--+-----------------------------+-------+---------+---------+
       Total:                        10581   257       1888   
                                                              
       Heap:                         0       0         2048   
       Stack:                        0       0         1024   
       Linker Generated:             0       158       0      
    +--+-----------------------------+-------+---------+---------+
       Grand Total:                  18271   5255      7322   


LINKER GENERATED COPY TABLES

__TI_cinit_table @ 00005bf0 records: 2, size/record: 8, table size: 16
	.data: load addr=00005b60, load size=0000007a bytes, run addr=20000000, run size=0000065d bytes, compression=lzss
	.bss: load addr=00005be8, load size=00000008 bytes, run addr=20000a60, run size=000001f0 bytes, compression=zero_init


LINKER GENERATED HANDLER TABLE

__TI_handler_table @ 00005bdc records: 3, size/record: 4, table size: 12
	index: 0, handler: __TI_decompress_lzss
	index: 1, handler: __TI_decompress_none
	index: 2, handler: __TI_zero_init


GLOBAL SYMBOLS: SORTED ALPHABETICALLY BY Name 

address   name                                
-------   ----                                
00004825  ADC14_IRQHandler                    
00004825  AES256_IRQHandler                   
00004825  BusFault_Handler                    
00004851  C$$EXIT                             
000043f7  C$$IO$$                             
00004825  COMP_E0_IRQHandler                  
00004825  COMP_E1_IRQHandler                  
200005fc  CPMwait                             
00004827  CPU_cpsie                           
00004825  CS_IRQHandler                       
00004439  CS_setDCOCenteredFrequency          
20000c28  Cal_SET                             
200005f4  ClockFrequency                      
00002271  Clock_Delay1ms                      
00002247  Clock_Delay1us                      
00002233  Clock_GetFreq                       
0000211d  Clock_Init48MHz                     
20000c2c  Clock_SET                           
20000608  Crystalstable                       
00004825  DMA_ERR_IRQHandler                  
00004825  DMA_INT0_IRQHandler                 
00004825  DMA_INT1_IRQHandler                 
00004825  DMA_INT2_IRQHandler                 
00004825  DMA_INT3_IRQHandler                 
0000158d  DS1302_Read_Time                    
000015e5  DS1302_read_time                    
000016b7  DS1302_write_time                   
00004825  DebugMon_Handler                    
00004825  Default_Handler                     
00001c89  EUSCIA0_IRQHandler                  
00001c89  EUSCIA0_IRQHandler                  
00004825  EUSCIA1_IRQHandler                  
00004825  EUSCIA2_IRQHandler                  
00004825  EUSCIA3_IRQHandler                  
00004825  EUSCIB0_IRQHandler                  
00004825  EUSCIB1_IRQHandler                  
00004825  EUSCIB2_IRQHandler                  
00004825  EUSCIB3_IRQHandler                  
00004825  FLCTL_IRQHandler                    
00004825  FPU_IRQHandler                      
000045f9  GPIO_clearInterruptFlag             
00004621  GPIO_enableInterrupt                
0000438d  GPIO_interruptEdgeSelect            
00003f11  GPIO_setAsInputPinWithPullUpResistor
0000423d  HOSTclose                           
00003b25  HOSTlseek                           
00003e55  HOSTopen                            
00003f69  HOSTread                            
00003ab9  HOSTrename                          
00004281  HOSTunlink                          
00003fc1  HOSTwrite                           
00004825  HardFault_Handler                   
2000060c  Hour                                
00005810  Hzk                                 
000052b8  Hzk1                                
20000604  IFlags                              
00003869  Interrupt_enableInterrupt           
000047fb  Interrupt_enableMaster              
20000c30  Key_Flag                            
00002829  Key_Init                            
20000c34  Light_SET                           
00004825  MemManage_Handler                   
20000610  Minute                              
00004825  NMI_Handler                         
00000cdd  OLED_Clear                          
00000b67  OLED_ColorTurn                      
00000b8d  OLED_DisplayTurn                    
00000cc1  OLED_Display_Off                    
00000ca5  OLED_Display_On                     
000010c5  OLED_DrawBMP                        
00001171  OLED_Init                           
00000c69  OLED_Set_Pos                        
00000d47  OLED_ShowChar                       
00001003  OLED_ShowChinese                    
00000ead  OLED_ShowNum                        
00000f97  OLED_ShowString                     
00000bc3  OLED_WR_Byte                        
00004825  PCM_IRQHandler                      
200005f0  PIN2                                
00004825  PORT1_IRQHandler                    
00004825  PORT2_IRQHandler                    
00004825  PORT3_IRQHandler                    
00004825  PORT4_IRQHandler                    
00004825  PORT5_IRQHandler                    
00004825  PORT6_IRQHandler                    
00004825  PSS_IRQHandler                      
00004825  PendSV_Handler                      
20000600  Postwait                            
200005f8  Prewait                             
00004825  RTC_C_IRQHandler                    
000013f7  R_Data                              
00004819  Reset_Handler                       
20000c38  Ring_SET                            
00004825  SVC_Handler                         
20000614  Second                              
00001537  Set_DS1302                          
00004825  SysTick_Handler                     
20000650  SystemCoreClock                     
000018dd  SystemCoreClockUpdate               
00001b55  SystemInit                          
00004825  T32_INT1_IRQHandler                 
00004825  T32_INT2_IRQHandler                 
00004825  T32_INTC_IRQHandler                 
00004825  TA0_0_IRQHandler                    
00004825  TA0_N_IRQHandler                    
00004825  TA1_0_IRQHandler                    
00004825  TA1_N_IRQHandler                    
00004825  TA2_0_IRQHandler                    
00004825  TA2_N_IRQHandler                    
00004825  TA3_0_IRQHandler                    
00004825  TA3_N_IRQHandler                    
0000278b  TimInit                             
000027af  TimeInit                            
00003b8d  Timer_A_configureUpMode             
0000477f  Timer_A_startCounter                
20000c3c  Timer_SET                           
00004795  UART_clearInterruptFlag             
00003cc5  UART_getEnabledInterruptStatus      
0000474f  UART_getInterruptStatus             
00002e7d  UART_initModule                     
0000453d  UART_receiveData                    
0000446d  UART_transmitData                   
00004825  UsageFault_Handler                  
00001c11  Usart0tInit                         
4000480c  WDTCTL_SYM                          
00004825  WDT_A_IRQHandler                    
000012c5  W_Data                              
20000a60  __CIOBUF_                           
20010000  __STACK_END                         
00000200  __STACK_SIZE                        
00000400  __SYSMEM_SIZE                       
00005bf0  __TI_CINIT_Base                     
00005c00  __TI_CINIT_Limit                    
00005bdc  __TI_Handler_Table_Base             
00005be8  __TI_Handler_Table_Limit            
000042c5  __TI_auto_init_nobinit_nopinit      
000044a1  __TI_cleanup                        
20000630  __TI_cleanup_ptr                    
00003965  __TI_closefile                      
00003bf5  __TI_decompress_lzss                
0000480b  __TI_decompress_none                
00004115  __TI_doflush                        
20000634  __TI_dtors_ptr                      
20000638  __TI_enable_exit_profile_output     
20000620  __TI_ft_end                         
0000406f  __TI_ltoa                           
ffffffff  __TI_pprof_out_hndl                 
000000e5  __TI_printfi                        
ffffffff  __TI_prof_data_size                 
ffffffff  __TI_prof_data_start                
000044d5  __TI_readmsg                        
00000000  __TI_static_base__                  
20000b80  __TI_tmpnams                        
000043c9  __TI_writemsg                       
00003df1  __TI_wrt_ok                         
000046e1  __TI_zero_init_nomemset             
0000375d  __aeabi_cdcmpeq                     
0000375d  __aeabi_cdcmple                     
000037e3  __aeabi_cdrcmple                    
000041f5  __aeabi_d2iz                        
000024d7  __aeabi_dadd                        
00002c21  __aeabi_ddiv                        
000032bd  __aeabi_dmul                        
000024cd  __aeabi_dsub                        
00004835  __aeabi_errno_addr                  
0000459d  __aeabi_i2d                         
00002683  __aeabi_idiv0                       
00002683  __aeabi_ldiv0                       
000038e9  __aeabi_memclr                      
000038e9  __aeabi_memclr4                     
000038e9  __aeabi_memclr8                     
0000362b  __aeabi_memcpy                      
0000362b  __aeabi_memcpy4                     
0000362b  __aeabi_memcpy8                     
000038eb  __aeabi_memset                      
000038eb  __aeabi_memset4                     
000038eb  __aeabi_memset8                     
2000062c  __aeabi_stderr                      
20000624  __aeabi_stdin                       
20000628  __aeabi_stdout                      
000036c7  __aeabi_uldivmod                    
ffffffff  __binit__                           
ffffffff  __c_args__                          
UNDEFED   __mpu_init                          
2000fe00  __stack                             
20000000  __start___llvm_prf_cnts             
20000000  __stop___llvm_prf_cnts              
00004509  _c_int00_noargs                     
000059d0  _ctypes_                            
200004f0  _device                             
20000400  _ftable                             
2000063c  _lock                               
00000b33  _nop                                
20000568  _stream                             
20000660  _sys_memory                         
UNDEFED   _system_post_cinit                  
0000484d  _system_pre_init                    
20000640  _unlock                             
200005c8  a                                   
00004851  abort                               
200005e0  ah                                  
000031bd  aligned_alloc                       
200005e4  am                                  
000055e8  asc2_0806                           
00004e44  asc2_1206                           
00004854  asc2_1608                           
00004161  atoi                                
200005dc  aw                                  
200005cc  b                                   
ffffffff  binit                               
200005d0  c                                   
20000000  ch                                  
00003eb5  close                               
00004735  copysign                            
00004735  copysignl                           
200005bc  count                               
200005d4  d                                   
00002239  delay                               
00000b35  delay_ms                            
200005d8  e                                   
2000064c  errno                               
000041ad  exit                                
00001e43  fgetc                               
0000456d  finddevice                          
00001e2d  fputc                               
00002f99  fputs                               
000033b9  free                                
00003d29  frexp                               
00003d29  frexpl                              
00003d8d  fseek                               
00001851  getWeekdayByYearday                 
00004309  getdevice                           
00000000  interruptVectors                    
200005c0  key                                 
000030ad  ldexp                               
000030ad  ldexpl                              
00004671  lseek                               
00002685  main                                
0000483d  malloc                              
000031bd  memalign                            
00004719  memccpy                             
000046c1  memchr                              
0000362b  memcpy                              
000038f1  memset                              
200005b8  num                                 
00000e77  oled_pow                            
20000c20  parmbuf                             
200005e8  pause                               
00003c5d  printf                              
000045cd  remove                              
000030ad  scalbn                              
000030ad  scalbnl                             
200005c4  secondkey                           
0000349d  setvbuf                             
200005ec  start                               
000047ab  strchr                              
00004767  strcmp                              
000047c1  strcpy                              
000047d5  strlen                              
00004401  strncpy                             
20000c40  time                                
00005b04  uartConfig                          
000045cd  unlink                              
00005b2c  upConfig                            
000047e9  wcslen                              
00004699  write                               
20000c44  x                                   
20000c48  y                                   
20000c4c  z                                   


GLOBAL SYMBOLS: SORTED BY Symbol Address 

address   name                                
-------   ----                                
00000000  __TI_static_base__                  
00000000  interruptVectors                    
000000e5  __TI_printfi                        
00000200  __STACK_SIZE                        
00000400  __SYSMEM_SIZE                       
00000b33  _nop                                
00000b35  delay_ms                            
00000b67  OLED_ColorTurn                      
00000b8d  OLED_DisplayTurn                    
00000bc3  OLED_WR_Byte                        
00000c69  OLED_Set_Pos                        
00000ca5  OLED_Display_On                     
00000cc1  OLED_Display_Off                    
00000cdd  OLED_Clear                          
00000d47  OLED_ShowChar                       
00000e77  oled_pow                            
00000ead  OLED_ShowNum                        
00000f97  OLED_ShowString                     
00001003  OLED_ShowChinese                    
000010c5  OLED_DrawBMP                        
00001171  OLED_Init                           
000012c5  W_Data                              
000013f7  R_Data                              
00001537  Set_DS1302                          
0000158d  DS1302_Read_Time                    
000015e5  DS1302_read_time                    
000016b7  DS1302_write_time                   
00001851  getWeekdayByYearday                 
000018dd  SystemCoreClockUpdate               
00001b55  SystemInit                          
00001c11  Usart0tInit                         
00001c89  EUSCIA0_IRQHandler                  
00001c89  EUSCIA0_IRQHandler                  
00001e2d  fputc                               
00001e43  fgetc                               
0000211d  Clock_Init48MHz                     
00002233  Clock_GetFreq                       
00002239  delay                               
00002247  Clock_Delay1us                      
00002271  Clock_Delay1ms                      
000024cd  __aeabi_dsub                        
000024d7  __aeabi_dadd                        
00002683  __aeabi_idiv0                       
00002683  __aeabi_ldiv0                       
00002685  main                                
0000278b  TimInit                             
000027af  TimeInit                            
00002829  Key_Init                            
00002c21  __aeabi_ddiv                        
00002e7d  UART_initModule                     
00002f99  fputs                               
000030ad  ldexp                               
000030ad  ldexpl                              
000030ad  scalbn                              
000030ad  scalbnl                             
000031bd  aligned_alloc                       
000031bd  memalign                            
000032bd  __aeabi_dmul                        
000033b9  free                                
0000349d  setvbuf                             
0000362b  __aeabi_memcpy                      
0000362b  __aeabi_memcpy4                     
0000362b  __aeabi_memcpy8                     
0000362b  memcpy                              
000036c7  __aeabi_uldivmod                    
0000375d  __aeabi_cdcmpeq                     
0000375d  __aeabi_cdcmple                     
000037e3  __aeabi_cdrcmple                    
00003869  Interrupt_enableInterrupt           
000038e9  __aeabi_memclr                      
000038e9  __aeabi_memclr4                     
000038e9  __aeabi_memclr8                     
000038eb  __aeabi_memset                      
000038eb  __aeabi_memset4                     
000038eb  __aeabi_memset8                     
000038f1  memset                              
00003965  __TI_closefile                      
00003ab9  HOSTrename                          
00003b25  HOSTlseek                           
00003b8d  Timer_A_configureUpMode             
00003bf5  __TI_decompress_lzss                
00003c5d  printf                              
00003cc5  UART_getEnabledInterruptStatus      
00003d29  frexp                               
00003d29  frexpl                              
00003d8d  fseek                               
00003df1  __TI_wrt_ok                         
00003e55  HOSTopen                            
00003eb5  close                               
00003f11  GPIO_setAsInputPinWithPullUpResistor
00003f69  HOSTread                            
00003fc1  HOSTwrite                           
0000406f  __TI_ltoa                           
00004115  __TI_doflush                        
00004161  atoi                                
000041ad  exit                                
000041f5  __aeabi_d2iz                        
0000423d  HOSTclose                           
00004281  HOSTunlink                          
000042c5  __TI_auto_init_nobinit_nopinit      
00004309  getdevice                           
0000438d  GPIO_interruptEdgeSelect            
000043c9  __TI_writemsg                       
000043f7  C$$IO$$                             
00004401  strncpy                             
00004439  CS_setDCOCenteredFrequency          
0000446d  UART_transmitData                   
000044a1  __TI_cleanup                        
000044d5  __TI_readmsg                        
00004509  _c_int00_noargs                     
0000453d  UART_receiveData                    
0000456d  finddevice                          
0000459d  __aeabi_i2d                         
000045cd  remove                              
000045cd  unlink                              
000045f9  GPIO_clearInterruptFlag             
00004621  GPIO_enableInterrupt                
00004671  lseek                               
00004699  write                               
000046c1  memchr                              
000046e1  __TI_zero_init_nomemset             
00004719  memccpy                             
00004735  copysign                            
00004735  copysignl                           
0000474f  UART_getInterruptStatus             
00004767  strcmp                              
0000477f  Timer_A_startCounter                
00004795  UART_clearInterruptFlag             
000047ab  strchr                              
000047c1  strcpy                              
000047d5  strlen                              
000047e9  wcslen                              
000047fb  Interrupt_enableMaster              
0000480b  __TI_decompress_none                
00004819  Reset_Handler                       
00004825  ADC14_IRQHandler                    
00004825  AES256_IRQHandler                   
00004825  BusFault_Handler                    
00004825  COMP_E0_IRQHandler                  
00004825  COMP_E1_IRQHandler                  
00004825  CS_IRQHandler                       
00004825  DMA_ERR_IRQHandler                  
00004825  DMA_INT0_IRQHandler                 
00004825  DMA_INT1_IRQHandler                 
00004825  DMA_INT2_IRQHandler                 
00004825  DMA_INT3_IRQHandler                 
00004825  DebugMon_Handler                    
00004825  Default_Handler                     
00004825  EUSCIA1_IRQHandler                  
00004825  EUSCIA2_IRQHandler                  
00004825  EUSCIA3_IRQHandler                  
00004825  EUSCIB0_IRQHandler                  
00004825  EUSCIB1_IRQHandler                  
00004825  EUSCIB2_IRQHandler                  
00004825  EUSCIB3_IRQHandler                  
00004825  FLCTL_IRQHandler                    
00004825  FPU_IRQHandler                      
00004825  HardFault_Handler                   
00004825  MemManage_Handler                   
00004825  NMI_Handler                         
00004825  PCM_IRQHandler                      
00004825  PORT1_IRQHandler                    
00004825  PORT2_IRQHandler                    
00004825  PORT3_IRQHandler                    
00004825  PORT4_IRQHandler                    
00004825  PORT5_IRQHandler                    
00004825  PORT6_IRQHandler                    
00004825  PSS_IRQHandler                      
00004825  PendSV_Handler                      
00004825  RTC_C_IRQHandler                    
00004825  SVC_Handler                         
00004825  SysTick_Handler                     
00004825  T32_INT1_IRQHandler                 
00004825  T32_INT2_IRQHandler                 
00004825  T32_INTC_IRQHandler                 
00004825  TA0_0_IRQHandler                    
00004825  TA0_N_IRQHandler                    
00004825  TA1_0_IRQHandler                    
00004825  TA1_N_IRQHandler                    
00004825  TA2_0_IRQHandler                    
00004825  TA2_N_IRQHandler                    
00004825  TA3_0_IRQHandler                    
00004825  TA3_N_IRQHandler                    
00004825  UsageFault_Handler                  
00004825  WDT_A_IRQHandler                    
00004827  CPU_cpsie                           
00004835  __aeabi_errno_addr                  
0000483d  malloc                              
0000484d  _system_pre_init                    
00004851  C$$EXIT                             
00004851  abort                               
00004854  asc2_1608                           
00004e44  asc2_1206                           
000052b8  Hzk1                                
000055e8  asc2_0806                           
00005810  Hzk                                 
000059d0  _ctypes_                            
00005b04  uartConfig                          
00005b2c  upConfig                            
00005bdc  __TI_Handler_Table_Base             
00005be8  __TI_Handler_Table_Limit            
00005bf0  __TI_CINIT_Base                     
00005c00  __TI_CINIT_Limit                    
20000000  __start___llvm_prf_cnts             
20000000  __stop___llvm_prf_cnts              
20000000  ch                                  
20000400  _ftable                             
200004f0  _device                             
20000568  _stream                             
200005b8  num                                 
200005bc  count                               
200005c0  key                                 
200005c4  secondkey                           
200005c8  a                                   
200005cc  b                                   
200005d0  c                                   
200005d4  d                                   
200005d8  e                                   
200005dc  aw                                  
200005e0  ah                                  
200005e4  am                                  
200005e8  pause                               
200005ec  start                               
200005f0  PIN2                                
200005f4  ClockFrequency                      
200005f8  Prewait                             
200005fc  CPMwait                             
20000600  Postwait                            
20000604  IFlags                              
20000608  Crystalstable                       
2000060c  Hour                                
20000610  Minute                              
20000614  Second                              
20000620  __TI_ft_end                         
20000624  __aeabi_stdin                       
20000628  __aeabi_stdout                      
2000062c  __aeabi_stderr                      
20000630  __TI_cleanup_ptr                    
20000634  __TI_dtors_ptr                      
20000638  __TI_enable_exit_profile_output     
2000063c  _lock                               
20000640  _unlock                             
2000064c  errno                               
20000650  SystemCoreClock                     
20000660  _sys_memory                         
20000a60  __CIOBUF_                           
20000b80  __TI_tmpnams                        
20000c20  parmbuf                             
20000c28  Cal_SET                             
20000c2c  Clock_SET                           
20000c30  Key_Flag                            
20000c34  Light_SET                           
20000c38  Ring_SET                            
20000c3c  Timer_SET                           
20000c40  time                                
20000c44  x                                   
20000c48  y                                   
20000c4c  z                                   
2000fe00  __stack                             
20010000  __STACK_END                         
4000480c  WDTCTL_SYM                          
ffffffff  __TI_pprof_out_hndl                 
ffffffff  __TI_prof_data_size                 
ffffffff  __TI_prof_data_start                
ffffffff  __binit__                           
ffffffff  __c_args__                          
ffffffff  binit                               
UNDEFED   __mpu_init                          
UNDEFED   _system_post_cinit                  

[269 symbols]
