******************************************************************************
                  TI ARM Linker PC v20.2.5                     
******************************************************************************
>> Linked Tue May 10 16:54:34 2022

OUTPUT FILE NAME:   <print.out>
ENTRY POINT SYMBOL: "_c_int00_noargs"  address: 00003f0d


MEMORY CONFIGURATION

         name            origin    length      used     unused   attr    fill
----------------------  --------  ---------  --------  --------  ----  --------
  MAIN                  00000000   00040000  00004368  0003bc98  R  X
  INFO                  00200000   00004000  00000000  00004000  R  X
  SRAM_CODE             01000000   00010000  000009e4  0000f61c  RW X
  SRAM_DATA             20000000   00010000  000009e4  0000f61c  RW  


SEGMENT ALLOCATION MAP

run origin  load origin   length   init length attrs members
----------  ----------- ---------- ----------- ----- -------
00000000    00000000    00004368   00004368    r-x
  00000000    00000000    000000e4   000000e4    r-- .intvecs
  000000e4    000000e4    000040c8   000040c8    r-x .text
  000041ac    000041ac    00000124   00000124    r-- .const
  000042d0    000042d0    00000098   00000098    r-- .cinit
20000000    20000000    000007e4   00000000    rw-
  20000000    20000000    00000400   00000000    rw- .sysmem
  20000400    20000400    00000210   00000000    rw- .data
  20000610    20000610    000001d4   00000000    rw- .bss
2000fe00    2000fe00    00000200   00000000    rw-
  2000fe00    2000fe00    00000200   00000000    rw- .stack


SECTION ALLOCATION MAP

 output                                  attributes/
section   page    origin      length       input sections
--------  ----  ----------  ----------   ----------------
.intvecs   0    00000000    000000e4     
                  00000000    000000e4     startup_msp432p401r_ccs.obj (.intvecs:retain)

.text      0    000000e4    000040c8     
                  000000e4    00000a4e     rtsv7M4_T_le_v4SPD16_eabi.lib : _printfi.c.obj (.text:__TI_printfi)
                  00000b32    00000002                                   : _lock.c.obj (.text:_nop)
                  00000b34    000006bc     UART0.obj (.text)
                  000011f0    00000334     system_msp432p401r.obj (.text)
                  00001524    00000270     rtsv7M4_T_le_v4SPD16_eabi.lib : _printfi.c.obj (.text:_pconv_a)
                  00001794    00000228     PWM.obj (.text)
                  000019bc    00000220     main.obj (.text)
                  00001bdc    000001ec     Reflectance.obj (.text)
                  00001dc8    000001e0     Clock.obj (.text)
                  00001fa8    000001d0     rtsv7M4_T_le_v4SPD16_eabi.lib : _printfi.c.obj (.text:_pconv_g)
                  00002178    000001b6                                   : fd_add_t2.asm.obj (.text)
                  0000232e    00000002                                   : div0.asm.obj (.text)
                  00002330    0000016c     Motor.obj (.text)
                  0000249c    0000013c     rtsv7M4_T_le_v4SPD16_eabi.lib : _printfi.c.obj (.text:_pconv_e)
                  000025d8    00000136                                   : fd_div_t2.asm.obj (.text)
                  0000270e    00000002     --HOLE-- [fill = 0]
                  00002710    00000124                                   : _printfi.c.obj (.text:fcvt)
                  00002834    00000114                                   : fputs.c.obj (.text:fputs)
                  00002948    00000110                                   : fopen.c.obj (.text:_openfile)
                  00002a58    00000110                                   : s_scalbn.c.obj (.text:scalbn)
                  00002b68    00000100                                   : memory.c.obj (.text:aligned_alloc)
                  00002c68    000000fc                                   : fd_mul_t2.asm.obj (.text)
                  00002d64    000000e4                                   : memory.c.obj (.text:free)
                  00002e48    000000dc                                   : setvbuf.c.obj (.text:setvbuf)
                  00002f24    000000bc                                   : open.c.obj (.text:open)
                  00002fe0    000000b8                                   : add_device.c.obj (.text:add_device)
                  00003098    000000b1                                   : _printfi.c.obj (.text:_ltostr)
                  00003149    00000003     --HOLE-- [fill = 0]
                  0000314c    0000009c                                   : fopen.c.obj (.text:fopen)
                  000031e8    0000009c                                   : memcpy_t2.asm.obj (.text)
                  00003284    00000096                                   : ull_div_t2.asm.obj (.text)
                  0000331a    00000002     --HOLE-- [fill = 0]
                  0000331c    0000008c                                   : fputc.c.obj (.text:fputc)
                  000033a8    00000086                                   : fd_cmp_t2.asm.obj (.text:__aeabi_cdcmple)
                  0000342e    00000086                                   : fd_cmp_t2.asm.obj (.text:__aeabi_cdrcmple)
                  000034b4    0000007a                                   : memset_t2.asm.obj (.text)
                  0000352e    00000002     --HOLE-- [fill = 0]
                  00003530    00000074                                   : fclose.c.obj (.text:__TI_closefile)
                  000035a4    00000070                                   : memory.c.obj (.text:split)
                  00003614    0000006e                                   : _printfi.c.obj (.text:_mcpy)
                  00003682    00000002     --HOLE-- [fill = 0]
                  00003684    0000006c                                   : hostrename.c.obj (.text:HOSTrename)
                  000036f0    00000068                                   : hostlseek.c.obj (.text:HOSTlseek)
                  00003758    00000068                                   : copy_decompress_lzss.c.obj (.text:decompress:lzss:__TI_decompress_lzss)
                  000037c0    00000068                                   : printf.c.obj (.text:printf)
                  00003828    00000064                                   : s_frexp.c.obj (.text:frexp)
                  0000388c    00000064                                   : fseek.c.obj (.text:fseek)
                  000038f0    00000062                                   : _io_perm.c.obj (.text:__TI_wrt_ok)
                  00003952    00000002     --HOLE-- [fill = 0]
                  00003954    00000060                                   : hostopen.c.obj (.text:HOSTopen)
                  000039b4    0000005c                                   : close.c.obj (.text:close)
                  00003a10    00000058                                   : hostread.c.obj (.text:HOSTread)
                  00003a68    00000058                                   : hostwrite.c.obj (.text:HOSTwrite)
                  00003ac0    00000056                                   : _printfi.c.obj (.text:_pconv_f)
                  00003b16    00000054                                   : _ltoa.c.obj (.text:__TI_ltoa)
                  00003b6a    00000052                                   : _printfi.c.obj (.text:_ecpy)
                  00003bbc    0000004c                                   : fflush.c.obj (.text:__TI_doflush)
                  00003c08    0000004c                                   : atoi.c.obj (.text:atoi)
                  00003c54    00000048                                   : exit.c.obj (.text:exit)
                  00003c9c    00000048                                   : fd_toi_t2.asm.obj (.text)
                  00003ce4    00000044                                   : hostclose.c.obj (.text:HOSTclose)
                  00003d28    00000044                                   : hostunlink.c.obj (.text:HOSTunlink)
                  00003d6c    00000044                                   : autoinit.c.obj (.text:__TI_auto_init_nobinit_nopinit:__TI_auto_init_nobinit_nopinit)
                  00003db0    00000044                                   : getdevice.c.obj (.text:getdevice)
                  00003df4    0000003e                                   : _printfi.c.obj (.text:_fcpy)
                  00003e32    00000002     --HOLE-- [fill = 0]
                  00003e34    00000038                                   : trgmsg.c.obj (.text:__TI_writemsg)
                  00003e6c    00000036                                   : strncpy.c.obj (.text:strncpy)
                  00003ea2    00000002     --HOLE-- [fill = 0]
                  00003ea4    00000034                                   : fopen.c.obj (.text:__TI_cleanup)
                  00003ed8    00000034                                   : trgmsg.c.obj (.text:__TI_readmsg)
                  00003f0c    00000034                                   : boot_cortex_m.c.obj (.text:_c_int00_noargs:_c_int00_noargs)
                  00003f40    00000034                                   : fopen.c.obj (.text:freopen)
                  00003f74    00000030                                   : getdevice.c.obj (.text:finddevice)
                  00003fa4    0000002e                                   : i_tofd_t2.asm.obj (.text)
                  00003fd2    00000002     --HOLE-- [fill = 0]
                  00003fd4    0000002c                                   : unlink.c.obj (.text:unlink)
                  00004000    00000028                                   : memory.c.obj (.text:free_list_insert)
                  00004028    00000028                                   : lseek.c.obj (.text:lseek)
                  00004050    00000028                                   : write.c.obj (.text:write)
                  00004078    00000020                                   : memchr.c.obj (.text:memchr)
                  00004098    0000001c                                   : copy_zero_init.c.obj (.text:decompress:ZI:__TI_zero_init_nomemset:__TI_zero_init_nomemset)
                  000040b4    0000001c                                   : memory.c.obj (.text:free_list_remove)
                  000040d0    0000001c                                   : memccpy.c.obj (.text:memccpy)
                  000040ec    0000001a                                   : s_copysign.c.obj (.text:copysign)
                  00004106    00000018                                   : strcmp.c.obj (.text:strcmp)
                  0000411e    00000016                                   : strchr.c.obj (.text:strchr)
                  00004134    00000014                                   : strcpy.c.obj (.text:strcpy)
                  00004148    00000014                                   : strlen.c.obj (.text:strlen)
                  0000415c    00000012                                   : wcslen.c.obj (.text:wcslen)
                  0000416e    0000000e                                   : copy_decompress_none.c.obj (.text:decompress:none:__TI_decompress_none)
                  0000417c    0000000e     startup_msp432p401r_ccs.obj (.text)
                  0000418a    00000002     --HOLE-- [fill = 0]
                  0000418c    00000008     rtsv7M4_T_le_v4SPD16_eabi.lib : errno.c.obj (.text:__aeabi_errno_addr)
                  00004194    00000008                                   : memory.c.obj (.text:malloc)
                  0000419c    00000004                                   : printf.c.obj (.text:_outc)
                  000041a0    00000004                                   : printf.c.obj (.text:_outs)
                  000041a4    00000004                                   : pre_init.c.obj (.text:_system_pre_init)
                  000041a8    00000004                                   : exit.c.obj (.text:abort:abort)

.const     0    000041ac    00000124     
                  000041ac    00000101     rtsv7M4_T_le_v4SPD16_eabi.lib : ctype.c.obj (.const:.string:_ctypes_)
                  000042ad    00000003     --HOLE-- [fill = 0]
                  000042b0    00000020     Reflectance.obj (.const:$P$T0$1)

.cinit     0    000042d0    00000098     
                  000042d0    00000071     (.cinit..data.load) [load image, compression = lzss]
                  00004341    00000003     --HOLE-- [fill = 0]
                  00004344    0000000c     (__TI_handler_table)
                  00004350    00000008     (.cinit..bss.load) [load image, compression = zero_init]
                  00004358    00000010     (__TI_cinit_table)

.init_array 
*          0    00000000    00000000     UNINITIALIZED

.binit     0    00000000    00000000     

.sysmem    0    20000000    00000400     UNINITIALIZED
                  20000000    00000010     rtsv7M4_T_le_v4SPD16_eabi.lib : memory.c.obj (.sysmem)
                  20000010    000003f0     --HOLE--

.data      0    20000400    00000210     UNINITIALIZED
                  20000400    000000f0     rtsv7M4_T_le_v4SPD16_eabi.lib : defs.c.obj (.data:_ftable)
                  200004f0    00000078                                   : host_device.c.obj (.data:_device)
                  20000568    00000050                                   : host_device.c.obj (.data:_stream)
                  200005b8    00000018     Clock.obj (.data)
                  200005d0    00000010     rtsv7M4_T_le_v4SPD16_eabi.lib : defs.c.obj (.data)
                  200005e0    0000000c                                   : exit.c.obj (.data:$O1$$)
                  200005ec    00000008                                   : _lock.c.obj (.data:$O1$$)
                  200005f4    00000008                                   : memory.c.obj (.data:$O1$$)
                  200005fc    00000004                                   : add_device.c.obj (.data)
                  20000600    00000004                                   : errno.c.obj (.data)
                  20000604    00000004                                   : fopen.c.obj (.data)
                  20000608    00000004                                   : open.c.obj (.data)
                  2000060c    00000004     system_msp432p401r.obj (.data)

.bss       0    20000610    000001d4     UNINITIALIZED
                  20000610    00000120     rtsv7M4_T_le_v4SPD16_eabi.lib : trgmsg.c.obj (.bss:_CIOBUF_)
                  20000730    000000a0     (.common:__TI_tmpnams)
                  200007d0    00000008     (.common:Messageb)
                  200007d8    00000008     (.common:parmbuf)
                  200007e0    00000004     (.common:Messageindexb)

.stack     0    2000fe00    00000200     UNINITIALIZED
                  2000fe00    00000004     rtsv7M4_T_le_v4SPD16_eabi.lib : boot_cortex_m.c.obj (.stack)
                  2000fe04    000001fc     --HOLE--

__llvm_prf_cnts 
*          0    20000000    00000000     UNINITIALIZED

MODULE SUMMARY

       Module                        code    ro data   rw data
       ------                        ----    -------   -------
    .\
       UART0.obj                     1724    0         24     
       system_msp432p401r.obj        820     0         8      
       PWM.obj                       552     0         0      
       main.obj                      544     0         0      
       Clock.obj                     480     0         48     
       Reflectance.obj               492     32        0      
       Motor.obj                     364     0         0      
       startup_msp432p401r_ccs.obj   14      228       0      
    +--+-----------------------------+-------+---------+---------+
       Total:                        4990    260       80     
                                                              
    C:\ti\ccs1100\ccs\tools\compiler\ti-cgt-arm_20.2.5.LTS\lib\rtsv7M4_T_le_v4SPD16_eabi.lib
       _printfi.c.obj                4851    0         0      
       defs.c.obj                    0       0         832    
       memory.c.obj                  672     0         16     
       trgmsg.c.obj                  108     0         576    
       fopen.c.obj                   532     0         8      
       fd_add_t2.asm.obj             438     0         0      
       host_device.c.obj             0       0         400    
       fd_div_t2.asm.obj             310     0         0      
       fputs.c.obj                   276     0         0      
       s_scalbn.c.obj                272     0         0      
       fd_cmp_t2.asm.obj             268     0         0      
       ctype.c.obj                   0       257       0      
       fd_mul_t2.asm.obj             252     0         0      
       setvbuf.c.obj                 220     0         0      
       open.c.obj                    188     0         8      
       add_device.c.obj              184     0         8      
       memcpy_t2.asm.obj             156     0         0      
       ull_div_t2.asm.obj            150     0         0      
       fputc.c.obj                   140     0         0      
       memset_t2.asm.obj             122     0         0      
       fclose.c.obj                  116     0         0      
       getdevice.c.obj               116     0         0      
       hostopen.c.obj                96      0         16     
       printf.c.obj                  112     0         0      
       hostrename.c.obj              108     0         0      
       copy_decompress_lzss.c.obj    104     0         0      
       hostlseek.c.obj               104     0         0      
       exit.c.obj                    76      0         24     
       fseek.c.obj                   100     0         0      
       s_frexp.c.obj                 100     0         0      
       _io_perm.c.obj                98      0         0      
       close.c.obj                   92      0         0      
       hostread.c.obj                88      0         0      
       hostwrite.c.obj               88      0         0      
       _ltoa.c.obj                   84      0         0      
       atoi.c.obj                    76      0         0      
       fflush.c.obj                  76      0         0      
       fd_toi_t2.asm.obj             72      0         0      
       autoinit.c.obj                68      0         0      
       hostclose.c.obj               68      0         0      
       hostunlink.c.obj              68      0         0      
       strncpy.c.obj                 54      0         0      
       boot_cortex_m.c.obj           52      0         0      
       i_tofd_t2.asm.obj             46      0         0      
       unlink.c.obj                  44      0         0      
       lseek.c.obj                   40      0         0      
       write.c.obj                   40      0         0      
       memchr.c.obj                  32      0         0      
       copy_zero_init.c.obj          28      0         0      
       memccpy.c.obj                 28      0         0      
       s_copysign.c.obj              26      0         0      
       strcmp.c.obj                  24      0         0      
       strchr.c.obj                  22      0         0      
       strcpy.c.obj                  20      0         0      
       strlen.c.obj                  20      0         0      
       _lock.c.obj                   2       0         16     
       wcslen.c.obj                  18      0         0      
       errno.c.obj                   8       0         8      
       copy_decompress_none.c.obj    14      0         0      
       pre_init.c.obj                4       0         0      
       div0.asm.obj                  2       0         0      
    +--+-----------------------------+-------+---------+---------+
       Total:                        11573   257       1912   
                                                              
       Heap:                         0       0         2048   
       Stack:                        0       0         1024   
       Linker Generated:             0       149       0      
    +--+-----------------------------+-------+---------+---------+
       Grand Total:                  16563   666       5064   


LINKER GENERATED COPY TABLES

__TI_cinit_table @ 00004358 records: 2, size/record: 8, table size: 16
	.data: load addr=000042d0, load size=00000071 bytes, run addr=20000400, run size=00000210 bytes, compression=lzss
	.bss: load addr=00004350, load size=00000008 bytes, run addr=20000610, run size=000001d4 bytes, compression=zero_init


LINKER GENERATED HANDLER TABLE

__TI_handler_table @ 00004344 records: 3, size/record: 4, table size: 12
	index: 0, handler: __TI_decompress_lzss
	index: 1, handler: __TI_decompress_none
	index: 2, handler: __TI_zero_init


GLOBAL SYMBOLS: SORTED ALPHABETICALLY BY Name 

address   name                           
-------   ----                           
00004189  ADC14_IRQHandler               
00004189  AES256_IRQHandler              
00004189  BusFault_Handler               
000041a9  C$$EXIT                        
00003e63  C$$IO$$                        
00004189  COMP_E0_IRQHandler             
00004189  COMP_E1_IRQHandler             
200005c0  CPMwait                        
00004189  CS_IRQHandler                  
200005b8  ClockFrequency                 
00001f1d  Clock_Delay1ms                 
00001ef3  Clock_Delay1us                 
00001edf  Clock_GetFreq                  
00001dc9  Clock_Init48MHz                
200005cc  Crystalstable                  
00004189  DMA_ERR_IRQHandler             
00004189  DMA_INT0_IRQHandler            
00004189  DMA_INT1_IRQHandler            
00004189  DMA_INT2_IRQHandler            
00004189  DMA_INT3_IRQHandler            
00004189  DebugMon_Handler               
00004189  Default_Handler                
00004189  EUSCIA0_IRQHandler             
00004189  EUSCIA1_IRQHandler             
00004189  EUSCIA2_IRQHandler             
00004189  EUSCIA3_IRQHandler             
00004189  EUSCIB0_IRQHandler             
00004189  EUSCIB1_IRQHandler             
00004189  EUSCIB2_IRQHandler             
00004189  EUSCIB3_IRQHandler             
00004189  FLCTL_IRQHandler               
00004189  FPU_IRQHandler                 
00003ce5  HOSTclose                      
000036f1  HOSTlseek                      
00003955  HOSTopen                       
00003a11  HOSTread                       
00003685  HOSTrename                     
00003d29  HOSTunlink                     
00003a69  HOSTwrite                      
00004189  HardFault_Handler              
200005c8  IFlags                         
00004189  MemManage_Handler              
200007d0  Messageb                       
200007e0  Messageindexb                  
00002447  Motor_Backward                 
000023a3  Motor_Forward                  
00002331  Motor_Init                     
0000240d  Motor_Left                     
000023d3  Motor_Right                    
00002383  Motor_Stop                     
00004189  NMI_Handler                    
00004189  PCM_IRQHandler                 
00004189  PORT1_IRQHandler               
00004189  PORT2_IRQHandler               
00004189  PORT3_IRQHandler               
00004189  PORT4_IRQHandler               
00004189  PORT5_IRQHandler               
00004189  PORT6_IRQHandler               
00004189  PSS_IRQHandler                 
0000187f  PWM_Duty1                      
0000189f  PWM_Duty2                      
00001943  PWM_Duty3                      
00001963  PWM_Duty4                      
00001795  PWM_Init1                      
000017fb  PWM_Init12                     
000018bf  PWM_Init34                     
00004189  PendSV_Handler                 
200005c4  Postwait                       
200005bc  Prewait                        
00004189  RTC_C_IRQHandler               
00001c4d  Reflectance_Center             
00001d93  Reflectance_End                
00001bdd  Reflectance_Init               
00001c8f  Reflectance_Position           
00001bfd  Reflectance_Read               
00001d61  Reflectance_Start              
0000417d  Reset_Handler                  
00004189  SVC_Handler                    
00004189  SysTick_Handler                
2000060c  SystemCoreClock                
000011f1  SystemCoreClockUpdate          
00001469  SystemInit                     
00004189  T32_INT1_IRQHandler            
00004189  T32_INT2_IRQHandler            
00004189  T32_INTC_IRQHandler            
00004189  TA0_0_IRQHandler               
00004189  TA0_N_IRQHandler               
00004189  TA1_0_IRQHandler               
00004189  TA1_N_IRQHandler               
00004189  TA2_0_IRQHandler               
00004189  TA2_N_IRQHandler               
00004189  TA3_0_IRQHandler               
00004189  TA3_N_IRQHandler               
00000b7b  UART0_InChar                   
00001005  UART0_InString                 
00000bc5  UART0_InUDec                   
00000eb9  UART0_InUHex                   
00000b35  UART0_Init                     
00001165  UART0_Initprintf               
00000b8b  UART0_OutChar                  
00000ba7  UART0_OutString                
00000c49  UART0_OutUDec                  
00000db5  UART0_OutUDec4                 
00000e09  UART0_OutUDec5                 
00000e45  UART0_OutUFix1                 
00000e6d  UART0_OutUFix2                 
00000f7d  UART0_OutUHex                  
00000fe9  UART0_OutUHex2                 
00004189  UsageFault_Handler             
4000480c  WDTCTL_SYM                     
00004189  WDT_A_IRQHandler               
20000610  __CIOBUF_                      
20010000  __STACK_END                    
00000200  __STACK_SIZE                   
00000400  __SYSMEM_SIZE                  
00004358  __TI_CINIT_Base                
00004368  __TI_CINIT_Limit               
00004344  __TI_Handler_Table_Base        
00004350  __TI_Handler_Table_Limit       
00003d6d  __TI_auto_init_nobinit_nopinit 
00003ea5  __TI_cleanup                   
200005e0  __TI_cleanup_ptr               
00003531  __TI_closefile                 
00003759  __TI_decompress_lzss           
0000416f  __TI_decompress_none           
00003bbd  __TI_doflush                   
200005e4  __TI_dtors_ptr                 
200005e8  __TI_enable_exit_profile_output
200005d0  __TI_ft_end                    
00003b17  __TI_ltoa                      
ffffffff  __TI_pprof_out_hndl            
000000e5  __TI_printfi                   
ffffffff  __TI_prof_data_size            
ffffffff  __TI_prof_data_start           
00003ed9  __TI_readmsg                   
00000000  __TI_static_base__             
20000730  __TI_tmpnams                   
00003e35  __TI_writemsg                  
000038f1  __TI_wrt_ok                    
00004099  __TI_zero_init_nomemset        
000033a9  __aeabi_cdcmpeq                
000033a9  __aeabi_cdcmple                
0000342f  __aeabi_cdrcmple               
00003c9d  __aeabi_d2iz                   
00002183  __aeabi_dadd                   
000025d9  __aeabi_ddiv                   
00002c69  __aeabi_dmul                   
00002179  __aeabi_dsub                   
0000418d  __aeabi_errno_addr             
00003fa5  __aeabi_i2d                    
0000232f  __aeabi_idiv0                  
0000232f  __aeabi_ldiv0                  
000034b5  __aeabi_memclr                 
000034b5  __aeabi_memclr4                
000034b5  __aeabi_memclr8                
000031e9  __aeabi_memcpy                 
000031e9  __aeabi_memcpy4                
000031e9  __aeabi_memcpy8                
000034b7  __aeabi_memset                 
000034b7  __aeabi_memset4                
000034b7  __aeabi_memset8                
200005dc  __aeabi_stderr                 
200005d4  __aeabi_stdin                  
200005d8  __aeabi_stdout                 
00003285  __aeabi_uldivmod               
ffffffff  __binit__                      
ffffffff  __c_args__                     
UNDEFED   __mpu_init                     
2000fe00  __stack                        
20000000  __start___llvm_prf_cnts        
20000000  __stop___llvm_prf_cnts         
00003f0d  _c_int00_noargs                
000041ac  _ctypes_                       
200004f0  _device                        
20000400  _ftable                        
200005ec  _lock                          
00000b33  _nop                           
20000568  _stream                        
20000000  _sys_memory                    
UNDEFED   _system_post_cinit             
000041a5  _system_pre_init               
200005f0  _unlock                        
000041a9  abort                          
00002fe1  add_device                     
00002b69  aligned_alloc                  
00003c09  atoi                           
ffffffff  binit                          
000039b5  close                          
000040ed  copysign                       
000040ed  copysignl                      
00001ee5  delay                          
20000600  errno                          
00003c55  exit                           
0000109f  ferror                         
0000107f  fgetc                          
00003f75  finddevice                     
0000314d  fopen                          
0000331d  fputc                          
00002835  fputs                          
00002d65  free                           
00003f41  freopen                        
00003829  frexp                          
00003829  frexpl                         
0000388d  fseek                          
00003db1  getdevice                      
00000000  interruptVectors               
00002a59  ldexp                          
00002a59  ldexpl                         
00004029  lseek                          
000019bd  main                           
00004195  malloc                         
00002b69  memalign                       
000040d1  memccpy                        
00004079  memchr                         
000031e9  memcpy                         
000034bd  memset                         
00002f25  open                           
00000fc1  outnibble                      
200007d8  parmbuf                        
000037c1  printf                         
0000331d  putc                           
00003fd5  remove                         
00002a59  scalbn                         
00002a59  scalbnl                        
00002e49  setvbuf                        
0000411f  strchr                         
00004107  strcmp                         
00004135  strcpy                         
00004149  strlen                         
00003e6d  strncpy                        
000010bd  uart_close                     
0000113b  uart_lseek                     
000010ad  uart_open                      
000010cf  uart_read                      
00001157  uart_rename                    
0000114b  uart_unlink                    
000010f9  uart_write                     
00003fd5  unlink                         
0000415d  wcslen                         
00004051  write                          


GLOBAL SYMBOLS: SORTED BY Symbol Address 

address   name                           
-------   ----                           
00000000  __TI_static_base__             
00000000  interruptVectors               
000000e5  __TI_printfi                   
00000200  __STACK_SIZE                   
00000400  __SYSMEM_SIZE                  
00000b33  _nop                           
00000b35  UART0_Init                     
00000b7b  UART0_InChar                   
00000b8b  UART0_OutChar                  
00000ba7  UART0_OutString                
00000bc5  UART0_InUDec                   
00000c49  UART0_OutUDec                  
00000db5  UART0_OutUDec4                 
00000e09  UART0_OutUDec5                 
00000e45  UART0_OutUFix1                 
00000e6d  UART0_OutUFix2                 
00000eb9  UART0_InUHex                   
00000f7d  UART0_OutUHex                  
00000fc1  outnibble                      
00000fe9  UART0_OutUHex2                 
00001005  UART0_InString                 
0000107f  fgetc                          
0000109f  ferror                         
000010ad  uart_open                      
000010bd  uart_close                     
000010cf  uart_read                      
000010f9  uart_write                     
0000113b  uart_lseek                     
0000114b  uart_unlink                    
00001157  uart_rename                    
00001165  UART0_Initprintf               
000011f1  SystemCoreClockUpdate          
00001469  SystemInit                     
00001795  PWM_Init1                      
000017fb  PWM_Init12                     
0000187f  PWM_Duty1                      
0000189f  PWM_Duty2                      
000018bf  PWM_Init34                     
00001943  PWM_Duty3                      
00001963  PWM_Duty4                      
000019bd  main                           
00001bdd  Reflectance_Init               
00001bfd  Reflectance_Read               
00001c4d  Reflectance_Center             
00001c8f  Reflectance_Position           
00001d61  Reflectance_Start              
00001d93  Reflectance_End                
00001dc9  Clock_Init48MHz                
00001edf  Clock_GetFreq                  
00001ee5  delay                          
00001ef3  Clock_Delay1us                 
00001f1d  Clock_Delay1ms                 
00002179  __aeabi_dsub                   
00002183  __aeabi_dadd                   
0000232f  __aeabi_idiv0                  
0000232f  __aeabi_ldiv0                  
00002331  Motor_Init                     
00002383  Motor_Stop                     
000023a3  Motor_Forward                  
000023d3  Motor_Right                    
0000240d  Motor_Left                     
00002447  Motor_Backward                 
000025d9  __aeabi_ddiv                   
00002835  fputs                          
00002a59  ldexp                          
00002a59  ldexpl                         
00002a59  scalbn                         
00002a59  scalbnl                        
00002b69  aligned_alloc                  
00002b69  memalign                       
00002c69  __aeabi_dmul                   
00002d65  free                           
00002e49  setvbuf                        
00002f25  open                           
00002fe1  add_device                     
0000314d  fopen                          
000031e9  __aeabi_memcpy                 
000031e9  __aeabi_memcpy4                
000031e9  __aeabi_memcpy8                
000031e9  memcpy                         
00003285  __aeabi_uldivmod               
0000331d  fputc                          
0000331d  putc                           
000033a9  __aeabi_cdcmpeq                
000033a9  __aeabi_cdcmple                
0000342f  __aeabi_cdrcmple               
000034b5  __aeabi_memclr                 
000034b5  __aeabi_memclr4                
000034b5  __aeabi_memclr8                
000034b7  __aeabi_memset                 
000034b7  __aeabi_memset4                
000034b7  __aeabi_memset8                
000034bd  memset                         
00003531  __TI_closefile                 
00003685  HOSTrename                     
000036f1  HOSTlseek                      
00003759  __TI_decompress_lzss           
000037c1  printf                         
00003829  frexp                          
00003829  frexpl                         
0000388d  fseek                          
000038f1  __TI_wrt_ok                    
00003955  HOSTopen                       
000039b5  close                          
00003a11  HOSTread                       
00003a69  HOSTwrite                      
00003b17  __TI_ltoa                      
00003bbd  __TI_doflush                   
00003c09  atoi                           
00003c55  exit                           
00003c9d  __aeabi_d2iz                   
00003ce5  HOSTclose                      
00003d29  HOSTunlink                     
00003d6d  __TI_auto_init_nobinit_nopinit 
00003db1  getdevice                      
00003e35  __TI_writemsg                  
00003e63  C$$IO$$                        
00003e6d  strncpy                        
00003ea5  __TI_cleanup                   
00003ed9  __TI_readmsg                   
00003f0d  _c_int00_noargs                
00003f41  freopen                        
00003f75  finddevice                     
00003fa5  __aeabi_i2d                    
00003fd5  remove                         
00003fd5  unlink                         
00004029  lseek                          
00004051  write                          
00004079  memchr                         
00004099  __TI_zero_init_nomemset        
000040d1  memccpy                        
000040ed  copysign                       
000040ed  copysignl                      
00004107  strcmp                         
0000411f  strchr                         
00004135  strcpy                         
00004149  strlen                         
0000415d  wcslen                         
0000416f  __TI_decompress_none           
0000417d  Reset_Handler                  
00004189  ADC14_IRQHandler               
00004189  AES256_IRQHandler              
00004189  BusFault_Handler               
00004189  COMP_E0_IRQHandler             
00004189  COMP_E1_IRQHandler             
00004189  CS_IRQHandler                  
00004189  DMA_ERR_IRQHandler             
00004189  DMA_INT0_IRQHandler            
00004189  DMA_INT1_IRQHandler            
00004189  DMA_INT2_IRQHandler            
00004189  DMA_INT3_IRQHandler            
00004189  DebugMon_Handler               
00004189  Default_Handler                
00004189  EUSCIA0_IRQHandler             
00004189  EUSCIA1_IRQHandler             
00004189  EUSCIA2_IRQHandler             
00004189  EUSCIA3_IRQHandler             
00004189  EUSCIB0_IRQHandler             
00004189  EUSCIB1_IRQHandler             
00004189  EUSCIB2_IRQHandler             
00004189  EUSCIB3_IRQHandler             
00004189  FLCTL_IRQHandler               
00004189  FPU_IRQHandler                 
00004189  HardFault_Handler              
00004189  MemManage_Handler              
00004189  NMI_Handler                    
00004189  PCM_IRQHandler                 
00004189  PORT1_IRQHandler               
00004189  PORT2_IRQHandler               
00004189  PORT3_IRQHandler               
00004189  PORT4_IRQHandler               
00004189  PORT5_IRQHandler               
00004189  PORT6_IRQHandler               
00004189  PSS_IRQHandler                 
00004189  PendSV_Handler                 
00004189  RTC_C_IRQHandler               
00004189  SVC_Handler                    
00004189  SysTick_Handler                
00004189  T32_INT1_IRQHandler            
00004189  T32_INT2_IRQHandler            
00004189  T32_INTC_IRQHandler            
00004189  TA0_0_IRQHandler               
00004189  TA0_N_IRQHandler               
00004189  TA1_0_IRQHandler               
00004189  TA1_N_IRQHandler               
00004189  TA2_0_IRQHandler               
00004189  TA2_N_IRQHandler               
00004189  TA3_0_IRQHandler               
00004189  TA3_N_IRQHandler               
00004189  UsageFault_Handler             
00004189  WDT_A_IRQHandler               
0000418d  __aeabi_errno_addr             
00004195  malloc                         
000041a5  _system_pre_init               
000041a9  C$$EXIT                        
000041a9  abort                          
000041ac  _ctypes_                       
00004344  __TI_Handler_Table_Base        
00004350  __TI_Handler_Table_Limit       
00004358  __TI_CINIT_Base                
00004368  __TI_CINIT_Limit               
20000000  __start___llvm_prf_cnts        
20000000  __stop___llvm_prf_cnts         
20000000  _sys_memory                    
20000400  _ftable                        
200004f0  _device                        
20000568  _stream                        
200005b8  ClockFrequency                 
200005bc  Prewait                        
200005c0  CPMwait                        
200005c4  Postwait                       
200005c8  IFlags                         
200005cc  Crystalstable                  
200005d0  __TI_ft_end                    
200005d4  __aeabi_stdin                  
200005d8  __aeabi_stdout                 
200005dc  __aeabi_stderr                 
200005e0  __TI_cleanup_ptr               
200005e4  __TI_dtors_ptr                 
200005e8  __TI_enable_exit_profile_output
200005ec  _lock                          
200005f0  _unlock                        
20000600  errno                          
2000060c  SystemCoreClock                
20000610  __CIOBUF_                      
20000730  __TI_tmpnams                   
200007d0  Messageb                       
200007d8  parmbuf                        
200007e0  Messageindexb                  
2000fe00  __stack                        
20010000  __STACK_END                    
4000480c  WDTCTL_SYM                     
ffffffff  __TI_pprof_out_hndl            
ffffffff  __TI_prof_data_size            
ffffffff  __TI_prof_data_start           
ffffffff  __binit__                      
ffffffff  __c_args__                     
ffffffff  binit                          
UNDEFED   __mpu_init                     
UNDEFED   _system_post_cinit             

[240 symbols]
