******************************************************************************
                  TI ARM Linker PC v20.2.5                     
******************************************************************************
>> Linked Sat May 28 13:34:29 2022

OUTPUT FILE NAME:   <aaa.out>
ENTRY POINT SYMBOL: "_c_int00_noargs"  address: 00002131


MEMORY CONFIGURATION

         name            origin    length      used     unused   attr    fill
----------------------  --------  ---------  --------  --------  ----  --------
  MAIN                  00000000   00040000  00003490  0003cb70  R  X
  INFO                  00200000   00004000  00000000  00004000  R  X
  SRAM_CODE             01000000   00010000  00000763  0000f89d  RW X
  SRAM_DATA             20000000   00010000  00000763  0000f89d  RW  


SEGMENT ALLOCATION MAP

run origin  load origin   length   init length attrs members
----------  ----------- ---------- ----------- ----- -------
00000000    00000000    00003490   00003490    r-x
  00000000    00000000    000000e4   000000e4    r-- .intvecs
  000000e4    000000e4    00002158   00002158    r-x .text
  0000223c    0000223c    00001204   00001204    r-- .const
  00003440    00003440    00000050   00000050    r-- .cinit
20000000    20000000    00000563   00000000    rw-
  20000000    20000000    000000e8   00000000    rw- .vtable
  200000e8    200000e8    00000400   00000000    rw- .sysmem
  200004e8    200004e8    0000004c   00000000    rw- .data
  20000534    20000534    0000002f   00000000    rw- .bss
2000fe00    2000fe00    00000200   00000000    rw-
  2000fe00    2000fe00    00000200   00000000    rw- .stack


SECTION ALLOCATION MAP

 output                                  attributes/
section   page    origin      length       input sections
--------  ----  ----------  ----------   ----------------
.intvecs   0    00000000    000000e4     
                  00000000    000000e4     startup_msp432p401r_ccs.obj (.intvecs:retain)

.text      0    000000e4    00002158     
                  000000e4    000009f4     main.obj (.text)
                  00000ad8    00000790     oled.obj (.text)
                  00001268    00000618     DS1302.obj (.text)
                  00001880    00000334     system_msp432p401r.obj (.text)
                  00001bb4    000001e0     Clock.obj (.text)
                  00001d94    0000009c     rtsv7M4_T_le_v4SPD16_eabi.lib : memcpy_t2.asm.obj (.text)
                  00001e30    00000084     msp432p4xx_driverlib.lib : gpio.o (.text:GPIO_getEnabledInterruptStatus)
                  00001eb4    00000080                              : interrupt.o (.text:Interrupt_enableInterrupt)
                  00001f34    00000068     rtsv7M4_T_le_v4SPD16_eabi.lib : copy_decompress_lzss.c.obj (.text:decompress:lzss:__TI_decompress_lzss)
                  00001f9c    0000005e                                   : i_divt2.asm.obj (.text)
                  00001ffa    00000002                                   : div0.asm.obj (.text)
                  00001ffc    0000005c     msp432p4xx_driverlib.lib : interrupt.o (.text:Interrupt_registerInterrupt)
                  00002058    00000058                              : gpio.o (.text:GPIO_setAsInputPinWithPullUpResistor)
                  000020b0    00000044     rtsv7M4_T_le_v4SPD16_eabi.lib : autoinit.c.obj (.text:__TI_auto_init_nobinit_nopinit:__TI_auto_init_nobinit_nopinit)
                  000020f4    0000003c     msp432p4xx_driverlib.lib : gpio.o (.text:GPIO_interruptEdgeSelect)
                  00002130    00000034     rtsv7M4_T_le_v4SPD16_eabi.lib : boot_cortex_m.c.obj (.text:_c_int00_noargs:_c_int00_noargs)
                  00002164    00000028     msp432p4xx_driverlib.lib : gpio.o (.text:GPIO_clearInterruptFlag)
                  0000218c    00000028                              : gpio.o (.text:GPIO_enableInterrupt)
                  000021b4    00000024                              : gpio.o (.text:GPIO_getInterruptStatus)
                  000021d8    00000024                              : gpio.o (.text:GPIO_registerInterrupt)
                  000021fc    0000001c     rtsv7M4_T_le_v4SPD16_eabi.lib : copy_zero_init.c.obj (.text:decompress:ZI:__TI_zero_init_nomemset:__TI_zero_init_nomemset)
                  00002218    0000000e                                   : copy_decompress_none.c.obj (.text:decompress:none:__TI_decompress_none)
                  00002226    0000000e     startup_msp432p401r_ccs.obj (.text)
                  00002234    00000004     rtsv7M4_T_le_v4SPD16_eabi.lib : pre_init.c.obj (.text:_system_pre_init)
                  00002238    00000004                                   : exit.c.obj (.text:abort:abort)

.const     0    0000223c    00001204     
                  0000223c    000005f0     oled.obj (.const:asc2_1608)
                  0000282c    00000474     oled.obj (.const:asc2_1206)
                  00002ca0    00000330     oled.obj (.const:Hzk1)
                  00002fd0    00000228     oled.obj (.const:asc2_0806)
                  000031f8    000001c0     oled.obj (.const:Hzk)
                  000033b8    00000030     msp432p4xx_driverlib.lib : gpio.o (.const:GPIO_PORT_TO_BASE)
                  000033e8    00000024     main.obj (.const:.string)
                  0000340c    0000001c     msp432p4xx_driverlib.lib : gpio.o (.const:GPIO_PORT_TO_INT)
                  00003428    00000008     DS1302.obj (.const:.string:$P$T0$1)
                  00003430    00000008     DS1302.obj (.const:.string:$P$T1$2)
                  00003438    00000008     msp432p4xx_driverlib.lib : interrupt.o (.const:g_pulEnRegs)

.cinit     0    00003440    00000050     
                  00003440    0000001a     (.cinit..data.load) [load image, compression = lzss]
                  0000345a    00000002     --HOLE-- [fill = 0]
                  0000345c    0000000c     (__TI_handler_table)
                  00003468    00000008     (.cinit..bss.load) [load image, compression = zero_init]
                  00003470    00000008     (.cinit..vtable.load) [load image, compression = zero_init]
                  00003478    00000018     (__TI_cinit_table)

.init_array 
*          0    00000000    00000000     UNINITIALIZED

.binit     0    00000000    00000000     

.vtable    0    20000000    000000e8     UNINITIALIZED
                  20000000    000000e8     msp432p4xx_driverlib.lib : interrupt.o (.vtable)

.sysmem    0    200000e8    00000400     UNINITIALIZED
                  200000e8    00000010     rtsv7M4_T_le_v4SPD16_eabi.lib : memory.c.obj (.sysmem)
                  200000f8    000003f0     --HOLE--

.data      0    200004e8    0000004c     UNINITIALIZED
                  200004e8    00000024     main.obj (.data)
                  2000050c    00000018     Clock.obj (.data)
                  20000524    0000000c     main.obj (.data:city)
                  20000530    00000004     system_msp432p401r.obj (.data)

.bss       0    20000534    0000002f     UNINITIALIZED
                  20000534    0000000c     (.common:BeijingTime)
                  20000540    0000000c     (.common:LondonTime)
                  2000054c    0000000c     (.common:WashingtonTime)
                  20000558    00000004     (.common:location)
                  2000055c    00000004     (.common:time)
                  20000560    00000003     (.common:alarm)

.stack     0    2000fe00    00000200     UNINITIALIZED
                  2000fe00    00000004     rtsv7M4_T_le_v4SPD16_eabi.lib : boot_cortex_m.c.obj (.stack)
                  2000fe04    000001fc     --HOLE--

__llvm_prf_cnts 
*          0    20000000    00000000     UNINITIALIZED

MODULE SUMMARY

       Module                        code   ro data   rw data
       ------                        ----   -------   -------
    .\
       oled.obj                      1936   4476      0      
       main.obj                      2548   36        190    
       DS1302.obj                    1560   16        0      
       system_msp432p401r.obj        820    0         8      
       Clock.obj                     480    0         48     
       startup_msp432p401r_ccs.obj   14     228       0      
    +--+-----------------------------+------+---------+---------+
       Total:                        7358   4756      246    
                                                             
    C:/ti/simplelink_msp432p4_sdk_3_40_01_02/source/ti/devices/msp432p4xx/driverlib/ccs/msp432p4xx_driverlib.lib
       interrupt.o                   220    8         464    
       gpio.o                        432    76        0      
    +--+-----------------------------+------+---------+---------+
       Total:                        652    84        464    
                                                             
    C:\ti\ccs1100\ccs\tools\compiler\ti-cgt-arm_20.2.5.LTS\lib\rtsv7M4_T_le_v4SPD16_eabi.lib
       memcpy_t2.asm.obj             156    0         0      
       copy_decompress_lzss.c.obj    104    0         0      
       i_divt2.asm.obj               94     0         0      
       autoinit.c.obj                68     0         0      
       boot_cortex_m.c.obj           52     0         0      
       copy_zero_init.c.obj          28     0         0      
       copy_decompress_none.c.obj    14     0         0      
       exit.c.obj                    4      0         0      
       pre_init.c.obj                4      0         0      
       div0.asm.obj                  2      0         0      
    +--+-----------------------------+------+---------+---------+
       Total:                        526    0         0      
                                                             
       Heap:                         0      0         2048   
       Stack:                        0      0         1024   
       Linker Generated:             0      78        0      
    +--+-----------------------------+------+---------+---------+
       Grand Total:                  8536   4918      3782   


LINKER GENERATED COPY TABLES

__TI_cinit_table @ 00003478 records: 3, size/record: 8, table size: 24
	.data: load addr=00003440, load size=0000001a bytes, run addr=200004e8, run size=0000004c bytes, compression=lzss
	.bss: load addr=00003468, load size=00000008 bytes, run addr=20000534, run size=0000002f bytes, compression=zero_init
	.vtable: load addr=00003470, load size=00000008 bytes, run addr=20000000, run size=000000e8 bytes, compression=zero_init


LINKER GENERATED HANDLER TABLE

__TI_handler_table @ 0000345c records: 3, size/record: 4, table size: 12
	index: 0, handler: __TI_zero_init
	index: 1, handler: __TI_decompress_lzss
	index: 2, handler: __TI_decompress_none


GLOBAL SYMBOLS: SORTED ALPHABETICALLY BY Name 

address   name                                
-------   ----                                
00002233  ADC14_IRQHandler                    
00002233  AES256_IRQHandler                   
00000ac1  AlarmClock                          
20000534  BeijingTime                         
00002233  BusFault_Handler                    
00002239  C$$EXIT                             
00002233  COMP_E0_IRQHandler                  
00002233  COMP_E1_IRQHandler                  
20000514  CPMwait                             
00002233  CS_IRQHandler                       
200004f8  ChooseClear                         
2000050c  ClockFrequency                      
00001d09  Clock_Delay1ms                      
00001cdf  Clock_Delay1us                      
00001ccb  Clock_GetFreq                       
00001bb5  Clock_Init48MHz                     
00000abf  Counter                             
20000520  Crystalstable                       
00002233  DMA_ERR_IRQHandler                  
00002233  DMA_INT0_IRQHandler                 
00002233  DMA_INT1_IRQHandler                 
00002233  DMA_INT2_IRQHandler                 
00002233  DMA_INT3_IRQHandler                 
00001531  DS1302_Read_Time                    
00001589  DS1302_read_time                    
0000165b  DS1302_write_time                   
00002233  DebugMon_Handler                    
00002233  Default_Handler                     
00002233  EUSCIA0_IRQHandler                  
00002233  EUSCIA1_IRQHandler                  
00002233  EUSCIA2_IRQHandler                  
00002233  EUSCIA3_IRQHandler                  
00002233  EUSCIB0_IRQHandler                  
00002233  EUSCIB1_IRQHandler                  
00002233  EUSCIB2_IRQHandler                  
00002233  EUSCIB3_IRQHandler                  
200004fc  EnterClear                          
00002233  FLCTL_IRQHandler                    
00002233  FPU_IRQHandler                      
200004e8  FirstKey                            
000005a1  GPIO_Interrupt                      
00002165  GPIO_clearInterruptFlag             
0000218d  GPIO_enableInterrupt                
00001e31  GPIO_getEnabledInterruptStatus      
000021b5  GPIO_getInterruptStatus             
000020f5  GPIO_interruptEdgeSelect            
000021d9  GPIO_registerInterrupt              
00002059  GPIO_setAsInputPinWithPullUpResistor
00002233  HardFault_Handler                   
0000085d  Home                                
200004f4  HomeClear                           
000031f8  Hzk                                 
00002ca0  Hzk1                                
2000051c  IFlags                              
00001eb5  Interrupt_enableInterrupt           
00001ffd  Interrupt_registerInterrupt         
20000540  LondonTime                          
00002233  MemManage_Handler                   
000009c5  Menu                                
00002233  NMI_Handler                         
00000c81  OLED_Clear                          
00000b0b  OLED_ColorTurn                      
00000b31  OLED_DisplayTurn                    
00000c65  OLED_Display_Off                    
00000c49  OLED_Display_On                     
00001069  OLED_DrawBMP                        
00001115  OLED_Init                           
00000c0d  OLED_Set_Pos                        
00000ceb  OLED_ShowChar                       
00000fa7  OLED_ShowChinese                    
00000e51  OLED_ShowNum                        
00000f3b  OLED_ShowString                     
00000b67  OLED_WR_Byte                        
00002233  PCM_IRQHandler                      
00002233  PORT1_IRQHandler                    
00002233  PORT2_IRQHandler                    
00002233  PORT3_IRQHandler                    
00000711  PORT4_IRQHandler                    
00000711  PORT4_IRQHandler                    
00002233  PORT5_IRQHandler                    
00002233  PORT6_IRQHandler                    
00002233  PSS_IRQHandler                      
00002233  PendSV_Handler                      
20000518  Postwait                            
20000510  Prewait                             
00002233  RTC_C_IRQHandler                    
0000139b  R_Data                              
00002227  Reset_Handler                       
00002233  SVC_Handler                         
200004ec  SecondKey                           
000014db  Set_DS1302                          
20000500  SettingClear                        
00000abd  StopWatch                           
00002233  SysTick_Handler                     
20000530  SystemCoreClock                     
00001881  SystemCoreClockUpdate               
00001af9  SystemInit                          
00002233  T32_INT1_IRQHandler                 
00002233  T32_INT2_IRQHandler                 
00002233  T32_INTC_IRQHandler                 
00002233  TA0_0_IRQHandler                    
00002233  TA0_N_IRQHandler                    
00002233  TA1_0_IRQHandler                    
00002233  TA1_N_IRQHandler                    
00002233  TA2_0_IRQHandler                    
00002233  TA2_N_IRQHandler                    
00002233  TA3_0_IRQHandler                    
00002233  TA3_N_IRQHandler                    
200004f0  ThirdKey                            
00002233  UsageFault_Handler                  
4000480c  WDTCTL_SYM                          
00002233  WDT_A_IRQHandler                    
00001269  W_Data                              
2000054c  WashingtonTime                      
00000ac3  WorldTime                           
20010000  __STACK_END                         
00000200  __STACK_SIZE                        
00000400  __SYSMEM_SIZE                       
00003478  __TI_CINIT_Base                     
00003490  __TI_CINIT_Limit                    
0000345c  __TI_Handler_Table_Base             
00003468  __TI_Handler_Table_Limit            
000020b1  __TI_auto_init_nobinit_nopinit      
00001f35  __TI_decompress_lzss                
00002219  __TI_decompress_none                
ffffffff  __TI_pprof_out_hndl                 
ffffffff  __TI_prof_data_size                 
ffffffff  __TI_prof_data_start                
00000000  __TI_static_base__                  
000021fd  __TI_zero_init_nomemset             
00001f9d  __aeabi_idiv                        
00001ffb  __aeabi_idiv0                       
00001f9d  __aeabi_idivmod                     
00001ffb  __aeabi_ldiv0                       
00001d95  __aeabi_memcpy                      
00001d95  __aeabi_memcpy4                     
00001d95  __aeabi_memcpy8                     
ffffffff  __binit__                           
ffffffff  __c_args__                          
UNDEFED   __mpu_init                          
2000fe00  __stack                             
20000000  __start___llvm_prf_cnts             
20000000  __stop___llvm_prf_cnts              
00002131  _c_int00_noargs                     
200000e8  _sys_memory                         
UNDEFED   _system_post_cinit                  
00002235  _system_pre_init                    
00002239  abort                               
20000560  alarm                               
00002fd0  asc2_0806                           
0000282c  asc2_1206                           
0000223c  asc2_1608                           
ffffffff  binit                               
20000524  city                                
00001cd1  delay                               
00000ad9  delay_ms                            
20000504  enter                               
20000000  g_pfnRAMVectors                     
000017f5  getWeekdayByYearday                 
00000000  interruptVectors                    
20000558  location                            
000000e5  main                                
00001d95  memcpy                              
00000e1b  oled_pow                            
20000508  plus                                
2000055c  time                                


GLOBAL SYMBOLS: SORTED BY Symbol Address 

address   name                                
-------   ----                                
00000000  __TI_static_base__                  
00000000  interruptVectors                    
000000e5  main                                
00000200  __STACK_SIZE                        
00000400  __SYSMEM_SIZE                       
000005a1  GPIO_Interrupt                      
00000711  PORT4_IRQHandler                    
00000711  PORT4_IRQHandler                    
0000085d  Home                                
000009c5  Menu                                
00000abd  StopWatch                           
00000abf  Counter                             
00000ac1  AlarmClock                          
00000ac3  WorldTime                           
00000ad9  delay_ms                            
00000b0b  OLED_ColorTurn                      
00000b31  OLED_DisplayTurn                    
00000b67  OLED_WR_Byte                        
00000c0d  OLED_Set_Pos                        
00000c49  OLED_Display_On                     
00000c65  OLED_Display_Off                    
00000c81  OLED_Clear                          
00000ceb  OLED_ShowChar                       
00000e1b  oled_pow                            
00000e51  OLED_ShowNum                        
00000f3b  OLED_ShowString                     
00000fa7  OLED_ShowChinese                    
00001069  OLED_DrawBMP                        
00001115  OLED_Init                           
00001269  W_Data                              
0000139b  R_Data                              
000014db  Set_DS1302                          
00001531  DS1302_Read_Time                    
00001589  DS1302_read_time                    
0000165b  DS1302_write_time                   
000017f5  getWeekdayByYearday                 
00001881  SystemCoreClockUpdate               
00001af9  SystemInit                          
00001bb5  Clock_Init48MHz                     
00001ccb  Clock_GetFreq                       
00001cd1  delay                               
00001cdf  Clock_Delay1us                      
00001d09  Clock_Delay1ms                      
00001d95  __aeabi_memcpy                      
00001d95  __aeabi_memcpy4                     
00001d95  __aeabi_memcpy8                     
00001d95  memcpy                              
00001e31  GPIO_getEnabledInterruptStatus      
00001eb5  Interrupt_enableInterrupt           
00001f35  __TI_decompress_lzss                
00001f9d  __aeabi_idiv                        
00001f9d  __aeabi_idivmod                     
00001ffb  __aeabi_idiv0                       
00001ffb  __aeabi_ldiv0                       
00001ffd  Interrupt_registerInterrupt         
00002059  GPIO_setAsInputPinWithPullUpResistor
000020b1  __TI_auto_init_nobinit_nopinit      
000020f5  GPIO_interruptEdgeSelect            
00002131  _c_int00_noargs                     
00002165  GPIO_clearInterruptFlag             
0000218d  GPIO_enableInterrupt                
000021b5  GPIO_getInterruptStatus             
000021d9  GPIO_registerInterrupt              
000021fd  __TI_zero_init_nomemset             
00002219  __TI_decompress_none                
00002227  Reset_Handler                       
00002233  ADC14_IRQHandler                    
00002233  AES256_IRQHandler                   
00002233  BusFault_Handler                    
00002233  COMP_E0_IRQHandler                  
00002233  COMP_E1_IRQHandler                  
00002233  CS_IRQHandler                       
00002233  DMA_ERR_IRQHandler                  
00002233  DMA_INT0_IRQHandler                 
00002233  DMA_INT1_IRQHandler                 
00002233  DMA_INT2_IRQHandler                 
00002233  DMA_INT3_IRQHandler                 
00002233  DebugMon_Handler                    
00002233  Default_Handler                     
00002233  EUSCIA0_IRQHandler                  
00002233  EUSCIA1_IRQHandler                  
00002233  EUSCIA2_IRQHandler                  
00002233  EUSCIA3_IRQHandler                  
00002233  EUSCIB0_IRQHandler                  
00002233  EUSCIB1_IRQHandler                  
00002233  EUSCIB2_IRQHandler                  
00002233  EUSCIB3_IRQHandler                  
00002233  FLCTL_IRQHandler                    
00002233  FPU_IRQHandler                      
00002233  HardFault_Handler                   
00002233  MemManage_Handler                   
00002233  NMI_Handler                         
00002233  PCM_IRQHandler                      
00002233  PORT1_IRQHandler                    
00002233  PORT2_IRQHandler                    
00002233  PORT3_IRQHandler                    
00002233  PORT5_IRQHandler                    
00002233  PORT6_IRQHandler                    
00002233  PSS_IRQHandler                      
00002233  PendSV_Handler                      
00002233  RTC_C_IRQHandler                    
00002233  SVC_Handler                         
00002233  SysTick_Handler                     
00002233  T32_INT1_IRQHandler                 
00002233  T32_INT2_IRQHandler                 
00002233  T32_INTC_IRQHandler                 
00002233  TA0_0_IRQHandler                    
00002233  TA0_N_IRQHandler                    
00002233  TA1_0_IRQHandler                    
00002233  TA1_N_IRQHandler                    
00002233  TA2_0_IRQHandler                    
00002233  TA2_N_IRQHandler                    
00002233  TA3_0_IRQHandler                    
00002233  TA3_N_IRQHandler                    
00002233  UsageFault_Handler                  
00002233  WDT_A_IRQHandler                    
00002235  _system_pre_init                    
00002239  C$$EXIT                             
00002239  abort                               
0000223c  asc2_1608                           
0000282c  asc2_1206                           
00002ca0  Hzk1                                
00002fd0  asc2_0806                           
000031f8  Hzk                                 
0000345c  __TI_Handler_Table_Base             
00003468  __TI_Handler_Table_Limit            
00003478  __TI_CINIT_Base                     
00003490  __TI_CINIT_Limit                    
20000000  __start___llvm_prf_cnts             
20000000  __stop___llvm_prf_cnts              
20000000  g_pfnRAMVectors                     
200000e8  _sys_memory                         
200004e8  FirstKey                            
200004ec  SecondKey                           
200004f0  ThirdKey                            
200004f4  HomeClear                           
200004f8  ChooseClear                         
200004fc  EnterClear                          
20000500  SettingClear                        
20000504  enter                               
20000508  plus                                
2000050c  ClockFrequency                      
20000510  Prewait                             
20000514  CPMwait                             
20000518  Postwait                            
2000051c  IFlags                              
20000520  Crystalstable                       
20000524  city                                
20000530  SystemCoreClock                     
20000534  BeijingTime                         
20000540  LondonTime                          
2000054c  WashingtonTime                      
20000558  location                            
2000055c  time                                
20000560  alarm                               
2000fe00  __stack                             
20010000  __STACK_END                         
4000480c  WDTCTL_SYM                          
ffffffff  __TI_pprof_out_hndl                 
ffffffff  __TI_prof_data_size                 
ffffffff  __TI_prof_data_start                
ffffffff  __binit__                           
ffffffff  __c_args__                          
ffffffff  binit                               
UNDEFED   __mpu_init                          
UNDEFED   _system_post_cinit                  

[166 symbols]
