******************************************************************************
                  TI ARM Linker PC v20.2.5                     
******************************************************************************
>> Linked Sat Jun 25 17:53:46 2022

OUTPUT FILE NAME:   <ADC_Collect.out>
ENTRY POINT SYMBOL: "_c_int00_noargs"  address: 00005dd9


MEMORY CONFIGURATION

         name            origin    length      used     unused   attr    fill
----------------------  --------  ---------  --------  --------  ----  --------
  MAIN                  00000000   00040000  000074f8  00038b08  R  X
  INFO                  00200000   00004000  00000000  00004000  R  X
  SRAM_CODE             01000000   00010000  0000ca07  000035f9  RW X
  SRAM_DATA             20000000   00010000  0000ca07  000035f9  RW  


SEGMENT ALLOCATION MAP

run origin  load origin   length   init length attrs members
----------  ----------- ---------- ----------- ----- -------
00000000    00000000    000074f8   000074f8    r-x
  00000000    00000000    000000e4   000000e4    r-- .intvecs
  000000e4    000000e4    000060a8   000060a8    r-x .text
  0000618c    0000618c    000012ac   000012ac    r-- .const
  00007438    00007438    000000c0   000000c0    r-- .cinit
20000000    20000000    0000c807   00000000    rw-
  20000000    20000000    000000e8   00000000    rw- .vtable
  200000e8    200000e8    0000c140   00000000    rw- .data
  2000c228    2000c228    00000400   00000000    rw- .sysmem
  2000c628    2000c628    000001df   00000000    rw- .bss
2000fe00    2000fe00    00000200   00000000    rw-
  2000fe00    2000fe00    00000200   00000000    rw- .stack


SECTION ALLOCATION MAP

 output                                  attributes/
section   page    origin      length       input sections
--------  ----  ----------  ----------   ----------------
.intvecs   0    00000000    000000e4     
                  00000000    000000e4     startup_msp432p401r_ccs.obj (.intvecs:retain)

.text      0    000000e4    000060a8     
                  000000e4    0000110c     main.obj (.text)
                  000011f0    00000a4e     rtsv7M4_T_le_v4SPD16_eabi.lib : _printfi.c.obj (.text:__TI_printfi)
                  00001c3e    00000002     msp432p4xx_driverlib.lib : interrupt.o (.text:IntDefaultHandler)
                  00001c40    00000768     oled.obj (.text)
                  000023a8    000006bc     UART0.obj (.text)
                  00002a64    00000378     system_msp432p401r.obj (.text)
                  00002ddc    000002dc     data_process.obj (.text)
                  000030b8    00000270     rtsv7M4_T_le_v4SPD16_eabi.lib : _printfi.c.obj (.text:_pconv_a)
                  00003328    00000260     ADC14.obj (.text)
                  00003588    00000234     key.obj (.text)
                  000037bc    000001e0     Clock.obj (.text)
                  0000399c    000001d0     rtsv7M4_T_le_v4SPD16_eabi.lib : _printfi.c.obj (.text:_pconv_g)
                  00003b6c    000001b6                                   : fd_add_t2.asm.obj (.text)
                  00003d22    00000002                                   : _lock.c.obj (.text:_nop)
                  00003d24    00000194     timer32.obj (.text)
                  00003eb8    00000158     rtsv7M4_T_le_v4SPD16_eabi.lib : e_sqrt.c.obj (.text:sqrt)
                  00004010    0000013c                                   : _printfi.c.obj (.text:_pconv_e)
                  0000414c    00000136                                   : fd_div_t2.asm.obj (.text)
                  00004282    00000002                                   : div0.asm.obj (.text)
                  00004284    00000124                                   : _printfi.c.obj (.text:fcvt)
                  000043a8    00000114                                   : fputs.c.obj (.text:fputs)
                  000044bc    00000110                                   : fopen.c.obj (.text:_openfile)
                  000045cc    00000110                                   : s_scalbn.c.obj (.text:scalbn)
                  000046dc    00000100                                   : memory.c.obj (.text:aligned_alloc)
                  000047dc    000000fc                                   : fd_mul_t2.asm.obj (.text)
                  000048d8    000000e4                                   : memory.c.obj (.text:free)
                  000049bc    000000dc                                   : setvbuf.c.obj (.text:setvbuf)
                  00004a98    000000bc                                   : open.c.obj (.text:open)
                  00004b54    000000b8                                   : add_device.c.obj (.text:add_device)
                  00004c0c    000000b1                                   : _printfi.c.obj (.text:_ltostr)
                  00004cbd    00000003     --HOLE-- [fill = 0]
                  00004cc0    0000009c                                   : fopen.c.obj (.text:fopen)
                  00004d5c    0000009c                                   : memcpy_t2.asm.obj (.text)
                  00004df8    00000096                                   : ull_div_t2.asm.obj (.text)
                  00004e8e    00000002     --HOLE-- [fill = 0]
                  00004e90    0000008c                                   : fputc.c.obj (.text:fputc)
                  00004f1c    00000086                                   : fd_cmp_t2.asm.obj (.text:__aeabi_cdcmple)
                  00004fa2    00000086                                   : fd_cmp_t2.asm.obj (.text:__aeabi_cdrcmple)
                  00005028    00000084     msp432p4xx_driverlib.lib : gpio.o (.text:GPIO_getEnabledInterruptStatus)
                  000050ac    00000080                              : interrupt.o (.text:Interrupt_disableInterrupt)
                  0000512c    00000080                              : interrupt.o (.text:Interrupt_enableInterrupt)
                  000051ac    0000007a     rtsv7M4_T_le_v4SPD16_eabi.lib : memset_t2.asm.obj (.text)
                  00005226    00000002     --HOLE-- [fill = 0]
                  00005228    00000074                                   : fclose.c.obj (.text:__TI_closefile)
                  0000529c    00000070                                   : memory.c.obj (.text:split)
                  0000530c    0000006e                                   : _printfi.c.obj (.text:_mcpy)
                  0000537a    0000006e                                   : fd_tos_t2.asm.obj (.text)
                  000053e8    0000006c                                   : hostrename.c.obj (.text:HOSTrename)
                  00005454    00000068                                   : hostlseek.c.obj (.text:HOSTlseek)
                  000054bc    00000068                                   : copy_decompress_lzss.c.obj (.text:decompress:lzss:__TI_decompress_lzss)
                  00005524    00000068                                   : printf.c.obj (.text:printf)
                  0000558c    00000064                                   : s_frexp.c.obj (.text:frexp)
                  000055f0    00000064                                   : fseek.c.obj (.text:fseek)
                  00005654    00000062                                   : _io_perm.c.obj (.text:__TI_wrt_ok)
                  000056b6    00000002     --HOLE-- [fill = 0]
                  000056b8    00000060                                   : hostopen.c.obj (.text:HOSTopen)
                  00005718    0000005c     msp432p4xx_driverlib.lib : interrupt.o (.text:Interrupt_registerInterrupt)
                  00005774    0000005c     rtsv7M4_T_le_v4SPD16_eabi.lib : close.c.obj (.text:close)
                  000057d0    00000058     msp432p4xx_driverlib.lib : gpio.o (.text:GPIO_setAsInputPinWithPullUpResistor)
                  00005828    00000058     rtsv7M4_T_le_v4SPD16_eabi.lib : hostread.c.obj (.text:HOSTread)
                  00005880    00000058                                   : hostwrite.c.obj (.text:HOSTwrite)
                  000058d8    00000056                                   : _printfi.c.obj (.text:_pconv_f)
                  0000592e    00000054                                   : _ltoa.c.obj (.text:__TI_ltoa)
                  00005982    00000052                                   : _printfi.c.obj (.text:_ecpy)
                  000059d4    0000004c                                   : fflush.c.obj (.text:__TI_doflush)
                  00005a20    0000004c                                   : atoi.c.obj (.text:atoi)
                  00005a6c    00000048                                   : exit.c.obj (.text:exit)
                  00005ab4    00000048                                   : fd_toi_t2.asm.obj (.text)
                  00005afc    00000044                                   : hostclose.c.obj (.text:HOSTclose)
                  00005b40    00000044                                   : hostunlink.c.obj (.text:HOSTunlink)
                  00005b84    00000044                                   : autoinit.c.obj (.text:__TI_auto_init_nobinit_nopinit:__TI_auto_init_nobinit_nopinit)
                  00005bc8    00000044                                   : getdevice.c.obj (.text:getdevice)
                  00005c0c    00000040     SysTickInts.obj (.text)
                  00005c4c    0000003e     rtsv7M4_T_le_v4SPD16_eabi.lib : _printfi.c.obj (.text:_fcpy)
                  00005c8a    00000002     --HOLE-- [fill = 0]
                  00005c8c    0000003c     msp432p4xx_driverlib.lib : gpio.o (.text:GPIO_interruptEdgeSelect)
                  00005cc8    00000038     rtsv7M4_T_le_v4SPD16_eabi.lib : trgmsg.c.obj (.text:__TI_writemsg)
                  00005d00    00000038                                   : fs_tod_t2.asm.obj (.text)
                  00005d38    00000036                                   : strncpy.c.obj (.text:strncpy)
                  00005d6e    00000002     --HOLE-- [fill = 0]
                  00005d70    00000034                                   : fopen.c.obj (.text:__TI_cleanup)
                  00005da4    00000034                                   : trgmsg.c.obj (.text:__TI_readmsg)
                  00005dd8    00000034                                   : boot_cortex_m.c.obj (.text:_c_int00_noargs:_c_int00_noargs)
                  00005e0c    00000034                                   : fopen.c.obj (.text:freopen)
                  00005e40    00000030                                   : getdevice.c.obj (.text:finddevice)
                  00005e70    0000002e                                   : i_tofd_t2.asm.obj (.text)
                  00005e9e    00000002     --HOLE-- [fill = 0]
                  00005ea0    0000002c                                   : unlink.c.obj (.text:unlink)
                  00005ecc    00000028     msp432p4xx_driverlib.lib : gpio.o (.text:GPIO_clearInterruptFlag)
                  00005ef4    00000028                              : gpio.o (.text:GPIO_enableInterrupt)
                  00005f1c    00000028     rtsv7M4_T_le_v4SPD16_eabi.lib : memory.c.obj (.text:free_list_insert)
                  00005f44    00000028                                   : lseek.c.obj (.text:lseek)
                  00005f6c    00000028                                   : write.c.obj (.text:write)
                  00005f94    00000024     CortexM.obj (.text)
                  00005fb8    00000024     msp432p4xx_driverlib.lib : gpio.o (.text:GPIO_getInterruptStatus)
                  00005fdc    00000024                              : gpio.o (.text:GPIO_registerInterrupt)
                  00006000    00000020     rtsv7M4_T_le_v4SPD16_eabi.lib : memchr.c.obj (.text:memchr)
                  00006020    00000020                                   : u_tofd_t2.asm.obj (.text)
                  00006040    0000001c     msp432p4xx_driverlib.lib : interrupt.o (.text:Interrupt_unregisterInterrupt)
                  0000605c    0000001c     rtsv7M4_T_le_v4SPD16_eabi.lib : copy_zero_init.c.obj (.text:decompress:ZI:__TI_zero_init_nomemset:__TI_zero_init_nomemset)
                  00006078    0000001c                                   : memory.c.obj (.text:free_list_remove)
                  00006094    0000001c                                   : memccpy.c.obj (.text:memccpy)
                  000060b0    0000001a                                   : s_copysign.c.obj (.text:copysign)
                  000060ca    00000018                                   : strcmp.c.obj (.text:strcmp)
                  000060e2    00000016                                   : strchr.c.obj (.text:strchr)
                  000060f8    00000014                                   : strcpy.c.obj (.text:strcpy)
                  0000610c    00000014                                   : strlen.c.obj (.text:strlen)
                  00006120    00000012                                   : wcslen.c.obj (.text:wcslen)
                  00006132    00000010     msp432p4xx_driverlib.lib : interrupt.o (.text:Interrupt_enableMaster)
                  00006142    0000000e     rtsv7M4_T_le_v4SPD16_eabi.lib : copy_decompress_none.c.obj (.text:decompress:none:__TI_decompress_none)
                  00006150    0000000e     startup_msp432p401r_ccs.obj (.text)
                  0000615e    0000000c     msp432p4xx_driverlib.lib : cpu.o (.text:CPU_cpsie)
                  0000616a    00000002     --HOLE-- [fill = 0]
                  0000616c    00000008     rtsv7M4_T_le_v4SPD16_eabi.lib : errno.c.obj (.text:__aeabi_errno_addr)
                  00006174    00000008                                   : memory.c.obj (.text:malloc)
                  0000617c    00000004                                   : printf.c.obj (.text:_outc)
                  00006180    00000004                                   : printf.c.obj (.text:_outs)
                  00006184    00000004                                   : pre_init.c.obj (.text:_system_pre_init)
                  00006188    00000004                                   : exit.c.obj (.text:abort:abort)

.const     0    0000618c    000012ac     
                  0000618c    000005f0     oled.obj (.const:asc2_1608)
                  0000677c    000004c0     oled.obj (.const:Hzk)
                  00006c3c    00000474     oled.obj (.const:asc2_1206)
                  000070b0    00000228     oled.obj (.const:asc2_0806)
                  000072d8    00000101     rtsv7M4_T_le_v4SPD16_eabi.lib : ctype.c.obj (.const:.string:_ctypes_)
                  000073d9    00000003     --HOLE-- [fill = 0]
                  000073dc    00000030     msp432p4xx_driverlib.lib : gpio.o (.const:GPIO_PORT_TO_BASE)
                  0000740c    0000001c                              : gpio.o (.const:GPIO_PORT_TO_INT)
                  00007428    00000008                              : interrupt.o (.const:g_pulDisRegs)
                  00007430    00000008                              : interrupt.o (.const:g_pulEnRegs)

.cinit     0    00007438    000000c0     
                  00007438    0000008b     (.cinit..data.load) [load image, compression = lzss]
                  000074c3    00000001     --HOLE-- [fill = 0]
                  000074c4    0000000c     (__TI_handler_table)
                  000074d0    00000008     (.cinit..bss.load) [load image, compression = zero_init]
                  000074d8    00000008     (.cinit..vtable.load) [load image, compression = zero_init]
                  000074e0    00000018     (__TI_cinit_table)

.init_array 
*          0    00000000    00000000     UNINITIALIZED

.binit     0    00000000    00000000     

.vtable    0    20000000    000000e8     UNINITIALIZED
                  20000000    000000e8     msp432p4xx_driverlib.lib : interrupt.o (.vtable)

.data      0    200000e8    0000c140     UNINITIALIZED
                  200000e8    00001f40     main.obj (.data:ADCDeal_Channel1_Flag)
                  20002028    00001f40     main.obj (.data:ADCDeal_Channel2_Flag)
                  20003f68    00001f40     main.obj (.data:ADCFreq_Channel1)
                  20005ea8    00001f40     main.obj (.data:ADCFreq_Channel2)
                  20007de8    00001f40     main.obj (.data:ADCRaw_Channel1_Flag)
                  20009d28    00001f40     main.obj (.data:ADCRaw_Channel2_Flag)
                  2000bc68    00000190     main.obj (.data:ADCEndFreq_Channel1)
                  2000bdf8    00000190     main.obj (.data:ADCEndFreq_Channel2)
                  2000bf88    000000f0     rtsv7M4_T_le_v4SPD16_eabi.lib : defs.c.obj (.data:_ftable)
                  2000c078    00000078                                   : host_device.c.obj (.data:_device)
                  2000c0f0    00000075     main.obj (.data)
                  2000c165    00000003     --HOLE--
                  2000c168    00000050     rtsv7M4_T_le_v4SPD16_eabi.lib : host_device.c.obj (.data:_stream)
                  2000c1b8    00000018     Clock.obj (.data)
                  2000c1d0    00000014     main.obj (.data:temp)
                  2000c1e4    00000010     rtsv7M4_T_le_v4SPD16_eabi.lib : defs.c.obj (.data)
                  2000c1f4    0000000c                                   : exit.c.obj (.data:$O1$$)
                  2000c200    00000008                                   : _lock.c.obj (.data:$O1$$)
                  2000c208    00000008                                   : memory.c.obj (.data:$O1$$)
                  2000c210    00000004     data_process.obj (.data)
                  2000c214    00000004     rtsv7M4_T_le_v4SPD16_eabi.lib : add_device.c.obj (.data)
                  2000c218    00000004                                   : errno.c.obj (.data)
                  2000c21c    00000004                                   : fopen.c.obj (.data)
                  2000c220    00000004                                   : open.c.obj (.data)
                  2000c224    00000004     system_msp432p401r.obj (.data)

.sysmem    0    2000c228    00000400     UNINITIALIZED
                  2000c228    00000010     rtsv7M4_T_le_v4SPD16_eabi.lib : memory.c.obj (.sysmem)
                  2000c238    000003f0     --HOLE--

.bss       0    2000c628    000001df     UNINITIALIZED
                  2000c628    00000120     rtsv7M4_T_le_v4SPD16_eabi.lib : trgmsg.c.obj (.bss:_CIOBUF_)
                  2000c748    000000a0     (.common:__TI_tmpnams)
                  2000c7e8    00000008     (.common:Messageb)
                  2000c7f0    00000008     (.common:parmbuf)
                  2000c7f8    00000004     (.common:Messageindexb)
                  2000c7fc    00000004     (.common:p1)
                  2000c800    00000004     (.common:p2)
                  2000c804    00000002     key.obj (.bss)
                  2000c806    00000001     (.common:Key_KeyNumber)

.stack     0    2000fe00    00000200     UNINITIALIZED
                  2000fe00    00000004     rtsv7M4_T_le_v4SPD16_eabi.lib : boot_cortex_m.c.obj (.stack)
                  2000fe04    000001fc     --HOLE--

__llvm_prf_cnts 
*          0    20000000    00000000     UNINITIALIZED

MODULE SUMMARY

       Module                        code    ro data   rw data
       ------                        ----    -------   -------
    .\
       main.obj                      4364    0         97890  
       oled.obj                      1896    4428      0      
       UART0.obj                     1724    0         24     
       system_msp432p401r.obj        888     0         8      
       data_process.obj              732     0         8      
       ADC14.obj                     608     0         0      
       key.obj                       564     0         6      
       Clock.obj                     480     0         48     
       timer32.obj                   404     0         0      
       startup_msp432p401r_ccs.obj   14      228       0      
       SysTickInts.obj               64      0         0      
       CortexM.obj                   36      0         0      
    +--+-----------------------------+-------+---------+---------+
       Total:                        11774   4656      97984  
                                                              
    C:/ti/simplelink_msp432p4_sdk_3_40_01_02/source/ti/devices/msp432p4xx/driverlib/ccs/msp432p4xx_driverlib.lib
       interrupt.o                   394     16        464    
       gpio.o                        432     76        0      
       cpu.o                         12      0         0      
    +--+-----------------------------+-------+---------+---------+
       Total:                        838     92        464    
                                                              
    C:\ti\ccs1100\ccs\tools\compiler\ti-cgt-arm_20.2.5.LTS\lib\rtsv7M4_T_le_v4SPD16_eabi.lib
       _printfi.c.obj                4851    0         0      
       defs.c.obj                    0       0         832    
       memory.c.obj                  672     0         16     
       trgmsg.c.obj                  108     0         576    
       fopen.c.obj                   532     0         8      
       fd_add_t2.asm.obj             438     0         0      
       host_device.c.obj             0       0         400    
       e_sqrt.c.obj                  344     0         0      
       fd_div_t2.asm.obj             310     0         0      
       fputs.c.obj                   276     0         0      
       s_scalbn.c.obj                272     0         0      
       fd_cmp_t2.asm.obj             268     0         0      
       ctype.c.obj                   0       257       0      
       fd_mul_t2.asm.obj             252     0         0      
       setvbuf.c.obj                 220     0         0      
       open.c.obj                    188     0         8      
       add_device.c.obj              184     0         8      
       memcpy_t2.asm.obj             156     0         0      
       ull_div_t2.asm.obj            150     0         0      
       fputc.c.obj                   140     0         0      
       memset_t2.asm.obj             122     0         0      
       fclose.c.obj                  116     0         0      
       getdevice.c.obj               116     0         0      
       hostopen.c.obj                96      0         16     
       printf.c.obj                  112     0         0      
       fd_tos_t2.asm.obj             110     0         0      
       hostrename.c.obj              108     0         0      
       copy_decompress_lzss.c.obj    104     0         0      
       hostlseek.c.obj               104     0         0      
       exit.c.obj                    76      0         24     
       fseek.c.obj                   100     0         0      
       s_frexp.c.obj                 100     0         0      
       _io_perm.c.obj                98      0         0      
       close.c.obj                   92      0         0      
       hostread.c.obj                88      0         0      
       hostwrite.c.obj               88      0         0      
       _ltoa.c.obj                   84      0         0      
       atoi.c.obj                    76      0         0      
       fflush.c.obj                  76      0         0      
       fd_toi_t2.asm.obj             72      0         0      
       autoinit.c.obj                68      0         0      
       hostclose.c.obj               68      0         0      
       hostunlink.c.obj              68      0         0      
       fs_tod_t2.asm.obj             56      0         0      
       strncpy.c.obj                 54      0         0      
       boot_cortex_m.c.obj           52      0         0      
       i_tofd_t2.asm.obj             46      0         0      
       unlink.c.obj                  44      0         0      
       lseek.c.obj                   40      0         0      
       write.c.obj                   40      0         0      
       memchr.c.obj                  32      0         0      
       u_tofd_t2.asm.obj             32      0         0      
       copy_zero_init.c.obj          28      0         0      
       memccpy.c.obj                 28      0         0      
       s_copysign.c.obj              26      0         0      
       strcmp.c.obj                  24      0         0      
       strchr.c.obj                  22      0         0      
       strcpy.c.obj                  20      0         0      
       strlen.c.obj                  20      0         0      
       _lock.c.obj                   2       0         16     
       wcslen.c.obj                  18      0         0      
       errno.c.obj                   8       0         8      
       copy_decompress_none.c.obj    14      0         0      
       pre_init.c.obj                4       0         0      
       div0.asm.obj                  2       0         0      
    +--+-----------------------------+-------+---------+---------+
       Total:                        12115   257       1912   
                                                              
       Heap:                         0       0         2048   
       Stack:                        0       0         1024   
       Linker Generated:             0       191       0      
    +--+-----------------------------+-------+---------+---------+
       Grand Total:                  24727   5196      103432 


LINKER GENERATED COPY TABLES

__TI_cinit_table @ 000074e0 records: 3, size/record: 8, table size: 24
	.data: load addr=00007438, load size=0000008b bytes, run addr=200000e8, run size=0000c140 bytes, compression=lzss
	.bss: load addr=000074d0, load size=00000008 bytes, run addr=2000c628, run size=000001df bytes, compression=zero_init
	.vtable: load addr=000074d8, load size=00000008 bytes, run addr=20000000, run size=000000e8 bytes, compression=zero_init


LINKER GENERATED HANDLER TABLE

__TI_handler_table @ 000074c4 records: 3, size/record: 4, table size: 12
	index: 0, handler: __TI_zero_init
	index: 1, handler: __TI_decompress_lzss
	index: 2, handler: __TI_decompress_none


GLOBAL SYMBOLS: SORTED ALPHABETICALLY BY Name 

address   name                                
-------   ----                                
2000c148  ACvoltage1                          
2000c14c  ACvoltage2                          
00003425  ADC0_InitSWTriggerCh12              
00003495  ADC0_InitSWTriggerCh17_12_16        
00003329  ADC0_InitSWTriggerCh6               
00003399  ADC0_InitSWTriggerCh67              
0000615d  ADC14_IRQHandler                    
200000e8  ADCDeal_Channel1_Flag               
20002028  ADCDeal_Channel2_Flag               
2000bc68  ADCEndFreq_Channel1                 
2000bdf8  ADCEndFreq_Channel2                 
20003f68  ADCFreq_Channel1                    
20005ea8  ADCFreq_Channel2                    
20007de8  ADCRaw_Channel1_Flag                
20009d28  ADCRaw_Channel2_Flag                
00003475  ADC_In12                            
00003505  ADC_In17_12_16                      
00003379  ADC_In6                             
000033ef  ADC_In67                            
0000615d  AES256_IRQHandler                   
0000615d  BusFault_Handler                    
00006189  C$$EXIT                             
00005cf7  C$$IO$$                             
0000615d  COMP_E0_IRQHandler                  
0000615d  COMP_E1_IRQHandler                  
2000c1c0  CPMwait                             
0000615f  CPU_cpsie                           
0000615d  CS_IRQHandler                       
2000c1b8  ClockFrequency                      
00003911  Clock_Delay1ms                      
000038e7  Clock_Delay1us                      
000038d3  Clock_GetFreq                       
000037bd  Clock_Init48MHz                     
2000c1cc  Crystalstable                       
2000c140  DCvoltage1                          
2000c144  DCvoltage2                          
0000615d  DMA_ERR_IRQHandler                  
0000615d  DMA_INT0_IRQHandler                 
0000615d  DMA_INT1_IRQHandler                 
0000615d  DMA_INT2_IRQHandler                 
0000615d  DMA_INT3_IRQHandler                 
0000615d  DebugMon_Handler                    
0000615d  Default_Handler                     
00005f95  DisableInterrupts                   
0000615d  EUSCIA0_IRQHandler                  
0000615d  EUSCIA1_IRQHandler                  
0000615d  EUSCIA2_IRQHandler                  
0000615d  EUSCIA3_IRQHandler                  
0000615d  EUSCIB0_IRQHandler                  
0000615d  EUSCIB1_IRQHandler                  
0000615d  EUSCIB2_IRQHandler                  
0000615d  EUSCIB3_IRQHandler                  
00005f9b  EnableInterrupts                    
00005fab  EndCritical                         
0000615d  FLCTL_IRQHandler                    
0000615d  FPU_IRQHandler                      
000000e5  GPIO_Interrupt                      
00005ecd  GPIO_clearInterruptFlag             
00005ef5  GPIO_enableInterrupt                
00005029  GPIO_getEnabledInterruptStatus      
00005fb9  GPIO_getInterruptStatus             
00005c8d  GPIO_interruptEdgeSelect            
00005fdd  GPIO_registerInterrupt              
000057d1  GPIO_setAsInputPinWithPullUpResistor
00005afd  HOSTclose                           
00005455  HOSTlseek                           
000056b9  HOSTopen                            
00005829  HOSTread                            
000053e9  HOSTrename                          
00005b41  HOSTunlink                          
00005881  HOSTwrite                           
0000615d  HardFault_Handler                   
0000677c  Hzk                                 
2000c1c8  IFlags                              
000050ad  Interrupt_disableInterrupt          
0000512d  Interrupt_enableInterrupt           
00006133  Interrupt_enableMaster              
00005719  Interrupt_registerInterrupt         
00006041  Interrupt_unregisterInterrupt       
0000377d  Key                                 
2000c0fc  Key_Count                           
00003685  Key_GetState                        
2000c806  Key_KeyNumber                       
000036dd  Key_Loop                            
2000c100  Key_Num                             
0000615d  MemManage_Handler                   
2000c7e8  Messageb                            
2000c7f8  Messageindexb                       
0000615d  NMI_Handler                         
00001de9  OLED_Clear                          
00001c73  OLED_ColorTurn                      
00001c99  OLED_DisplayTurn                    
00001dcd  OLED_Display_Off                    
00001db1  OLED_Display_On                     
000021ab  OLED_DrawBMP                        
00002259  OLED_Init                           
00001d75  OLED_Set_Pos                        
00001e53  OLED_ShowChar                       
0000210f  OLED_ShowChinese                    
00001fb9  OLED_ShowNum                        
000020a3  OLED_ShowString                     
00001ccf  OLED_WR_Byte                        
0000615d  PCM_IRQHandler                      
00000209  PORT1_IRQHandler                    
00000209  PORT1_IRQHandler                    
0000615d  PORT2_IRQHandler                    
0000615d  PORT3_IRQHandler                    
00000243  PORT4_IRQHandler                    
00000243  PORT4_IRQHandler                    
0000615d  PORT5_IRQHandler                    
0000615d  PORT6_IRQHandler                    
0000615d  PSS_IRQHandler                      
0000615d  PendSV_Handler                      
2000c1c4  Postwait                            
2000c1bc  Prewait                             
0000615d  RTC_C_IRQHandler                    
00006151  Reset_Handler                       
0000615d  SVC_Handler                         
00005fa1  StartCritical                       
00000345  SysTick_Handler                     
00000345  SysTick_Handler                     
00005c0d  SysTick_Init                        
2000c224  SystemCoreClock                     
00002a65  SystemCoreClockUpdate               
00002cdd  SystemInit                          
00000369  T32_INT1_IRQHandler                 
00000369  T32_INT1_IRQHandler                 
0000615d  T32_INT2_IRQHandler                 
0000615d  T32_INTC_IRQHandler                 
0000615d  TA0_0_IRQHandler                    
0000615d  TA0_N_IRQHandler                    
0000615d  TA1_0_IRQHandler                    
0000615d  TA1_N_IRQHandler                    
0000615d  TA2_0_IRQHandler                    
0000615d  TA2_N_IRQHandler                    
0000615d  TA3_0_IRQHandler                    
0000615d  TA3_N_IRQHandler                    
00003e63  Timer32_clearInterruptFlag          
00003e4f  Timer32_disableInterrupt            
00003e3b  Timer32_enableInterrupt             
00003e77  Timer32_getInterruptStatus          
00003de5  Timer32_getValue                    
00003e27  Timer32_haltTimer                   
00003d25  Timer32_initModule                  
00003e85  Timer32_registerInterrupt           
00003d85  Timer32_setCount                    
00003db5  Timer32_setCountInBackground        
00003df3  Timer32_startTimer                  
00003e9b  Timer32_unregisterInterrupt         
000023ef  UART0_InChar                        
00002879  UART0_InString                      
00002439  UART0_InUDec                        
0000272d  UART0_InUHex                        
000023a9  UART0_Init                          
000029d9  UART0_Initprintf                    
000023ff  UART0_OutChar                       
0000241b  UART0_OutString                     
000024bd  UART0_OutUDec                       
00002629  UART0_OutUDec4                      
0000267d  UART0_OutUDec5                      
000026b9  UART0_OutUFix1                      
000026e1  UART0_OutUFix2                      
000027f1  UART0_OutUHex                       
0000285d  UART0_OutUHex2                      
0000615d  UsageFault_Handler                  
4000480c  WDTCTL_SYM                          
0000615d  WDT_A_IRQHandler                    
00005fb3  WaitForInterrupt                    
2000c628  __CIOBUF_                           
20010000  __STACK_END                         
00000200  __STACK_SIZE                        
00000400  __SYSMEM_SIZE                       
000074e0  __TI_CINIT_Base                     
000074f8  __TI_CINIT_Limit                    
000074c4  __TI_Handler_Table_Base             
000074d0  __TI_Handler_Table_Limit            
00005b85  __TI_auto_init_nobinit_nopinit      
00005d71  __TI_cleanup                        
2000c1f4  __TI_cleanup_ptr                    
00005229  __TI_closefile                      
000054bd  __TI_decompress_lzss                
00006143  __TI_decompress_none                
000059d5  __TI_doflush                        
2000c1f8  __TI_dtors_ptr                      
2000c1fc  __TI_enable_exit_profile_output     
2000c1e4  __TI_ft_end                         
0000592f  __TI_ltoa                           
ffffffff  __TI_pprof_out_hndl                 
000011f1  __TI_printfi                        
ffffffff  __TI_prof_data_size                 
ffffffff  __TI_prof_data_start                
00005da5  __TI_readmsg                        
00000000  __TI_static_base__                  
2000c748  __TI_tmpnams                        
00005cc9  __TI_writemsg                       
00005655  __TI_wrt_ok                         
0000605d  __TI_zero_init_nomemset             
00004f1d  __aeabi_cdcmpeq                     
00004f1d  __aeabi_cdcmple                     
00004fa3  __aeabi_cdrcmple                    
0000537b  __aeabi_d2f                         
00005ab5  __aeabi_d2iz                        
00003b77  __aeabi_dadd                        
0000414d  __aeabi_ddiv                        
000047dd  __aeabi_dmul                        
00003b6d  __aeabi_dsub                        
0000616d  __aeabi_errno_addr                  
00005d01  __aeabi_f2d                         
00005e71  __aeabi_i2d                         
00004283  __aeabi_idiv0                       
00004283  __aeabi_ldiv0                       
000051ad  __aeabi_memclr                      
000051ad  __aeabi_memclr4                     
000051ad  __aeabi_memclr8                     
00004d5d  __aeabi_memcpy                      
00004d5d  __aeabi_memcpy4                     
00004d5d  __aeabi_memcpy8                     
000051af  __aeabi_memset                      
000051af  __aeabi_memset4                     
000051af  __aeabi_memset8                     
2000c1f0  __aeabi_stderr                      
2000c1e8  __aeabi_stdin                       
2000c1ec  __aeabi_stdout                      
00006021  __aeabi_ui2d                        
00004df9  __aeabi_uldivmod                    
ffffffff  __binit__                           
ffffffff  __c_args__                          
UNDEFED   __mpu_init                          
2000fe00  __stack                             
20000000  __start___llvm_prf_cnts             
20000000  __stop___llvm_prf_cnts              
00005dd9  _c_int00_noargs                     
000072d8  _ctypes_                            
2000c078  _device                             
2000bf88  _ftable                             
2000c200  _lock                               
00003d23  _nop                                
2000c168  _stream                             
2000c228  _sys_memory                         
UNDEFED   _system_post_cinit                  
00006185  _system_pre_init                    
2000c204  _unlock                             
2000c12c  aa                                  
00006189  abort                               
00004b55  add_device                          
000046dd  aligned_alloc                       
000070b0  asc2_0806                           
00006c3c  asc2_1206                           
0000618c  asc2_1608                           
00005a21  atoi                                
2000c130  bb                                  
ffffffff  binit                               
2000c118  ch6                                 
2000c11c  ch7                                 
00005775  close                               
2000c0f8  collect_flag                        
000060b1  copysign                            
000060b1  copysignl                           
000038d9  delay                               
00001c41  delay_ms                            
00002ee5  delete_data                         
2000c218  errno                               
00005a6d  exit                                
2000c104  f_length1                           
2000c108  f_length2                           
00002913  ferror                              
000028f3  fgetc                               
00005e41  finddevice                          
00002f51  float_int                           
00004cc1  fopen                               
00004e91  fputc                               
000043a9  fputs                               
2000c134  frecq1                              
2000c138  frecq2                              
000048d9  free                                
00005e0d  freopen                             
0000558d  frexp                               
0000558d  frexpl                              
000055f1  fseek                               
20000000  g_pfnRAMVectors                     
00002e3b  get_index                           
00002ddd  get_max                             
00005bc9  getdevice                           
2000c210  i                                   
00000000  interruptVectors                    
2000c15c  j                                   
2000c160  k                                   
2000c120  key                                 
00003589  key_init                            
2000c124  key_num                             
000045cd  ldexp                               
000045cd  ldexpl                              
00005f45  lseek                               
000003b9  main                                
00006175  malloc                              
2000c150  max1                                
2000c154  max2                                
000046dd  memalign                            
00006095  memccpy                             
00006001  memchr                              
00004d5d  memcpy                              
000051b5  memset                              
2000c164  mode                                
2000c0f4  num                                 
00001f83  oled_pow                            
00004a99  open                                
00002fc1  out_phase                           
00002835  outnibble                           
2000c158  over_flag                           
2000c7fc  p1                                  
2000c800  p2                                  
2000c7f0  parmbuf                             
2000c13c  phase                               
00005525  printf                              
00004e91  putc                                
00005ea1  remove                              
2000c10c  s_length1                           
2000c110  s_length2                           
000045cd  scalbn                              
000045cd  scalbnl                             
000049bd  setvbuf                             
00003eb9  sqrt                                
00003eb9  sqrtl                               
000060e3  strchr                              
000060cb  strcmp                              
000060f9  strcpy                              
0000610d  strlen                              
00005d39  strncpy                             
2000c128  switch1                             
2000c1d0  temp                                
2000c0f0  test_flag                           
00002931  uart_close                          
000029af  uart_lseek                          
00002921  uart_open                           
00002943  uart_read                           
000029cb  uart_rename                         
000029bf  uart_unlink                         
0000296d  uart_write                          
00005ea1  unlink                              
2000c114  waveforms                           
00006121  wcslen                              
00005f6d  write                               


GLOBAL SYMBOLS: SORTED BY Symbol Address 

address   name                                
-------   ----                                
00000000  __TI_static_base__                  
00000000  interruptVectors                    
000000e5  GPIO_Interrupt                      
00000200  __STACK_SIZE                        
00000209  PORT1_IRQHandler                    
00000209  PORT1_IRQHandler                    
00000243  PORT4_IRQHandler                    
00000243  PORT4_IRQHandler                    
00000345  SysTick_Handler                     
00000345  SysTick_Handler                     
00000369  T32_INT1_IRQHandler                 
00000369  T32_INT1_IRQHandler                 
000003b9  main                                
00000400  __SYSMEM_SIZE                       
000011f1  __TI_printfi                        
00001c41  delay_ms                            
00001c73  OLED_ColorTurn                      
00001c99  OLED_DisplayTurn                    
00001ccf  OLED_WR_Byte                        
00001d75  OLED_Set_Pos                        
00001db1  OLED_Display_On                     
00001dcd  OLED_Display_Off                    
00001de9  OLED_Clear                          
00001e53  OLED_ShowChar                       
00001f83  oled_pow                            
00001fb9  OLED_ShowNum                        
000020a3  OLED_ShowString                     
0000210f  OLED_ShowChinese                    
000021ab  OLED_DrawBMP                        
00002259  OLED_Init                           
000023a9  UART0_Init                          
000023ef  UART0_InChar                        
000023ff  UART0_OutChar                       
0000241b  UART0_OutString                     
00002439  UART0_InUDec                        
000024bd  UART0_OutUDec                       
00002629  UART0_OutUDec4                      
0000267d  UART0_OutUDec5                      
000026b9  UART0_OutUFix1                      
000026e1  UART0_OutUFix2                      
0000272d  UART0_InUHex                        
000027f1  UART0_OutUHex                       
00002835  outnibble                           
0000285d  UART0_OutUHex2                      
00002879  UART0_InString                      
000028f3  fgetc                               
00002913  ferror                              
00002921  uart_open                           
00002931  uart_close                          
00002943  uart_read                           
0000296d  uart_write                          
000029af  uart_lseek                          
000029bf  uart_unlink                         
000029cb  uart_rename                         
000029d9  UART0_Initprintf                    
00002a65  SystemCoreClockUpdate               
00002cdd  SystemInit                          
00002ddd  get_max                             
00002e3b  get_index                           
00002ee5  delete_data                         
00002f51  float_int                           
00002fc1  out_phase                           
00003329  ADC0_InitSWTriggerCh6               
00003379  ADC_In6                             
00003399  ADC0_InitSWTriggerCh67              
000033ef  ADC_In67                            
00003425  ADC0_InitSWTriggerCh12              
00003475  ADC_In12                            
00003495  ADC0_InitSWTriggerCh17_12_16        
00003505  ADC_In17_12_16                      
00003589  key_init                            
00003685  Key_GetState                        
000036dd  Key_Loop                            
0000377d  Key                                 
000037bd  Clock_Init48MHz                     
000038d3  Clock_GetFreq                       
000038d9  delay                               
000038e7  Clock_Delay1us                      
00003911  Clock_Delay1ms                      
00003b6d  __aeabi_dsub                        
00003b77  __aeabi_dadd                        
00003d23  _nop                                
00003d25  Timer32_initModule                  
00003d85  Timer32_setCount                    
00003db5  Timer32_setCountInBackground        
00003de5  Timer32_getValue                    
00003df3  Timer32_startTimer                  
00003e27  Timer32_haltTimer                   
00003e3b  Timer32_enableInterrupt             
00003e4f  Timer32_disableInterrupt            
00003e63  Timer32_clearInterruptFlag          
00003e77  Timer32_getInterruptStatus          
00003e85  Timer32_registerInterrupt           
00003e9b  Timer32_unregisterInterrupt         
00003eb9  sqrt                                
00003eb9  sqrtl                               
0000414d  __aeabi_ddiv                        
00004283  __aeabi_idiv0                       
00004283  __aeabi_ldiv0                       
000043a9  fputs                               
000045cd  ldexp                               
000045cd  ldexpl                              
000045cd  scalbn                              
000045cd  scalbnl                             
000046dd  aligned_alloc                       
000046dd  memalign                            
000047dd  __aeabi_dmul                        
000048d9  free                                
000049bd  setvbuf                             
00004a99  open                                
00004b55  add_device                          
00004cc1  fopen                               
00004d5d  __aeabi_memcpy                      
00004d5d  __aeabi_memcpy4                     
00004d5d  __aeabi_memcpy8                     
00004d5d  memcpy                              
00004df9  __aeabi_uldivmod                    
00004e91  fputc                               
00004e91  putc                                
00004f1d  __aeabi_cdcmpeq                     
00004f1d  __aeabi_cdcmple                     
00004fa3  __aeabi_cdrcmple                    
00005029  GPIO_getEnabledInterruptStatus      
000050ad  Interrupt_disableInterrupt          
0000512d  Interrupt_enableInterrupt           
000051ad  __aeabi_memclr                      
000051ad  __aeabi_memclr4                     
000051ad  __aeabi_memclr8                     
000051af  __aeabi_memset                      
000051af  __aeabi_memset4                     
000051af  __aeabi_memset8                     
000051b5  memset                              
00005229  __TI_closefile                      
0000537b  __aeabi_d2f                         
000053e9  HOSTrename                          
00005455  HOSTlseek                           
000054bd  __TI_decompress_lzss                
00005525  printf                              
0000558d  frexp                               
0000558d  frexpl                              
000055f1  fseek                               
00005655  __TI_wrt_ok                         
000056b9  HOSTopen                            
00005719  Interrupt_registerInterrupt         
00005775  close                               
000057d1  GPIO_setAsInputPinWithPullUpResistor
00005829  HOSTread                            
00005881  HOSTwrite                           
0000592f  __TI_ltoa                           
000059d5  __TI_doflush                        
00005a21  atoi                                
00005a6d  exit                                
00005ab5  __aeabi_d2iz                        
00005afd  HOSTclose                           
00005b41  HOSTunlink                          
00005b85  __TI_auto_init_nobinit_nopinit      
00005bc9  getdevice                           
00005c0d  SysTick_Init                        
00005c8d  GPIO_interruptEdgeSelect            
00005cc9  __TI_writemsg                       
00005cf7  C$$IO$$                             
00005d01  __aeabi_f2d                         
00005d39  strncpy                             
00005d71  __TI_cleanup                        
00005da5  __TI_readmsg                        
00005dd9  _c_int00_noargs                     
00005e0d  freopen                             
00005e41  finddevice                          
00005e71  __aeabi_i2d                         
00005ea1  remove                              
00005ea1  unlink                              
00005ecd  GPIO_clearInterruptFlag             
00005ef5  GPIO_enableInterrupt                
00005f45  lseek                               
00005f6d  write                               
00005f95  DisableInterrupts                   
00005f9b  EnableInterrupts                    
00005fa1  StartCritical                       
00005fab  EndCritical                         
00005fb3  WaitForInterrupt                    
00005fb9  GPIO_getInterruptStatus             
00005fdd  GPIO_registerInterrupt              
00006001  memchr                              
00006021  __aeabi_ui2d                        
00006041  Interrupt_unregisterInterrupt       
0000605d  __TI_zero_init_nomemset             
00006095  memccpy                             
000060b1  copysign                            
000060b1  copysignl                           
000060cb  strcmp                              
000060e3  strchr                              
000060f9  strcpy                              
0000610d  strlen                              
00006121  wcslen                              
00006133  Interrupt_enableMaster              
00006143  __TI_decompress_none                
00006151  Reset_Handler                       
0000615d  ADC14_IRQHandler                    
0000615d  AES256_IRQHandler                   
0000615d  BusFault_Handler                    
0000615d  COMP_E0_IRQHandler                  
0000615d  COMP_E1_IRQHandler                  
0000615d  CS_IRQHandler                       
0000615d  DMA_ERR_IRQHandler                  
0000615d  DMA_INT0_IRQHandler                 
0000615d  DMA_INT1_IRQHandler                 
0000615d  DMA_INT2_IRQHandler                 
0000615d  DMA_INT3_IRQHandler                 
0000615d  DebugMon_Handler                    
0000615d  Default_Handler                     
0000615d  EUSCIA0_IRQHandler                  
0000615d  EUSCIA1_IRQHandler                  
0000615d  EUSCIA2_IRQHandler                  
0000615d  EUSCIA3_IRQHandler                  
0000615d  EUSCIB0_IRQHandler                  
0000615d  EUSCIB1_IRQHandler                  
0000615d  EUSCIB2_IRQHandler                  
0000615d  EUSCIB3_IRQHandler                  
0000615d  FLCTL_IRQHandler                    
0000615d  FPU_IRQHandler                      
0000615d  HardFault_Handler                   
0000615d  MemManage_Handler                   
0000615d  NMI_Handler                         
0000615d  PCM_IRQHandler                      
0000615d  PORT2_IRQHandler                    
0000615d  PORT3_IRQHandler                    
0000615d  PORT5_IRQHandler                    
0000615d  PORT6_IRQHandler                    
0000615d  PSS_IRQHandler                      
0000615d  PendSV_Handler                      
0000615d  RTC_C_IRQHandler                    
0000615d  SVC_Handler                         
0000615d  T32_INT2_IRQHandler                 
0000615d  T32_INTC_IRQHandler                 
0000615d  TA0_0_IRQHandler                    
0000615d  TA0_N_IRQHandler                    
0000615d  TA1_0_IRQHandler                    
0000615d  TA1_N_IRQHandler                    
0000615d  TA2_0_IRQHandler                    
0000615d  TA2_N_IRQHandler                    
0000615d  TA3_0_IRQHandler                    
0000615d  TA3_N_IRQHandler                    
0000615d  UsageFault_Handler                  
0000615d  WDT_A_IRQHandler                    
0000615f  CPU_cpsie                           
0000616d  __aeabi_errno_addr                  
00006175  malloc                              
00006185  _system_pre_init                    
00006189  C$$EXIT                             
00006189  abort                               
0000618c  asc2_1608                           
0000677c  Hzk                                 
00006c3c  asc2_1206                           
000070b0  asc2_0806                           
000072d8  _ctypes_                            
000074c4  __TI_Handler_Table_Base             
000074d0  __TI_Handler_Table_Limit            
000074e0  __TI_CINIT_Base                     
000074f8  __TI_CINIT_Limit                    
20000000  __start___llvm_prf_cnts             
20000000  __stop___llvm_prf_cnts              
20000000  g_pfnRAMVectors                     
200000e8  ADCDeal_Channel1_Flag               
20002028  ADCDeal_Channel2_Flag               
20003f68  ADCFreq_Channel1                    
20005ea8  ADCFreq_Channel2                    
20007de8  ADCRaw_Channel1_Flag                
20009d28  ADCRaw_Channel2_Flag                
2000bc68  ADCEndFreq_Channel1                 
2000bdf8  ADCEndFreq_Channel2                 
2000bf88  _ftable                             
2000c078  _device                             
2000c0f0  test_flag                           
2000c0f4  num                                 
2000c0f8  collect_flag                        
2000c0fc  Key_Count                           
2000c100  Key_Num                             
2000c104  f_length1                           
2000c108  f_length2                           
2000c10c  s_length1                           
2000c110  s_length2                           
2000c114  waveforms                           
2000c118  ch6                                 
2000c11c  ch7                                 
2000c120  key                                 
2000c124  key_num                             
2000c128  switch1                             
2000c12c  aa                                  
2000c130  bb                                  
2000c134  frecq1                              
2000c138  frecq2                              
2000c13c  phase                               
2000c140  DCvoltage1                          
2000c144  DCvoltage2                          
2000c148  ACvoltage1                          
2000c14c  ACvoltage2                          
2000c150  max1                                
2000c154  max2                                
2000c158  over_flag                           
2000c15c  j                                   
2000c160  k                                   
2000c164  mode                                
2000c168  _stream                             
2000c1b8  ClockFrequency                      
2000c1bc  Prewait                             
2000c1c0  CPMwait                             
2000c1c4  Postwait                            
2000c1c8  IFlags                              
2000c1cc  Crystalstable                       
2000c1d0  temp                                
2000c1e4  __TI_ft_end                         
2000c1e8  __aeabi_stdin                       
2000c1ec  __aeabi_stdout                      
2000c1f0  __aeabi_stderr                      
2000c1f4  __TI_cleanup_ptr                    
2000c1f8  __TI_dtors_ptr                      
2000c1fc  __TI_enable_exit_profile_output     
2000c200  _lock                               
2000c204  _unlock                             
2000c210  i                                   
2000c218  errno                               
2000c224  SystemCoreClock                     
2000c228  _sys_memory                         
2000c628  __CIOBUF_                           
2000c748  __TI_tmpnams                        
2000c7e8  Messageb                            
2000c7f0  parmbuf                             
2000c7f8  Messageindexb                       
2000c7fc  p1                                  
2000c800  p2                                  
2000c806  Key_KeyNumber                       
2000fe00  __stack                             
20010000  __STACK_END                         
4000480c  WDTCTL_SYM                          
ffffffff  __TI_pprof_out_hndl                 
ffffffff  __TI_prof_data_size                 
ffffffff  __TI_prof_data_start                
ffffffff  __binit__                           
ffffffff  __c_args__                          
ffffffff  binit                               
UNDEFED   __mpu_init                          
UNDEFED   _system_post_cinit                  

[342 symbols]
