******************************************************************************
                  TI ARM Linker PC v20.2.5                     
******************************************************************************
>> Linked Wed Jan 19 21:54:53 2022

OUTPUT FILE NAME:   <three_led.out>
ENTRY POINT SYMBOL: "_c_int00_noargs"  address: 00000a9d


MEMORY CONFIGURATION

         name            origin    length      used     unused   attr    fill
----------------------  --------  ---------  --------  --------  ----  --------
  MAIN                  00000000   00040000  00000cd4  0003f32c  R  X
  INFO                  00200000   00004000  00000000  00004000  R  X
  SRAM_CODE             01000000   00010000  000002f4  0000fd0c  RW X
  SRAM_DATA             20000000   00010000  000002f4  0000fd0c  RW  


SEGMENT ALLOCATION MAP

run origin  load origin   length   init length attrs members
----------  ----------- ---------- ----------- ----- -------
00000000    00000000    00000cd8   00000cd8    r-x
  00000000    00000000    000000e4   000000e4    r-- .intvecs
  000000e4    000000e4    00000b6c   00000b6c    r-x .text
  00000c50    00000c50    00000054   00000054    r-- .const
  00000ca8    00000ca8    00000030   00000030    r-- .cinit
20000000    20000000    000000f4   00000000    rw-
  20000000    20000000    000000e8   00000000    rw- .vtable
  200000e8    200000e8    0000000c   00000000    rw- .data
2000fe00    2000fe00    00000200   00000000    rw-
  2000fe00    2000fe00    00000200   00000000    rw- .stack


SECTION ALLOCATION MAP

 output                                  attributes/
section   page    origin      length       input sections
--------  ----  ----------  ----------   ----------------
.intvecs   0    00000000    000000e4     
                  00000000    000000e4     startup_msp432p401r_ccs.obj (.intvecs:retain)

.text      0    000000e4    00000b6c     
                  000000e4    0000038c     main.obj (.text)
                  00000470    00000334     system_msp432p401r.obj (.text)
                  000007a4    0000009c     rtsv7M4_T_le_v4SPD16_eabi.lib : memcpy_t2.asm.obj (.text)
                  00000840    00000080     msp432p4xx_driverlib.lib : interrupt.o (.text:Interrupt_enableInterrupt)
                  000008c0    00000068     rtsv7M4_T_le_v4SPD16_eabi.lib : copy_decompress_lzss.c.obj (.text:decompress:lzss:__TI_decompress_lzss)
                  00000928    0000005c     msp432p4xx_driverlib.lib : interrupt.o (.text:Interrupt_registerInterrupt)
                  00000984    00000058                              : gpio.o (.text:GPIO_setAsInputPinWithPullUpResistor)
                  000009dc    00000044     rtsv7M4_T_le_v4SPD16_eabi.lib : autoinit.c.obj (.text:__TI_auto_init_nobinit_nopinit:__TI_auto_init_nobinit_nopinit)
                  00000a20    00000040     msp432p4xx_driverlib.lib : gpio.o (.text:GPIO_setAsOutputPin)
                  00000a60    0000003c                              : gpio.o (.text:GPIO_interruptEdgeSelect)
                  00000a9c    00000034     rtsv7M4_T_le_v4SPD16_eabi.lib : boot_cortex_m.c.obj (.text:_c_int00_noargs:_c_int00_noargs)
                  00000ad0    00000030     msp432p4xx_driverlib.lib : gpio.o (.text:GPIO_getInputPinValue)
                  00000b00    00000028                              : gpio.o (.text:GPIO_clearInterruptFlag)
                  00000b28    00000028                              : gpio.o (.text:GPIO_enableInterrupt)
                  00000b50    00000028                              : gpio.o (.text:GPIO_setOutputHighOnPin)
                  00000b78    00000028                              : gpio.o (.text:GPIO_setOutputLowOnPin)
                  00000ba0    00000028                              : gpio.o (.text:GPIO_toggleOutputOnPin)
                  00000bc8    00000024                              : gpio.o (.text:GPIO_getInterruptStatus)
                  00000bec    00000024                              : gpio.o (.text:GPIO_registerInterrupt)
                  00000c10    0000001c     rtsv7M4_T_le_v4SPD16_eabi.lib : copy_zero_init.c.obj (.text:decompress:ZI:__TI_zero_init_nomemset:__TI_zero_init_nomemset)
                  00000c2c    0000000e                                   : copy_decompress_none.c.obj (.text:decompress:none:__TI_decompress_none)
                  00000c3a    0000000e     startup_msp432p401r_ccs.obj (.text)
                  00000c48    00000004     rtsv7M4_T_le_v4SPD16_eabi.lib : pre_init.c.obj (.text:_system_pre_init)
                  00000c4c    00000004                                   : exit.c.obj (.text:abort:abort)

.const     0    00000c50    00000054     
                  00000c50    00000030     msp432p4xx_driverlib.lib : gpio.o (.const:GPIO_PORT_TO_BASE)
                  00000c80    0000001c                              : gpio.o (.const:GPIO_PORT_TO_INT)
                  00000c9c    00000008                              : interrupt.o (.const:g_pulEnRegs)

.cinit     0    00000ca8    00000030     
                  00000ca8    0000000c     (__TI_handler_table)
                  00000cb4    0000000b     (.cinit..data.load) [load image, compression = lzss]
                  00000cbf    00000001     --HOLE-- [fill = 0]
                  00000cc0    00000008     (.cinit..vtable.load) [load image, compression = zero_init]
                  00000cc8    00000010     (__TI_cinit_table)

.init_array 
*          0    00000000    00000000     UNINITIALIZED

.binit     0    00000000    00000000     

.vtable    0    20000000    000000e8     UNINITIALIZED
                  20000000    000000e8     msp432p4xx_driverlib.lib : interrupt.o (.vtable)

.data      0    200000e8    0000000c     UNINITIALIZED
                  200000e8    00000008     main.obj (.data)
                  200000f0    00000004     system_msp432p401r.obj (.data)

.stack     0    2000fe00    00000200     UNINITIALIZED
                  2000fe00    00000004     rtsv7M4_T_le_v4SPD16_eabi.lib : boot_cortex_m.c.obj (.stack)
                  2000fe04    000001fc     --HOLE--

__llvm_prf_cnts 
*          0    20000000    00000000     UNINITIALIZED

MODULE SUMMARY

       Module                        code   ro data   rw data
       ------                        ----   -------   -------
    .\
       main.obj                      908    0         16     
       system_msp432p401r.obj        820    0         8      
       startup_msp432p401r_ccs.obj   14     228       0      
    +--+-----------------------------+------+---------+---------+
       Total:                        1742   228       24     
                                                             
    C:/ti/simplelink_msp432p4_sdk_3_40_01_02/source/ti/devices/msp432p4xx/driverlib/ccs/msp432p4xx_driverlib.lib
       interrupt.o                   220    8         464    
       gpio.o                        532    76        0      
    +--+-----------------------------+------+---------+---------+
       Total:                        752    84        464    
                                                             
    C:\ti\ccs1100\ccs\tools\compiler\ti-cgt-arm_20.2.5.LTS\lib\rtsv7M4_T_le_v4SPD16_eabi.lib
       memcpy_t2.asm.obj             156    0         0      
       copy_decompress_lzss.c.obj    104    0         0      
       autoinit.c.obj                68     0         0      
       boot_cortex_m.c.obj           52     0         0      
       copy_zero_init.c.obj          28     0         0      
       copy_decompress_none.c.obj    14     0         0      
       exit.c.obj                    4      0         0      
       pre_init.c.obj                4      0         0      
    +--+-----------------------------+------+---------+---------+
       Total:                        430    0         0      
                                                             
       Stack:                        0      0         1024   
       Linker Generated:             0      47        0      
    +--+-----------------------------+------+---------+---------+
       Grand Total:                  2924   359       1512   


LINKER GENERATED COPY TABLES

__TI_cinit_table @ 00000cc8 records: 2, size/record: 8, table size: 16
	.data: load addr=00000cb4, load size=0000000b bytes, run addr=200000e8, run size=0000000c bytes, compression=lzss
	.vtable: load addr=00000cc0, load size=00000008 bytes, run addr=20000000, run size=000000e8 bytes, compression=zero_init


LINKER GENERATED HANDLER TABLE

__TI_handler_table @ 00000ca8 records: 3, size/record: 4, table size: 12
	index: 0, handler: __TI_zero_init
	index: 1, handler: __TI_decompress_lzss
	index: 2, handler: __TI_decompress_none


GLOBAL SYMBOLS: SORTED ALPHABETICALLY BY Name 

address   name                                
-------   ----                                
00000c47  ADC14_IRQHandler                    
00000c47  AES256_IRQHandler                   
00000c47  BusFault_Handler                    
00000c4d  C$$EXIT                             
00000c47  COMP_E0_IRQHandler                  
00000c47  COMP_E1_IRQHandler                  
00000c47  CS_IRQHandler                       
00000c47  DMA_ERR_IRQHandler                  
00000c47  DMA_INT0_IRQHandler                 
00000c47  DMA_INT1_IRQHandler                 
00000c47  DMA_INT2_IRQHandler                 
00000c47  DMA_INT3_IRQHandler                 
00000c47  DebugMon_Handler                    
00000c47  Default_Handler                     
00000c47  EUSCIA0_IRQHandler                  
00000c47  EUSCIA1_IRQHandler                  
00000c47  EUSCIA2_IRQHandler                  
00000c47  EUSCIA3_IRQHandler                  
00000c47  EUSCIB0_IRQHandler                  
00000c47  EUSCIB1_IRQHandler                  
00000c47  EUSCIB2_IRQHandler                  
00000c47  EUSCIB3_IRQHandler                  
00000c47  FLCTL_IRQHandler                    
00000c47  FPU_IRQHandler                      
00000b01  GPIO_clearInterruptFlag             
00000b29  GPIO_enableInterrupt                
00000ad1  GPIO_getInputPinValue               
00000bc9  GPIO_getInterruptStatus             
00000a61  GPIO_interruptEdgeSelect            
00000bed  GPIO_registerInterrupt              
00000985  GPIO_setAsInputPinWithPullUpResistor
00000a21  GPIO_setAsOutputPin                 
00000b51  GPIO_setOutputHighOnPin             
00000b79  GPIO_setOutputLowOnPin              
00000ba1  GPIO_toggleOutputOnPin              
00000c47  HardFault_Handler                   
00000841  Interrupt_enableInterrupt           
00000929  Interrupt_registerInterrupt         
00000c47  MemManage_Handler                   
00000c47  NMI_Handler                         
00000c47  PCM_IRQHandler                      
00000181  PORT1_IRQHandler                    
00000181  PORT1_IRQHandler                    
00000c47  PORT2_IRQHandler                    
00000c47  PORT3_IRQHandler                    
00000c47  PORT4_IRQHandler                    
00000c47  PORT5_IRQHandler                    
00000c47  PORT6_IRQHandler                    
00000c47  PSS_IRQHandler                      
00000c47  PendSV_Handler                      
00000c47  RTC_C_IRQHandler                    
00000c3b  Reset_Handler                       
00000c47  SVC_Handler                         
00000c47  SysTick_Handler                     
200000f0  SystemCoreClock                     
00000471  SystemCoreClockUpdate               
000006e9  SystemInit                          
00000c47  T32_INT1_IRQHandler                 
00000c47  T32_INT2_IRQHandler                 
00000c47  T32_INTC_IRQHandler                 
00000c47  TA0_0_IRQHandler                    
00000c47  TA0_N_IRQHandler                    
00000c47  TA1_0_IRQHandler                    
00000c47  TA1_N_IRQHandler                    
00000c47  TA2_0_IRQHandler                    
00000c47  TA2_N_IRQHandler                    
00000c47  TA3_0_IRQHandler                    
00000c47  TA3_N_IRQHandler                    
00000c47  UsageFault_Handler                  
4000480c  WDTCTL_SYM                          
00000c47  WDT_A_IRQHandler                    
20010000  __STACK_END                         
00000200  __STACK_SIZE                        
00000cc8  __TI_CINIT_Base                     
00000cd8  __TI_CINIT_Limit                    
00000ca8  __TI_Handler_Table_Base             
00000cb4  __TI_Handler_Table_Limit            
000009dd  __TI_auto_init_nobinit_nopinit      
000008c1  __TI_decompress_lzss                
00000c2d  __TI_decompress_none                
ffffffff  __TI_pprof_out_hndl                 
ffffffff  __TI_prof_data_size                 
ffffffff  __TI_prof_data_start                
00000000  __TI_static_base__                  
00000c11  __TI_zero_init_nomemset             
000007a5  __aeabi_memcpy                      
000007a5  __aeabi_memcpy4                     
000007a5  __aeabi_memcpy8                     
ffffffff  __binit__                           
ffffffff  __c_args__                          
UNDEFED   __mpu_init                          
2000fe00  __stack                             
20000000  __start___llvm_prf_cnts             
20000000  __stop___llvm_prf_cnts              
00000a9d  _c_int00_noargs                     
UNDEFED   _system_post_cinit                  
00000c49  _system_pre_init                    
00000c4d  abort                               
ffffffff  binit                               
20000000  g_pfnRAMVectors                     
00000000  interruptVectors                    
000000e5  main                                
000007a5  memcpy                              


GLOBAL SYMBOLS: SORTED BY Symbol Address 

address   name                                
-------   ----                                
00000000  __TI_static_base__                  
00000000  interruptVectors                    
000000e5  main                                
00000181  PORT1_IRQHandler                    
00000181  PORT1_IRQHandler                    
00000200  __STACK_SIZE                        
00000471  SystemCoreClockUpdate               
000006e9  SystemInit                          
000007a5  __aeabi_memcpy                      
000007a5  __aeabi_memcpy4                     
000007a5  __aeabi_memcpy8                     
000007a5  memcpy                              
00000841  Interrupt_enableInterrupt           
000008c1  __TI_decompress_lzss                
00000929  Interrupt_registerInterrupt         
00000985  GPIO_setAsInputPinWithPullUpResistor
000009dd  __TI_auto_init_nobinit_nopinit      
00000a21  GPIO_setAsOutputPin                 
00000a61  GPIO_interruptEdgeSelect            
00000a9d  _c_int00_noargs                     
00000ad1  GPIO_getInputPinValue               
00000b01  GPIO_clearInterruptFlag             
00000b29  GPIO_enableInterrupt                
00000b51  GPIO_setOutputHighOnPin             
00000b79  GPIO_setOutputLowOnPin              
00000ba1  GPIO_toggleOutputOnPin              
00000bc9  GPIO_getInterruptStatus             
00000bed  GPIO_registerInterrupt              
00000c11  __TI_zero_init_nomemset             
00000c2d  __TI_decompress_none                
00000c3b  Reset_Handler                       
00000c47  ADC14_IRQHandler                    
00000c47  AES256_IRQHandler                   
00000c47  BusFault_Handler                    
00000c47  COMP_E0_IRQHandler                  
00000c47  COMP_E1_IRQHandler                  
00000c47  CS_IRQHandler                       
00000c47  DMA_ERR_IRQHandler                  
00000c47  DMA_INT0_IRQHandler                 
00000c47  DMA_INT1_IRQHandler                 
00000c47  DMA_INT2_IRQHandler                 
00000c47  DMA_INT3_IRQHandler                 
00000c47  DebugMon_Handler                    
00000c47  Default_Handler                     
00000c47  EUSCIA0_IRQHandler                  
00000c47  EUSCIA1_IRQHandler                  
00000c47  EUSCIA2_IRQHandler                  
00000c47  EUSCIA3_IRQHandler                  
00000c47  EUSCIB0_IRQHandler                  
00000c47  EUSCIB1_IRQHandler                  
00000c47  EUSCIB2_IRQHandler                  
00000c47  EUSCIB3_IRQHandler                  
00000c47  FLCTL_IRQHandler                    
00000c47  FPU_IRQHandler                      
00000c47  HardFault_Handler                   
00000c47  MemManage_Handler                   
00000c47  NMI_Handler                         
00000c47  PCM_IRQHandler                      
00000c47  PORT2_IRQHandler                    
00000c47  PORT3_IRQHandler                    
00000c47  PORT4_IRQHandler                    
00000c47  PORT5_IRQHandler                    
00000c47  PORT6_IRQHandler                    
00000c47  PSS_IRQHandler                      
00000c47  PendSV_Handler                      
00000c47  RTC_C_IRQHandler                    
00000c47  SVC_Handler                         
00000c47  SysTick_Handler                     
00000c47  T32_INT1_IRQHandler                 
00000c47  T32_INT2_IRQHandler                 
00000c47  T32_INTC_IRQHandler                 
00000c47  TA0_0_IRQHandler                    
00000c47  TA0_N_IRQHandler                    
00000c47  TA1_0_IRQHandler                    
00000c47  TA1_N_IRQHandler                    
00000c47  TA2_0_IRQHandler                    
00000c47  TA2_N_IRQHandler                    
00000c47  TA3_0_IRQHandler                    
00000c47  TA3_N_IRQHandler                    
00000c47  UsageFault_Handler                  
00000c47  WDT_A_IRQHandler                    
00000c49  _system_pre_init                    
00000c4d  C$$EXIT                             
00000c4d  abort                               
00000ca8  __TI_Handler_Table_Base             
00000cb4  __TI_Handler_Table_Limit            
00000cc8  __TI_CINIT_Base                     
00000cd8  __TI_CINIT_Limit                    
20000000  __start___llvm_prf_cnts             
20000000  __stop___llvm_prf_cnts              
20000000  g_pfnRAMVectors                     
200000f0  SystemCoreClock                     
2000fe00  __stack                             
20010000  __STACK_END                         
4000480c  WDTCTL_SYM                          
ffffffff  __TI_pprof_out_hndl                 
ffffffff  __TI_prof_data_size                 
ffffffff  __TI_prof_data_start                
ffffffff  __binit__                           
ffffffff  __c_args__                          
ffffffff  binit                               
UNDEFED   __mpu_init                          
UNDEFED   _system_post_cinit                  

[103 symbols]
