<?xml version="1.0" encoding="ISO-8859-1" ?>
<link_info>
   <banner>TI ARM Linker PC v20.2.5.LTS</banner>
   <copyright>Copyright (c) 1996-2018 Texas Instruments Incorporated</copyright>
   <link_time>0x6291d4c7</link_time>
   <link_errors>0x0</link_errors>
   <output_file>DS1302.out</output_file>
   <entry_point>
      <name>_c_int00_noargs</name>
      <address>0x4fbd</address>
   </entry_point>
   <input_file_list>
      <input_file id="fl-2">
         <path>.\</path>
         <kind>object</kind>
         <file>Clock.obj</file>
         <name>Clock.obj</name>
      </input_file>
      <input_file id="fl-3">
         <path>.\</path>
         <kind>object</kind>
         <file>DS1302.obj</file>
         <name>DS1302.obj</name>
      </input_file>
      <input_file id="fl-4">
         <path>.\</path>
         <kind>object</kind>
         <file>GPIO.obj</file>
         <name>GPIO.obj</name>
      </input_file>
      <input_file id="fl-5">
         <path>.\</path>
         <kind>object</kind>
         <file>key.obj</file>
         <name>key.obj</name>
      </input_file>
      <input_file id="fl-6">
         <path>.\</path>
         <kind>object</kind>
         <file>main2.obj</file>
         <name>main2.obj</name>
      </input_file>
      <input_file id="fl-7">
         <path>.\</path>
         <kind>object</kind>
         <file>oled.obj</file>
         <name>oled.obj</name>
      </input_file>
      <input_file id="fl-8">
         <path>.\</path>
         <kind>object</kind>
         <file>startup_msp432p401r_ccs.obj</file>
         <name>startup_msp432p401r_ccs.obj</name>
      </input_file>
      <input_file id="fl-9">
         <path>.\</path>
         <kind>object</kind>
         <file>system_msp432p401r.obj</file>
         <name>system_msp432p401r.obj</name>
      </input_file>
      <input_file id="fl-a">
         <path>.\</path>
         <kind>object</kind>
         <file>usart.obj</file>
         <name>usart.obj</name>
      </input_file>
      <input_file id="fl-f">
         <kind>object</kind>
         <file>&lt;internal&gt;</file>
         <name>&lt;internal&gt;</name>
      </input_file>
      <input_file id="fl-c5">
         <path>C:\ti\ccs1100\ccs\tools\compiler\ti-cgt-arm_20.2.5.LTS\lib\</path>
         <kind>archive</kind>
         <file>rtsv7M4_T_le_v4SPD16_eabi.lib</file>
         <name>printf.c.obj</name>
      </input_file>
      <input_file id="fl-c6">
         <path>C:\ti\ccs1100\ccs\tools\compiler\ti-cgt-arm_20.2.5.LTS\lib\</path>
         <kind>archive</kind>
         <file>rtsv7M4_T_le_v4SPD16_eabi.lib</file>
         <name>_printfi.c.obj</name>
      </input_file>
      <input_file id="fl-c7">
         <path>C:\ti\ccs1100\ccs\tools\compiler\ti-cgt-arm_20.2.5.LTS\lib\</path>
         <kind>archive</kind>
         <file>rtsv7M4_T_le_v4SPD16_eabi.lib</file>
         <name>fputs.c.obj</name>
      </input_file>
      <input_file id="fl-c8">
         <path>C:\ti\ccs1100\ccs\tools\compiler\ti-cgt-arm_20.2.5.LTS\lib\</path>
         <kind>archive</kind>
         <file>rtsv7M4_T_le_v4SPD16_eabi.lib</file>
         <name>_io_perm.c.obj</name>
      </input_file>
      <input_file id="fl-c9">
         <path>C:\ti\ccs1100\ccs\tools\compiler\ti-cgt-arm_20.2.5.LTS\lib\</path>
         <kind>archive</kind>
         <file>rtsv7M4_T_le_v4SPD16_eabi.lib</file>
         <name>setvbuf.c.obj</name>
      </input_file>
      <input_file id="fl-ca">
         <path>C:\ti\ccs1100\ccs\tools\compiler\ti-cgt-arm_20.2.5.LTS\lib\</path>
         <kind>archive</kind>
         <file>rtsv7M4_T_le_v4SPD16_eabi.lib</file>
         <name>s_frexp.c.obj</name>
      </input_file>
      <input_file id="fl-cb">
         <path>C:\ti\ccs1100\ccs\tools\compiler\ti-cgt-arm_20.2.5.LTS\lib\</path>
         <kind>archive</kind>
         <file>rtsv7M4_T_le_v4SPD16_eabi.lib</file>
         <name>s_scalbn.c.obj</name>
      </input_file>
      <input_file id="fl-cc">
         <path>C:\ti\ccs1100\ccs\tools\compiler\ti-cgt-arm_20.2.5.LTS\lib\</path>
         <kind>archive</kind>
         <file>rtsv7M4_T_le_v4SPD16_eabi.lib</file>
         <name>wcslen.c.obj</name>
      </input_file>
      <input_file id="fl-cd">
         <path>C:\ti\ccs1100\ccs\tools\compiler\ti-cgt-arm_20.2.5.LTS\lib\</path>
         <kind>archive</kind>
         <file>rtsv7M4_T_le_v4SPD16_eabi.lib</file>
         <name>fd_add_t2.asm.obj</name>
      </input_file>
      <input_file id="fl-ce">
         <path>C:\ti\ccs1100\ccs\tools\compiler\ti-cgt-arm_20.2.5.LTS\lib\</path>
         <kind>archive</kind>
         <file>rtsv7M4_T_le_v4SPD16_eabi.lib</file>
         <name>fd_cmp_t2.asm.obj</name>
      </input_file>
      <input_file id="fl-cf">
         <path>C:\ti\ccs1100\ccs\tools\compiler\ti-cgt-arm_20.2.5.LTS\lib\</path>
         <kind>archive</kind>
         <file>rtsv7M4_T_le_v4SPD16_eabi.lib</file>
         <name>fd_div_t2.asm.obj</name>
      </input_file>
      <input_file id="fl-d0">
         <path>C:\ti\ccs1100\ccs\tools\compiler\ti-cgt-arm_20.2.5.LTS\lib\</path>
         <kind>archive</kind>
         <file>rtsv7M4_T_le_v4SPD16_eabi.lib</file>
         <name>fd_mul_t2.asm.obj</name>
      </input_file>
      <input_file id="fl-d1">
         <path>C:\ti\ccs1100\ccs\tools\compiler\ti-cgt-arm_20.2.5.LTS\lib\</path>
         <kind>archive</kind>
         <file>rtsv7M4_T_le_v4SPD16_eabi.lib</file>
         <name>fd_toi_t2.asm.obj</name>
      </input_file>
      <input_file id="fl-d2">
         <path>C:\ti\ccs1100\ccs\tools\compiler\ti-cgt-arm_20.2.5.LTS\lib\</path>
         <kind>archive</kind>
         <file>rtsv7M4_T_le_v4SPD16_eabi.lib</file>
         <name>i_tofd_t2.asm.obj</name>
      </input_file>
      <input_file id="fl-d3">
         <path>C:\ti\ccs1100\ccs\tools\compiler\ti-cgt-arm_20.2.5.LTS\lib\</path>
         <kind>archive</kind>
         <file>rtsv7M4_T_le_v4SPD16_eabi.lib</file>
         <name>memcpy_t2.asm.obj</name>
      </input_file>
      <input_file id="fl-d4">
         <path>C:\ti\ccs1100\ccs\tools\compiler\ti-cgt-arm_20.2.5.LTS\lib\</path>
         <kind>archive</kind>
         <file>rtsv7M4_T_le_v4SPD16_eabi.lib</file>
         <name>i_divt2.asm.obj</name>
      </input_file>
      <input_file id="fl-d5">
         <path>C:\ti\ccs1100\ccs\tools\compiler\ti-cgt-arm_20.2.5.LTS\lib\</path>
         <kind>archive</kind>
         <file>rtsv7M4_T_le_v4SPD16_eabi.lib</file>
         <name>ull_div_t2.asm.obj</name>
      </input_file>
      <input_file id="fl-d6">
         <path>C:\ti\ccs1100\ccs\tools\compiler\ti-cgt-arm_20.2.5.LTS\lib\</path>
         <kind>archive</kind>
         <file>rtsv7M4_T_le_v4SPD16_eabi.lib</file>
         <name>memset_t2.asm.obj</name>
      </input_file>
      <input_file id="fl-d7">
         <path>C:\ti\ccs1100\ccs\tools\compiler\ti-cgt-arm_20.2.5.LTS\lib\</path>
         <kind>archive</kind>
         <file>rtsv7M4_T_le_v4SPD16_eabi.lib</file>
         <name>copy_zero_init.c.obj</name>
      </input_file>
      <input_file id="fl-d8">
         <path>C:\ti\ccs1100\ccs\tools\compiler\ti-cgt-arm_20.2.5.LTS\lib\</path>
         <kind>archive</kind>
         <file>rtsv7M4_T_le_v4SPD16_eabi.lib</file>
         <name>copy_decompress_none.c.obj</name>
      </input_file>
      <input_file id="fl-d9">
         <path>C:\ti\ccs1100\ccs\tools\compiler\ti-cgt-arm_20.2.5.LTS\lib\</path>
         <kind>archive</kind>
         <file>rtsv7M4_T_le_v4SPD16_eabi.lib</file>
         <name>copy_decompress_lzss.c.obj</name>
      </input_file>
      <input_file id="fl-da">
         <path>C:\ti\ccs1100\ccs\tools\compiler\ti-cgt-arm_20.2.5.LTS\lib\</path>
         <kind>archive</kind>
         <file>rtsv7M4_T_le_v4SPD16_eabi.lib</file>
         <name>exit.c.obj</name>
      </input_file>
      <input_file id="fl-db">
         <path>C:\ti\ccs1100\ccs\tools\compiler\ti-cgt-arm_20.2.5.LTS\lib\</path>
         <kind>archive</kind>
         <file>rtsv7M4_T_le_v4SPD16_eabi.lib</file>
         <name>_lock.c.obj</name>
      </input_file>
      <input_file id="fl-dc">
         <path>C:\ti\ccs1100\ccs\tools\compiler\ti-cgt-arm_20.2.5.LTS\lib\</path>
         <kind>archive</kind>
         <file>rtsv7M4_T_le_v4SPD16_eabi.lib</file>
         <name>_ltoa.c.obj</name>
      </input_file>
      <input_file id="fl-dd">
         <path>C:\ti\ccs1100\ccs\tools\compiler\ti-cgt-arm_20.2.5.LTS\lib\</path>
         <kind>archive</kind>
         <file>rtsv7M4_T_le_v4SPD16_eabi.lib</file>
         <name>atoi.c.obj</name>
      </input_file>
      <input_file id="fl-de">
         <path>C:\ti\ccs1100\ccs\tools\compiler\ti-cgt-arm_20.2.5.LTS\lib\</path>
         <kind>archive</kind>
         <file>rtsv7M4_T_le_v4SPD16_eabi.lib</file>
         <name>ctype.c.obj</name>
      </input_file>
      <input_file id="fl-df">
         <path>C:\ti\ccs1100\ccs\tools\compiler\ti-cgt-arm_20.2.5.LTS\lib\</path>
         <kind>archive</kind>
         <file>rtsv7M4_T_le_v4SPD16_eabi.lib</file>
         <name>defs.c.obj</name>
      </input_file>
      <input_file id="fl-e0">
         <path>C:\ti\ccs1100\ccs\tools\compiler\ti-cgt-arm_20.2.5.LTS\lib\</path>
         <kind>archive</kind>
         <file>rtsv7M4_T_le_v4SPD16_eabi.lib</file>
         <name>memccpy.c.obj</name>
      </input_file>
      <input_file id="fl-e1">
         <path>C:\ti\ccs1100\ccs\tools\compiler\ti-cgt-arm_20.2.5.LTS\lib\</path>
         <kind>archive</kind>
         <file>rtsv7M4_T_le_v4SPD16_eabi.lib</file>
         <name>memchr.c.obj</name>
      </input_file>
      <input_file id="fl-e2">
         <path>C:\ti\ccs1100\ccs\tools\compiler\ti-cgt-arm_20.2.5.LTS\lib\</path>
         <kind>archive</kind>
         <file>rtsv7M4_T_le_v4SPD16_eabi.lib</file>
         <name>memory.c.obj</name>
      </input_file>
      <input_file id="fl-e3">
         <path>C:\ti\ccs1100\ccs\tools\compiler\ti-cgt-arm_20.2.5.LTS\lib\</path>
         <kind>archive</kind>
         <file>rtsv7M4_T_le_v4SPD16_eabi.lib</file>
         <name>strchr.c.obj</name>
      </input_file>
      <input_file id="fl-e4">
         <path>C:\ti\ccs1100\ccs\tools\compiler\ti-cgt-arm_20.2.5.LTS\lib\</path>
         <kind>archive</kind>
         <file>rtsv7M4_T_le_v4SPD16_eabi.lib</file>
         <name>strlen.c.obj</name>
      </input_file>
      <input_file id="fl-e5">
         <path>C:\ti\ccs1100\ccs\tools\compiler\ti-cgt-arm_20.2.5.LTS\lib\</path>
         <kind>archive</kind>
         <file>rtsv7M4_T_le_v4SPD16_eabi.lib</file>
         <name>errno.c.obj</name>
      </input_file>
      <input_file id="fl-e6">
         <path>C:\ti\ccs1100\ccs\tools\compiler\ti-cgt-arm_20.2.5.LTS\lib\</path>
         <kind>archive</kind>
         <file>rtsv7M4_T_le_v4SPD16_eabi.lib</file>
         <name>boot_cortex_m.c.obj</name>
      </input_file>
      <input_file id="fl-e7">
         <path>C:\ti\ccs1100\ccs\tools\compiler\ti-cgt-arm_20.2.5.LTS\lib\</path>
         <kind>archive</kind>
         <file>rtsv7M4_T_le_v4SPD16_eabi.lib</file>
         <name>write.c.obj</name>
      </input_file>
      <input_file id="fl-e8">
         <path>C:\ti\ccs1100\ccs\tools\compiler\ti-cgt-arm_20.2.5.LTS\lib\</path>
         <kind>archive</kind>
         <file>rtsv7M4_T_le_v4SPD16_eabi.lib</file>
         <name>host_device.c.obj</name>
      </input_file>
      <input_file id="fl-e9">
         <path>C:\ti\ccs1100\ccs\tools\compiler\ti-cgt-arm_20.2.5.LTS\lib\</path>
         <kind>archive</kind>
         <file>rtsv7M4_T_le_v4SPD16_eabi.lib</file>
         <name>fflush.c.obj</name>
      </input_file>
      <input_file id="fl-ea">
         <path>C:\ti\ccs1100\ccs\tools\compiler\ti-cgt-arm_20.2.5.LTS\lib\</path>
         <kind>archive</kind>
         <file>rtsv7M4_T_le_v4SPD16_eabi.lib</file>
         <name>fopen.c.obj</name>
      </input_file>
      <input_file id="fl-eb">
         <path>C:\ti\ccs1100\ccs\tools\compiler\ti-cgt-arm_20.2.5.LTS\lib\</path>
         <kind>archive</kind>
         <file>rtsv7M4_T_le_v4SPD16_eabi.lib</file>
         <name>fseek.c.obj</name>
      </input_file>
      <input_file id="fl-ec">
         <path>C:\ti\ccs1100\ccs\tools\compiler\ti-cgt-arm_20.2.5.LTS\lib\</path>
         <kind>archive</kind>
         <file>rtsv7M4_T_le_v4SPD16_eabi.lib</file>
         <name>s_copysign.c.obj</name>
      </input_file>
      <input_file id="fl-ed">
         <path>C:\ti\ccs1100\ccs\tools\compiler\ti-cgt-arm_20.2.5.LTS\lib\</path>
         <kind>archive</kind>
         <file>rtsv7M4_T_le_v4SPD16_eabi.lib</file>
         <name>div0.asm.obj</name>
      </input_file>
      <input_file id="fl-ee">
         <path>C:\ti\ccs1100\ccs\tools\compiler\ti-cgt-arm_20.2.5.LTS\lib\</path>
         <kind>archive</kind>
         <file>rtsv7M4_T_le_v4SPD16_eabi.lib</file>
         <name>autoinit.c.obj</name>
      </input_file>
      <input_file id="fl-ef">
         <path>C:\ti\ccs1100\ccs\tools\compiler\ti-cgt-arm_20.2.5.LTS\lib\</path>
         <kind>archive</kind>
         <file>rtsv7M4_T_le_v4SPD16_eabi.lib</file>
         <name>pre_init.c.obj</name>
      </input_file>
      <input_file id="fl-f0">
         <path>C:\ti\ccs1100\ccs\tools\compiler\ti-cgt-arm_20.2.5.LTS\lib\</path>
         <kind>archive</kind>
         <file>rtsv7M4_T_le_v4SPD16_eabi.lib</file>
         <name>cpy_tbl.c.obj</name>
      </input_file>
      <input_file id="fl-f1">
         <path>C:\ti\ccs1100\ccs\tools\compiler\ti-cgt-arm_20.2.5.LTS\lib\</path>
         <kind>archive</kind>
         <file>rtsv7M4_T_le_v4SPD16_eabi.lib</file>
         <name>args_main.c.obj</name>
      </input_file>
      <input_file id="fl-f2">
         <path>C:\ti\ccs1100\ccs\tools\compiler\ti-cgt-arm_20.2.5.LTS\lib\</path>
         <kind>archive</kind>
         <file>rtsv7M4_T_le_v4SPD16_eabi.lib</file>
         <name>hostclose.c.obj</name>
      </input_file>
      <input_file id="fl-f3">
         <path>C:\ti\ccs1100\ccs\tools\compiler\ti-cgt-arm_20.2.5.LTS\lib\</path>
         <kind>archive</kind>
         <file>rtsv7M4_T_le_v4SPD16_eabi.lib</file>
         <name>hostlseek.c.obj</name>
      </input_file>
      <input_file id="fl-f4">
         <path>C:\ti\ccs1100\ccs\tools\compiler\ti-cgt-arm_20.2.5.LTS\lib\</path>
         <kind>archive</kind>
         <file>rtsv7M4_T_le_v4SPD16_eabi.lib</file>
         <name>hostopen.c.obj</name>
      </input_file>
      <input_file id="fl-f5">
         <path>C:\ti\ccs1100\ccs\tools\compiler\ti-cgt-arm_20.2.5.LTS\lib\</path>
         <kind>archive</kind>
         <file>rtsv7M4_T_le_v4SPD16_eabi.lib</file>
         <name>hostread.c.obj</name>
      </input_file>
      <input_file id="fl-f6">
         <path>C:\ti\ccs1100\ccs\tools\compiler\ti-cgt-arm_20.2.5.LTS\lib\</path>
         <kind>archive</kind>
         <file>rtsv7M4_T_le_v4SPD16_eabi.lib</file>
         <name>hostrename.c.obj</name>
      </input_file>
      <input_file id="fl-f7">
         <path>C:\ti\ccs1100\ccs\tools\compiler\ti-cgt-arm_20.2.5.LTS\lib\</path>
         <kind>archive</kind>
         <file>rtsv7M4_T_le_v4SPD16_eabi.lib</file>
         <name>hostunlink.c.obj</name>
      </input_file>
      <input_file id="fl-f8">
         <path>C:\ti\ccs1100\ccs\tools\compiler\ti-cgt-arm_20.2.5.LTS\lib\</path>
         <kind>archive</kind>
         <file>rtsv7M4_T_le_v4SPD16_eabi.lib</file>
         <name>hostwrite.c.obj</name>
      </input_file>
      <input_file id="fl-f9">
         <path>C:\ti\ccs1100\ccs\tools\compiler\ti-cgt-arm_20.2.5.LTS\lib\</path>
         <kind>archive</kind>
         <file>rtsv7M4_T_le_v4SPD16_eabi.lib</file>
         <name>trgmsg.c.obj</name>
      </input_file>
      <input_file id="fl-fa">
         <path>C:\ti\ccs1100\ccs\tools\compiler\ti-cgt-arm_20.2.5.LTS\lib\</path>
         <kind>archive</kind>
         <file>rtsv7M4_T_le_v4SPD16_eabi.lib</file>
         <name>open.c.obj</name>
      </input_file>
      <input_file id="fl-fb">
         <path>C:\ti\ccs1100\ccs\tools\compiler\ti-cgt-arm_20.2.5.LTS\lib\</path>
         <kind>archive</kind>
         <file>rtsv7M4_T_le_v4SPD16_eabi.lib</file>
         <name>lseek.c.obj</name>
      </input_file>
      <input_file id="fl-fc">
         <path>C:\ti\ccs1100\ccs\tools\compiler\ti-cgt-arm_20.2.5.LTS\lib\</path>
         <kind>archive</kind>
         <file>rtsv7M4_T_le_v4SPD16_eabi.lib</file>
         <name>fclose.c.obj</name>
      </input_file>
      <input_file id="fl-fd">
         <path>C:\ti\ccs1100\ccs\tools\compiler\ti-cgt-arm_20.2.5.LTS\lib\</path>
         <kind>archive</kind>
         <file>rtsv7M4_T_le_v4SPD16_eabi.lib</file>
         <name>getdevice.c.obj</name>
      </input_file>
      <input_file id="fl-fe">
         <path>C:\ti\ccs1100\ccs\tools\compiler\ti-cgt-arm_20.2.5.LTS\lib\</path>
         <kind>archive</kind>
         <file>rtsv7M4_T_le_v4SPD16_eabi.lib</file>
         <name>strcmp.c.obj</name>
      </input_file>
      <input_file id="fl-ff">
         <path>C:\ti\ccs1100\ccs\tools\compiler\ti-cgt-arm_20.2.5.LTS\lib\</path>
         <kind>archive</kind>
         <file>rtsv7M4_T_le_v4SPD16_eabi.lib</file>
         <name>strcpy.c.obj</name>
      </input_file>
      <input_file id="fl-100">
         <path>C:\ti\ccs1100\ccs\tools\compiler\ti-cgt-arm_20.2.5.LTS\lib\</path>
         <kind>archive</kind>
         <file>rtsv7M4_T_le_v4SPD16_eabi.lib</file>
         <name>strncpy.c.obj</name>
      </input_file>
      <input_file id="fl-101">
         <path>C:\ti\ccs1100\ccs\tools\compiler\ti-cgt-arm_20.2.5.LTS\lib\</path>
         <kind>archive</kind>
         <file>rtsv7M4_T_le_v4SPD16_eabi.lib</file>
         <name>remove.c.obj</name>
      </input_file>
      <input_file id="fl-102">
         <path>C:\ti\ccs1100\ccs\tools\compiler\ti-cgt-arm_20.2.5.LTS\lib\</path>
         <kind>archive</kind>
         <file>rtsv7M4_T_le_v4SPD16_eabi.lib</file>
         <name>close.c.obj</name>
      </input_file>
      <input_file id="fl-103">
         <path>C:\ti\ccs1100\ccs\tools\compiler\ti-cgt-arm_20.2.5.LTS\lib\</path>
         <kind>archive</kind>
         <file>rtsv7M4_T_le_v4SPD16_eabi.lib</file>
         <name>unlink.c.obj</name>
      </input_file>
      <input_file id="fl-104">
         <path>C:\ti\simplelink_msp432p4_sdk_3_40_01_02\source\ti\devices\msp432p4xx\driverlib\ccs\</path>
         <kind>archive</kind>
         <file>msp432p4xx_driverlib.lib</file>
         <name>cs.o</name>
      </input_file>
      <input_file id="fl-105">
         <path>C:\ti\simplelink_msp432p4_sdk_3_40_01_02\source\ti\devices\msp432p4xx\driverlib\ccs\</path>
         <kind>archive</kind>
         <file>msp432p4xx_driverlib.lib</file>
         <name>gpio.o</name>
      </input_file>
      <input_file id="fl-106">
         <path>C:\ti\simplelink_msp432p4_sdk_3_40_01_02\source\ti\devices\msp432p4xx\driverlib\ccs\</path>
         <kind>archive</kind>
         <file>msp432p4xx_driverlib.lib</file>
         <name>interrupt.o</name>
      </input_file>
      <input_file id="fl-107">
         <path>C:\ti\simplelink_msp432p4_sdk_3_40_01_02\source\ti\devices\msp432p4xx\driverlib\ccs\</path>
         <kind>archive</kind>
         <file>msp432p4xx_driverlib.lib</file>
         <name>sysctl_a.o</name>
      </input_file>
      <input_file id="fl-108">
         <path>C:\ti\simplelink_msp432p4_sdk_3_40_01_02\source\ti\devices\msp432p4xx\driverlib\ccs\</path>
         <kind>archive</kind>
         <file>msp432p4xx_driverlib.lib</file>
         <name>timer_a.o</name>
      </input_file>
      <input_file id="fl-109">
         <path>C:\ti\simplelink_msp432p4_sdk_3_40_01_02\source\ti\devices\msp432p4xx\driverlib\ccs\</path>
         <kind>archive</kind>
         <file>msp432p4xx_driverlib.lib</file>
         <name>uart.o</name>
      </input_file>
      <input_file id="fl-10a">
         <path>C:\ti\simplelink_msp432p4_sdk_3_40_01_02\source\ti\devices\msp432p4xx\driverlib\ccs\</path>
         <kind>archive</kind>
         <file>msp432p4xx_driverlib.lib</file>
         <name>cpu.o</name>
      </input_file>
   </input_file_list>
   <object_component_list>
      <object_component id="oc-26">
         <name>.intvecs:retain</name>
         <load_address>0x0</load_address>
         <run_address>0x0</run_address>
         <size>0xe4</size>
         <input_file_ref idref="fl-8"/>
      </object_component>
      <object_component id="oc-76">
         <name>.text</name>
         <load_address>0xe4</load_address>
         <run_address>0xe4</run_address>
         <size>0x13dc</size>
         <input_file_ref idref="fl-6"/>
      </object_component>
      <object_component id="oc-1ed">
         <name>.text:__TI_printfi</name>
         <load_address>0x14c0</load_address>
         <run_address>0x14c0</run_address>
         <size>0xa4e</size>
         <input_file_ref idref="fl-c6"/>
      </object_component>
      <object_component id="oc-32e">
         <name>.text:_nop</name>
         <load_address>0x1f0e</load_address>
         <run_address>0x1f0e</run_address>
         <size>0x2</size>
         <input_file_ref idref="fl-db"/>
      </object_component>
      <object_component id="oc-117">
         <name>.text</name>
         <load_address>0x1f10</load_address>
         <run_address>0x1f10</run_address>
         <size>0x4c4</size>
         <input_file_ref idref="fl-7"/>
      </object_component>
      <object_component id="oc-ef">
         <name>.text</name>
         <load_address>0x23d4</load_address>
         <run_address>0x23d4</run_address>
         <size>0x438</size>
         <input_file_ref idref="fl-3"/>
      </object_component>
      <object_component id="oc-30a">
         <name>.text:_pconv_a</name>
         <load_address>0x280c</load_address>
         <run_address>0x280c</run_address>
         <size>0x270</size>
         <input_file_ref idref="fl-c6"/>
      </object_component>
      <object_component id="oc-70">
         <name>.text</name>
         <load_address>0x2a7c</load_address>
         <run_address>0x2a7c</run_address>
         <size>0x1f4</size>
         <input_file_ref idref="fl-a"/>
      </object_component>
      <object_component id="oc-b2">
         <name>.text</name>
         <load_address>0x2c70</load_address>
         <run_address>0x2c70</run_address>
         <size>0x1e0</size>
         <input_file_ref idref="fl-9"/>
      </object_component>
      <object_component id="oc-2f8">
         <name>.text:_pconv_g</name>
         <load_address>0x2e50</load_address>
         <run_address>0x2e50</run_address>
         <size>0x1d0</size>
         <input_file_ref idref="fl-c6"/>
      </object_component>
      <object_component id="oc-3c5">
         <name>.text</name>
         <load_address>0x3020</load_address>
         <run_address>0x3020</run_address>
         <size>0x1b6</size>
         <input_file_ref idref="fl-cd"/>
      </object_component>
      <object_component id="oc-289">
         <name>.text</name>
         <load_address>0x31d6</load_address>
         <run_address>0x31d6</run_address>
         <size>0x2</size>
         <input_file_ref idref="fl-ed"/>
      </object_component>
      <object_component id="oc-28f">
         <name>.text:privateTimer_AProcessClockSourceDivider</name>
         <load_address>0x31d8</load_address>
         <run_address>0x31d8</run_address>
         <size>0x144</size>
         <input_file_ref idref="fl-108"/>
      </object_component>
      <object_component id="oc-11d">
         <name>.text</name>
         <load_address>0x331c</load_address>
         <run_address>0x331c</run_address>
         <size>0x13c</size>
         <input_file_ref idref="fl-2"/>
      </object_component>
      <object_component id="oc-304">
         <name>.text:_pconv_e</name>
         <load_address>0x3458</load_address>
         <run_address>0x3458</run_address>
         <size>0x13c</size>
         <input_file_ref idref="fl-c6"/>
      </object_component>
      <object_component id="oc-3ab">
         <name>.text</name>
         <load_address>0x3594</load_address>
         <run_address>0x3594</run_address>
         <size>0x136</size>
         <input_file_ref idref="fl-cf"/>
      </object_component>
      <object_component id="oc-3d7">
         <name>.text:fcvt</name>
         <load_address>0x36cc</load_address>
         <run_address>0x36cc</run_address>
         <size>0x124</size>
         <input_file_ref idref="fl-c6"/>
      </object_component>
      <object_component id="oc-d1">
         <name>.text:UART_initModule</name>
         <load_address>0x37f0</load_address>
         <run_address>0x37f0</run_address>
         <size>0x11c</size>
         <input_file_ref idref="fl-109"/>
      </object_component>
      <object_component id="oc-33c">
         <name>.text:fputs</name>
         <load_address>0x390c</load_address>
         <run_address>0x390c</run_address>
         <size>0x114</size>
         <input_file_ref idref="fl-c7"/>
      </object_component>
      <object_component id="oc-3eb">
         <name>.text:scalbn</name>
         <load_address>0x3a20</load_address>
         <run_address>0x3a20</run_address>
         <size>0x110</size>
         <input_file_ref idref="fl-cb"/>
      </object_component>
      <object_component id="oc-4f4">
         <name>.text:aligned_alloc</name>
         <load_address>0x3b30</load_address>
         <run_address>0x3b30</run_address>
         <size>0x100</size>
         <input_file_ref idref="fl-e2"/>
      </object_component>
      <object_component id="oc-3a6">
         <name>.text</name>
         <load_address>0x3c30</load_address>
         <run_address>0x3c30</run_address>
         <size>0xfc</size>
         <input_file_ref idref="fl-d0"/>
      </object_component>
      <object_component id="oc-4b2">
         <name>.text:free</name>
         <load_address>0x3d2c</load_address>
         <run_address>0x3d2c</run_address>
         <size>0xe4</size>
         <input_file_ref idref="fl-e2"/>
      </object_component>
      <object_component id="oc-489">
         <name>.text:setvbuf</name>
         <load_address>0x3e10</load_address>
         <run_address>0x3e10</run_address>
         <size>0xdc</size>
         <input_file_ref idref="fl-c9"/>
      </object_component>
      <object_component id="oc-2ed">
         <name>.text:_ltostr</name>
         <load_address>0x3eec</load_address>
         <run_address>0x3eec</run_address>
         <size>0xb1</size>
         <input_file_ref idref="fl-c6"/>
      </object_component>
      <object_component id="oc-3a">
         <name>.text</name>
         <load_address>0x3f9e</load_address>
         <run_address>0x3f9e</run_address>
         <size>0x9c</size>
         <input_file_ref idref="fl-d3"/>
      </object_component>
      <object_component id="oc-39f">
         <name>.text</name>
         <load_address>0x403a</load_address>
         <run_address>0x403a</run_address>
         <size>0x96</size>
         <input_file_ref idref="fl-d5"/>
      </object_component>
      <object_component id="oc-2f3">
         <name>.text:__aeabi_cdcmple</name>
         <load_address>0x40d0</load_address>
         <run_address>0x40d0</run_address>
         <size>0x86</size>
         <input_file_ref idref="fl-ce"/>
      </object_component>
      <object_component id="oc-3b0">
         <name>.text:__aeabi_cdrcmple</name>
         <load_address>0x4156</load_address>
         <run_address>0x4156</run_address>
         <size>0x86</size>
         <input_file_ref idref="fl-ce"/>
      </object_component>
      <object_component id="oc-169">
         <name>.text:GPIO_getEnabledInterruptStatus</name>
         <load_address>0x41dc</load_address>
         <run_address>0x41dc</run_address>
         <size>0x84</size>
         <input_file_ref idref="fl-105"/>
      </object_component>
      <object_component id="oc-157">
         <name>.text:Interrupt_enableInterrupt</name>
         <load_address>0x4260</load_address>
         <run_address>0x4260</run_address>
         <size>0x80</size>
         <input_file_ref idref="fl-106"/>
      </object_component>
      <object_component id="oc-9a">
         <name>.text</name>
         <load_address>0x42e0</load_address>
         <run_address>0x42e0</run_address>
         <size>0x7a</size>
         <input_file_ref idref="fl-d6"/>
      </object_component>
      <object_component id="oc-4fb">
         <name>.text:__TI_closefile</name>
         <load_address>0x435c</load_address>
         <run_address>0x435c</run_address>
         <size>0x74</size>
         <input_file_ref idref="fl-fc"/>
      </object_component>
      <object_component id="oc-53c">
         <name>.text:split</name>
         <load_address>0x43d0</load_address>
         <run_address>0x43d0</run_address>
         <size>0x70</size>
         <input_file_ref idref="fl-e2"/>
      </object_component>
      <object_component id="oc-3d0">
         <name>.text:_mcpy</name>
         <load_address>0x4440</load_address>
         <run_address>0x4440</run_address>
         <size>0x6e</size>
         <input_file_ref idref="fl-c6"/>
      </object_component>
      <object_component id="oc-52b">
         <name>.text:HOSTrename</name>
         <load_address>0x44b0</load_address>
         <run_address>0x44b0</run_address>
         <size>0x6c</size>
         <input_file_ref idref="fl-f6"/>
      </object_component>
      <object_component id="oc-51f">
         <name>.text:HOSTlseek</name>
         <load_address>0x451c</load_address>
         <run_address>0x451c</run_address>
         <size>0x68</size>
         <input_file_ref idref="fl-f3"/>
      </object_component>
      <object_component id="oc-151">
         <name>.text:Timer_A_configureUpMode</name>
         <load_address>0x4584</load_address>
         <run_address>0x4584</run_address>
         <size>0x68</size>
         <input_file_ref idref="fl-108"/>
      </object_component>
      <object_component id="oc-17">
         <name>.text:decompress:lzss:__TI_decompress_lzss</name>
         <load_address>0x45ec</load_address>
         <run_address>0x45ec</run_address>
         <size>0x68</size>
         <input_file_ref idref="fl-d9"/>
      </object_component>
      <object_component id="oc-d7">
         <name>.text:printf</name>
         <load_address>0x4654</load_address>
         <run_address>0x4654</run_address>
         <size>0x68</size>
         <input_file_ref idref="fl-c5"/>
      </object_component>
      <object_component id="oc-dd">
         <name>.text:UART_getEnabledInterruptStatus</name>
         <load_address>0x46bc</load_address>
         <run_address>0x46bc</run_address>
         <size>0x64</size>
         <input_file_ref idref="fl-109"/>
      </object_component>
      <object_component id="oc-3e5">
         <name>.text:frexp</name>
         <load_address>0x4720</load_address>
         <run_address>0x4720</run_address>
         <size>0x64</size>
         <input_file_ref idref="fl-ca"/>
      </object_component>
      <object_component id="oc-483">
         <name>.text:fseek</name>
         <load_address>0x4784</load_address>
         <run_address>0x4784</run_address>
         <size>0x64</size>
         <input_file_ref idref="fl-eb"/>
      </object_component>
      <object_component id="oc-41c">
         <name>.text:__TI_wrt_ok</name>
         <load_address>0x47e8</load_address>
         <run_address>0x47e8</run_address>
         <size>0x62</size>
         <input_file_ref idref="fl-c8"/>
      </object_component>
      <object_component id="oc-507">
         <name>.text:HOSTopen</name>
         <load_address>0x484c</load_address>
         <run_address>0x484c</run_address>
         <size>0x60</size>
         <input_file_ref idref="fl-f4"/>
      </object_component>
      <object_component id="oc-14c">
         <name>.text</name>
         <load_address>0x48ac</load_address>
         <run_address>0x48ac</run_address>
         <size>0x5e</size>
         <input_file_ref idref="fl-d4"/>
      </object_component>
      <object_component id="oc-278">
         <name>.text:Interrupt_registerInterrupt</name>
         <load_address>0x490c</load_address>
         <run_address>0x490c</run_address>
         <size>0x5c</size>
         <input_file_ref idref="fl-106"/>
      </object_component>
      <object_component id="oc-543">
         <name>.text:close</name>
         <load_address>0x4968</load_address>
         <run_address>0x4968</run_address>
         <size>0x5c</size>
         <input_file_ref idref="fl-102"/>
      </object_component>
      <object_component id="oc-123">
         <name>.text:GPIO_setAsInputPinWithPullUpResistor</name>
         <load_address>0x49c4</load_address>
         <run_address>0x49c4</run_address>
         <size>0x58</size>
         <input_file_ref idref="fl-105"/>
      </object_component>
      <object_component id="oc-513">
         <name>.text:HOSTread</name>
         <load_address>0x4a1c</load_address>
         <run_address>0x4a1c</run_address>
         <size>0x58</size>
         <input_file_ref idref="fl-f5"/>
      </object_component>
      <object_component id="oc-519">
         <name>.text:HOSTwrite</name>
         <load_address>0x4a74</load_address>
         <run_address>0x4a74</run_address>
         <size>0x58</size>
         <input_file_ref idref="fl-f8"/>
      </object_component>
      <object_component id="oc-2fe">
         <name>.text:_pconv_f</name>
         <load_address>0x4acc</load_address>
         <run_address>0x4acc</run_address>
         <size>0x56</size>
         <input_file_ref idref="fl-c6"/>
      </object_component>
      <object_component id="oc-3ba">
         <name>.text:__TI_ltoa</name>
         <load_address>0x4b22</load_address>
         <run_address>0x4b22</run_address>
         <size>0x54</size>
         <input_file_ref idref="fl-dc"/>
      </object_component>
      <object_component id="oc-3ca">
         <name>.text:_ecpy</name>
         <load_address>0x4b76</load_address>
         <run_address>0x4b76</run_address>
         <size>0x52</size>
         <input_file_ref idref="fl-c6"/>
      </object_component>
      <object_component id="oc-428">
         <name>.text:__TI_doflush</name>
         <load_address>0x4bc8</load_address>
         <run_address>0x4bc8</run_address>
         <size>0x4c</size>
         <input_file_ref idref="fl-e9"/>
      </object_component>
      <object_component id="oc-e9">
         <name>.text:atoi</name>
         <load_address>0x4c14</load_address>
         <run_address>0x4c14</run_address>
         <size>0x4c</size>
         <input_file_ref idref="fl-dd"/>
      </object_component>
      <object_component id="oc-1a1">
         <name>.text:exit</name>
         <load_address>0x4c60</load_address>
         <run_address>0x4c60</run_address>
         <size>0x48</size>
         <input_file_ref idref="fl-da"/>
      </object_component>
      <object_component id="oc-3b5">
         <name>.text</name>
         <load_address>0x4ca8</load_address>
         <run_address>0x4ca8</run_address>
         <size>0x48</size>
         <input_file_ref idref="fl-d1"/>
      </object_component>
      <object_component id="oc-50d">
         <name>.text:HOSTclose</name>
         <load_address>0x4cf0</load_address>
         <run_address>0x4cf0</run_address>
         <size>0x44</size>
         <input_file_ref idref="fl-f2"/>
      </object_component>
      <object_component id="oc-525">
         <name>.text:HOSTunlink</name>
         <load_address>0x4d34</load_address>
         <run_address>0x4d34</run_address>
         <size>0x44</size>
         <input_file_ref idref="fl-f7"/>
      </object_component>
      <object_component id="oc-1a7">
         <name>.text:__TI_auto_init_nobinit_nopinit:__TI_auto_init_nobinit_nopinit</name>
         <load_address>0x4d78</load_address>
         <run_address>0x4d78</run_address>
         <size>0x44</size>
         <input_file_ref idref="fl-ee"/>
      </object_component>
      <object_component id="oc-57b">
         <name>.text:getdevice</name>
         <load_address>0x4dbc</load_address>
         <run_address>0x4dbc</run_address>
         <size>0x44</size>
         <input_file_ref idref="fl-fd"/>
      </object_component>
      <object_component id="oc-3dd">
         <name>.text:_fcpy</name>
         <load_address>0x4e00</load_address>
         <run_address>0x4e00</run_address>
         <size>0x3e</size>
         <input_file_ref idref="fl-c6"/>
      </object_component>
      <object_component id="oc-129">
         <name>.text:GPIO_interruptEdgeSelect</name>
         <load_address>0x4e40</load_address>
         <run_address>0x4e40</run_address>
         <size>0x3c</size>
         <input_file_ref idref="fl-105"/>
      </object_component>
      <object_component id="oc-554">
         <name>.text:__TI_writemsg</name>
         <load_address>0x4e7c</load_address>
         <run_address>0x4e7c</run_address>
         <size>0x38</size>
         <input_file_ref idref="fl-f9"/>
      </object_component>
      <object_component id="oc-59d">
         <name>.text:strncpy</name>
         <load_address>0x4eb4</load_address>
         <run_address>0x4eb4</run_address>
         <size>0x36</size>
         <input_file_ref idref="fl-100"/>
      </object_component>
      <object_component id="oc-cb">
         <name>.text:CS_setDCOCenteredFrequency</name>
         <load_address>0x4eec</load_address>
         <run_address>0x4eec</run_address>
         <size>0x34</size>
         <input_file_ref idref="fl-104"/>
      </object_component>
      <object_component id="oc-b9">
         <name>.text:UART_transmitData</name>
         <load_address>0x4f20</load_address>
         <run_address>0x4f20</run_address>
         <size>0x34</size>
         <input_file_ref idref="fl-109"/>
      </object_component>
      <object_component id="oc-4be">
         <name>.text:__TI_cleanup</name>
         <load_address>0x4f54</load_address>
         <run_address>0x4f54</run_address>
         <size>0x34</size>
         <input_file_ref idref="fl-ea"/>
      </object_component>
      <object_component id="oc-55a">
         <name>.text:__TI_readmsg</name>
         <load_address>0x4f88</load_address>
         <run_address>0x4f88</run_address>
         <size>0x34</size>
         <input_file_ref idref="fl-f9"/>
      </object_component>
      <object_component id="oc-58">
         <name>.text:_c_int00_noargs:_c_int00_noargs</name>
         <load_address>0x4fbc</load_address>
         <run_address>0x4fbc</run_address>
         <size>0x34</size>
         <input_file_ref idref="fl-e6"/>
      </object_component>
      <object_component id="oc-c5">
         <name>.text:UART_receiveData</name>
         <load_address>0x4ff0</load_address>
         <run_address>0x4ff0</run_address>
         <size>0x30</size>
         <input_file_ref idref="fl-109"/>
      </object_component>
      <object_component id="oc-5a3">
         <name>.text:finddevice</name>
         <load_address>0x5020</load_address>
         <run_address>0x5020</run_address>
         <size>0x30</size>
         <input_file_ref idref="fl-fd"/>
      </object_component>
      <object_component id="oc-3c0">
         <name>.text</name>
         <load_address>0x5050</load_address>
         <run_address>0x5050</run_address>
         <size>0x2e</size>
         <input_file_ref idref="fl-d2"/>
      </object_component>
      <object_component id="oc-549">
         <name>.text:unlink</name>
         <load_address>0x5080</load_address>
         <run_address>0x5080</run_address>
         <size>0x2c</size>
         <input_file_ref idref="fl-103"/>
      </object_component>
      <object_component id="oc-12f">
         <name>.text:GPIO_clearInterruptFlag</name>
         <load_address>0x50ac</load_address>
         <run_address>0x50ac</run_address>
         <size>0x28</size>
         <input_file_ref idref="fl-105"/>
      </object_component>
      <object_component id="oc-13c">
         <name>.text:GPIO_enableInterrupt</name>
         <load_address>0x50d4</load_address>
         <run_address>0x50d4</run_address>
         <size>0x28</size>
         <input_file_ref idref="fl-105"/>
      </object_component>
      <object_component id="oc-4ed">
         <name>.text:free_list_insert</name>
         <load_address>0x50fc</load_address>
         <run_address>0x50fc</run_address>
         <size>0x28</size>
         <input_file_ref idref="fl-e2"/>
      </object_component>
      <object_component id="oc-4aa">
         <name>.text:lseek</name>
         <load_address>0x5124</load_address>
         <run_address>0x5124</run_address>
         <size>0x28</size>
         <input_file_ref idref="fl-fb"/>
      </object_component>
      <object_component id="oc-42e">
         <name>.text:write</name>
         <load_address>0x514c</load_address>
         <run_address>0x514c</run_address>
         <size>0x28</size>
         <input_file_ref idref="fl-e7"/>
      </object_component>
      <object_component id="oc-2a3">
         <name>.text:GPIO_getInterruptStatus</name>
         <load_address>0x5174</load_address>
         <run_address>0x5174</run_address>
         <size>0x24</size>
         <input_file_ref idref="fl-105"/>
      </object_component>
      <object_component id="oc-136">
         <name>.text:GPIO_registerInterrupt</name>
         <load_address>0x5198</load_address>
         <run_address>0x5198</run_address>
         <size>0x24</size>
         <input_file_ref idref="fl-105"/>
      </object_component>
      <object_component id="oc-422">
         <name>.text:memchr</name>
         <load_address>0x51bc</load_address>
         <run_address>0x51bc</run_address>
         <size>0x20</size>
         <input_file_ref idref="fl-e1"/>
      </object_component>
      <object_component id="oc-46">
         <name>.text:decompress:ZI:__TI_zero_init_nomemset:__TI_zero_init_nomemset</name>
         <load_address>0x51dc</load_address>
         <run_address>0x51dc</run_address>
         <size>0x1c</size>
         <input_file_ref idref="fl-d7"/>
      </object_component>
      <object_component id="oc-4e7">
         <name>.text:free_list_remove</name>
         <load_address>0x51f8</load_address>
         <run_address>0x51f8</run_address>
         <size>0x1c</size>
         <input_file_ref idref="fl-e2"/>
      </object_component>
      <object_component id="oc-310">
         <name>.text:memccpy</name>
         <load_address>0x5214</load_address>
         <run_address>0x5214</run_address>
         <size>0x1c</size>
         <input_file_ref idref="fl-e0"/>
      </object_component>
      <object_component id="oc-467">
         <name>.text:copysign</name>
         <load_address>0x5230</load_address>
         <run_address>0x5230</run_address>
         <size>0x1a</size>
         <input_file_ref idref="fl-ec"/>
      </object_component>
      <object_component id="oc-bf">
         <name>.text:UART_getInterruptStatus</name>
         <load_address>0x524a</load_address>
         <run_address>0x524a</run_address>
         <size>0x18</size>
         <input_file_ref idref="fl-109"/>
      </object_component>
      <object_component id="oc-5ba">
         <name>.text:strcmp</name>
         <load_address>0x5262</load_address>
         <run_address>0x5262</run_address>
         <size>0x18</size>
         <input_file_ref idref="fl-fe"/>
      </object_component>
      <object_component id="oc-15d">
         <name>.text:Timer_A_startCounter</name>
         <load_address>0x527a</load_address>
         <run_address>0x527a</run_address>
         <size>0x16</size>
         <input_file_ref idref="fl-108"/>
      </object_component>
      <object_component id="oc-e3">
         <name>.text:UART_clearInterruptFlag</name>
         <load_address>0x5290</load_address>
         <run_address>0x5290</run_address>
         <size>0x16</size>
         <input_file_ref idref="fl-109"/>
      </object_component>
      <object_component id="oc-3f1">
         <name>.text:strchr</name>
         <load_address>0x52a6</load_address>
         <run_address>0x52a6</run_address>
         <size>0x16</size>
         <input_file_ref idref="fl-e3"/>
      </object_component>
      <object_component id="oc-56e">
         <name>.text:strcpy</name>
         <load_address>0x52bc</load_address>
         <run_address>0x52bc</run_address>
         <size>0x14</size>
         <input_file_ref idref="fl-ff"/>
      </object_component>
      <object_component id="oc-2e7">
         <name>.text:strlen</name>
         <load_address>0x52d0</load_address>
         <run_address>0x52d0</run_address>
         <size>0x14</size>
         <input_file_ref idref="fl-e4"/>
      </object_component>
      <object_component id="oc-316">
         <name>.text:wcslen</name>
         <load_address>0x52e4</load_address>
         <run_address>0x52e4</run_address>
         <size>0x12</size>
         <input_file_ref idref="fl-cc"/>
      </object_component>
      <object_component id="oc-163">
         <name>.text:Interrupt_enableMaster</name>
         <load_address>0x52f6</load_address>
         <run_address>0x52f6</run_address>
         <size>0x10</size>
         <input_file_ref idref="fl-106"/>
      </object_component>
      <object_component id="oc-1d">
         <name>.text:decompress:none:__TI_decompress_none</name>
         <load_address>0x5306</load_address>
         <run_address>0x5306</run_address>
         <size>0xe</size>
         <input_file_ref idref="fl-d8"/>
      </object_component>
      <object_component id="oc-6a">
         <name>.text</name>
         <load_address>0x5314</load_address>
         <run_address>0x5314</run_address>
         <size>0xe</size>
         <input_file_ref idref="fl-8"/>
      </object_component>
      <object_component id="oc-29c">
         <name>.text:CPU_cpsie</name>
         <load_address>0x5322</load_address>
         <run_address>0x5322</run_address>
         <size>0xc</size>
         <input_file_ref idref="fl-10a"/>
      </object_component>
      <object_component id="oc-31c">
         <name>.text:__aeabi_errno_addr</name>
         <load_address>0x5330</load_address>
         <run_address>0x5330</run_address>
         <size>0x8</size>
         <input_file_ref idref="fl-e5"/>
      </object_component>
      <object_component id="oc-4b8">
         <name>.text:malloc</name>
         <load_address>0x5338</load_address>
         <run_address>0x5338</run_address>
         <size>0x8</size>
         <input_file_ref idref="fl-e2"/>
      </object_component>
      <object_component id="oc-1ff">
         <name>.text:_outc</name>
         <load_address>0x5340</load_address>
         <run_address>0x5340</run_address>
         <size>0x4</size>
         <input_file_ref idref="fl-c5"/>
      </object_component>
      <object_component id="oc-1f9">
         <name>.text:_outs</name>
         <load_address>0x5344</load_address>
         <run_address>0x5344</run_address>
         <size>0x4</size>
         <input_file_ref idref="fl-c5"/>
      </object_component>
      <object_component id="oc-a0">
         <name>.text:_system_pre_init</name>
         <load_address>0x5348</load_address>
         <run_address>0x5348</run_address>
         <size>0x4</size>
         <input_file_ref idref="fl-ef"/>
      </object_component>
      <object_component id="oc-19b">
         <name>.text:abort:abort</name>
         <load_address>0x534c</load_address>
         <run_address>0x534c</run_address>
         <size>0x4</size>
         <input_file_ref idref="fl-da"/>
      </object_component>
      <object_component id="oc-263">
         <name>.const:asc2_1608</name>
         <load_address>0x5350</load_address>
         <run_address>0x5350</run_address>
         <size>0x5f0</size>
         <input_file_ref idref="fl-7"/>
      </object_component>
      <object_component id="oc-260">
         <name>.const:asc2_1206</name>
         <load_address>0x5940</load_address>
         <run_address>0x5940</run_address>
         <size>0x474</size>
         <input_file_ref idref="fl-7"/>
      </object_component>
      <object_component id="oc-266">
         <name>.const:Hzk1</name>
         <load_address>0x5db4</load_address>
         <run_address>0x5db4</run_address>
         <size>0x330</size>
         <input_file_ref idref="fl-7"/>
      </object_component>
      <object_component id="oc-25d">
         <name>.const:asc2_0806</name>
         <load_address>0x60e4</load_address>
         <run_address>0x60e4</run_address>
         <size>0x228</size>
         <input_file_ref idref="fl-7"/>
      </object_component>
      <object_component id="oc-269">
         <name>.const:Hzk</name>
         <load_address>0x630c</load_address>
         <run_address>0x630c</run_address>
         <size>0x1c0</size>
         <input_file_ref idref="fl-7"/>
      </object_component>
      <object_component id="oc-20e">
         <name>.const:.string:_ctypes_</name>
         <load_address>0x64cc</load_address>
         <run_address>0x64cc</run_address>
         <size>0x101</size>
         <input_file_ref idref="fl-de"/>
      </object_component>
      <object_component id="oc-272">
         <name>.const:GPIO_PORT_TO_BASE</name>
         <load_address>0x65d0</load_address>
         <run_address>0x65d0</run_address>
         <size>0x30</size>
         <input_file_ref idref="fl-105"/>
      </object_component>
      <object_component id="oc-f5">
         <name>.const:uartConfig</name>
         <load_address>0x6600</load_address>
         <run_address>0x6600</run_address>
         <size>0x28</size>
         <input_file_ref idref="fl-a"/>
      </object_component>
      <object_component id="oc-286">
         <name>.const:.string</name>
         <load_address>0x6628</load_address>
         <run_address>0x6628</run_address>
         <size>0x24</size>
         <input_file_ref idref="fl-6"/>
      </object_component>
      <object_component id="oc-27e">
         <name>.const:GPIO_PORT_TO_INT</name>
         <load_address>0x664c</load_address>
         <run_address>0x664c</run_address>
         <size>0x1c</size>
         <input_file_ref idref="fl-105"/>
      </object_component>
      <object_component id="oc-16f">
         <name>.const:upConfig</name>
         <load_address>0x6668</load_address>
         <run_address>0x6668</run_address>
         <size>0x18</size>
         <input_file_ref idref="fl-6"/>
      </object_component>
      <object_component id="oc-216">
         <name>.const:.string:$P$T0$1</name>
         <load_address>0x6680</load_address>
         <run_address>0x6680</run_address>
         <size>0x8</size>
         <input_file_ref idref="fl-3"/>
      </object_component>
      <object_component id="oc-213">
         <name>.const:.string:$P$T1$2</name>
         <load_address>0x6688</load_address>
         <run_address>0x6688</run_address>
         <size>0x8</size>
         <input_file_ref idref="fl-3"/>
      </object_component>
      <object_component id="oc-297">
         <name>.const:g_pulEnRegs</name>
         <load_address>0x6690</load_address>
         <run_address>0x6690</run_address>
         <size>0x8</size>
         <input_file_ref idref="fl-106"/>
      </object_component>
      <object_component id="oc-5fb">
         <name>.cinit..data.load</name>
         <load_address>0x6698</load_address>
         <run_address>0x6698</run_address>
         <size>0x88</size>
      </object_component>
      <object_component id="oc-5f8">
         <name>__TI_handler_table</name>
         <load_address>0x6720</load_address>
         <run_address>0x6720</run_address>
         <size>0xc</size>
      </object_component>
      <object_component id="oc-5fc">
         <name>.cinit..bss.load</name>
         <load_address>0x6730</load_address>
         <run_address>0x6730</run_address>
         <size>0x8</size>
      </object_component>
      <object_component id="oc-5fa">
         <name>.cinit..vtable.load</name>
         <load_address>0x6738</load_address>
         <run_address>0x6738</run_address>
         <size>0x8</size>
      </object_component>
      <object_component id="oc-5f9">
         <name>__TI_cinit_table</name>
         <load_address>0x6740</load_address>
         <run_address>0x6740</run_address>
         <size>0x18</size>
      </object_component>
      <object_component id="oc-5cc">
         <name>.binit</name>
         <load_address>0x0</load_address>
         <run_address>0x0</run_address>
         <size>0x0</size>
      </object_component>
      <object_component id="oc-36d">
         <name>.vtable</name>
         <uninitialized>true</uninitialized>
         <run_address>0x20000000</run_address>
         <size>0xe8</size>
         <input_file_ref idref="fl-106"/>
      </object_component>
      <object_component id="oc-26e">
         <name>.data</name>
         <load_address>0x200006dc</load_address>
         <run_address>0x200006dc</run_address>
         <size>0x18</size>
         <input_file_ref idref="fl-2"/>
      </object_component>
      <object_component id="oc-142">
         <name>.data</name>
         <load_address>0x200006a0</load_address>
         <run_address>0x200006a0</run_address>
         <size>0x3c</size>
         <input_file_ref idref="fl-6"/>
      </object_component>
      <object_component id="oc-145">
         <name>.data:city</name>
         <load_address>0x20000724</load_address>
         <run_address>0x20000724</run_address>
         <size>0xc</size>
         <input_file_ref idref="fl-6"/>
      </object_component>
      <object_component id="oc-1d9">
         <name>.data</name>
         <load_address>0x20000744</load_address>
         <run_address>0x20000744</run_address>
         <size>0x4</size>
         <input_file_ref idref="fl-9"/>
      </object_component>
      <object_component id="oc-fb">
         <name>.data:ch</name>
         <load_address>0x200000e8</load_address>
         <run_address>0x200000e8</run_address>
         <size>0x400</size>
         <input_file_ref idref="fl-a"/>
      </object_component>
      <object_component id="oc-fe">
         <name>.data:hour</name>
         <load_address>0x20000748</load_address>
         <run_address>0x20000748</run_address>
         <size>0x3</size>
         <input_file_ref idref="fl-a"/>
      </object_component>
      <object_component id="oc-101">
         <name>.data:minute</name>
         <load_address>0x2000074b</load_address>
         <run_address>0x2000074b</run_address>
         <size>0x3</size>
         <input_file_ref idref="fl-a"/>
      </object_component>
      <object_component id="oc-104">
         <name>.data:second</name>
         <load_address>0x2000074e</load_address>
         <run_address>0x2000074e</run_address>
         <size>0x3</size>
         <input_file_ref idref="fl-a"/>
      </object_component>
      <object_component id="oc-f8">
         <name>.data</name>
         <load_address>0x200006f4</load_address>
         <run_address>0x200006f4</run_address>
         <size>0x14</size>
         <input_file_ref idref="fl-a"/>
      </object_component>
      <object_component id="oc-2ae">
         <name>.data:$O1$$</name>
         <load_address>0x20000718</load_address>
         <run_address>0x20000718</run_address>
         <size>0xc</size>
         <input_file_ref idref="fl-da"/>
      </object_component>
      <object_component id="oc-1f3">
         <name>.data:$O1$$</name>
         <load_address>0x20000730</load_address>
         <run_address>0x20000730</run_address>
         <size>0x8</size>
         <input_file_ref idref="fl-db"/>
      </object_component>
      <object_component id="oc-1f6">
         <name>.data:_ftable</name>
         <load_address>0x200004e8</load_address>
         <run_address>0x200004e8</run_address>
         <size>0xf0</size>
         <input_file_ref idref="fl-df"/>
      </object_component>
      <object_component id="oc-501">
         <name>.data</name>
         <load_address>0x20000708</load_address>
         <run_address>0x20000708</run_address>
         <size>0x10</size>
         <input_file_ref idref="fl-df"/>
      </object_component>
      <object_component id="oc-537">
         <name>.data:$O1$$</name>
         <load_address>0x20000738</load_address>
         <run_address>0x20000738</run_address>
         <size>0x8</size>
         <input_file_ref idref="fl-e2"/>
      </object_component>
      <object_component id="oc-401">
         <name>.data</name>
         <load_address>0x20000740</load_address>
         <run_address>0x20000740</run_address>
         <size>0x4</size>
         <input_file_ref idref="fl-e5"/>
      </object_component>
      <object_component id="oc-4d1">
         <name>.data:_device</name>
         <load_address>0x200005d8</load_address>
         <run_address>0x200005d8</run_address>
         <size>0x78</size>
         <input_file_ref idref="fl-e8"/>
      </object_component>
      <object_component id="oc-495">
         <name>.data:_stream</name>
         <load_address>0x20000650</load_address>
         <run_address>0x20000650</run_address>
         <size>0x50</size>
         <input_file_ref idref="fl-e8"/>
      </object_component>
      <object_component id="oc-585">
         <name>.bss:_CIOBUF_</name>
         <uninitialized>true</uninitialized>
         <run_address>0x20000b58</run_address>
         <size>0x120</size>
         <input_file_ref idref="fl-f9"/>
      </object_component>
      <object_component id="oc-148">
         <name>.common:alarm</name>
         <uninitialized>true</uninitialized>
         <run_address>0x20000d4c</run_address>
         <size>0x3</size>
      </object_component>
      <object_component id="oc-107">
         <name>.common:time</name>
         <uninitialized>true</uninitialized>
         <run_address>0x20000d48</run_address>
         <size>0x4</size>
      </object_component>
      <object_component id="oc-149">
         <name>.common:BeijingTime</name>
         <uninitialized>true</uninitialized>
         <run_address>0x20000d18</run_address>
         <size>0xc</size>
      </object_component>
      <object_component id="oc-14a">
         <name>.common:LondonTime</name>
         <uninitialized>true</uninitialized>
         <run_address>0x20000d24</run_address>
         <size>0xc</size>
      </object_component>
      <object_component id="oc-14b">
         <name>.common:WashingtonTime</name>
         <uninitialized>true</uninitialized>
         <run_address>0x20000d30</run_address>
         <size>0xc</size>
      </object_component>
      <object_component id="oc-135">
         <name>.common:location</name>
         <uninitialized>true</uninitialized>
         <run_address>0x20000d44</run_address>
         <size>0x4</size>
      </object_component>
      <object_component id="oc-54f">
         <name>.common:__TI_tmpnams</name>
         <uninitialized>true</uninitialized>
         <run_address>0x20000c78</run_address>
         <size>0xa0</size>
      </object_component>
      <object_component id="oc-560">
         <name>.common:parmbuf</name>
         <uninitialized>true</uninitialized>
         <run_address>0x20000d3c</run_address>
         <size>0x8</size>
      </object_component>
      <object_component id="oc-29">
         <name>.sysmem</name>
         <uninitialized>true</uninitialized>
         <run_address>0x20000758</run_address>
         <size>0x10</size>
         <input_file_ref idref="fl-e2"/>
      </object_component>
      <object_component id="oc-5ff">
         <name>.sysmem</name>
         <uninitialized>true</uninitialized>
         <run_address>0x20000758</run_address>
         <size>0x0</size>
      </object_component>
      <object_component id="oc-2c">
         <name>.stack</name>
         <uninitialized>true</uninitialized>
         <run_address>0x2000fe00</run_address>
         <size>0x4</size>
         <input_file_ref idref="fl-e6"/>
      </object_component>
      <object_component id="oc-5fe">
         <name>.stack</name>
         <uninitialized>true</uninitialized>
         <run_address>0x2000fe00</run_address>
         <size>0x0</size>
      </object_component>
      <object_component id="oc-2ac">
         <name>.debug_info</name>
         <load_address>0x0</load_address>
         <run_address>0x0</run_address>
         <size>0x53f</size>
         <input_file_ref idref="fl-2"/>
      </object_component>
      <object_component id="oc-26f">
         <name>.debug_info</name>
         <load_address>0x53f</load_address>
         <run_address>0x53f</run_address>
         <size>0x19b</size>
         <input_file_ref idref="fl-2"/>
      </object_component>
      <object_component id="oc-11f">
         <name>.debug_info</name>
         <load_address>0x6da</load_address>
         <run_address>0x6da</run_address>
         <size>0x3da</size>
         <input_file_ref idref="fl-2"/>
      </object_component>
      <object_component id="oc-229">
         <name>.debug_info</name>
         <load_address>0xab4</load_address>
         <run_address>0xab4</run_address>
         <size>0x37e2</size>
         <input_file_ref idref="fl-2"/>
      </object_component>
      <object_component id="oc-17a">
         <name>.debug_info</name>
         <load_address>0x4296</load_address>
         <run_address>0x4296</run_address>
         <size>0x26b</size>
         <input_file_ref idref="fl-2"/>
      </object_component>
      <object_component id="oc-22e">
         <name>.debug_info</name>
         <load_address>0x4501</load_address>
         <run_address>0x4501</run_address>
         <size>0x1055</size>
         <input_file_ref idref="fl-2"/>
      </object_component>
      <object_component id="oc-35">
         <name>.debug_info</name>
         <load_address>0x5556</load_address>
         <run_address>0x5556</run_address>
         <size>0x84</size>
         <input_file_ref idref="fl-2"/>
      </object_component>
      <object_component id="oc-258">
         <name>.debug_info</name>
         <load_address>0x55da</load_address>
         <run_address>0x55da</run_address>
         <size>0x2a4</size>
         <input_file_ref idref="fl-2"/>
      </object_component>
      <object_component id="oc-242">
         <name>.debug_info</name>
         <load_address>0x587e</load_address>
         <run_address>0x587e</run_address>
         <size>0xef</size>
         <input_file_ref idref="fl-2"/>
      </object_component>
      <object_component id="oc-112">
         <name>.debug_info</name>
         <load_address>0x596d</load_address>
         <run_address>0x596d</run_address>
         <size>0xbb</size>
         <input_file_ref idref="fl-2"/>
      </object_component>
      <object_component id="oc-21a">
         <name>.debug_info</name>
         <load_address>0x5a28</load_address>
         <run_address>0x5a28</run_address>
         <size>0x5aa</size>
         <input_file_ref idref="fl-3"/>
      </object_component>
      <object_component id="oc-217">
         <name>.debug_info</name>
         <load_address>0x5fd2</load_address>
         <run_address>0x5fd2</run_address>
         <size>0xe6</size>
         <input_file_ref idref="fl-3"/>
      </object_component>
      <object_component id="oc-214">
         <name>.debug_info</name>
         <load_address>0x60b8</load_address>
         <run_address>0x60b8</run_address>
         <size>0xe6</size>
         <input_file_ref idref="fl-3"/>
      </object_component>
      <object_component id="oc-f3">
         <name>.debug_info</name>
         <load_address>0x619e</load_address>
         <run_address>0x619e</run_address>
         <size>0x7d2</size>
         <input_file_ref idref="fl-3"/>
      </object_component>
      <object_component id="oc-356">
         <name>.debug_info</name>
         <load_address>0x6970</load_address>
         <run_address>0x6970</run_address>
         <size>0x37e2</size>
         <input_file_ref idref="fl-3"/>
      </object_component>
      <object_component id="oc-253">
         <name>.debug_info</name>
         <load_address>0xa152</load_address>
         <run_address>0xa152</run_address>
         <size>0xb9</size>
         <input_file_ref idref="fl-3"/>
      </object_component>
      <object_component id="oc-35b">
         <name>.debug_info</name>
         <load_address>0xa20b</load_address>
         <run_address>0xa20b</run_address>
         <size>0xcaa</size>
         <input_file_ref idref="fl-5"/>
      </object_component>
      <object_component id="oc-233">
         <name>.debug_info</name>
         <load_address>0xaeb5</load_address>
         <run_address>0xaeb5</run_address>
         <size>0x341</size>
         <input_file_ref idref="fl-5"/>
      </object_component>
      <object_component id="oc-10d">
         <name>.debug_info</name>
         <load_address>0xb1f6</load_address>
         <run_address>0xb1f6</run_address>
         <size>0x8b</size>
         <input_file_ref idref="fl-5"/>
      </object_component>
      <object_component id="oc-249">
         <name>.debug_info</name>
         <load_address>0xb281</load_address>
         <run_address>0xb281</run_address>
         <size>0xcc</size>
         <input_file_ref idref="fl-5"/>
      </object_component>
      <object_component id="oc-207">
         <name>.debug_info</name>
         <load_address>0xb34d</load_address>
         <run_address>0xb34d</run_address>
         <size>0x2c</size>
         <input_file_ref idref="fl-5"/>
      </object_component>
      <object_component id="oc-24e">
         <name>.debug_info</name>
         <load_address>0xb379</load_address>
         <run_address>0xb379</run_address>
         <size>0x102</size>
         <input_file_ref idref="fl-5"/>
      </object_component>
      <object_component id="oc-108">
         <name>.debug_info</name>
         <load_address>0xb47b</load_address>
         <run_address>0xb47b</run_address>
         <size>0x1110</size>
         <input_file_ref idref="fl-6"/>
      </object_component>
      <object_component id="oc-170">
         <name>.debug_info</name>
         <load_address>0xc58b</load_address>
         <run_address>0xc58b</run_address>
         <size>0xcb</size>
         <input_file_ref idref="fl-6"/>
      </object_component>
      <object_component id="oc-143">
         <name>.debug_info</name>
         <load_address>0xc656</load_address>
         <run_address>0xc656</run_address>
         <size>0x203</size>
         <input_file_ref idref="fl-6"/>
      </object_component>
      <object_component id="oc-146">
         <name>.debug_info</name>
         <load_address>0xc859</load_address>
         <run_address>0xc859</run_address>
         <size>0xc3</size>
         <input_file_ref idref="fl-6"/>
      </object_component>
      <object_component id="oc-79">
         <name>.debug_info</name>
         <load_address>0xc91c</load_address>
         <run_address>0xc91c</run_address>
         <size>0x1ea4</size>
         <input_file_ref idref="fl-6"/>
      </object_component>
      <object_component id="oc-173">
         <name>.debug_info</name>
         <load_address>0xe7c0</load_address>
         <run_address>0xe7c0</run_address>
         <size>0x69</size>
         <input_file_ref idref="fl-6"/>
      </object_component>
      <object_component id="oc-238">
         <name>.debug_info</name>
         <load_address>0xe829</load_address>
         <run_address>0xe829</run_address>
         <size>0x35</size>
         <input_file_ref idref="fl-6"/>
      </object_component>
      <object_component id="oc-23d">
         <name>.debug_info</name>
         <load_address>0xe85e</load_address>
         <run_address>0xe85e</run_address>
         <size>0xb9</size>
         <input_file_ref idref="fl-6"/>
      </object_component>
      <object_component id="oc-26d">
         <name>.debug_info</name>
         <load_address>0xe917</load_address>
         <run_address>0xe917</run_address>
         <size>0x5ee</size>
         <input_file_ref idref="fl-7"/>
      </object_component>
      <object_component id="oc-25e">
         <name>.debug_info</name>
         <load_address>0xef05</load_address>
         <run_address>0xef05</run_address>
         <size>0xe9</size>
         <input_file_ref idref="fl-7"/>
      </object_component>
      <object_component id="oc-264">
         <name>.debug_info</name>
         <load_address>0xefee</load_address>
         <run_address>0xefee</run_address>
         <size>0xe9</size>
         <input_file_ref idref="fl-7"/>
      </object_component>
      <object_component id="oc-261">
         <name>.debug_info</name>
         <load_address>0xf0d7</load_address>
         <run_address>0xf0d7</run_address>
         <size>0xe9</size>
         <input_file_ref idref="fl-7"/>
      </object_component>
      <object_component id="oc-26a">
         <name>.debug_info</name>
         <load_address>0xf1c0</load_address>
         <run_address>0xf1c0</run_address>
         <size>0xde</size>
         <input_file_ref idref="fl-7"/>
      </object_component>
      <object_component id="oc-267">
         <name>.debug_info</name>
         <load_address>0xf29e</load_address>
         <run_address>0xf29e</run_address>
         <size>0xe0</size>
         <input_file_ref idref="fl-7"/>
      </object_component>
      <object_component id="oc-119">
         <name>.debug_info</name>
         <load_address>0xf37e</load_address>
         <run_address>0xf37e</run_address>
         <size>0x10fc</size>
         <input_file_ref idref="fl-7"/>
      </object_component>
      <object_component id="oc-7e">
         <name>.debug_info</name>
         <load_address>0x1047a</load_address>
         <run_address>0x1047a</run_address>
         <size>0x2c1</size>
         <input_file_ref idref="fl-8"/>
      </object_component>
      <object_component id="oc-27">
         <name>.debug_info</name>
         <load_address>0x1073b</load_address>
         <run_address>0x1073b</run_address>
         <size>0xed</size>
         <input_file_ref idref="fl-8"/>
      </object_component>
      <object_component id="oc-6b">
         <name>.debug_info</name>
         <load_address>0x10828</load_address>
         <run_address>0x10828</run_address>
         <size>0x1b4</size>
         <input_file_ref idref="fl-8"/>
      </object_component>
      <object_component id="oc-1da">
         <name>.debug_info</name>
         <load_address>0x109dc</load_address>
         <run_address>0x109dc</run_address>
         <size>0xe6</size>
         <input_file_ref idref="fl-9"/>
      </object_component>
      <object_component id="oc-b6">
         <name>.debug_info</name>
         <load_address>0x10ac2</load_address>
         <run_address>0x10ac2</run_address>
         <size>0x252</size>
         <input_file_ref idref="fl-9"/>
      </object_component>
      <object_component id="oc-10a">
         <name>.debug_info</name>
         <load_address>0x10d14</load_address>
         <run_address>0x10d14</run_address>
         <size>0x81a</size>
         <input_file_ref idref="fl-a"/>
      </object_component>
      <object_component id="oc-fc">
         <name>.debug_info</name>
         <load_address>0x1152e</load_address>
         <run_address>0x1152e</run_address>
         <size>0xcd</size>
         <input_file_ref idref="fl-a"/>
      </object_component>
      <object_component id="oc-ff">
         <name>.debug_info</name>
         <load_address>0x115fb</load_address>
         <run_address>0x115fb</run_address>
         <size>0xd0</size>
         <input_file_ref idref="fl-a"/>
      </object_component>
      <object_component id="oc-102">
         <name>.debug_info</name>
         <load_address>0x116cb</load_address>
         <run_address>0x116cb</run_address>
         <size>0xd4</size>
         <input_file_ref idref="fl-a"/>
      </object_component>
      <object_component id="oc-105">
         <name>.debug_info</name>
         <load_address>0x1179f</load_address>
         <run_address>0x1179f</run_address>
         <size>0xd4</size>
         <input_file_ref idref="fl-a"/>
      </object_component>
      <object_component id="oc-f9">
         <name>.debug_info</name>
         <load_address>0x11873</load_address>
         <run_address>0x11873</run_address>
         <size>0x10b</size>
         <input_file_ref idref="fl-a"/>
      </object_component>
      <object_component id="oc-f6">
         <name>.debug_info</name>
         <load_address>0x1197e</load_address>
         <run_address>0x1197e</run_address>
         <size>0xdd</size>
         <input_file_ref idref="fl-a"/>
      </object_component>
      <object_component id="oc-73">
         <name>.debug_info</name>
         <load_address>0x11a5b</load_address>
         <run_address>0x11a5b</run_address>
         <size>0x479</size>
         <input_file_ref idref="fl-a"/>
      </object_component>
      <object_component id="oc-206">
         <name>.debug_info</name>
         <load_address>0x11ed4</load_address>
         <run_address>0x11ed4</run_address>
         <size>0x3e5</size>
         <input_file_ref idref="fl-c5"/>
      </object_component>
      <object_component id="oc-201">
         <name>.debug_info</name>
         <load_address>0x122b9</load_address>
         <run_address>0x122b9</run_address>
         <size>0x157</size>
         <input_file_ref idref="fl-c5"/>
      </object_component>
      <object_component id="oc-1fa">
         <name>.debug_info</name>
         <load_address>0x12410</load_address>
         <run_address>0x12410</run_address>
         <size>0x166</size>
         <input_file_ref idref="fl-c5"/>
      </object_component>
      <object_component id="oc-d8">
         <name>.debug_info</name>
         <load_address>0x12576</load_address>
         <run_address>0x12576</run_address>
         <size>0x1ac</size>
         <input_file_ref idref="fl-c5"/>
      </object_component>
      <object_component id="oc-346">
         <name>.debug_info</name>
         <load_address>0x12722</load_address>
         <run_address>0x12722</run_address>
         <size>0xb2</size>
         <input_file_ref idref="fl-c5"/>
      </object_component>
      <object_component id="oc-323">
         <name>.debug_info</name>
         <load_address>0x127d4</load_address>
         <run_address>0x127d4</run_address>
         <size>0x590</size>
         <input_file_ref idref="fl-c6"/>
      </object_component>
      <object_component id="oc-2f1">
         <name>.debug_info</name>
         <load_address>0x12d64</load_address>
         <run_address>0x12d64</run_address>
         <size>0x21e</size>
         <input_file_ref idref="fl-c6"/>
      </object_component>
      <object_component id="oc-3cd">
         <name>.debug_info</name>
         <load_address>0x12f82</load_address>
         <run_address>0x12f82</run_address>
         <size>0x1b3</size>
         <input_file_ref idref="fl-c6"/>
      </object_component>
      <object_component id="oc-3d4">
         <name>.debug_info</name>
         <load_address>0x13135</load_address>
         <run_address>0x13135</run_address>
         <size>0x21b</size>
         <input_file_ref idref="fl-c6"/>
      </object_component>
      <object_component id="oc-2fc">
         <name>.debug_info</name>
         <load_address>0x13350</load_address>
         <run_address>0x13350</run_address>
         <size>0x3c0</size>
         <input_file_ref idref="fl-c6"/>
      </object_component>
      <object_component id="oc-3db">
         <name>.debug_info</name>
         <load_address>0x13710</load_address>
         <run_address>0x13710</run_address>
         <size>0x30a</size>
         <input_file_ref idref="fl-c6"/>
      </object_component>
      <object_component id="oc-3e1">
         <name>.debug_info</name>
         <load_address>0x13a1a</load_address>
         <run_address>0x13a1a</run_address>
         <size>0x215</size>
         <input_file_ref idref="fl-c6"/>
      </object_component>
      <object_component id="oc-302">
         <name>.debug_info</name>
         <load_address>0x13c2f</load_address>
         <run_address>0x13c2f</run_address>
         <size>0x215</size>
         <input_file_ref idref="fl-c6"/>
      </object_component>
      <object_component id="oc-307">
         <name>.debug_info</name>
         <load_address>0x13e44</load_address>
         <run_address>0x13e44</run_address>
         <size>0x304</size>
         <input_file_ref idref="fl-c6"/>
      </object_component>
      <object_component id="oc-30d">
         <name>.debug_info</name>
         <load_address>0x14148</load_address>
         <run_address>0x14148</run_address>
         <size>0x4b5</size>
         <input_file_ref idref="fl-c6"/>
      </object_component>
      <object_component id="oc-1f1">
         <name>.debug_info</name>
         <load_address>0x145fd</load_address>
         <run_address>0x145fd</run_address>
         <size>0x5f4</size>
         <input_file_ref idref="fl-c6"/>
      </object_component>
      <object_component id="oc-324">
         <name>.debug_info</name>
         <load_address>0x14bf1</load_address>
         <run_address>0x14bf1</run_address>
         <size>0x86</size>
         <input_file_ref idref="fl-c6"/>
      </object_component>
      <object_component id="oc-40d">
         <name>.debug_info</name>
         <load_address>0x14c77</load_address>
         <run_address>0x14c77</run_address>
         <size>0x39</size>
         <input_file_ref idref="fl-c6"/>
      </object_component>
      <object_component id="oc-47e">
         <name>.debug_info</name>
         <load_address>0x14cb0</load_address>
         <run_address>0x14cb0</run_address>
         <size>0xb6</size>
         <input_file_ref idref="fl-c6"/>
      </object_component>
      <object_component id="oc-412">
         <name>.debug_info</name>
         <load_address>0x14d66</load_address>
         <run_address>0x14d66</run_address>
         <size>0x46</size>
         <input_file_ref idref="fl-c6"/>
      </object_component>
      <object_component id="oc-329">
         <name>.debug_info</name>
         <load_address>0x14dac</load_address>
         <run_address>0x14dac</run_address>
         <size>0x46</size>
         <input_file_ref idref="fl-c6"/>
      </object_component>
      <object_component id="oc-408">
         <name>.debug_info</name>
         <load_address>0x14df2</load_address>
         <run_address>0x14df2</run_address>
         <size>0x2c</size>
         <input_file_ref idref="fl-c6"/>
      </object_component>
      <object_component id="oc-435">
         <name>.debug_info</name>
         <load_address>0x14e1e</load_address>
         <run_address>0x14e1e</run_address>
         <size>0x3fc</size>
         <input_file_ref idref="fl-c7"/>
      </object_component>
      <object_component id="oc-33f">
         <name>.debug_info</name>
         <load_address>0x1521a</load_address>
         <run_address>0x1521a</run_address>
         <size>0x2e2</size>
         <input_file_ref idref="fl-c7"/>
      </object_component>
      <object_component id="oc-192">
         <name>.debug_info</name>
         <load_address>0x154fc</load_address>
         <run_address>0x154fc</run_address>
         <size>0x2c</size>
         <input_file_ref idref="fl-c7"/>
      </object_component>
      <object_component id="oc-490">
         <name>.debug_info</name>
         <load_address>0x15528</load_address>
         <run_address>0x15528</run_address>
         <size>0x300</size>
         <input_file_ref idref="fl-c8"/>
      </object_component>
      <object_component id="oc-41f">
         <name>.debug_info</name>
         <load_address>0x15828</load_address>
         <run_address>0x15828</run_address>
         <size>0x19c</size>
         <input_file_ref idref="fl-c8"/>
      </object_component>
      <object_component id="oc-4c6">
         <name>.debug_info</name>
         <load_address>0x159c4</load_address>
         <run_address>0x159c4</run_address>
         <size>0xbf</size>
         <input_file_ref idref="fl-c8"/>
      </object_component>
      <object_component id="oc-4c5">
         <name>.debug_info</name>
         <load_address>0x15a83</load_address>
         <run_address>0x15a83</run_address>
         <size>0x374</size>
         <input_file_ref idref="fl-c9"/>
      </object_component>
      <object_component id="oc-48d">
         <name>.debug_info</name>
         <load_address>0x15df7</load_address>
         <run_address>0x15df7</run_address>
         <size>0x20b</size>
         <input_file_ref idref="fl-c9"/>
      </object_component>
      <object_component id="oc-461">
         <name>.debug_info</name>
[...]
         <value>0x51dd</value>
         <object_component_ref idref="oc-46"/>
      </symbol>
      <symbol id="sm-636">
         <name>__TI_decompress_none</name>
         <value>0x5307</value>
         <object_component_ref idref="oc-1d"/>
      </symbol>
      <symbol id="sm-659">
         <name>__TI_decompress_lzss</name>
         <value>0x45ed</value>
         <object_component_ref idref="oc-17"/>
      </symbol>
      <symbol id="sm-67f">
         <name>C$$EXIT</name>
         <value>0x534d</value>
         <object_component_ref idref="oc-19b"/>
      </symbol>
      <symbol id="sm-680">
         <name>abort</name>
         <value>0x534d</value>
         <object_component_ref idref="oc-19b"/>
      </symbol>
      <symbol id="sm-681">
         <name>__TI_dtors_ptr</name>
         <value>0x2000071c</value>
         <object_component_ref idref="oc-2ae"/>
      </symbol>
      <symbol id="sm-682">
         <name>__TI_cleanup_ptr</name>
         <value>0x20000718</value>
         <object_component_ref idref="oc-2ae"/>
      </symbol>
      <symbol id="sm-683">
         <name>__TI_enable_exit_profile_output</name>
         <value>0x20000720</value>
         <object_component_ref idref="oc-2ae"/>
      </symbol>
      <symbol id="sm-684">
         <name>exit</name>
         <value>0x4c61</value>
         <object_component_ref idref="oc-1a1"/>
      </symbol>
      <symbol id="sm-699">
         <name>_nop</name>
         <value>0x1f0f</value>
         <object_component_ref idref="oc-32e"/>
      </symbol>
      <symbol id="sm-69a">
         <name>_lock</name>
         <value>0x20000730</value>
         <object_component_ref idref="oc-1f3"/>
      </symbol>
      <symbol id="sm-69b">
         <name>_unlock</name>
         <value>0x20000734</value>
         <object_component_ref idref="oc-1f3"/>
      </symbol>
      <symbol id="sm-6aa">
         <name>__TI_ltoa</name>
         <value>0x4b23</value>
         <object_component_ref idref="oc-3ba"/>
      </symbol>
      <symbol id="sm-6c0">
         <name>atoi</name>
         <value>0x4c15</value>
         <object_component_ref idref="oc-e9"/>
      </symbol>
      <symbol id="sm-6cb">
         <name>_ctypes_</name>
         <value>0x64cc</value>
         <object_component_ref idref="oc-20e"/>
      </symbol>
      <symbol id="sm-6e0">
         <name>__TI_tmpnams</name>
         <value>0x20000c78</value>
      </symbol>
      <symbol id="sm-6e1">
         <name>__aeabi_stdout</name>
         <value>0x20000710</value>
         <object_component_ref idref="oc-501"/>
      </symbol>
      <symbol id="sm-6e2">
         <name>__aeabi_stderr</name>
         <value>0x20000714</value>
         <object_component_ref idref="oc-501"/>
      </symbol>
      <symbol id="sm-6e3">
         <name>__aeabi_stdin</name>
         <value>0x2000070c</value>
         <object_component_ref idref="oc-501"/>
      </symbol>
      <symbol id="sm-6e4">
         <name>_ftable</name>
         <value>0x200004e8</value>
         <object_component_ref idref="oc-1f6"/>
      </symbol>
      <symbol id="sm-6e5">
         <name>__TI_ft_end</name>
         <value>0x20000708</value>
         <object_component_ref idref="oc-501"/>
      </symbol>
      <symbol id="sm-6f5">
         <name>memccpy</name>
         <value>0x5215</value>
         <object_component_ref idref="oc-310"/>
      </symbol>
      <symbol id="sm-705">
         <name>memchr</name>
         <value>0x51bd</value>
         <object_component_ref idref="oc-422"/>
      </symbol>
      <symbol id="sm-78e">
         <name>_sys_memory</name>
         <value>0x20000758</value>
         <object_component_ref idref="oc-29"/>
      </symbol>
      <symbol id="sm-78f">
         <name>free</name>
         <value>0x3d2d</value>
         <object_component_ref idref="oc-4b2"/>
      </symbol>
      <symbol id="sm-790">
         <name>memalign</name>
         <value>0x3b31</value>
         <object_component_ref idref="oc-4f4"/>
      </symbol>
      <symbol id="sm-791">
         <name>malloc</name>
         <value>0x5339</value>
         <object_component_ref idref="oc-4b8"/>
      </symbol>
      <symbol id="sm-792">
         <name>aligned_alloc</name>
         <value>0x3b31</value>
         <object_component_ref idref="oc-4f4"/>
      </symbol>
      <symbol id="sm-7a2">
         <name>strchr</name>
         <value>0x52a7</value>
         <object_component_ref idref="oc-3f1"/>
      </symbol>
      <symbol id="sm-7b0">
         <name>strlen</name>
         <value>0x52d1</value>
         <object_component_ref idref="oc-2e7"/>
      </symbol>
      <symbol id="sm-7c6">
         <name>__aeabi_errno_addr</name>
         <value>0x5331</value>
         <object_component_ref idref="oc-31c"/>
      </symbol>
      <symbol id="sm-7c7">
         <name>errno</name>
         <value>0x20000740</value>
         <object_component_ref idref="oc-401"/>
      </symbol>
      <symbol id="sm-7da">
         <name>__stack</name>
         <value>0x2000fe00</value>
         <object_component_ref idref="oc-2c"/>
      </symbol>
      <symbol id="sm-7db">
         <name>_c_int00_noargs</name>
         <value>0x4fbd</value>
         <object_component_ref idref="oc-58"/>
      </symbol>
      <symbol id="sm-7f5">
         <name>write</name>
         <value>0x514d</value>
         <object_component_ref idref="oc-42e"/>
      </symbol>
      <symbol id="sm-806">
         <name>_stream</name>
         <value>0x20000650</value>
         <object_component_ref idref="oc-495"/>
      </symbol>
      <symbol id="sm-807">
         <name>_device</name>
         <value>0x200005d8</value>
         <object_component_ref idref="oc-4d1"/>
      </symbol>
      <symbol id="sm-817">
         <name>__TI_doflush</name>
         <value>0x4bc9</value>
         <object_component_ref idref="oc-428"/>
      </symbol>
      <symbol id="sm-827">
         <name>__TI_cleanup</name>
         <value>0x4f55</value>
         <object_component_ref idref="oc-4be"/>
      </symbol>
      <symbol id="sm-839">
         <name>fseek</name>
         <value>0x4785</value>
         <object_component_ref idref="oc-483"/>
      </symbol>
      <symbol id="sm-843">
         <name>copysign</name>
         <value>0x5231</value>
         <object_component_ref idref="oc-467"/>
      </symbol>
      <symbol id="sm-844">
         <name>copysignl</name>
         <value>0x5231</value>
         <object_component_ref idref="oc-467"/>
      </symbol>
      <symbol id="sm-84e">
         <name>__aeabi_idiv0</name>
         <value>0x31d7</value>
         <object_component_ref idref="oc-289"/>
      </symbol>
      <symbol id="sm-84f">
         <name>__aeabi_ldiv0</name>
         <value>0x31d7</value>
         <object_component_ref idref="oc-289"/>
      </symbol>
      <symbol id="sm-877">
         <name>__TI_auto_init_nobinit_nopinit</name>
         <value>0x4d79</value>
         <object_component_ref idref="oc-1a7"/>
      </symbol>
      <symbol id="sm-881">
         <name>_system_pre_init</name>
         <value>0x5349</value>
         <object_component_ref idref="oc-a0"/>
      </symbol>
      <symbol id="sm-894">
         <name>HOSTclose</name>
         <value>0x4cf1</value>
         <object_component_ref idref="oc-50d"/>
      </symbol>
      <symbol id="sm-8a5">
         <name>HOSTlseek</name>
         <value>0x451d</value>
         <object_component_ref idref="oc-51f"/>
      </symbol>
      <symbol id="sm-8b7">
         <name>parmbuf</name>
         <value>0x20000d3c</value>
      </symbol>
      <symbol id="sm-8b8">
         <name>HOSTopen</name>
         <value>0x484d</value>
         <object_component_ref idref="oc-507"/>
      </symbol>
      <symbol id="sm-8c9">
         <name>HOSTread</name>
         <value>0x4a1d</value>
         <object_component_ref idref="oc-513"/>
      </symbol>
      <symbol id="sm-8da">
         <name>HOSTrename</name>
         <value>0x44b1</value>
         <object_component_ref idref="oc-52b"/>
      </symbol>
      <symbol id="sm-8eb">
         <name>HOSTunlink</name>
         <value>0x4d35</value>
         <object_component_ref idref="oc-525"/>
      </symbol>
      <symbol id="sm-8fc">
         <name>HOSTwrite</name>
         <value>0x4a75</value>
         <object_component_ref idref="oc-519"/>
      </symbol>
      <symbol id="sm-920">
         <name>__TI_readmsg</name>
         <value>0x4f89</value>
         <object_component_ref idref="oc-55a"/>
      </symbol>
      <symbol id="sm-921">
         <name>C$$IO$$</name>
         <value>0x4eab</value>
         <object_component_ref idref="oc-554"/>
      </symbol>
      <symbol id="sm-922">
         <name>__CIOBUF_</name>
         <value>0x20000b58</value>
         <object_component_ref idref="oc-585"/>
      </symbol>
      <symbol id="sm-923">
         <name>__TI_writemsg</name>
         <value>0x4e7d</value>
         <object_component_ref idref="oc-554"/>
      </symbol>
      <symbol id="sm-934">
         <name>lseek</name>
         <value>0x5125</value>
         <object_component_ref idref="oc-4aa"/>
      </symbol>
      <symbol id="sm-949">
         <name>__TI_closefile</name>
         <value>0x435d</value>
         <object_component_ref idref="oc-4fb"/>
      </symbol>
      <symbol id="sm-96c">
         <name>finddevice</name>
         <value>0x5021</value>
         <object_component_ref idref="oc-5a3"/>
      </symbol>
      <symbol id="sm-96d">
         <name>getdevice</name>
         <value>0x4dbd</value>
         <object_component_ref idref="oc-57b"/>
      </symbol>
      <symbol id="sm-97c">
         <name>strcmp</name>
         <value>0x5263</value>
         <object_component_ref idref="oc-5ba"/>
      </symbol>
      <symbol id="sm-98a">
         <name>strcpy</name>
         <value>0x52bd</value>
         <object_component_ref idref="oc-56e"/>
      </symbol>
      <symbol id="sm-99a">
         <name>strncpy</name>
         <value>0x4eb5</value>
         <object_component_ref idref="oc-59d"/>
      </symbol>
      <symbol id="sm-9af">
         <name>close</name>
         <value>0x4969</value>
         <object_component_ref idref="oc-543"/>
      </symbol>
      <symbol id="sm-9bf">
         <name>unlink</name>
         <value>0x5081</value>
         <object_component_ref idref="oc-549"/>
      </symbol>
      <symbol id="sm-9f3">
         <name>CS_setDCOCenteredFrequency</name>
         <value>0x4eed</value>
         <object_component_ref idref="oc-cb"/>
      </symbol>
      <symbol id="sm-a57">
         <name>GPIO_setAsInputPinWithPullUpResistor</name>
         <value>0x49c5</value>
         <object_component_ref idref="oc-123"/>
      </symbol>
      <symbol id="sm-a58">
         <name>GPIO_getInterruptStatus</name>
         <value>0x5175</value>
         <object_component_ref idref="oc-2a3"/>
      </symbol>
      <symbol id="sm-a59">
         <name>GPIO_enableInterrupt</name>
         <value>0x50d5</value>
         <object_component_ref idref="oc-13c"/>
      </symbol>
      <symbol id="sm-a5a">
         <name>GPIO_getEnabledInterruptStatus</name>
         <value>0x41dd</value>
         <object_component_ref idref="oc-169"/>
      </symbol>
      <symbol id="sm-a5b">
         <name>GPIO_interruptEdgeSelect</name>
         <value>0x4e41</value>
         <object_component_ref idref="oc-129"/>
      </symbol>
      <symbol id="sm-a5c">
         <name>GPIO_clearInterruptFlag</name>
         <value>0x50ad</value>
         <object_component_ref idref="oc-12f"/>
      </symbol>
      <symbol id="sm-a5d">
         <name>GPIO_registerInterrupt</name>
         <value>0x5199</value>
         <object_component_ref idref="oc-136"/>
      </symbol>
      <symbol id="sm-a96">
         <name>Interrupt_enableMaster</name>
         <value>0x52f7</value>
         <object_component_ref idref="oc-163"/>
      </symbol>
      <symbol id="sm-a97">
         <name>Interrupt_enableInterrupt</name>
         <value>0x4261</value>
         <object_component_ref idref="oc-157"/>
      </symbol>
      <symbol id="sm-a98">
         <name>Interrupt_registerInterrupt</name>
         <value>0x490d</value>
         <object_component_ref idref="oc-278"/>
      </symbol>
      <symbol id="sm-a99">
         <name>g_pfnRAMVectors</name>
         <value>0x20000000</value>
         <object_component_ref idref="oc-36d"/>
      </symbol>
      <symbol id="sm-ad0">
         <name>Timer_A_startCounter</name>
         <value>0x527b</value>
         <object_component_ref idref="oc-15d"/>
      </symbol>
      <symbol id="sm-ad1">
         <name>Timer_A_configureUpMode</name>
         <value>0x4585</value>
         <object_component_ref idref="oc-151"/>
      </symbol>
      <symbol id="sm-b2b">
         <name>UART_receiveData</name>
         <value>0x4ff1</value>
         <object_component_ref idref="oc-c5"/>
      </symbol>
      <symbol id="sm-b2c">
         <name>UART_getEnabledInterruptStatus</name>
         <value>0x46bd</value>
         <object_component_ref idref="oc-dd"/>
      </symbol>
      <symbol id="sm-b2d">
         <name>UART_transmitData</name>
         <value>0x4f21</value>
         <object_component_ref idref="oc-b9"/>
      </symbol>
      <symbol id="sm-b2e">
         <name>UART_getInterruptStatus</name>
         <value>0x524b</value>
         <object_component_ref idref="oc-bf"/>
      </symbol>
      <symbol id="sm-b2f">
         <name>UART_initModule</name>
         <value>0x37f1</value>
         <object_component_ref idref="oc-d1"/>
      </symbol>
      <symbol id="sm-b30">
         <name>UART_clearInterruptFlag</name>
         <value>0x5291</value>
         <object_component_ref idref="oc-e3"/>
      </symbol>
      <symbol id="sm-b3a">
         <name>CPU_cpsie</name>
         <value>0x5323</value>
         <object_component_ref idref="oc-29c"/>
      </symbol>
      <symbol id="sm-b3b">
         <name>__TI_static_base__</name>
         <value>0x0</value>
      </symbol>
      <symbol id="sm-b3e">
         <name>__mpu_init</name>
         <value>0x0</value>
      </symbol>
      <symbol id="sm-b3f">
         <name>_system_post_cinit</name>
         <value>0x0</value>
      </symbol>
      <symbol id="sm-b40">
         <name>NMI_Handler</name>
         <value>0x5321</value>
      </symbol>
      <symbol id="sm-b41">
         <name>HardFault_Handler</name>
         <value>0x5321</value>
      </symbol>
      <symbol id="sm-b42">
         <name>MemManage_Handler</name>
         <value>0x5321</value>
      </symbol>
      <symbol id="sm-b43">
         <name>BusFault_Handler</name>
         <value>0x5321</value>
      </symbol>
      <symbol id="sm-b44">
         <name>UsageFault_Handler</name>
         <value>0x5321</value>
      </symbol>
      <symbol id="sm-b45">
         <name>SVC_Handler</name>
         <value>0x5321</value>
      </symbol>
      <symbol id="sm-b46">
         <name>DebugMon_Handler</name>
         <value>0x5321</value>
      </symbol>
      <symbol id="sm-b47">
         <name>PendSV_Handler</name>
         <value>0x5321</value>
      </symbol>
      <symbol id="sm-b48">
         <name>SysTick_Handler</name>
         <value>0x5321</value>
      </symbol>
      <symbol id="sm-b49">
         <name>PSS_IRQHandler</name>
         <value>0x5321</value>
      </symbol>
      <symbol id="sm-b4a">
         <name>CS_IRQHandler</name>
         <value>0x5321</value>
      </symbol>
      <symbol id="sm-b4b">
         <name>PCM_IRQHandler</name>
         <value>0x5321</value>
      </symbol>
      <symbol id="sm-b4c">
         <name>WDT_A_IRQHandler</name>
         <value>0x5321</value>
      </symbol>
      <symbol id="sm-b4d">
         <name>FPU_IRQHandler</name>
         <value>0x5321</value>
      </symbol>
      <symbol id="sm-b4e">
         <name>FLCTL_IRQHandler</name>
         <value>0x5321</value>
      </symbol>
      <symbol id="sm-b4f">
         <name>COMP_E0_IRQHandler</name>
         <value>0x5321</value>
      </symbol>
      <symbol id="sm-b50">
         <name>COMP_E1_IRQHandler</name>
         <value>0x5321</value>
      </symbol>
      <symbol id="sm-b51">
         <name>TA0_0_IRQHandler</name>
         <value>0x5321</value>
      </symbol>
      <symbol id="sm-b52">
         <name>TA0_N_IRQHandler</name>
         <value>0x5321</value>
      </symbol>
      <symbol id="sm-b53">
         <name>TA1_0_IRQHandler</name>
         <value>0x5321</value>
      </symbol>
      <symbol id="sm-b54">
         <name>TA1_N_IRQHandler</name>
         <value>0x5321</value>
      </symbol>
      <symbol id="sm-b55">
         <name>TA2_0_IRQHandler</name>
         <value>0x5321</value>
      </symbol>
      <symbol id="sm-b56">
         <name>TA2_N_IRQHandler</name>
         <value>0x5321</value>
      </symbol>
      <symbol id="sm-b57">
         <name>TA3_0_IRQHandler</name>
         <value>0x5321</value>
      </symbol>
      <symbol id="sm-b58">
         <name>TA3_N_IRQHandler</name>
         <value>0x5321</value>
      </symbol>
      <symbol id="sm-b59">
         <name>EUSCIA0_IRQHandler</name>
         <value>0x2b25</value>
      </symbol>
      <symbol id="sm-b5a">
         <name>EUSCIA1_IRQHandler</name>
         <value>0x5321</value>
      </symbol>
      <symbol id="sm-b5b">
         <name>EUSCIA2_IRQHandler</name>
         <value>0x5321</value>
      </symbol>
      <symbol id="sm-b5c">
         <name>EUSCIA3_IRQHandler</name>
         <value>0x5321</value>
      </symbol>
      <symbol id="sm-b5d">
         <name>EUSCIB0_IRQHandler</name>
         <value>0x5321</value>
      </symbol>
      <symbol id="sm-b5e">
         <name>EUSCIB1_IRQHandler</name>
         <value>0x5321</value>
      </symbol>
      <symbol id="sm-b5f">
         <name>EUSCIB2_IRQHandler</name>
         <value>0x5321</value>
      </symbol>
      <symbol id="sm-b60">
         <name>EUSCIB3_IRQHandler</name>
         <value>0x5321</value>
      </symbol>
      <symbol id="sm-b61">
         <name>ADC14_IRQHandler</name>
         <value>0x5321</value>
      </symbol>
      <symbol id="sm-b62">
         <name>T32_INT1_IRQHandler</name>
         <value>0x5321</value>
      </symbol>
      <symbol id="sm-b63">
         <name>T32_INT2_IRQHandler</name>
         <value>0x5321</value>
      </symbol>
      <symbol id="sm-b64">
         <name>T32_INTC_IRQHandler</name>
         <value>0x5321</value>
      </symbol>
      <symbol id="sm-b65">
         <name>AES256_IRQHandler</name>
         <value>0x5321</value>
      </symbol>
      <symbol id="sm-b66">
         <name>RTC_C_IRQHandler</name>
         <value>0x5321</value>
      </symbol>
      <symbol id="sm-b67">
         <name>DMA_ERR_IRQHandler</name>
         <value>0x5321</value>
      </symbol>
      <symbol id="sm-b68">
         <name>DMA_INT3_IRQHandler</name>
         <value>0x5321</value>
      </symbol>
      <symbol id="sm-b69">
         <name>DMA_INT2_IRQHandler</name>
         <value>0x5321</value>
      </symbol>
      <symbol id="sm-b6a">
         <name>DMA_INT1_IRQHandler</name>
         <value>0x5321</value>
      </symbol>
      <symbol id="sm-b6b">
         <name>DMA_INT0_IRQHandler</name>
         <value>0x5321</value>
      </symbol>
      <symbol id="sm-b6c">
         <name>PORT1_IRQHandler</name>
         <value>0x5321</value>
      </symbol>
      <symbol id="sm-b6d">
         <name>PORT2_IRQHandler</name>
         <value>0x5321</value>
      </symbol>
      <symbol id="sm-b6e">
         <name>PORT3_IRQHandler</name>
         <value>0x5321</value>
      </symbol>
      <symbol id="sm-b6f">
         <name>PORT4_IRQHandler</name>
         <value>0x1311</value>
      </symbol>
      <symbol id="sm-b70">
         <name>PORT5_IRQHandler</name>
         <value>0x5321</value>
      </symbol>
      <symbol id="sm-b71">
         <name>PORT6_IRQHandler</name>
         <value>0x5321</value>
      </symbol>
      <symbol id="sm-b72">
         <name>remove</name>
         <value>0x5081</value>
      </symbol>
   </symbol_table>
   <title>Link successful</title>
</link_info>
