******************************************************************************
                  TI ARM Linker PC v20.2.5                     
******************************************************************************
>> Linked Sat May 28 15:52:39 2022

OUTPUT FILE NAME:   <DS1302.out>
ENTRY POINT SYMBOL: "_c_int00_noargs"  address: 00004fbd


MEMORY CONFIGURATION

         name            origin    length      used     unused   attr    fill
----------------------  --------  ---------  --------  --------  ----  --------
  MAIN                  00000000   00040000  00006758  000398a8  R  X
  INFO                  00200000   00004000  00000000  00004000  R  X
  SRAM_CODE             01000000   00010000  00000f48  0000f0b8  RW X
  SRAM_DATA             20000000   00010000  00000f48  0000f0b8  RW  


SEGMENT ALLOCATION MAP

run origin  load origin   length   init length attrs members
----------  ----------- ---------- ----------- ----- -------
00000000    00000000    00006758   00006758    r-x
  00000000    00000000    000000e4   000000e4    r-- .intvecs
  000000e4    000000e4    0000526c   0000526c    r-x .text
  00005350    00005350    00001348   00001348    r-- .const
  00006698    00006698    000000c0   000000c0    r-- .cinit
20000000    20000000    00000d4f   00000000    rw-
  20000000    20000000    000000e8   00000000    rw- .vtable
  200000e8    200000e8    00000669   00000000    rw- .data
  20000758    20000758    00000400   00000000    rw- .sysmem
  20000b58    20000b58    000001f7   00000000    rw- .bss
2000fe00    2000fe00    00000200   00000000    rw-
  2000fe00    2000fe00    00000200   00000000    rw- .stack


SECTION ALLOCATION MAP

 output                                  attributes/
section   page    origin      length       input sections
--------  ----  ----------  ----------   ----------------
.intvecs   0    00000000    000000e4     
                  00000000    000000e4     startup_msp432p401r_ccs.obj (.intvecs:retain)

.text      0    000000e4    0000526c     
                  000000e4    000013dc     main2.obj (.text)
                  000014c0    00000a4e     rtsv7M4_T_le_v4SPD16_eabi.lib : _printfi.c.obj (.text:__TI_printfi)
                  00001f0e    00000002                                   : _lock.c.obj (.text:_nop)
                  00001f10    000004c4     oled.obj (.text)
                  000023d4    00000438     DS1302.obj (.text)
                  0000280c    00000270     rtsv7M4_T_le_v4SPD16_eabi.lib : _printfi.c.obj (.text:_pconv_a)
                  00002a7c    000001f4     usart.obj (.text)
                  00002c70    000001e0     system_msp432p401r.obj (.text)
                  00002e50    000001d0     rtsv7M4_T_le_v4SPD16_eabi.lib : _printfi.c.obj (.text:_pconv_g)
                  00003020    000001b6                                   : fd_add_t2.asm.obj (.text)
                  000031d6    00000002                                   : div0.asm.obj (.text)
                  000031d8    00000144     msp432p4xx_driverlib.lib : timer_a.o (.text:privateTimer_AProcessClockSourceDivider)
                  0000331c    0000013c     Clock.obj (.text)
                  00003458    0000013c     rtsv7M4_T_le_v4SPD16_eabi.lib : _printfi.c.obj (.text:_pconv_e)
                  00003594    00000136                                   : fd_div_t2.asm.obj (.text)
                  000036ca    00000002     --HOLE-- [fill = 0]
                  000036cc    00000124                                   : _printfi.c.obj (.text:fcvt)
                  000037f0    0000011c     msp432p4xx_driverlib.lib : uart.o (.text:UART_initModule)
                  0000390c    00000114     rtsv7M4_T_le_v4SPD16_eabi.lib : fputs.c.obj (.text:fputs)
                  00003a20    00000110                                   : s_scalbn.c.obj (.text:scalbn)
                  00003b30    00000100                                   : memory.c.obj (.text:aligned_alloc)
                  00003c30    000000fc                                   : fd_mul_t2.asm.obj (.text)
                  00003d2c    000000e4                                   : memory.c.obj (.text:free)
                  00003e10    000000dc                                   : setvbuf.c.obj (.text:setvbuf)
                  00003eec    000000b1                                   : _printfi.c.obj (.text:_ltostr)
                  00003f9d    00000001     --HOLE-- [fill = 0]
                  00003f9e    0000009c                                   : memcpy_t2.asm.obj (.text)
                  0000403a    00000096                                   : ull_div_t2.asm.obj (.text)
                  000040d0    00000086                                   : fd_cmp_t2.asm.obj (.text:__aeabi_cdcmple)
                  00004156    00000086                                   : fd_cmp_t2.asm.obj (.text:__aeabi_cdrcmple)
                  000041dc    00000084     msp432p4xx_driverlib.lib : gpio.o (.text:GPIO_getEnabledInterruptStatus)
                  00004260    00000080                              : interrupt.o (.text:Interrupt_enableInterrupt)
                  000042e0    0000007a     rtsv7M4_T_le_v4SPD16_eabi.lib : memset_t2.asm.obj (.text)
                  0000435a    00000002     --HOLE-- [fill = 0]
                  0000435c    00000074                                   : fclose.c.obj (.text:__TI_closefile)
                  000043d0    00000070                                   : memory.c.obj (.text:split)
                  00004440    0000006e                                   : _printfi.c.obj (.text:_mcpy)
                  000044ae    00000002     --HOLE-- [fill = 0]
                  000044b0    0000006c                                   : hostrename.c.obj (.text:HOSTrename)
                  0000451c    00000068                                   : hostlseek.c.obj (.text:HOSTlseek)
                  00004584    00000068     msp432p4xx_driverlib.lib : timer_a.o (.text:Timer_A_configureUpMode)
                  000045ec    00000068     rtsv7M4_T_le_v4SPD16_eabi.lib : copy_decompress_lzss.c.obj (.text:decompress:lzss:__TI_decompress_lzss)
                  00004654    00000068                                   : printf.c.obj (.text:printf)
                  000046bc    00000064     msp432p4xx_driverlib.lib : uart.o (.text:UART_getEnabledInterruptStatus)
                  00004720    00000064     rtsv7M4_T_le_v4SPD16_eabi.lib : s_frexp.c.obj (.text:frexp)
                  00004784    00000064                                   : fseek.c.obj (.text:fseek)
                  000047e8    00000062                                   : _io_perm.c.obj (.text:__TI_wrt_ok)
                  0000484a    00000002     --HOLE-- [fill = 0]
                  0000484c    00000060                                   : hostopen.c.obj (.text:HOSTopen)
                  000048ac    0000005e                                   : i_divt2.asm.obj (.text)
                  0000490a    00000002     --HOLE-- [fill = 0]
                  0000490c    0000005c     msp432p4xx_driverlib.lib : interrupt.o (.text:Interrupt_registerInterrupt)
                  00004968    0000005c     rtsv7M4_T_le_v4SPD16_eabi.lib : close.c.obj (.text:close)
                  000049c4    00000058     msp432p4xx_driverlib.lib : gpio.o (.text:GPIO_setAsInputPinWithPullUpResistor)
                  00004a1c    00000058     rtsv7M4_T_le_v4SPD16_eabi.lib : hostread.c.obj (.text:HOSTread)
                  00004a74    00000058                                   : hostwrite.c.obj (.text:HOSTwrite)
                  00004acc    00000056                                   : _printfi.c.obj (.text:_pconv_f)
                  00004b22    00000054                                   : _ltoa.c.obj (.text:__TI_ltoa)
                  00004b76    00000052                                   : _printfi.c.obj (.text:_ecpy)
                  00004bc8    0000004c                                   : fflush.c.obj (.text:__TI_doflush)
                  00004c14    0000004c                                   : atoi.c.obj (.text:atoi)
                  00004c60    00000048                                   : exit.c.obj (.text:exit)
                  00004ca8    00000048                                   : fd_toi_t2.asm.obj (.text)
                  00004cf0    00000044                                   : hostclose.c.obj (.text:HOSTclose)
                  00004d34    00000044                                   : hostunlink.c.obj (.text:HOSTunlink)
                  00004d78    00000044                                   : autoinit.c.obj (.text:__TI_auto_init_nobinit_nopinit:__TI_auto_init_nobinit_nopinit)
                  00004dbc    00000044                                   : getdevice.c.obj (.text:getdevice)
                  00004e00    0000003e                                   : _printfi.c.obj (.text:_fcpy)
                  00004e3e    00000002     --HOLE-- [fill = 0]
                  00004e40    0000003c     msp432p4xx_driverlib.lib : gpio.o (.text:GPIO_interruptEdgeSelect)
                  00004e7c    00000038     rtsv7M4_T_le_v4SPD16_eabi.lib : trgmsg.c.obj (.text:__TI_writemsg)
                  00004eb4    00000036                                   : strncpy.c.obj (.text:strncpy)
                  00004eea    00000002     --HOLE-- [fill = 0]
                  00004eec    00000034     msp432p4xx_driverlib.lib : cs.o (.text:CS_setDCOCenteredFrequency)
                  00004f20    00000034                              : uart.o (.text:UART_transmitData)
                  00004f54    00000034     rtsv7M4_T_le_v4SPD16_eabi.lib : fopen.c.obj (.text:__TI_cleanup)
                  00004f88    00000034                                   : trgmsg.c.obj (.text:__TI_readmsg)
                  00004fbc    00000034                                   : boot_cortex_m.c.obj (.text:_c_int00_noargs:_c_int00_noargs)
                  00004ff0    00000030     msp432p4xx_driverlib.lib : uart.o (.text:UART_receiveData)
                  00005020    00000030     rtsv7M4_T_le_v4SPD16_eabi.lib : getdevice.c.obj (.text:finddevice)
                  00005050    0000002e                                   : i_tofd_t2.asm.obj (.text)
                  0000507e    00000002     --HOLE-- [fill = 0]
                  00005080    0000002c                                   : unlink.c.obj (.text:unlink)
                  000050ac    00000028     msp432p4xx_driverlib.lib : gpio.o (.text:GPIO_clearInterruptFlag)
                  000050d4    00000028                              : gpio.o (.text:GPIO_enableInterrupt)
                  000050fc    00000028     rtsv7M4_T_le_v4SPD16_eabi.lib : memory.c.obj (.text:free_list_insert)
                  00005124    00000028                                   : lseek.c.obj (.text:lseek)
                  0000514c    00000028                                   : write.c.obj (.text:write)
                  00005174    00000024     msp432p4xx_driverlib.lib : gpio.o (.text:GPIO_getInterruptStatus)
                  00005198    00000024                              : gpio.o (.text:GPIO_registerInterrupt)
                  000051bc    00000020     rtsv7M4_T_le_v4SPD16_eabi.lib : memchr.c.obj (.text:memchr)
                  000051dc    0000001c                                   : copy_zero_init.c.obj (.text:decompress:ZI:__TI_zero_init_nomemset:__TI_zero_init_nomemset)
                  000051f8    0000001c                                   : memory.c.obj (.text:free_list_remove)
                  00005214    0000001c                                   : memccpy.c.obj (.text:memccpy)
                  00005230    0000001a                                   : s_copysign.c.obj (.text:copysign)
                  0000524a    00000018     msp432p4xx_driverlib.lib : uart.o (.text:UART_getInterruptStatus)
                  00005262    00000018     rtsv7M4_T_le_v4SPD16_eabi.lib : strcmp.c.obj (.text:strcmp)
                  0000527a    00000016     msp432p4xx_driverlib.lib : timer_a.o (.text:Timer_A_startCounter)
                  00005290    00000016                              : uart.o (.text:UART_clearInterruptFlag)
                  000052a6    00000016     rtsv7M4_T_le_v4SPD16_eabi.lib : strchr.c.obj (.text:strchr)
                  000052bc    00000014                                   : strcpy.c.obj (.text:strcpy)
                  000052d0    00000014                                   : strlen.c.obj (.text:strlen)
                  000052e4    00000012                                   : wcslen.c.obj (.text:wcslen)
                  000052f6    00000010     msp432p4xx_driverlib.lib : interrupt.o (.text:Interrupt_enableMaster)
                  00005306    0000000e     rtsv7M4_T_le_v4SPD16_eabi.lib : copy_decompress_none.c.obj (.text:decompress:none:__TI_decompress_none)
                  00005314    0000000e     startup_msp432p401r_ccs.obj (.text)
                  00005322    0000000c     msp432p4xx_driverlib.lib : cpu.o (.text:CPU_cpsie)
                  0000532e    00000002     --HOLE-- [fill = 0]
                  00005330    00000008     rtsv7M4_T_le_v4SPD16_eabi.lib : errno.c.obj (.text:__aeabi_errno_addr)
                  00005338    00000008                                   : memory.c.obj (.text:malloc)
                  00005340    00000004                                   : printf.c.obj (.text:_outc)
                  00005344    00000004                                   : printf.c.obj (.text:_outs)
                  00005348    00000004                                   : pre_init.c.obj (.text:_system_pre_init)
                  0000534c    00000004                                   : exit.c.obj (.text:abort:abort)

.const     0    00005350    00001348     
                  00005350    000005f0     oled.obj (.const:asc2_1608)
                  00005940    00000474     oled.obj (.const:asc2_1206)
                  00005db4    00000330     oled.obj (.const:Hzk1)
                  000060e4    00000228     oled.obj (.const:asc2_0806)
                  0000630c    000001c0     oled.obj (.const:Hzk)
                  000064cc    00000101     rtsv7M4_T_le_v4SPD16_eabi.lib : ctype.c.obj (.const:.string:_ctypes_)
                  000065cd    00000003     --HOLE-- [fill = 0]
                  000065d0    00000030     msp432p4xx_driverlib.lib : gpio.o (.const:GPIO_PORT_TO_BASE)
                  00006600    00000028     usart.obj (.const:uartConfig)
                  00006628    00000024     main2.obj (.const:.string)
                  0000664c    0000001c     msp432p4xx_driverlib.lib : gpio.o (.const:GPIO_PORT_TO_INT)
                  00006668    00000018     main2.obj (.const:upConfig)
                  00006680    00000008     DS1302.obj (.const:.string:$P$T0$1)
                  00006688    00000008     DS1302.obj (.const:.string:$P$T1$2)
                  00006690    00000008     msp432p4xx_driverlib.lib : interrupt.o (.const:g_pulEnRegs)

.cinit     0    00006698    000000c0     
                  00006698    00000088     (.cinit..data.load) [load image, compression = lzss]
                  00006720    0000000c     (__TI_handler_table)
                  0000672c    00000004     --HOLE-- [fill = 0]
                  00006730    00000008     (.cinit..bss.load) [load image, compression = zero_init]
                  00006738    00000008     (.cinit..vtable.load) [load image, compression = zero_init]
                  00006740    00000018     (__TI_cinit_table)

.init_array 
*          0    00000000    00000000     UNINITIALIZED

.binit     0    00000000    00000000     

.vtable    0    20000000    000000e8     UNINITIALIZED
                  20000000    000000e8     msp432p4xx_driverlib.lib : interrupt.o (.vtable)

.data      0    200000e8    00000669     UNINITIALIZED
                  200000e8    00000400     usart.obj (.data:ch)
                  200004e8    000000f0     rtsv7M4_T_le_v4SPD16_eabi.lib : defs.c.obj (.data:_ftable)
                  200005d8    00000078                                   : host_device.c.obj (.data:_device)
                  20000650    00000050                                   : host_device.c.obj (.data:_stream)
                  200006a0    0000003c     main2.obj (.data)
                  200006dc    00000018     Clock.obj (.data)
                  200006f4    00000014     usart.obj (.data)
                  20000708    00000010     rtsv7M4_T_le_v4SPD16_eabi.lib : defs.c.obj (.data)
                  20000718    0000000c                                   : exit.c.obj (.data:$O1$$)
                  20000724    0000000c     main2.obj (.data:city)
                  20000730    00000008     rtsv7M4_T_le_v4SPD16_eabi.lib : _lock.c.obj (.data:$O1$$)
                  20000738    00000008                                   : memory.c.obj (.data:$O1$$)
                  20000740    00000004                                   : errno.c.obj (.data)
                  20000744    00000004     system_msp432p401r.obj (.data)
                  20000748    00000003     usart.obj (.data:hour)
                  2000074b    00000003     usart.obj (.data:minute)
                  2000074e    00000003     usart.obj (.data:second)

.sysmem    0    20000758    00000400     UNINITIALIZED
                  20000758    00000010     rtsv7M4_T_le_v4SPD16_eabi.lib : memory.c.obj (.sysmem)
                  20000768    000003f0     --HOLE--

.bss       0    20000b58    000001f7     UNINITIALIZED
                  20000b58    00000120     rtsv7M4_T_le_v4SPD16_eabi.lib : trgmsg.c.obj (.bss:_CIOBUF_)
                  20000c78    000000a0     (.common:__TI_tmpnams)
                  20000d18    0000000c     (.common:BeijingTime)
                  20000d24    0000000c     (.common:LondonTime)
                  20000d30    0000000c     (.common:WashingtonTime)
                  20000d3c    00000008     (.common:parmbuf)
                  20000d44    00000004     (.common:location)
                  20000d48    00000004     (.common:time)
                  20000d4c    00000003     (.common:alarm)

.stack     0    2000fe00    00000200     UNINITIALIZED
                  2000fe00    00000004     rtsv7M4_T_le_v4SPD16_eabi.lib : boot_cortex_m.c.obj (.stack)
                  2000fe04    000001fc     --HOLE--

__llvm_prf_cnts 
*          0    20000000    00000000     UNINITIALIZED

MODULE SUMMARY

       Module                        code    ro data   rw data
       ------                        ----    -------   -------
    .\
       oled.obj                      1220    4476      0      
       main2.obj                     5084    60        238    
       usart.obj                     500     40        2106   
       DS1302.obj                    1080    16        0      
       system_msp432p401r.obj        480     0         8      
       Clock.obj                     316     0         48     
       startup_msp432p401r_ccs.obj   14      228       0      
    +--+-----------------------------+-------+---------+---------+
       Total:                        8694    4820      2400   
                                                              
    C:/ti/simplelink_msp432p4_sdk_3_40_01_02/source/ti/devices/msp432p4xx/driverlib/ccs/msp432p4xx_driverlib.lib
       interrupt.o                   236     8         464    
       uart.o                        530     0         0      
       gpio.o                        432     76        0      
       timer_a.o                     450     0         0      
       cs.o                          52      0         0      
       cpu.o                         12      0         0      
    +--+-----------------------------+-------+---------+---------+
       Total:                        1712    84        464    
                                                              
    C:\ti\ccs1100\ccs\tools\compiler\ti-cgt-arm_20.2.5.LTS\lib\rtsv7M4_T_le_v4SPD16_eabi.lib
       _printfi.c.obj                4851    0         0      
       defs.c.obj                    0       0         832    
       memory.c.obj                  672     0         16     
       trgmsg.c.obj                  108     0         576    
       fd_add_t2.asm.obj             438     0         0      
       host_device.c.obj             0       0         400    
       fd_div_t2.asm.obj             310     0         0      
       fputs.c.obj                   276     0         0      
       s_scalbn.c.obj                272     0         0      
       fd_cmp_t2.asm.obj             268     0         0      
       ctype.c.obj                   0       257       0      
       fd_mul_t2.asm.obj             252     0         0      
       setvbuf.c.obj                 220     0         0      
       memcpy_t2.asm.obj             156     0         0      
       ull_div_t2.asm.obj            150     0         0      
       memset_t2.asm.obj             122     0         0      
       fclose.c.obj                  116     0         0      
       getdevice.c.obj               116     0         0      
       hostopen.c.obj                96      0         16     
       printf.c.obj                  112     0         0      
       hostrename.c.obj              108     0         0      
       copy_decompress_lzss.c.obj    104     0         0      
       hostlseek.c.obj               104     0         0      
       exit.c.obj                    76      0         24     
       fseek.c.obj                   100     0         0      
       s_frexp.c.obj                 100     0         0      
       _io_perm.c.obj                98      0         0      
       i_divt2.asm.obj               94      0         0      
       close.c.obj                   92      0         0      
       hostread.c.obj                88      0         0      
       hostwrite.c.obj               88      0         0      
       _ltoa.c.obj                   84      0         0      
       atoi.c.obj                    76      0         0      
       fflush.c.obj                  76      0         0      
       fd_toi_t2.asm.obj             72      0         0      
       autoinit.c.obj                68      0         0      
       hostclose.c.obj               68      0         0      
       hostunlink.c.obj              68      0         0      
       strncpy.c.obj                 54      0         0      
       boot_cortex_m.c.obj           52      0         0      
       fopen.c.obj                   52      0         0      
       i_tofd_t2.asm.obj             46      0         0      
       unlink.c.obj                  44      0         0      
       lseek.c.obj                   40      0         0      
       write.c.obj                   40      0         0      
       memchr.c.obj                  32      0         0      
       copy_zero_init.c.obj          28      0         0      
       memccpy.c.obj                 28      0         0      
       s_copysign.c.obj              26      0         0      
       strcmp.c.obj                  24      0         0      
       strchr.c.obj                  22      0         0      
       strcpy.c.obj                  20      0         0      
       strlen.c.obj                  20      0         0      
       _lock.c.obj                   2       0         16     
       wcslen.c.obj                  18      0         0      
       errno.c.obj                   8       0         8      
       copy_decompress_none.c.obj    14      0         0      
       pre_init.c.obj                4       0         0      
       div0.asm.obj                  2       0         0      
    +--+-----------------------------+-------+---------+---------+
       Total:                        10675   257       1888   
                                                              
       Heap:                         0       0         2048   
       Stack:                        0       0         1024   
       Linker Generated:             0       188       0      
    +--+-----------------------------+-------+---------+---------+
       Grand Total:                  21081   5349      7824   


LINKER GENERATED COPY TABLES

__TI_cinit_table @ 00006740 records: 3, size/record: 8, table size: 24
	.data: load addr=00006698, load size=00000088 bytes, run addr=200000e8, run size=00000669 bytes, compression=lzss
	.bss: load addr=00006730, load size=00000008 bytes, run addr=20000b58, run size=000001f7 bytes, compression=zero_init
	.vtable: load addr=00006738, load size=00000008 bytes, run addr=20000000, run size=000000e8 bytes, compression=zero_init


LINKER GENERATED HANDLER TABLE

__TI_handler_table @ 00006720 records: 3, size/record: 4, table size: 12
	index: 0, handler: __TI_zero_init
	index: 1, handler: __TI_decompress_lzss
	index: 2, handler: __TI_decompress_none


GLOBAL SYMBOLS: SORTED ALPHABETICALLY BY Name 

address   name                                
-------   ----                                
00005321  ADC14_IRQHandler                    
00005321  AES256_IRQHandler                   
0000140b  AlarmClock                          
20000d18  BeijingTime                         
00005321  BusFault_Handler                    
0000534d  C$$EXIT                             
00004eab  C$$IO$$                             
00005321  COMP_E0_IRQHandler                  
00005321  COMP_E1_IRQHandler                  
200006e4  CPMwait                             
00005323  CPU_cpsie                           
00005321  CS_IRQHandler                       
00004eed  CS_setDCOCenteredFrequency          
200006dc  ClockFrequency                      
0000340f  Clock_Delay1ms                      
0000340d  Clock_Delay1us                      
00003407  Clock_GetFreq                       
00003323  Clock_Init48MHz                     
00001409  Counter                             
200006f0  Crystalstable                       
00005321  DMA_ERR_IRQHandler                  
00005321  DMA_INT0_IRQHandler                 
00005321  DMA_INT1_IRQHandler                 
00005321  DMA_INT2_IRQHandler                 
00005321  DMA_INT3_IRQHandler                 
00002713  DS1302_Read_Time                    
00002759  DS1302_read_time                    
000025cb  DS1302_write_time                   
00005321  DebugMon_Handler                    
00005321  Default_Handler                     
00002b25  EUSCIA0_IRQHandler                  
00002b25  EUSCIA0_IRQHandler                  
00005321  EUSCIA1_IRQHandler                  
00005321  EUSCIA2_IRQHandler                  
00005321  EUSCIA3_IRQHandler                  
00005321  EUSCIB0_IRQHandler                  
00005321  EUSCIB1_IRQHandler                  
00005321  EUSCIB2_IRQHandler                  
00005321  EUSCIB3_IRQHandler                  
00005321  FLCTL_IRQHandler                    
00005321  FPU_IRQHandler                      
000050ad  GPIO_clearInterruptFlag             
000050d5  GPIO_enableInterrupt                
000041dd  GPIO_getEnabledInterruptStatus      
00005175  GPIO_getInterruptStatus             
00004e41  GPIO_interruptEdgeSelect            
00005199  GPIO_registerInterrupt              
000049c5  GPIO_setAsInputPinWithPullUpResistor
00004cf1  HOSTclose                           
0000451d  HOSTlseek                           
0000484d  HOSTopen                            
00004a1d  HOSTread                            
000044b1  HOSTrename                          
00004d35  HOSTunlink                          
00004a75  HOSTwrite                           
00005321  HardFault_Handler                   
000000fb  Home                                
200006f4  Hour                                
0000630c  Hzk                                 
00005db4  Hzk1                                
200006ec  IFlags                              
00004261  Interrupt_enableInterrupt           
000052f7  Interrupt_enableMaster              
0000490d  Interrupt_registerInterrupt         
20000d24  LondonTime                          
00005321  MemManage_Handler                   
0000024d  Menu                                
200006f8  Minute                              
00005321  NMI_Handler                         
00002171  OLED_Clear                          
000023ad  OLED_ColorTurn                      
00002381  OLED_DisplayTurn                    
0000235d  OLED_Display_Off                    
00002341  OLED_Display_On                     
000022e3  OLED_DrawBMP                        
000021ad  OLED_Init                           
00001f8d  OLED_Set_Pos                        
00001fb3  OLED_ShowChar                       
00002105  OLED_ShowChinese                    
00002089  OLED_ShowNum                        
00002053  OLED_ShowString                     
00001f27  OLED_WR_Byte                        
00005321  PCM_IRQHandler                      
200006d8  PIN2                                
00005321  PORT1_IRQHandler                    
00005321  PORT2_IRQHandler                    
00005321  PORT3_IRQHandler                    
00001311  PORT4_IRQHandler                    
00001311  PORT4_IRQHandler                    
00005321  PORT5_IRQHandler                    
00005321  PORT6_IRQHandler                    
00005321  PSS_IRQHandler                      
00005321  PendSV_Handler                      
000000e5  Port2_Init                          
00000341  Port2_Output                        
200006e8  Postwait                            
200006e0  Prewait                             
00005321  RTC_C_IRQHandler                    
00002509  R_Data                              
00005315  Reset_Handler                       
00005321  SVC_Handler                         
200006fc  Second                              
000024dd  Set_DS1302                          
0000130b  StopWatch                           
00005321  SysTick_Handler                     
20000744  SystemCoreClock                     
00002cc7  SystemCoreClockUpdate               
00002c71  SystemInit                          
00005321  T32_INT1_IRQHandler                 
00005321  T32_INT2_IRQHandler                 
00005321  T32_INTC_IRQHandler                 
00005321  TA0_0_IRQHandler                    
00005321  TA0_N_IRQHandler                    
00005321  TA1_0_IRQHandler                    
00005321  TA1_N_IRQHandler                    
00005321  TA2_0_IRQHandler                    
00005321  TA2_N_IRQHandler                    
00005321  TA3_0_IRQHandler                    
00005321  TA3_N_IRQHandler                    
000012e5  TimInit                             
000012b1  TimeInit                            
00004585  Timer_A_configureUpMode             
0000527b  Timer_A_startCounter                
00005291  UART_clearInterruptFlag             
000046bd  UART_getEnabledInterruptStatus      
0000524b  UART_getInterruptStatus             
000037f1  UART_initModule                     
00004ff1  UART_receiveData                    
00004f21  UART_transmitData                   
00005321  UsageFault_Handler                  
00002aa7  Usart0tInit                         
4000480c  WDTCTL_SYM                          
00005321  WDT_A_IRQHandler                    
00002423  W_Data                              
20000d30  WashingtonTime                      
000012af  WorldTime                           
20000b58  __CIOBUF_                           
20010000  __STACK_END                         
00000200  __STACK_SIZE                        
00000400  __SYSMEM_SIZE                       
00006740  __TI_CINIT_Base                     
00006758  __TI_CINIT_Limit                    
00006720  __TI_Handler_Table_Base             
0000672c  __TI_Handler_Table_Limit            
00004d79  __TI_auto_init_nobinit_nopinit      
00004f55  __TI_cleanup                        
20000718  __TI_cleanup_ptr                    
0000435d  __TI_closefile                      
000045ed  __TI_decompress_lzss                
00005307  __TI_decompress_none                
00004bc9  __TI_doflush                        
2000071c  __TI_dtors_ptr                      
20000720  __TI_enable_exit_profile_output     
20000708  __TI_ft_end                         
00004b23  __TI_ltoa                           
ffffffff  __TI_pprof_out_hndl                 
000014c1  __TI_printfi                        
ffffffff  __TI_prof_data_size                 
ffffffff  __TI_prof_data_start                
00004f89  __TI_readmsg                        
00000000  __TI_static_base__                  
20000c78  __TI_tmpnams                        
00004e7d  __TI_writemsg                       
000047e9  __TI_wrt_ok                         
000051dd  __TI_zero_init_nomemset             
000040d1  __aeabi_cdcmpeq                     
000040d1  __aeabi_cdcmple                     
00004157  __aeabi_cdrcmple                    
00004ca9  __aeabi_d2iz                        
0000302b  __aeabi_dadd                        
00003595  __aeabi_ddiv                        
00003c31  __aeabi_dmul                        
00003021  __aeabi_dsub                        
00005331  __aeabi_errno_addr                  
00005051  __aeabi_i2d                         
000048ad  __aeabi_idiv                        
000031d7  __aeabi_idiv0                       
000048ad  __aeabi_idivmod                     
000031d7  __aeabi_ldiv0                       
000042e1  __aeabi_memclr                      
000042e1  __aeabi_memclr4                     
000042e1  __aeabi_memclr8                     
00003f9f  __aeabi_memcpy                      
00003f9f  __aeabi_memcpy4                     
00003f9f  __aeabi_memcpy8                     
000042e3  __aeabi_memset                      
000042e3  __aeabi_memset4                     
000042e3  __aeabi_memset8                     
20000714  __aeabi_stderr                      
2000070c  __aeabi_stdin                       
20000710  __aeabi_stdout                      
0000403b  __aeabi_uldivmod                    
ffffffff  __binit__                           
ffffffff  __c_args__                          
UNDEFED   __mpu_init                          
2000fe00  __stack                             
20000000  __start___llvm_prf_cnts             
20000000  __stop___llvm_prf_cnts              
00004fbd  _c_int00_noargs                     
000064cc  _ctypes_                            
200005d8  _device                             
200004e8  _ftable                             
20000730  _lock                               
00001f0f  _nop                                
20000650  _stream                             
20000758  _sys_memory                         
UNDEFED   _system_post_cinit                  
00005349  _system_pre_init                    
20000734  _unlock                             
200006b0  a                                   
0000534d  abort                               
200006c8  ah                                  
20000d4c  alarm                               
00003b31  aligned_alloc                       
200006cc  am                                  
000060e4  asc2_0806                           
00005940  asc2_1206                           
00005350  asc2_1608                           
00004c15  atoi                                
200006c4  aw                                  
200006b4  b                                   
ffffffff  binit                               
200006b8  c                                   
200000e8  ch                                  
20000724  city                                
00004969  close                               
00005231  copysign                            
00005231  copysignl                           
200006a4  count                               
200006bc  d                                   
0000331d  delay                               
00001f25  delay_ms                            
200006c0  e                                   
20000740  errno                               
00004c61  exit                                
00002a8f  fgetc                               
00005021  finddevice                          
00002a7d  fputc                               
0000390d  fputs                               
00003d2d  free                                
00004721  frexp                               
00004721  frexpl                              
00004785  fseek                               
20000000  g_pfnRAMVectors                     
000023d5  getWeekdayByYearday                 
00004dbd  getdevice                           
00000000  interruptVectors                    
200006a8  key                                 
00003a21  ldexp                               
00003a21  ldexpl                              
20000d44  location                            
00005125  lseek                               
00000359  main                                
00005339  malloc                              
00003b31  memalign                            
00005215  memccpy                             
000051bd  memchr                              
00003f9f  memcpy                              
000042e9  memset                              
200006a0  num                                 
00001f11  oled_pow                            
20000d3c  parmbuf                             
200006d0  pause                               
00004655  printf                              
00005081  remove                              
00003a21  scalbn                              
00003a21  scalbnl                             
200006ac  secondkey                           
00003e11  setvbuf                             
200006d4  start                               
000052a7  strchr                              
00005263  strcmp                              
000052bd  strcpy                              
000052d1  strlen                              
00004eb5  strncpy                             
20000d48  time                                
00006600  uartConfig                          
00005081  unlink                              
00006668  upConfig                            
000052e5  wcslen                              
0000514d  write                               


GLOBAL SYMBOLS: SORTED BY Symbol Address 

address   name                                
-------   ----                                
00000000  __TI_static_base__                  
00000000  interruptVectors                    
000000e5  Port2_Init                          
000000fb  Home                                
00000200  __STACK_SIZE                        
0000024d  Menu                                
00000341  Port2_Output                        
00000359  main                                
00000400  __SYSMEM_SIZE                       
000012af  WorldTime                           
000012b1  TimeInit                            
000012e5  TimInit                             
0000130b  StopWatch                           
00001311  PORT4_IRQHandler                    
00001311  PORT4_IRQHandler                    
00001409  Counter                             
0000140b  AlarmClock                          
000014c1  __TI_printfi                        
00001f0f  _nop                                
00001f11  oled_pow                            
00001f25  delay_ms                            
00001f27  OLED_WR_Byte                        
00001f8d  OLED_Set_Pos                        
00001fb3  OLED_ShowChar                       
00002053  OLED_ShowString                     
00002089  OLED_ShowNum                        
00002105  OLED_ShowChinese                    
00002171  OLED_Clear                          
000021ad  OLED_Init                           
000022e3  OLED_DrawBMP                        
00002341  OLED_Display_On                     
0000235d  OLED_Display_Off                    
00002381  OLED_DisplayTurn                    
000023ad  OLED_ColorTurn                      
000023d5  getWeekdayByYearday                 
00002423  W_Data                              
000024dd  Set_DS1302                          
00002509  R_Data                              
000025cb  DS1302_write_time                   
00002713  DS1302_Read_Time                    
00002759  DS1302_read_time                    
00002a7d  fputc                               
00002a8f  fgetc                               
00002aa7  Usart0tInit                         
00002b25  EUSCIA0_IRQHandler                  
00002b25  EUSCIA0_IRQHandler                  
00002c71  SystemInit                          
00002cc7  SystemCoreClockUpdate               
00003021  __aeabi_dsub                        
0000302b  __aeabi_dadd                        
000031d7  __aeabi_idiv0                       
000031d7  __aeabi_ldiv0                       
0000331d  delay                               
00003323  Clock_Init48MHz                     
00003407  Clock_GetFreq                       
0000340d  Clock_Delay1us                      
0000340f  Clock_Delay1ms                      
00003595  __aeabi_ddiv                        
000037f1  UART_initModule                     
0000390d  fputs                               
00003a21  ldexp                               
00003a21  ldexpl                              
00003a21  scalbn                              
00003a21  scalbnl                             
00003b31  aligned_alloc                       
00003b31  memalign                            
00003c31  __aeabi_dmul                        
00003d2d  free                                
00003e11  setvbuf                             
00003f9f  __aeabi_memcpy                      
00003f9f  __aeabi_memcpy4                     
00003f9f  __aeabi_memcpy8                     
00003f9f  memcpy                              
0000403b  __aeabi_uldivmod                    
000040d1  __aeabi_cdcmpeq                     
000040d1  __aeabi_cdcmple                     
00004157  __aeabi_cdrcmple                    
000041dd  GPIO_getEnabledInterruptStatus      
00004261  Interrupt_enableInterrupt           
000042e1  __aeabi_memclr                      
000042e1  __aeabi_memclr4                     
000042e1  __aeabi_memclr8                     
000042e3  __aeabi_memset                      
000042e3  __aeabi_memset4                     
000042e3  __aeabi_memset8                     
000042e9  memset                              
0000435d  __TI_closefile                      
000044b1  HOSTrename                          
0000451d  HOSTlseek                           
00004585  Timer_A_configureUpMode             
000045ed  __TI_decompress_lzss                
00004655  printf                              
000046bd  UART_getEnabledInterruptStatus      
00004721  frexp                               
00004721  frexpl                              
00004785  fseek                               
000047e9  __TI_wrt_ok                         
0000484d  HOSTopen                            
000048ad  __aeabi_idiv                        
000048ad  __aeabi_idivmod                     
0000490d  Interrupt_registerInterrupt         
00004969  close                               
000049c5  GPIO_setAsInputPinWithPullUpResistor
00004a1d  HOSTread                            
00004a75  HOSTwrite                           
00004b23  __TI_ltoa                           
00004bc9  __TI_doflush                        
00004c15  atoi                                
00004c61  exit                                
00004ca9  __aeabi_d2iz                        
00004cf1  HOSTclose                           
00004d35  HOSTunlink                          
00004d79  __TI_auto_init_nobinit_nopinit      
00004dbd  getdevice                           
00004e41  GPIO_interruptEdgeSelect            
00004e7d  __TI_writemsg                       
00004eab  C$$IO$$                             
00004eb5  strncpy                             
00004eed  CS_setDCOCenteredFrequency          
00004f21  UART_transmitData                   
00004f55  __TI_cleanup                        
00004f89  __TI_readmsg                        
00004fbd  _c_int00_noargs                     
00004ff1  UART_receiveData                    
00005021  finddevice                          
00005051  __aeabi_i2d                         
00005081  remove                              
00005081  unlink                              
000050ad  GPIO_clearInterruptFlag             
000050d5  GPIO_enableInterrupt                
00005125  lseek                               
0000514d  write                               
00005175  GPIO_getInterruptStatus             
00005199  GPIO_registerInterrupt              
000051bd  memchr                              
000051dd  __TI_zero_init_nomemset             
00005215  memccpy                             
00005231  copysign                            
00005231  copysignl                           
0000524b  UART_getInterruptStatus             
00005263  strcmp                              
0000527b  Timer_A_startCounter                
00005291  UART_clearInterruptFlag             
000052a7  strchr                              
000052bd  strcpy                              
000052d1  strlen                              
000052e5  wcslen                              
000052f7  Interrupt_enableMaster              
00005307  __TI_decompress_none                
00005315  Reset_Handler                       
00005321  ADC14_IRQHandler                    
00005321  AES256_IRQHandler                   
00005321  BusFault_Handler                    
00005321  COMP_E0_IRQHandler                  
00005321  COMP_E1_IRQHandler                  
00005321  CS_IRQHandler                       
00005321  DMA_ERR_IRQHandler                  
00005321  DMA_INT0_IRQHandler                 
00005321  DMA_INT1_IRQHandler                 
00005321  DMA_INT2_IRQHandler                 
00005321  DMA_INT3_IRQHandler                 
00005321  DebugMon_Handler                    
00005321  Default_Handler                     
00005321  EUSCIA1_IRQHandler                  
00005321  EUSCIA2_IRQHandler                  
00005321  EUSCIA3_IRQHandler                  
00005321  EUSCIB0_IRQHandler                  
00005321  EUSCIB1_IRQHandler                  
00005321  EUSCIB2_IRQHandler                  
00005321  EUSCIB3_IRQHandler                  
00005321  FLCTL_IRQHandler                    
00005321  FPU_IRQHandler                      
00005321  HardFault_Handler                   
00005321  MemManage_Handler                   
00005321  NMI_Handler                         
00005321  PCM_IRQHandler                      
00005321  PORT1_IRQHandler                    
00005321  PORT2_IRQHandler                    
00005321  PORT3_IRQHandler                    
00005321  PORT5_IRQHandler                    
00005321  PORT6_IRQHandler                    
00005321  PSS_IRQHandler                      
00005321  PendSV_Handler                      
00005321  RTC_C_IRQHandler                    
00005321  SVC_Handler                         
00005321  SysTick_Handler                     
00005321  T32_INT1_IRQHandler                 
00005321  T32_INT2_IRQHandler                 
00005321  T32_INTC_IRQHandler                 
00005321  TA0_0_IRQHandler                    
00005321  TA0_N_IRQHandler                    
00005321  TA1_0_IRQHandler                    
00005321  TA1_N_IRQHandler                    
00005321  TA2_0_IRQHandler                    
00005321  TA2_N_IRQHandler                    
00005321  TA3_0_IRQHandler                    
00005321  TA3_N_IRQHandler                    
00005321  UsageFault_Handler                  
00005321  WDT_A_IRQHandler                    
00005323  CPU_cpsie                           
00005331  __aeabi_errno_addr                  
00005339  malloc                              
00005349  _system_pre_init                    
0000534d  C$$EXIT                             
0000534d  abort                               
00005350  asc2_1608                           
00005940  asc2_1206                           
00005db4  Hzk1                                
000060e4  asc2_0806                           
0000630c  Hzk                                 
000064cc  _ctypes_                            
00006600  uartConfig                          
00006668  upConfig                            
00006720  __TI_Handler_Table_Base             
0000672c  __TI_Handler_Table_Limit            
00006740  __TI_CINIT_Base                     
00006758  __TI_CINIT_Limit                    
20000000  __start___llvm_prf_cnts             
20000000  __stop___llvm_prf_cnts              
20000000  g_pfnRAMVectors                     
200000e8  ch                                  
200004e8  _ftable                             
200005d8  _device                             
20000650  _stream                             
200006a0  num                                 
200006a4  count                               
200006a8  key                                 
200006ac  secondkey                           
200006b0  a                                   
200006b4  b                                   
200006b8  c                                   
200006bc  d                                   
200006c0  e                                   
200006c4  aw                                  
200006c8  ah                                  
200006cc  am                                  
200006d0  pause                               
200006d4  start                               
200006d8  PIN2                                
200006dc  ClockFrequency                      
200006e0  Prewait                             
200006e4  CPMwait                             
200006e8  Postwait                            
200006ec  IFlags                              
200006f0  Crystalstable                       
200006f4  Hour                                
200006f8  Minute                              
200006fc  Second                              
20000708  __TI_ft_end                         
2000070c  __aeabi_stdin                       
20000710  __aeabi_stdout                      
20000714  __aeabi_stderr                      
20000718  __TI_cleanup_ptr                    
2000071c  __TI_dtors_ptr                      
20000720  __TI_enable_exit_profile_output     
20000724  city                                
20000730  _lock                               
20000734  _unlock                             
20000740  errno                               
20000744  SystemCoreClock                     
20000758  _sys_memory                         
20000b58  __CIOBUF_                           
20000c78  __TI_tmpnams                        
20000d18  BeijingTime                         
20000d24  LondonTime                          
20000d30  WashingtonTime                      
20000d3c  parmbuf                             
20000d44  location                            
20000d48  time                                
20000d4c  alarm                               
2000fe00  __stack                             
20010000  __STACK_END                         
4000480c  WDTCTL_SYM                          
ffffffff  __TI_pprof_out_hndl                 
ffffffff  __TI_prof_data_size                 
ffffffff  __TI_prof_data_start                
ffffffff  __binit__                           
ffffffff  __c_args__                          
ffffffff  binit                               
UNDEFED   __mpu_init                          
UNDEFED   _system_post_cinit                  

[281 symbols]
