******************************************************************************
                  TI ARM Linker PC v20.2.5                     
******************************************************************************
>> Linked Wed Jan 19 21:51:33 2022

OUTPUT FILE NAME:   <test.out>
ENTRY POINT SYMBOL: "_c_int00_noargs"  address: 00003f7d


MEMORY CONFIGURATION

         name            origin    length      used     unused   attr    fill
----------------------  --------  ---------  --------  --------  ----  --------
  MAIN                  00000000   00040000  000043d8  0003bc28  R  X
  INFO                  00200000   00004000  00000000  00004000  R  X
  SRAM_CODE             01000000   00010000  000009e4  0000f61c  RW X
  SRAM_DATA             20000000   00010000  000009e4  0000f61c  RW  


SEGMENT ALLOCATION MAP

run origin  load origin   length   init length attrs members
----------  ----------- ---------- ----------- ----- -------
00000000    00000000    000043d8   000043d8    r-x
  00000000    00000000    000000e4   000000e4    r-- .intvecs
  000000e4    000000e4    00004138   00004138    r-x .text
  0000421c    0000421c    00000124   00000124    r-- .const
  00004340    00004340    00000098   00000098    r-- .cinit
20000000    20000000    000007e4   00000000    rw-
  20000000    20000000    00000400   00000000    rw- .sysmem
  20000400    20000400    00000210   00000000    rw- .data
  20000610    20000610    000001d4   00000000    rw- .bss
2000fe00    2000fe00    00000200   00000000    rw-
  2000fe00    2000fe00    00000200   00000000    rw- .stack


SECTION ALLOCATION MAP

 output                                  attributes/
section   page    origin      length       input sections
--------  ----  ----------  ----------   ----------------
.intvecs   0    00000000    000000e4     
                  00000000    000000e4     startup_msp432p401r_ccs.obj (.intvecs:retain)

.text      0    000000e4    00004138     
                  000000e4    00000a4e     rtsv7M4_T_le_v4SPD16_eabi.lib : _printfi.c.obj (.text:__TI_printfi)
                  00000b32    00000002                                   : _lock.c.obj (.text:_nop)
                  00000b34    000006bc     UART0.obj (.text)
                  000011f0    00000334     system_msp432p401r.obj (.text)
                  00001524    00000290     findline.obj (.text)
                  000017b4    00000270     rtsv7M4_T_le_v4SPD16_eabi.lib : _printfi.c.obj (.text:_pconv_a)
                  00001a24    00000228     PWM.obj (.text)
                  00001c4c    000001ec     Reflectance.obj (.text)
                  00001e38    000001e0     Clock.obj (.text)
                  00002018    000001d0     rtsv7M4_T_le_v4SPD16_eabi.lib : _printfi.c.obj (.text:_pconv_g)
                  000021e8    000001b6                                   : fd_add_t2.asm.obj (.text)
                  0000239e    00000002                                   : div0.asm.obj (.text)
                  000023a0    0000016c     Motor.obj (.text)
                  0000250c    0000013c     rtsv7M4_T_le_v4SPD16_eabi.lib : _printfi.c.obj (.text:_pconv_e)
                  00002648    00000136                                   : fd_div_t2.asm.obj (.text)
                  0000277e    00000002     --HOLE-- [fill = 0]
                  00002780    00000124                                   : _printfi.c.obj (.text:fcvt)
                  000028a4    00000114                                   : fputs.c.obj (.text:fputs)
                  000029b8    00000110                                   : fopen.c.obj (.text:_openfile)
                  00002ac8    00000110                                   : s_scalbn.c.obj (.text:scalbn)
                  00002bd8    00000100                                   : memory.c.obj (.text:aligned_alloc)
                  00002cd8    000000fc                                   : fd_mul_t2.asm.obj (.text)
                  00002dd4    000000e4                                   : memory.c.obj (.text:free)
                  00002eb8    000000dc                                   : setvbuf.c.obj (.text:setvbuf)
                  00002f94    000000bc                                   : open.c.obj (.text:open)
                  00003050    000000b8                                   : add_device.c.obj (.text:add_device)
                  00003108    000000b1                                   : _printfi.c.obj (.text:_ltostr)
                  000031b9    00000003     --HOLE-- [fill = 0]
                  000031bc    0000009c                                   : fopen.c.obj (.text:fopen)
                  00003258    0000009c                                   : memcpy_t2.asm.obj (.text)
                  000032f4    00000096                                   : ull_div_t2.asm.obj (.text)
                  0000338a    00000002     --HOLE-- [fill = 0]
                  0000338c    0000008c                                   : fputc.c.obj (.text:fputc)
                  00003418    00000086                                   : fd_cmp_t2.asm.obj (.text:__aeabi_cdcmple)
                  0000349e    00000086                                   : fd_cmp_t2.asm.obj (.text:__aeabi_cdrcmple)
                  00003524    0000007a                                   : memset_t2.asm.obj (.text)
                  0000359e    00000002     --HOLE-- [fill = 0]
                  000035a0    00000074                                   : fclose.c.obj (.text:__TI_closefile)
                  00003614    00000070                                   : memory.c.obj (.text:split)
                  00003684    0000006e                                   : _printfi.c.obj (.text:_mcpy)
                  000036f2    00000002     --HOLE-- [fill = 0]
                  000036f4    0000006c                                   : hostrename.c.obj (.text:HOSTrename)
                  00003760    00000068                                   : hostlseek.c.obj (.text:HOSTlseek)
                  000037c8    00000068                                   : copy_decompress_lzss.c.obj (.text:decompress:lzss:__TI_decompress_lzss)
                  00003830    00000068                                   : printf.c.obj (.text:printf)
                  00003898    00000064                                   : s_frexp.c.obj (.text:frexp)
                  000038fc    00000064                                   : fseek.c.obj (.text:fseek)
                  00003960    00000062                                   : _io_perm.c.obj (.text:__TI_wrt_ok)
                  000039c2    00000002     --HOLE-- [fill = 0]
                  000039c4    00000060                                   : hostopen.c.obj (.text:HOSTopen)
                  00003a24    0000005c                                   : close.c.obj (.text:close)
                  00003a80    00000058                                   : hostread.c.obj (.text:HOSTread)
                  00003ad8    00000058                                   : hostwrite.c.obj (.text:HOSTwrite)
                  00003b30    00000056                                   : _printfi.c.obj (.text:_pconv_f)
                  00003b86    00000054                                   : _ltoa.c.obj (.text:__TI_ltoa)
                  00003bda    00000052                                   : _printfi.c.obj (.text:_ecpy)
                  00003c2c    0000004c                                   : fflush.c.obj (.text:__TI_doflush)
                  00003c78    0000004c                                   : atoi.c.obj (.text:atoi)
                  00003cc4    00000048                                   : exit.c.obj (.text:exit)
                  00003d0c    00000048                                   : fd_toi_t2.asm.obj (.text)
                  00003d54    00000044                                   : hostclose.c.obj (.text:HOSTclose)
                  00003d98    00000044                                   : hostunlink.c.obj (.text:HOSTunlink)
                  00003ddc    00000044                                   : autoinit.c.obj (.text:__TI_auto_init_nobinit_nopinit:__TI_auto_init_nobinit_nopinit)
                  00003e20    00000044                                   : getdevice.c.obj (.text:getdevice)
                  00003e64    0000003e                                   : _printfi.c.obj (.text:_fcpy)
                  00003ea2    00000002     --HOLE-- [fill = 0]
                  00003ea4    00000038                                   : trgmsg.c.obj (.text:__TI_writemsg)
                  00003edc    00000036                                   : strncpy.c.obj (.text:strncpy)
                  00003f12    00000002     --HOLE-- [fill = 0]
                  00003f14    00000034                                   : fopen.c.obj (.text:__TI_cleanup)
                  00003f48    00000034                                   : trgmsg.c.obj (.text:__TI_readmsg)
                  00003f7c    00000034                                   : boot_cortex_m.c.obj (.text:_c_int00_noargs:_c_int00_noargs)
                  00003fb0    00000034                                   : fopen.c.obj (.text:freopen)
                  00003fe4    00000030                                   : getdevice.c.obj (.text:finddevice)
                  00004014    0000002e                                   : i_tofd_t2.asm.obj (.text)
                  00004042    00000002     --HOLE-- [fill = 0]
                  00004044    0000002c                                   : unlink.c.obj (.text:unlink)
                  00004070    00000028                                   : memory.c.obj (.text:free_list_insert)
                  00004098    00000028                                   : lseek.c.obj (.text:lseek)
                  000040c0    00000028                                   : write.c.obj (.text:write)
                  000040e8    00000020                                   : memchr.c.obj (.text:memchr)
                  00004108    0000001c                                   : copy_zero_init.c.obj (.text:decompress:ZI:__TI_zero_init_nomemset:__TI_zero_init_nomemset)
                  00004124    0000001c                                   : memory.c.obj (.text:free_list_remove)
                  00004140    0000001c                                   : memccpy.c.obj (.text:memccpy)
                  0000415c    0000001a                                   : s_copysign.c.obj (.text:copysign)
                  00004176    00000018                                   : strcmp.c.obj (.text:strcmp)
                  0000418e    00000016                                   : strchr.c.obj (.text:strchr)
                  000041a4    00000014                                   : strcpy.c.obj (.text:strcpy)
                  000041b8    00000014                                   : strlen.c.obj (.text:strlen)
                  000041cc    00000012                                   : wcslen.c.obj (.text:wcslen)
                  000041de    0000000e                                   : copy_decompress_none.c.obj (.text:decompress:none:__TI_decompress_none)
                  000041ec    0000000e     startup_msp432p401r_ccs.obj (.text)
                  000041fa    00000002     --HOLE-- [fill = 0]
                  000041fc    00000008     rtsv7M4_T_le_v4SPD16_eabi.lib : errno.c.obj (.text:__aeabi_errno_addr)
                  00004204    00000008                                   : memory.c.obj (.text:malloc)
                  0000420c    00000004                                   : printf.c.obj (.text:_outc)
                  00004210    00000004                                   : printf.c.obj (.text:_outs)
                  00004214    00000004                                   : pre_init.c.obj (.text:_system_pre_init)
                  00004218    00000004                                   : exit.c.obj (.text:abort:abort)

.const     0    0000421c    00000124     
                  0000421c    00000101     rtsv7M4_T_le_v4SPD16_eabi.lib : ctype.c.obj (.const:.string:_ctypes_)
                  0000431d    00000003     --HOLE-- [fill = 0]
                  00004320    00000020     Reflectance.obj (.const:$P$T0$1)

.cinit     0    00004340    00000098     
                  00004340    0000006f     (.cinit..data.load) [load image, compression = lzss]
                  000043af    00000001     --HOLE-- [fill = 0]
                  000043b0    0000000c     (__TI_handler_table)
                  000043bc    00000004     --HOLE-- [fill = 0]
                  000043c0    00000008     (.cinit..bss.load) [load image, compression = zero_init]
                  000043c8    00000010     (__TI_cinit_table)

.init_array 
*          0    00000000    00000000     UNINITIALIZED

.binit     0    00000000    00000000     

.sysmem    0    20000000    00000400     UNINITIALIZED
                  20000000    00000010     rtsv7M4_T_le_v4SPD16_eabi.lib : memory.c.obj (.sysmem)
                  20000010    000003f0     --HOLE--

.data      0    20000400    00000210     UNINITIALIZED
                  20000400    000000f0     rtsv7M4_T_le_v4SPD16_eabi.lib : defs.c.obj (.data:_ftable)
                  200004f0    00000078                                   : host_device.c.obj (.data:_device)
                  20000568    00000050                                   : host_device.c.obj (.data:_stream)
                  200005b8    00000018     Clock.obj (.data)
                  200005d0    00000010     rtsv7M4_T_le_v4SPD16_eabi.lib : defs.c.obj (.data)
                  200005e0    0000000c                                   : exit.c.obj (.data:$O1$$)
                  200005ec    00000008                                   : _lock.c.obj (.data:$O1$$)
                  200005f4    00000008                                   : memory.c.obj (.data:$O1$$)
                  200005fc    00000004                                   : add_device.c.obj (.data)
                  20000600    00000004                                   : errno.c.obj (.data)
                  20000604    00000004                                   : fopen.c.obj (.data)
                  20000608    00000004                                   : open.c.obj (.data)
                  2000060c    00000004     system_msp432p401r.obj (.data)

.bss       0    20000610    000001d4     UNINITIALIZED
                  20000610    00000120     rtsv7M4_T_le_v4SPD16_eabi.lib : trgmsg.c.obj (.bss:_CIOBUF_)
                  20000730    000000a0     (.common:__TI_tmpnams)
                  200007d0    00000008     (.common:Messageb)
                  200007d8    00000008     (.common:parmbuf)
                  200007e0    00000004     (.common:Messageindexb)

.stack     0    2000fe00    00000200     UNINITIALIZED
                  2000fe00    00000004     rtsv7M4_T_le_v4SPD16_eabi.lib : boot_cortex_m.c.obj (.stack)
                  2000fe04    000001fc     --HOLE--

__llvm_prf_cnts 
*          0    20000000    00000000     UNINITIALIZED

MODULE SUMMARY

       Module                        code    ro data   rw data
       ------                        ----    -------   -------
    .\
       UART0.obj                     1724    0         24     
       system_msp432p401r.obj        820     0         8      
       findline.obj                  656     0         0      
       PWM.obj                       552     0         0      
       Clock.obj                     480     0         48     
       Reflectance.obj               492     32        0      
       Motor.obj                     364     0         0      
       startup_msp432p401r_ccs.obj   14      228       0      
    +--+-----------------------------+-------+---------+---------+
       Total:                        5102    260       80     
                                                              
    C:\ti\ccs1100\ccs\tools\compiler\ti-cgt-arm_20.2.5.LTS\lib\rtsv7M4_T_le_v4SPD16_eabi.lib
       _printfi.c.obj                4851    0         0      
       defs.c.obj                    0       0         832    
       memory.c.obj                  672     0         16     
       trgmsg.c.obj                  108     0         576    
       fopen.c.obj                   532     0         8      
       fd_add_t2.asm.obj             438     0         0      
       host_device.c.obj             0       0         400    
       fd_div_t2.asm.obj             310     0         0      
       fputs.c.obj                   276     0         0      
       s_scalbn.c.obj                272     0         0      
       fd_cmp_t2.asm.obj             268     0         0      
       ctype.c.obj                   0       257       0      
       fd_mul_t2.asm.obj             252     0         0      
       setvbuf.c.obj                 220     0         0      
       open.c.obj                    188     0         8      
       add_device.c.obj              184     0         8      
       memcpy_t2.asm.obj             156     0         0      
       ull_div_t2.asm.obj            150     0         0      
       fputc.c.obj                   140     0         0      
       memset_t2.asm.obj             122     0         0      
       fclose.c.obj                  116     0         0      
       getdevice.c.obj               116     0         0      
       hostopen.c.obj                96      0         16     
       printf.c.obj                  112     0         0      
       hostrename.c.obj              108     0         0      
       copy_decompress_lzss.c.obj    104     0         0      
       hostlseek.c.obj               104     0         0      
       exit.c.obj                    76      0         24     
       fseek.c.obj                   100     0         0      
       s_frexp.c.obj                 100     0         0      
       _io_perm.c.obj                98      0         0      
       close.c.obj                   92      0         0      
       hostread.c.obj                88      0         0      
       hostwrite.c.obj               88      0         0      
       _ltoa.c.obj                   84      0         0      
       atoi.c.obj                    76      0         0      
       fflush.c.obj                  76      0         0      
       fd_toi_t2.asm.obj             72      0         0      
       autoinit.c.obj                68      0         0      
       hostclose.c.obj               68      0         0      
       hostunlink.c.obj              68      0         0      
       strncpy.c.obj                 54      0         0      
       boot_cortex_m.c.obj           52      0         0      
       i_tofd_t2.asm.obj             46      0         0      
       unlink.c.obj                  44      0         0      
       lseek.c.obj                   40      0         0      
       write.c.obj                   40      0         0      
       memchr.c.obj                  32      0         0      
       copy_zero_init.c.obj          28      0         0      
       memccpy.c.obj                 28      0         0      
       s_copysign.c.obj              26      0         0      
       strcmp.c.obj                  24      0         0      
       strchr.c.obj                  22      0         0      
       strcpy.c.obj                  20      0         0      
       strlen.c.obj                  20      0         0      
       _lock.c.obj                   2       0         16     
       wcslen.c.obj                  18      0         0      
       errno.c.obj                   8       0         8      
       copy_decompress_none.c.obj    14      0         0      
       pre_init.c.obj                4       0         0      
       div0.asm.obj                  2       0         0      
    +--+-----------------------------+-------+---------+---------+
       Total:                        11573   257       1912   
                                                              
       Heap:                         0       0         2048   
       Stack:                        0       0         1024   
       Linker Generated:             0       147       0      
    +--+-----------------------------+-------+---------+---------+
       Grand Total:                  16675   664       5064   


LINKER GENERATED COPY TABLES

__TI_cinit_table @ 000043c8 records: 2, size/record: 8, table size: 16
	.data: load addr=00004340, load size=0000006f bytes, run addr=20000400, run size=00000210 bytes, compression=lzss
	.bss: load addr=000043c0, load size=00000008 bytes, run addr=20000610, run size=000001d4 bytes, compression=zero_init


LINKER GENERATED HANDLER TABLE

__TI_handler_table @ 000043b0 records: 3, size/record: 4, table size: 12
	index: 0, handler: __TI_decompress_lzss
	index: 1, handler: __TI_decompress_none
	index: 2, handler: __TI_zero_init


GLOBAL SYMBOLS: SORTED ALPHABETICALLY BY Name 

address   name                           
-------   ----                           
000041f9  ADC14_IRQHandler               
000041f9  AES256_IRQHandler              
000041f9  BusFault_Handler               
00004219  C$$EXIT                        
00003ed3  C$$IO$$                        
000041f9  COMP_E0_IRQHandler             
000041f9  COMP_E1_IRQHandler             
200005c0  CPMwait                        
000041f9  CS_IRQHandler                  
200005b8  ClockFrequency                 
00001f8d  Clock_Delay1ms                 
00001f63  Clock_Delay1us                 
00001f4f  Clock_GetFreq                  
00001e39  Clock_Init48MHz                
200005cc  Crystalstable                  
000041f9  DMA_ERR_IRQHandler             
000041f9  DMA_INT0_IRQHandler            
000041f9  DMA_INT1_IRQHandler            
000041f9  DMA_INT2_IRQHandler            
000041f9  DMA_INT3_IRQHandler            
000041f9  DebugMon_Handler               
000041f9  Default_Handler                
000041f9  EUSCIA0_IRQHandler             
000041f9  EUSCIA1_IRQHandler             
000041f9  EUSCIA2_IRQHandler             
000041f9  EUSCIA3_IRQHandler             
000041f9  EUSCIB0_IRQHandler             
000041f9  EUSCIB1_IRQHandler             
000041f9  EUSCIB2_IRQHandler             
000041f9  EUSCIB3_IRQHandler             
000041f9  FLCTL_IRQHandler               
000041f9  FPU_IRQHandler                 
00003d55  HOSTclose                      
00003761  HOSTlseek                      
000039c5  HOSTopen                       
00003a81  HOSTread                       
000036f5  HOSTrename                     
00003d99  HOSTunlink                     
00003ad9  HOSTwrite                      
000041f9  HardFault_Handler              
200005c8  IFlags                         
000041f9  MemManage_Handler              
200007d0  Messageb                       
200007e0  Messageindexb                  
000024b7  Motor_Backward                 
00002413  Motor_Forward                  
000023a1  Motor_Init                     
0000247d  Motor_Left                     
00002443  Motor_Right                    
000023f3  Motor_Stop                     
000041f9  NMI_Handler                    
000041f9  PCM_IRQHandler                 
000041f9  PORT1_IRQHandler               
000041f9  PORT2_IRQHandler               
000041f9  PORT3_IRQHandler               
000041f9  PORT4_IRQHandler               
000041f9  PORT5_IRQHandler               
000041f9  PORT6_IRQHandler               
000041f9  PSS_IRQHandler                 
00001b0f  PWM_Duty1                      
00001b2f  PWM_Duty2                      
00001bd3  PWM_Duty3                      
00001bf3  PWM_Duty4                      
00001a25  PWM_Init1                      
00001a8b  PWM_Init12                     
00001b4f  PWM_Init34                     
000041f9  PendSV_Handler                 
00001525  Port2_Init                     
00001545  Port2_Output                   
200005c4  Postwait                       
200005bc  Prewait                        
000041f9  RTC_C_IRQHandler               
00001cbd  Reflectance_Center             
00001e03  Reflectance_End                
00001c4d  Reflectance_Init               
00001cff  Reflectance_Position           
00001c6d  Reflectance_Read               
00001dd1  Reflectance_Start              
000041ed  Reset_Handler                  
000041f9  SVC_Handler                    
000041f9  SysTick_Handler                
2000060c  SystemCoreClock                
000011f1  SystemCoreClockUpdate          
00001469  SystemInit                     
000041f9  T32_INT1_IRQHandler            
000041f9  T32_INT2_IRQHandler            
000041f9  T32_INTC_IRQHandler            
000041f9  TA0_0_IRQHandler               
000041f9  TA0_N_IRQHandler               
000041f9  TA1_0_IRQHandler               
000041f9  TA1_N_IRQHandler               
000041f9  TA2_0_IRQHandler               
000041f9  TA2_N_IRQHandler               
000041f9  TA3_0_IRQHandler               
000041f9  TA3_N_IRQHandler               
00000b7b  UART0_InChar                   
00001005  UART0_InString                 
00000bc5  UART0_InUDec                   
00000eb9  UART0_InUHex                   
00000b35  UART0_Init                     
00001165  UART0_Initprintf               
00000b8b  UART0_OutChar                  
00000ba7  UART0_OutString                
00000c49  UART0_OutUDec                  
00000db5  UART0_OutUDec4                 
00000e09  UART0_OutUDec5                 
00000e45  UART0_OutUFix1                 
00000e6d  UART0_OutUFix2                 
00000f7d  UART0_OutUHex                  
00000fe9  UART0_OutUHex2                 
000041f9  UsageFault_Handler             
4000480c  WDTCTL_SYM                     
000041f9  WDT_A_IRQHandler               
20000610  __CIOBUF_                      
20010000  __STACK_END                    
00000200  __STACK_SIZE                   
00000400  __SYSMEM_SIZE                  
000043c8  __TI_CINIT_Base                
000043d8  __TI_CINIT_Limit               
000043b0  __TI_Handler_Table_Base        
000043bc  __TI_Handler_Table_Limit       
00003ddd  __TI_auto_init_nobinit_nopinit 
00003f15  __TI_cleanup                   
200005e0  __TI_cleanup_ptr               
000035a1  __TI_closefile                 
000037c9  __TI_decompress_lzss           
000041df  __TI_decompress_none           
00003c2d  __TI_doflush                   
200005e4  __TI_dtors_ptr                 
200005e8  __TI_enable_exit_profile_output
200005d0  __TI_ft_end                    
00003b87  __TI_ltoa                      
ffffffff  __TI_pprof_out_hndl            
000000e5  __TI_printfi                   
ffffffff  __TI_prof_data_size            
ffffffff  __TI_prof_data_start           
00003f49  __TI_readmsg                   
00000000  __TI_static_base__             
20000730  __TI_tmpnams                   
00003ea5  __TI_writemsg                  
00003961  __TI_wrt_ok                    
00004109  __TI_zero_init_nomemset        
00003419  __aeabi_cdcmpeq                
00003419  __aeabi_cdcmple                
0000349f  __aeabi_cdrcmple               
00003d0d  __aeabi_d2iz                   
000021f3  __aeabi_dadd                   
00002649  __aeabi_ddiv                   
00002cd9  __aeabi_dmul                   
000021e9  __aeabi_dsub                   
000041fd  __aeabi_errno_addr             
00004015  __aeabi_i2d                    
0000239f  __aeabi_idiv0                  
0000239f  __aeabi_ldiv0                  
00003525  __aeabi_memclr                 
00003525  __aeabi_memclr4                
00003525  __aeabi_memclr8                
00003259  __aeabi_memcpy                 
00003259  __aeabi_memcpy4                
00003259  __aeabi_memcpy8                
00003527  __aeabi_memset                 
00003527  __aeabi_memset4                
00003527  __aeabi_memset8                
200005dc  __aeabi_stderr                 
200005d4  __aeabi_stdin                  
200005d8  __aeabi_stdout                 
000032f5  __aeabi_uldivmod               
ffffffff  __binit__                      
ffffffff  __c_args__                     
UNDEFED   __mpu_init                     
2000fe00  __stack                        
20000000  __start___llvm_prf_cnts        
20000000  __stop___llvm_prf_cnts         
00003f7d  _c_int00_noargs                
0000421c  _ctypes_                       
200004f0  _device                        
20000400  _ftable                        
200005ec  _lock                          
00000b33  _nop                           
20000568  _stream                        
20000000  _sys_memory                    
UNDEFED   _system_post_cinit             
00004215  _system_pre_init               
200005f0  _unlock                        
00004219  abort                          
00003051  add_device                     
00002bd9  aligned_alloc                  
00003c79  atoi                           
ffffffff  binit                          
00003a25  close                          
0000415d  copysign                       
0000415d  copysignl                      
00001f55  delay                          
20000600  errno                          
00003cc5  exit                           
0000109f  ferror                         
0000107f  fgetc                          
00003fe5  finddevice                     
000031bd  fopen                          
0000338d  fputc                          
000028a5  fputs                          
00002dd5  free                           
00003fb1  freopen                        
00003899  frexp                          
00003899  frexpl                         
000038fd  fseek                          
00003e21  getdevice                      
00000000  interruptVectors               
00002ac9  ldexp                          
00002ac9  ldexpl                         
00004099  lseek                          
00001559  main                           
00004205  malloc                         
00002bd9  memalign                       
00004141  memccpy                        
000040e9  memchr                         
00003259  memcpy                         
0000352d  memset                         
00002f95  open                           
00000fc1  outnibble                      
200007d8  parmbuf                        
00003831  printf                         
0000338d  putc                           
00004045  remove                         
00002ac9  scalbn                         
00002ac9  scalbnl                        
00002eb9  setvbuf                        
0000418f  strchr                         
00004177  strcmp                         
000041a5  strcpy                         
000041b9  strlen                         
00003edd  strncpy                        
000010bd  uart_close                     
0000113b  uart_lseek                     
000010ad  uart_open                      
000010cf  uart_read                      
00001157  uart_rename                    
0000114b  uart_unlink                    
000010f9  uart_write                     
00004045  unlink                         
000041cd  wcslen                         
000040c1  write                          


GLOBAL SYMBOLS: SORTED BY Symbol Address 

address   name                           
-------   ----                           
00000000  __TI_static_base__             
00000000  interruptVectors               
000000e5  __TI_printfi                   
00000200  __STACK_SIZE                   
00000400  __SYSMEM_SIZE                  
00000b33  _nop                           
00000b35  UART0_Init                     
00000b7b  UART0_InChar                   
00000b8b  UART0_OutChar                  
00000ba7  UART0_OutString                
00000bc5  UART0_InUDec                   
00000c49  UART0_OutUDec                  
00000db5  UART0_OutUDec4                 
00000e09  UART0_OutUDec5                 
00000e45  UART0_OutUFix1                 
00000e6d  UART0_OutUFix2                 
00000eb9  UART0_InUHex                   
00000f7d  UART0_OutUHex                  
00000fc1  outnibble                      
00000fe9  UART0_OutUHex2                 
00001005  UART0_InString                 
0000107f  fgetc                          
0000109f  ferror                         
000010ad  uart_open                      
000010bd  uart_close                     
000010cf  uart_read                      
000010f9  uart_write                     
0000113b  uart_lseek                     
0000114b  uart_unlink                    
00001157  uart_rename                    
00001165  UART0_Initprintf               
000011f1  SystemCoreClockUpdate          
00001469  SystemInit                     
00001525  Port2_Init                     
00001545  Port2_Output                   
00001559  main                           
00001a25  PWM_Init1                      
00001a8b  PWM_Init12                     
00001b0f  PWM_Duty1                      
00001b2f  PWM_Duty2                      
00001b4f  PWM_Init34                     
00001bd3  PWM_Duty3                      
00001bf3  PWM_Duty4                      
00001c4d  Reflectance_Init               
00001c6d  Reflectance_Read               
00001cbd  Reflectance_Center             
00001cff  Reflectance_Position           
00001dd1  Reflectance_Start              
00001e03  Reflectance_End                
00001e39  Clock_Init48MHz                
00001f4f  Clock_GetFreq                  
00001f55  delay                          
00001f63  Clock_Delay1us                 
00001f8d  Clock_Delay1ms                 
000021e9  __aeabi_dsub                   
000021f3  __aeabi_dadd                   
0000239f  __aeabi_idiv0                  
0000239f  __aeabi_ldiv0                  
000023a1  Motor_Init                     
000023f3  Motor_Stop                     
00002413  Motor_Forward                  
00002443  Motor_Right                    
0000247d  Motor_Left                     
000024b7  Motor_Backward                 
00002649  __aeabi_ddiv                   
000028a5  fputs                          
00002ac9  ldexp                          
00002ac9  ldexpl                         
00002ac9  scalbn                         
00002ac9  scalbnl                        
00002bd9  aligned_alloc                  
00002bd9  memalign                       
00002cd9  __aeabi_dmul                   
00002dd5  free                           
00002eb9  setvbuf                        
00002f95  open                           
00003051  add_device                     
000031bd  fopen                          
00003259  __aeabi_memcpy                 
00003259  __aeabi_memcpy4                
00003259  __aeabi_memcpy8                
00003259  memcpy                         
000032f5  __aeabi_uldivmod               
0000338d  fputc                          
0000338d  putc                           
00003419  __aeabi_cdcmpeq                
00003419  __aeabi_cdcmple                
0000349f  __aeabi_cdrcmple               
00003525  __aeabi_memclr                 
00003525  __aeabi_memclr4                
00003525  __aeabi_memclr8                
00003527  __aeabi_memset                 
00003527  __aeabi_memset4                
00003527  __aeabi_memset8                
0000352d  memset                         
000035a1  __TI_closefile                 
000036f5  HOSTrename                     
00003761  HOSTlseek                      
000037c9  __TI_decompress_lzss           
00003831  printf                         
00003899  frexp                          
00003899  frexpl                         
000038fd  fseek                          
00003961  __TI_wrt_ok                    
000039c5  HOSTopen                       
00003a25  close                          
00003a81  HOSTread                       
00003ad9  HOSTwrite                      
00003b87  __TI_ltoa                      
00003c2d  __TI_doflush                   
00003c79  atoi                           
00003cc5  exit                           
00003d0d  __aeabi_d2iz                   
00003d55  HOSTclose                      
00003d99  HOSTunlink                     
00003ddd  __TI_auto_init_nobinit_nopinit 
00003e21  getdevice                      
00003ea5  __TI_writemsg                  
00003ed3  C$$IO$$                        
00003edd  strncpy                        
00003f15  __TI_cleanup                   
00003f49  __TI_readmsg                   
00003f7d  _c_int00_noargs                
00003fb1  freopen                        
00003fe5  finddevice                     
00004015  __aeabi_i2d                    
00004045  remove                         
00004045  unlink                         
00004099  lseek                          
000040c1  write                          
000040e9  memchr                         
00004109  __TI_zero_init_nomemset        
00004141  memccpy                        
0000415d  copysign                       
0000415d  copysignl                      
00004177  strcmp                         
0000418f  strchr                         
000041a5  strcpy                         
000041b9  strlen                         
000041cd  wcslen                         
000041df  __TI_decompress_none           
000041ed  Reset_Handler                  
000041f9  ADC14_IRQHandler               
000041f9  AES256_IRQHandler              
000041f9  BusFault_Handler               
000041f9  COMP_E0_IRQHandler             
000041f9  COMP_E1_IRQHandler             
000041f9  CS_IRQHandler                  
000041f9  DMA_ERR_IRQHandler             
000041f9  DMA_INT0_IRQHandler            
000041f9  DMA_INT1_IRQHandler            
000041f9  DMA_INT2_IRQHandler            
000041f9  DMA_INT3_IRQHandler            
000041f9  DebugMon_Handler               
000041f9  Default_Handler                
000041f9  EUSCIA0_IRQHandler             
000041f9  EUSCIA1_IRQHandler             
000041f9  EUSCIA2_IRQHandler             
000041f9  EUSCIA3_IRQHandler             
000041f9  EUSCIB0_IRQHandler             
000041f9  EUSCIB1_IRQHandler             
000041f9  EUSCIB2_IRQHandler             
000041f9  EUSCIB3_IRQHandler             
000041f9  FLCTL_IRQHandler               
000041f9  FPU_IRQHandler                 
000041f9  HardFault_Handler              
000041f9  MemManage_Handler              
000041f9  NMI_Handler                    
000041f9  PCM_IRQHandler                 
000041f9  PORT1_IRQHandler               
000041f9  PORT2_IRQHandler               
000041f9  PORT3_IRQHandler               
000041f9  PORT4_IRQHandler               
000041f9  PORT5_IRQHandler               
000041f9  PORT6_IRQHandler               
000041f9  PSS_IRQHandler                 
000041f9  PendSV_Handler                 
000041f9  RTC_C_IRQHandler               
000041f9  SVC_Handler                    
000041f9  SysTick_Handler                
000041f9  T32_INT1_IRQHandler            
000041f9  T32_INT2_IRQHandler            
000041f9  T32_INTC_IRQHandler            
000041f9  TA0_0_IRQHandler               
000041f9  TA0_N_IRQHandler               
000041f9  TA1_0_IRQHandler               
000041f9  TA1_N_IRQHandler               
000041f9  TA2_0_IRQHandler               
000041f9  TA2_N_IRQHandler               
000041f9  TA3_0_IRQHandler               
000041f9  TA3_N_IRQHandler               
000041f9  UsageFault_Handler             
000041f9  WDT_A_IRQHandler               
000041fd  __aeabi_errno_addr             
00004205  malloc                         
00004215  _system_pre_init               
00004219  C$$EXIT                        
00004219  abort                          
0000421c  _ctypes_                       
000043b0  __TI_Handler_Table_Base        
000043bc  __TI_Handler_Table_Limit       
000043c8  __TI_CINIT_Base                
000043d8  __TI_CINIT_Limit               
20000000  __start___llvm_prf_cnts        
20000000  __stop___llvm_prf_cnts         
20000000  _sys_memory                    
20000400  _ftable                        
200004f0  _device                        
20000568  _stream                        
200005b8  ClockFrequency                 
200005bc  Prewait                        
200005c0  CPMwait                        
200005c4  Postwait                       
200005c8  IFlags                         
200005cc  Crystalstable                  
200005d0  __TI_ft_end                    
200005d4  __aeabi_stdin                  
200005d8  __aeabi_stdout                 
200005dc  __aeabi_stderr                 
200005e0  __TI_cleanup_ptr               
200005e4  __TI_dtors_ptr                 
200005e8  __TI_enable_exit_profile_output
200005ec  _lock                          
200005f0  _unlock                        
20000600  errno                          
2000060c  SystemCoreClock                
20000610  __CIOBUF_                      
20000730  __TI_tmpnams                   
200007d0  Messageb                       
200007d8  parmbuf                        
200007e0  Messageindexb                  
2000fe00  __stack                        
20010000  __STACK_END                    
4000480c  WDTCTL_SYM                     
ffffffff  __TI_pprof_out_hndl            
ffffffff  __TI_prof_data_size            
ffffffff  __TI_prof_data_start           
ffffffff  __binit__                      
ffffffff  __c_args__                     
ffffffff  binit                          
UNDEFED   __mpu_init                     
UNDEFED   _system_post_cinit             

[242 symbols]
