******************************************************************************
                  TI ARM Linker PC v20.2.5                     
******************************************************************************
>> Linked Wed Dec 29 16:45:09 2021

OUTPUT FILE NAME:   <gpio_toggle_output_MSP_EXP432P401R_nortos_ccs.out>
ENTRY POINT SYMBOL: "_c_int00_noinit_noargs"  address: 000001ad


MEMORY CONFIGURATION

         name            origin    length      used     unused   attr    fill
----------------------  --------  ---------  --------  --------  ----  --------
  MAIN                  00000000   00040000  000001ee  0003fe12  R  X
  INFO                  00200000   00004000  00000000  00004000  R  X
  SRAM_CODE             01000000   00010000  00000200  0000fe00  RW X
  SRAM_DATA             20000000   00010000  00000200  0000fe00  RW  


SEGMENT ALLOCATION MAP

run origin  load origin   length   init length attrs members
----------  ----------- ---------- ----------- ----- -------
00000000    00000000    000001ee   000001ee    r-x
  00000000    00000000    000000e4   000000e4    r-- .intvecs
  000000e4    000000e4    0000010a   0000010a    r-x .text
2000fe00    2000fe00    00000200   00000000    rw-
  2000fe00    2000fe00    00000200   00000000    rw- .stack


SECTION ALLOCATION MAP

 output                                  attributes/
section   page    origin      length       input sections
--------  ----  ----------  ----------   ----------------
.intvecs   0    00000000    000000e4     
                  00000000    000000e4     startup_msp432p401r_ccs.obj (.intvecs:retain)

.text      0    000000e4    0000010a     
                  000000e4    00000078     system_msp432p401r.obj (.text:SystemInit)
                  0000015c    00000050     gpio_toggle_output.obj (.text:main)
                  000001ac    0000002c     rtsv7M4_T_le_v4SPD16_eabi.lib : boot_cortex_m.c.obj (.text:_c_int00_noinit_noargs:_c_int00_noinit_noargs)
                  000001d8    0000000c     startup_msp432p401r_ccs.obj (.text:Reset_Handler)
                  000001e4    00000004     rtsv7M4_T_le_v4SPD16_eabi.lib : pre_init.c.obj (.text:_system_pre_init)
                  000001e8    00000004                                   : exit.c.obj (.text:abort:abort)
                  000001ec    00000002     startup_msp432p401r_ccs.obj (.text:Default_Handler)

.cinit     0    00000000    00000000     UNINITIALIZED

.init_array 
*          0    00000000    00000000     UNINITIALIZED

.binit     0    00000000    00000000     

.stack     0    2000fe00    00000200     UNINITIALIZED
                  2000fe00    00000004     rtsv7M4_T_le_v4SPD16_eabi.lib : boot_cortex_m.c.obj (.stack)
                  2000fe04    000001fc     --HOLE--

__llvm_prf_cnts 
*          0    20000000    00000000     UNINITIALIZED

MODULE SUMMARY

       Module                        code   ro data   rw data
       ------                        ----   -------   -------
    .\
       system_msp432p401r.obj        120    0         0      
       gpio_toggle_output.obj        80     0         0      
    +--+-----------------------------+------+---------+---------+
       Total:                        200    0         0      
                                                             
    .\ccs\
       startup_msp432p401r_ccs.obj   14     228       0      
    +--+-----------------------------+------+---------+---------+
       Total:                        14     228       0      
                                                             
    C:\ti\ccs1100\ccs\tools\compiler\ti-cgt-arm_20.2.5.LTS\lib\rtsv7M4_T_le_v4SPD16_eabi.lib
       boot_cortex_m.c.obj           44     0         0      
       exit.c.obj                    4      0         0      
       pre_init.c.obj                4      0         0      
    +--+-----------------------------+------+---------+---------+
       Total:                        52     0         0      
                                                             
       Stack:                        0      0         1024   
    +--+-----------------------------+------+---------+---------+
       Grand Total:                  266    228       1024   


GLOBAL SYMBOLS: SORTED ALPHABETICALLY BY Name 

address   name                   
-------   ----                   
000001ed  ADC14_IRQHandler       
000001ed  AES256_IRQHandler      
000001ed  BusFault_Handler       
000001e9  C$$EXIT                
000001ed  COMP_E0_IRQHandler     
000001ed  COMP_E1_IRQHandler     
000001ed  CS_IRQHandler          
000001ed  DMA_ERR_IRQHandler     
000001ed  DMA_INT0_IRQHandler    
000001ed  DMA_INT1_IRQHandler    
000001ed  DMA_INT2_IRQHandler    
000001ed  DMA_INT3_IRQHandler    
000001ed  DebugMon_Handler       
000001ed  Default_Handler        
000001ed  EUSCIA0_IRQHandler     
000001ed  EUSCIA1_IRQHandler     
000001ed  EUSCIA2_IRQHandler     
000001ed  EUSCIA3_IRQHandler     
000001ed  EUSCIB0_IRQHandler     
000001ed  EUSCIB1_IRQHandler     
000001ed  EUSCIB2_IRQHandler     
000001ed  EUSCIB3_IRQHandler     
000001ed  FLCTL_IRQHandler       
000001ed  FPU_IRQHandler         
000001ed  HardFault_Handler      
000001ed  MemManage_Handler      
000001ed  NMI_Handler            
000001ed  PCM_IRQHandler         
000001ed  PORT1_IRQHandler       
000001ed  PORT2_IRQHandler       
000001ed  PORT3_IRQHandler       
000001ed  PORT4_IRQHandler       
000001ed  PORT5_IRQHandler       
000001ed  PORT6_IRQHandler       
000001ed  PSS_IRQHandler         
000001ed  PendSV_Handler         
000001ed  RTC_C_IRQHandler       
000001d9  Reset_Handler          
000001ed  SVC_Handler            
000001ed  SysTick_Handler        
000000e5  SystemInit             
000001ed  T32_INT1_IRQHandler    
000001ed  T32_INT2_IRQHandler    
000001ed  T32_INTC_IRQHandler    
000001ed  TA0_0_IRQHandler       
000001ed  TA0_N_IRQHandler       
000001ed  TA1_0_IRQHandler       
000001ed  TA1_N_IRQHandler       
000001ed  TA2_0_IRQHandler       
000001ed  TA2_N_IRQHandler       
000001ed  TA3_0_IRQHandler       
000001ed  TA3_N_IRQHandler       
000001ed  UsageFault_Handler     
4000480c  WDTCTL_SYM             
000001ed  WDT_A_IRQHandler       
20010000  __STACK_END            
00000200  __STACK_SIZE           
ffffffff  __TI_pprof_out_hndl    
ffffffff  __TI_prof_data_size    
ffffffff  __TI_prof_data_start   
00000000  __TI_static_base__     
ffffffff  __binit__              
ffffffff  __c_args__             
UNDEFED   __mpu_init             
2000fe00  __stack                
20000000  __start___llvm_prf_cnts
20000000  __stop___llvm_prf_cnts 
000001ad  _c_int00_noinit_noargs 
000001e5  _system_pre_init       
000001e9  abort                  
ffffffff  binit                  
00000000  interruptVectors       
0000015d  main                   


GLOBAL SYMBOLS: SORTED BY Symbol Address 

address   name                   
-------   ----                   
00000000  __TI_static_base__     
00000000  interruptVectors       
000000e5  SystemInit             
0000015d  main                   
000001ad  _c_int00_noinit_noargs 
000001d9  Reset_Handler          
000001e5  _system_pre_init       
000001e9  C$$EXIT                
000001e9  abort                  
000001ed  ADC14_IRQHandler       
000001ed  AES256_IRQHandler      
000001ed  BusFault_Handler       
000001ed  COMP_E0_IRQHandler     
000001ed  COMP_E1_IRQHandler     
000001ed  CS_IRQHandler          
000001ed  DMA_ERR_IRQHandler     
000001ed  DMA_INT0_IRQHandler    
000001ed  DMA_INT1_IRQHandler    
000001ed  DMA_INT2_IRQHandler    
000001ed  DMA_INT3_IRQHandler    
000001ed  DebugMon_Handler       
000001ed  Default_Handler        
000001ed  EUSCIA0_IRQHandler     
000001ed  EUSCIA1_IRQHandler     
000001ed  EUSCIA2_IRQHandler     
000001ed  EUSCIA3_IRQHandler     
000001ed  EUSCIB0_IRQHandler     
000001ed  EUSCIB1_IRQHandler     
000001ed  EUSCIB2_IRQHandler     
000001ed  EUSCIB3_IRQHandler     
000001ed  FLCTL_IRQHandler       
000001ed  FPU_IRQHandler         
000001ed  HardFault_Handler      
000001ed  MemManage_Handler      
000001ed  NMI_Handler            
000001ed  PCM_IRQHandler         
000001ed  PORT1_IRQHandler       
000001ed  PORT2_IRQHandler       
000001ed  PORT3_IRQHandler       
000001ed  PORT4_IRQHandler       
000001ed  PORT5_IRQHandler       
000001ed  PORT6_IRQHandler       
000001ed  PSS_IRQHandler         
000001ed  PendSV_Handler         
000001ed  RTC_C_IRQHandler       
000001ed  SVC_Handler            
000001ed  SysTick_Handler        
000001ed  T32_INT1_IRQHandler    
000001ed  T32_INT2_IRQHandler    
000001ed  T32_INTC_IRQHandler    
000001ed  TA0_0_IRQHandler       
000001ed  TA0_N_IRQHandler       
000001ed  TA1_0_IRQHandler       
000001ed  TA1_N_IRQHandler       
000001ed  TA2_0_IRQHandler       
000001ed  TA2_N_IRQHandler       
000001ed  TA3_0_IRQHandler       
000001ed  TA3_N_IRQHandler       
000001ed  UsageFault_Handler     
000001ed  WDT_A_IRQHandler       
00000200  __STACK_SIZE           
20000000  __start___llvm_prf_cnts
20000000  __stop___llvm_prf_cnts 
2000fe00  __stack                
20010000  __STACK_END            
4000480c  WDTCTL_SYM             
ffffffff  __TI_pprof_out_hndl    
ffffffff  __TI_prof_data_size    
ffffffff  __TI_prof_data_start   
ffffffff  __binit__              
ffffffff  __c_args__             
ffffffff  binit                  
UNDEFED   __mpu_init             

[73 symbols]
