******************************************************************************
                  TI ARM Linker PC v20.2.5                     
******************************************************************************
>> Linked Sat Jun 25 12:46:30 2022

OUTPUT FILE NAME:   <ADC_Collect.out>
ENTRY POINT SYMBOL: "_c_int00_noargs"  address: 00005b0d


MEMORY CONFIGURATION

         name            origin    length      used     unused   attr    fill
----------------------  --------  ---------  --------  --------  ----  --------
  MAIN                  00000000   00040000  0000725c  00038da4  R  X
  INFO                  00200000   00004000  00000000  00004000  R  X
  SRAM_CODE             01000000   00010000  0000c9ef  00003611  RW X
  SRAM_DATA             20000000   00010000  0000c9ef  00003611  RW  


SEGMENT ALLOCATION MAP

run origin  load origin   length   init length attrs members
----------  ----------- ---------- ----------- ----- -------
00000000    00000000    00007260   00007260    r-x
  00000000    00000000    000000e4   000000e4    r-- .intvecs
  000000e4    000000e4    00005ddc   00005ddc    r-x .text
  00005ec0    00005ec0    000012dc   000012dc    r-- .const
  000071a0    000071a0    000000c0   000000c0    r-- .cinit
20000000    20000000    0000c7ef   00000000    rw-
  20000000    20000000    000000e8   00000000    rw- .vtable
  200000e8    200000e8    0000c128   00000000    rw- .data
  2000c210    2000c210    00000400   00000000    rw- .sysmem
  2000c610    2000c610    000001df   00000000    rw- .bss
2000fe00    2000fe00    00000200   00000000    rw-
  2000fe00    2000fe00    00000200   00000000    rw- .stack


SECTION ALLOCATION MAP

 output                                  attributes/
section   page    origin      length       input sections
--------  ----  ----------  ----------   ----------------
.intvecs   0    00000000    000000e4     
                  00000000    000000e4     startup_msp432p401r_ccs.obj (.intvecs:retain)

.text      0    000000e4    00005ddc     
                  000000e4    00000e18     main.obj (.text)
                  00000efc    00000a4e     rtsv7M4_T_le_v4SPD16_eabi.lib : _printfi.c.obj (.text:__TI_printfi)
                  0000194a    00000002     msp432p4xx_driverlib.lib : interrupt.o (.text:IntDefaultHandler)
                  0000194c    00000790     oled.obj (.text)
                  000020dc    000006bc     UART0.obj (.text)
                  00002798    00000378     system_msp432p401r.obj (.text)
                  00002b10    000002dc     data_process.obj (.text)
                  00002dec    00000270     rtsv7M4_T_le_v4SPD16_eabi.lib : _printfi.c.obj (.text:_pconv_a)
                  0000305c    00000260     ADC14.obj (.text)
                  000032bc    00000234     key.obj (.text)
                  000034f0    000001e0     Clock.obj (.text)
                  000036d0    000001d0     rtsv7M4_T_le_v4SPD16_eabi.lib : _printfi.c.obj (.text:_pconv_g)
                  000038a0    000001b6                                   : fd_add_t2.asm.obj (.text)
                  00003a56    00000002                                   : _lock.c.obj (.text:_nop)
                  00003a58    00000194     timer32.obj (.text)
                  00003bec    00000158     rtsv7M4_T_le_v4SPD16_eabi.lib : e_sqrt.c.obj (.text:sqrt)
                  00003d44    0000013c                                   : _printfi.c.obj (.text:_pconv_e)
                  00003e80    00000136                                   : fd_div_t2.asm.obj (.text)
                  00003fb6    00000002                                   : div0.asm.obj (.text)
                  00003fb8    00000124                                   : _printfi.c.obj (.text:fcvt)
                  000040dc    00000114                                   : fputs.c.obj (.text:fputs)
                  000041f0    00000110                                   : fopen.c.obj (.text:_openfile)
                  00004300    00000110                                   : s_scalbn.c.obj (.text:scalbn)
                  00004410    00000100                                   : memory.c.obj (.text:aligned_alloc)
                  00004510    000000fc                                   : fd_mul_t2.asm.obj (.text)
                  0000460c    000000e4                                   : memory.c.obj (.text:free)
                  000046f0    000000dc                                   : setvbuf.c.obj (.text:setvbuf)
                  000047cc    000000bc                                   : open.c.obj (.text:open)
                  00004888    000000b8                                   : add_device.c.obj (.text:add_device)
                  00004940    000000b1                                   : _printfi.c.obj (.text:_ltostr)
                  000049f1    00000003     --HOLE-- [fill = 0]
                  000049f4    0000009c                                   : fopen.c.obj (.text:fopen)
                  00004a90    0000009c                                   : memcpy_t2.asm.obj (.text)
                  00004b2c    00000096                                   : ull_div_t2.asm.obj (.text)
                  00004bc2    00000002     --HOLE-- [fill = 0]
                  00004bc4    0000008c                                   : fputc.c.obj (.text:fputc)
                  00004c50    00000086                                   : fd_cmp_t2.asm.obj (.text:__aeabi_cdcmple)
                  00004cd6    00000086                                   : fd_cmp_t2.asm.obj (.text:__aeabi_cdrcmple)
                  00004d5c    00000084     msp432p4xx_driverlib.lib : gpio.o (.text:GPIO_getEnabledInterruptStatus)
                  00004de0    00000080                              : interrupt.o (.text:Interrupt_disableInterrupt)
                  00004e60    00000080                              : interrupt.o (.text:Interrupt_enableInterrupt)
                  00004ee0    0000007a     rtsv7M4_T_le_v4SPD16_eabi.lib : memset_t2.asm.obj (.text)
                  00004f5a    00000002     --HOLE-- [fill = 0]
                  00004f5c    00000074                                   : fclose.c.obj (.text:__TI_closefile)
                  00004fd0    00000070                                   : memory.c.obj (.text:split)
                  00005040    0000006e                                   : _printfi.c.obj (.text:_mcpy)
                  000050ae    0000006e                                   : fd_tos_t2.asm.obj (.text)
                  0000511c    0000006c                                   : hostrename.c.obj (.text:HOSTrename)
                  00005188    00000068                                   : hostlseek.c.obj (.text:HOSTlseek)
                  000051f0    00000068                                   : copy_decompress_lzss.c.obj (.text:decompress:lzss:__TI_decompress_lzss)
                  00005258    00000068                                   : printf.c.obj (.text:printf)
                  000052c0    00000064                                   : s_frexp.c.obj (.text:frexp)
                  00005324    00000064                                   : fseek.c.obj (.text:fseek)
                  00005388    00000062                                   : _io_perm.c.obj (.text:__TI_wrt_ok)
                  000053ea    00000002     --HOLE-- [fill = 0]
                  000053ec    00000060                                   : hostopen.c.obj (.text:HOSTopen)
                  0000544c    0000005c     msp432p4xx_driverlib.lib : interrupt.o (.text:Interrupt_registerInterrupt)
                  000054a8    0000005c     rtsv7M4_T_le_v4SPD16_eabi.lib : close.c.obj (.text:close)
                  00005504    00000058     msp432p4xx_driverlib.lib : gpio.o (.text:GPIO_setAsInputPinWithPullUpResistor)
                  0000555c    00000058     rtsv7M4_T_le_v4SPD16_eabi.lib : hostread.c.obj (.text:HOSTread)
                  000055b4    00000058                                   : hostwrite.c.obj (.text:HOSTwrite)
                  0000560c    00000056                                   : _printfi.c.obj (.text:_pconv_f)
                  00005662    00000054                                   : _ltoa.c.obj (.text:__TI_ltoa)
                  000056b6    00000052                                   : _printfi.c.obj (.text:_ecpy)
                  00005708    0000004c                                   : fflush.c.obj (.text:__TI_doflush)
                  00005754    0000004c                                   : atoi.c.obj (.text:atoi)
                  000057a0    00000048                                   : exit.c.obj (.text:exit)
                  000057e8    00000048                                   : fd_toi_t2.asm.obj (.text)
                  00005830    00000044                                   : hostclose.c.obj (.text:HOSTclose)
                  00005874    00000044                                   : hostunlink.c.obj (.text:HOSTunlink)
                  000058b8    00000044                                   : autoinit.c.obj (.text:__TI_auto_init_nobinit_nopinit:__TI_auto_init_nobinit_nopinit)
                  000058fc    00000044                                   : getdevice.c.obj (.text:getdevice)
                  00005940    00000040     SysTickInts.obj (.text)
                  00005980    0000003e     rtsv7M4_T_le_v4SPD16_eabi.lib : _printfi.c.obj (.text:_fcpy)
                  000059be    00000002     --HOLE-- [fill = 0]
                  000059c0    0000003c     msp432p4xx_driverlib.lib : gpio.o (.text:GPIO_interruptEdgeSelect)
                  000059fc    00000038     rtsv7M4_T_le_v4SPD16_eabi.lib : trgmsg.c.obj (.text:__TI_writemsg)
                  00005a34    00000038                                   : fs_tod_t2.asm.obj (.text)
                  00005a6c    00000036                                   : strncpy.c.obj (.text:strncpy)
                  00005aa2    00000002     --HOLE-- [fill = 0]
                  00005aa4    00000034                                   : fopen.c.obj (.text:__TI_cleanup)
                  00005ad8    00000034                                   : trgmsg.c.obj (.text:__TI_readmsg)
                  00005b0c    00000034                                   : boot_cortex_m.c.obj (.text:_c_int00_noargs:_c_int00_noargs)
                  00005b40    00000034                                   : fopen.c.obj (.text:freopen)
                  00005b74    00000030                                   : getdevice.c.obj (.text:finddevice)
                  00005ba4    0000002e                                   : i_tofd_t2.asm.obj (.text)
                  00005bd2    00000002     --HOLE-- [fill = 0]
                  00005bd4    0000002c                                   : unlink.c.obj (.text:unlink)
                  00005c00    00000028     msp432p4xx_driverlib.lib : gpio.o (.text:GPIO_clearInterruptFlag)
                  00005c28    00000028                              : gpio.o (.text:GPIO_enableInterrupt)
                  00005c50    00000028     rtsv7M4_T_le_v4SPD16_eabi.lib : memory.c.obj (.text:free_list_insert)
                  00005c78    00000028                                   : lseek.c.obj (.text:lseek)
                  00005ca0    00000028                                   : write.c.obj (.text:write)
                  00005cc8    00000024     CortexM.obj (.text)
                  00005cec    00000024     msp432p4xx_driverlib.lib : gpio.o (.text:GPIO_getInterruptStatus)
                  00005d10    00000024                              : gpio.o (.text:GPIO_registerInterrupt)
                  00005d34    00000020     rtsv7M4_T_le_v4SPD16_eabi.lib : memchr.c.obj (.text:memchr)
                  00005d54    00000020                                   : u_tofd_t2.asm.obj (.text)
                  00005d74    0000001c     msp432p4xx_driverlib.lib : interrupt.o (.text:Interrupt_unregisterInterrupt)
                  00005d90    0000001c     rtsv7M4_T_le_v4SPD16_eabi.lib : copy_zero_init.c.obj (.text:decompress:ZI:__TI_zero_init_nomemset:__TI_zero_init_nomemset)
                  00005dac    0000001c                                   : memory.c.obj (.text:free_list_remove)
                  00005dc8    0000001c                                   : memccpy.c.obj (.text:memccpy)
                  00005de4    0000001a                                   : s_copysign.c.obj (.text:copysign)
                  00005dfe    00000018                                   : strcmp.c.obj (.text:strcmp)
                  00005e16    00000016                                   : strchr.c.obj (.text:strchr)
                  00005e2c    00000014                                   : strcpy.c.obj (.text:strcpy)
                  00005e40    00000014                                   : strlen.c.obj (.text:strlen)
                  00005e54    00000012                                   : wcslen.c.obj (.text:wcslen)
                  00005e66    00000010     msp432p4xx_driverlib.lib : interrupt.o (.text:Interrupt_enableMaster)
                  00005e76    0000000e     rtsv7M4_T_le_v4SPD16_eabi.lib : copy_decompress_none.c.obj (.text:decompress:none:__TI_decompress_none)
                  00005e84    0000000e     startup_msp432p401r_ccs.obj (.text)
                  00005e92    0000000c     msp432p4xx_driverlib.lib : cpu.o (.text:CPU_cpsie)
                  00005e9e    00000002     --HOLE-- [fill = 0]
                  00005ea0    00000008     rtsv7M4_T_le_v4SPD16_eabi.lib : errno.c.obj (.text:__aeabi_errno_addr)
                  00005ea8    00000008                                   : memory.c.obj (.text:malloc)
                  00005eb0    00000004                                   : printf.c.obj (.text:_outc)
                  00005eb4    00000004                                   : printf.c.obj (.text:_outs)
                  00005eb8    00000004                                   : pre_init.c.obj (.text:_system_pre_init)
                  00005ebc    00000004                                   : exit.c.obj (.text:abort:abort)

.const     0    00005ec0    000012dc     
                  00005ec0    000005f0     oled.obj (.const:asc2_1608)
                  000064b0    00000474     oled.obj (.const:asc2_1206)
                  00006924    00000330     oled.obj (.const:Hzk1)
                  00006c54    00000228     oled.obj (.const:asc2_0806)
                  00006e7c    000001c0     oled.obj (.const:Hzk)
                  0000703c    00000101     rtsv7M4_T_le_v4SPD16_eabi.lib : ctype.c.obj (.const:.string:_ctypes_)
                  0000713d    00000003     --HOLE-- [fill = 0]
                  00007140    00000030     msp432p4xx_driverlib.lib : gpio.o (.const:GPIO_PORT_TO_BASE)
                  00007170    0000001c                              : gpio.o (.const:GPIO_PORT_TO_INT)
                  0000718c    00000008                              : interrupt.o (.const:g_pulDisRegs)
                  00007194    00000008                              : interrupt.o (.const:g_pulEnRegs)

.cinit     0    000071a0    000000c0     
                  000071a0    00000086     (.cinit..data.load) [load image, compression = lzss]
                  00007226    00000002     --HOLE-- [fill = 0]
                  00007228    0000000c     (__TI_handler_table)
                  00007234    00000004     --HOLE-- [fill = 0]
                  00007238    00000008     (.cinit..bss.load) [load image, compression = zero_init]
                  00007240    00000008     (.cinit..vtable.load) [load image, compression = zero_init]
                  00007248    00000018     (__TI_cinit_table)

.init_array 
*          0    00000000    00000000     UNINITIALIZED

.binit     0    00000000    00000000     

.vtable    0    20000000    000000e8     UNINITIALIZED
                  20000000    000000e8     msp432p4xx_driverlib.lib : interrupt.o (.vtable)

.data      0    200000e8    0000c128     UNINITIALIZED
                  200000e8    00001f40     main.obj (.data:ADCDeal_Channel1_Flag)
                  20002028    00001f40     main.obj (.data:ADCDeal_Channel2_Flag)
                  20003f68    00001f40     main.obj (.data:ADCFreq_Channel1)
                  20005ea8    00001f40     main.obj (.data:ADCFreq_Channel2)
                  20007de8    00001f40     main.obj (.data:ADCRaw_Channel1_Flag)
                  20009d28    00001f40     main.obj (.data:ADCRaw_Channel2_Flag)
                  2000bc68    00000190     main.obj (.data:ADCEndFreq_Channel1)
                  2000bdf8    00000190     main.obj (.data:ADCEndFreq_Channel2)
                  2000bf88    000000f0     rtsv7M4_T_le_v4SPD16_eabi.lib : defs.c.obj (.data:_ftable)
                  2000c078    00000078                                   : host_device.c.obj (.data:_device)
                  2000c0f0    0000005d     main.obj (.data)
                  2000c14d    00000003     --HOLE--
                  2000c150    00000050     rtsv7M4_T_le_v4SPD16_eabi.lib : host_device.c.obj (.data:_stream)
                  2000c1a0    00000018     Clock.obj (.data)
                  2000c1b8    00000014     main.obj (.data:temp)
                  2000c1cc    00000010     rtsv7M4_T_le_v4SPD16_eabi.lib : defs.c.obj (.data)
                  2000c1dc    0000000c                                   : exit.c.obj (.data:$O1$$)
                  2000c1e8    00000008                                   : _lock.c.obj (.data:$O1$$)
                  2000c1f0    00000008                                   : memory.c.obj (.data:$O1$$)
                  2000c1f8    00000004     data_process.obj (.data)
                  2000c1fc    00000004     rtsv7M4_T_le_v4SPD16_eabi.lib : add_device.c.obj (.data)
                  2000c200    00000004                                   : errno.c.obj (.data)
                  2000c204    00000004                                   : fopen.c.obj (.data)
                  2000c208    00000004                                   : open.c.obj (.data)
                  2000c20c    00000004     system_msp432p401r.obj (.data)

.sysmem    0    2000c210    00000400     UNINITIALIZED
                  2000c210    00000010     rtsv7M4_T_le_v4SPD16_eabi.lib : memory.c.obj (.sysmem)
                  2000c220    000003f0     --HOLE--

.bss       0    2000c610    000001df     UNINITIALIZED
                  2000c610    00000120     rtsv7M4_T_le_v4SPD16_eabi.lib : trgmsg.c.obj (.bss:_CIOBUF_)
                  2000c730    000000a0     (.common:__TI_tmpnams)
                  2000c7d0    00000008     (.common:Messageb)
                  2000c7d8    00000008     (.common:parmbuf)
                  2000c7e0    00000004     (.common:Messageindexb)
                  2000c7e4    00000004     (.common:p1)
                  2000c7e8    00000004     (.common:p2)
                  2000c7ec    00000002     key.obj (.bss)
                  2000c7ee    00000001     (.common:Key_KeyNumber)

.stack     0    2000fe00    00000200     UNINITIALIZED
                  2000fe00    00000004     rtsv7M4_T_le_v4SPD16_eabi.lib : boot_cortex_m.c.obj (.stack)
                  2000fe04    000001fc     --HOLE--

__llvm_prf_cnts 
*          0    20000000    00000000     UNINITIALIZED

MODULE SUMMARY

       Module                        code    ro data   rw data
       ------                        ----    -------   -------
    .\
       main.obj                      3608    0         97842  
       oled.obj                      1936    4476      0      
       UART0.obj                     1724    0         24     
       system_msp432p401r.obj        888     0         8      
       data_process.obj              732     0         8      
       ADC14.obj                     608     0         0      
       key.obj                       564     0         6      
       Clock.obj                     480     0         48     
       timer32.obj                   404     0         0      
       startup_msp432p401r_ccs.obj   14      228       0      
       SysTickInts.obj               64      0         0      
       CortexM.obj                   36      0         0      
    +--+-----------------------------+-------+---------+---------+
       Total:                        11058   4704      97936  
                                                              
    C:/ti/simplelink_msp432p4_sdk_3_40_01_02/source/ti/devices/msp432p4xx/driverlib/ccs/msp432p4xx_driverlib.lib
       interrupt.o                   394     16        464    
       gpio.o                        432     76        0      
       cpu.o                         12      0         0      
    +--+-----------------------------+-------+---------+---------+
       Total:                        838     92        464    
                                                              
    C:\ti\ccs1100\ccs\tools\compiler\ti-cgt-arm_20.2.5.LTS\lib\rtsv7M4_T_le_v4SPD16_eabi.lib
       _printfi.c.obj                4851    0         0      
       defs.c.obj                    0       0         832    
       memory.c.obj                  672     0         16     
       trgmsg.c.obj                  108     0         576    
       fopen.c.obj                   532     0         8      
       fd_add_t2.asm.obj             438     0         0      
       host_device.c.obj             0       0         400    
       e_sqrt.c.obj                  344     0         0      
       fd_div_t2.asm.obj             310     0         0      
       fputs.c.obj                   276     0         0      
       s_scalbn.c.obj                272     0         0      
       fd_cmp_t2.asm.obj             268     0         0      
       ctype.c.obj                   0       257       0      
       fd_mul_t2.asm.obj             252     0         0      
       setvbuf.c.obj                 220     0         0      
       open.c.obj                    188     0         8      
       add_device.c.obj              184     0         8      
       memcpy_t2.asm.obj             156     0         0      
       ull_div_t2.asm.obj            150     0         0      
       fputc.c.obj                   140     0         0      
       memset_t2.asm.obj             122     0         0      
       fclose.c.obj                  116     0         0      
       getdevice.c.obj               116     0         0      
       hostopen.c.obj                96      0         16     
       printf.c.obj                  112     0         0      
       fd_tos_t2.asm.obj             110     0         0      
       hostrename.c.obj              108     0         0      
       copy_decompress_lzss.c.obj    104     0         0      
       hostlseek.c.obj               104     0         0      
       exit.c.obj                    76      0         24     
       fseek.c.obj                   100     0         0      
       s_frexp.c.obj                 100     0         0      
       _io_perm.c.obj                98      0         0      
       close.c.obj                   92      0         0      
       hostread.c.obj                88      0         0      
       hostwrite.c.obj               88      0         0      
       _ltoa.c.obj                   84      0         0      
       atoi.c.obj                    76      0         0      
       fflush.c.obj                  76      0         0      
       fd_toi_t2.asm.obj             72      0         0      
       autoinit.c.obj                68      0         0      
       hostclose.c.obj               68      0         0      
       hostunlink.c.obj              68      0         0      
       fs_tod_t2.asm.obj             56      0         0      
       strncpy.c.obj                 54      0         0      
       boot_cortex_m.c.obj           52      0         0      
       i_tofd_t2.asm.obj             46      0         0      
       unlink.c.obj                  44      0         0      
       lseek.c.obj                   40      0         0      
       write.c.obj                   40      0         0      
       memchr.c.obj                  32      0         0      
       u_tofd_t2.asm.obj             32      0         0      
       copy_zero_init.c.obj          28      0         0      
       memccpy.c.obj                 28      0         0      
       s_copysign.c.obj              26      0         0      
       strcmp.c.obj                  24      0         0      
       strchr.c.obj                  22      0         0      
       strcpy.c.obj                  20      0         0      
       strlen.c.obj                  20      0         0      
       _lock.c.obj                   2       0         16     
       wcslen.c.obj                  18      0         0      
       errno.c.obj                   8       0         8      
       copy_decompress_none.c.obj    14      0         0      
       pre_init.c.obj                4       0         0      
       div0.asm.obj                  2       0         0      
    +--+-----------------------------+-------+---------+---------+
       Total:                        12115   257       1912   
                                                              
       Heap:                         0       0         2048   
       Stack:                        0       0         1024   
       Linker Generated:             0       186       0      
    +--+-----------------------------+-------+---------+---------+
       Grand Total:                  24011   5239      103384 


LINKER GENERATED COPY TABLES

__TI_cinit_table @ 00007248 records: 3, size/record: 8, table size: 24
	.data: load addr=000071a0, load size=00000086 bytes, run addr=200000e8, run size=0000c128 bytes, compression=lzss
	.bss: load addr=00007238, load size=00000008 bytes, run addr=2000c610, run size=000001df bytes, compression=zero_init
	.vtable: load addr=00007240, load size=00000008 bytes, run addr=20000000, run size=000000e8 bytes, compression=zero_init


LINKER GENERATED HANDLER TABLE

__TI_handler_table @ 00007228 records: 3, size/record: 4, table size: 12
	index: 0, handler: __TI_zero_init
	index: 1, handler: __TI_decompress_lzss
	index: 2, handler: __TI_decompress_none


GLOBAL SYMBOLS: SORTED ALPHABETICALLY BY Name 

address   name                                
-------   ----                                
2000c138  ACvoltage1                          
2000c13c  ACvoltage2                          
00003159  ADC0_InitSWTriggerCh12              
000031c9  ADC0_InitSWTriggerCh17_12_16        
0000305d  ADC0_InitSWTriggerCh6               
000030cd  ADC0_InitSWTriggerCh67              
00005e91  ADC14_IRQHandler                    
200000e8  ADCDeal_Channel1_Flag               
20002028  ADCDeal_Channel2_Flag               
2000bc68  ADCEndFreq_Channel1                 
2000bdf8  ADCEndFreq_Channel2                 
20003f68  ADCFreq_Channel1                    
20005ea8  ADCFreq_Channel2                    
20007de8  ADCRaw_Channel1_Flag                
20009d28  ADCRaw_Channel2_Flag                
000031a9  ADC_In12                            
00003239  ADC_In17_12_16                      
000030ad  ADC_In6                             
00003123  ADC_In67                            
00005e91  AES256_IRQHandler                   
00005e91  BusFault_Handler                    
00005ebd  C$$EXIT                             
00005a2b  C$$IO$$                             
00005e91  COMP_E0_IRQHandler                  
00005e91  COMP_E1_IRQHandler                  
2000c1a8  CPMwait                             
00005e93  CPU_cpsie                           
00005e91  CS_IRQHandler                       
2000c1a0  ClockFrequency                      
00003645  Clock_Delay1ms                      
0000361b  Clock_Delay1us                      
00003607  Clock_GetFreq                       
000034f1  Clock_Init48MHz                     
2000c1b4  Crystalstable                       
2000c130  DCvoltage1                          
2000c134  DCvoltage2                          
00005e91  DMA_ERR_IRQHandler                  
00005e91  DMA_INT0_IRQHandler                 
00005e91  DMA_INT1_IRQHandler                 
00005e91  DMA_INT2_IRQHandler                 
00005e91  DMA_INT3_IRQHandler                 
00005e91  DebugMon_Handler                    
00005e91  Default_Handler                     
00005cc9  DisableInterrupts                   
00005e91  EUSCIA0_IRQHandler                  
00005e91  EUSCIA1_IRQHandler                  
00005e91  EUSCIA2_IRQHandler                  
00005e91  EUSCIA3_IRQHandler                  
00005e91  EUSCIB0_IRQHandler                  
00005e91  EUSCIB1_IRQHandler                  
00005e91  EUSCIB2_IRQHandler                  
00005e91  EUSCIB3_IRQHandler                  
00005ccf  EnableInterrupts                    
00005cdf  EndCritical                         
00005e91  FLCTL_IRQHandler                    
00005e91  FPU_IRQHandler                      
000000e5  GPIO_Interrupt                      
00005c01  GPIO_clearInterruptFlag             
00005c29  GPIO_enableInterrupt                
00004d5d  GPIO_getEnabledInterruptStatus      
00005ced  GPIO_getInterruptStatus             
000059c1  GPIO_interruptEdgeSelect            
00005d11  GPIO_registerInterrupt              
00005505  GPIO_setAsInputPinWithPullUpResistor
00005831  HOSTclose                           
00005189  HOSTlseek                           
000053ed  HOSTopen                            
0000555d  HOSTread                            
0000511d  HOSTrename                          
00005875  HOSTunlink                          
000055b5  HOSTwrite                           
00005e91  HardFault_Handler                   
00006e7c  Hzk                                 
00006924  Hzk1                                
2000c1b0  IFlags                              
00004de1  Interrupt_disableInterrupt          
00004e61  Interrupt_enableInterrupt           
00005e67  Interrupt_enableMaster              
0000544d  Interrupt_registerInterrupt         
00005d75  Interrupt_unregisterInterrupt       
000034b1  Key                                 
2000c0fc  Key_Count                           
000033b9  Key_GetState                        
2000c7ee  Key_KeyNumber                       
00003411  Key_Loop                            
2000c100  Key_Num                             
00005e91  MemManage_Handler                   
2000c7d0  Messageb                            
2000c7e0  Messageindexb                       
00005e91  NMI_Handler                         
00001af5  OLED_Clear                          
0000197f  OLED_ColorTurn                      
000019a5  OLED_DisplayTurn                    
00001ad9  OLED_Display_Off                    
00001abd  OLED_Display_On                     
00001edd  OLED_DrawBMP                        
00001f89  OLED_Init                           
00001a81  OLED_Set_Pos                        
00001b5f  OLED_ShowChar                       
00001e1b  OLED_ShowChinese                    
00001cc5  OLED_ShowNum                        
00001daf  OLED_ShowString                     
000019db  OLED_WR_Byte                        
00005e91  PCM_IRQHandler                      
00005e91  PORT1_IRQHandler                    
00005e91  PORT2_IRQHandler                    
00005e91  PORT3_IRQHandler                    
00000245  PORT4_IRQHandler                    
00000245  PORT4_IRQHandler                    
00005e91  PORT5_IRQHandler                    
00005e91  PORT6_IRQHandler                    
00005e91  PSS_IRQHandler                      
00005e91  PendSV_Handler                      
2000c1ac  Postwait                            
2000c1a4  Prewait                             
00005e91  RTC_C_IRQHandler                    
00005e85  Reset_Handler                       
00005e91  SVC_Handler                         
00005cd5  StartCritical                       
000002eb  SysTick_Handler                     
000002eb  SysTick_Handler                     
00005941  SysTick_Init                        
2000c20c  SystemCoreClock                     
00002799  SystemCoreClockUpdate               
00002a11  SystemInit                          
0000030f  T32_INT1_IRQHandler                 
0000030f  T32_INT1_IRQHandler                 
00005e91  T32_INT2_IRQHandler                 
00005e91  T32_INTC_IRQHandler                 
00005e91  TA0_0_IRQHandler                    
00005e91  TA0_N_IRQHandler                    
00005e91  TA1_0_IRQHandler                    
00005e91  TA1_N_IRQHandler                    
00005e91  TA2_0_IRQHandler                    
00005e91  TA2_N_IRQHandler                    
00005e91  TA3_0_IRQHandler                    
00005e91  TA3_N_IRQHandler                    
00003b97  Timer32_clearInterruptFlag          
00003b83  Timer32_disableInterrupt            
00003b6f  Timer32_enableInterrupt             
00003bab  Timer32_getInterruptStatus          
00003b19  Timer32_getValue                    
00003b5b  Timer32_haltTimer                   
00003a59  Timer32_initModule                  
00003bb9  Timer32_registerInterrupt           
00003ab9  Timer32_setCount                    
00003ae9  Timer32_setCountInBackground        
00003b27  Timer32_startTimer                  
00003bcf  Timer32_unregisterInterrupt         
00002123  UART0_InChar                        
000025ad  UART0_InString                      
0000216d  UART0_InUDec                        
00002461  UART0_InUHex                        
000020dd  UART0_Init                          
0000270d  UART0_Initprintf                    
00002133  UART0_OutChar                       
0000214f  UART0_OutString                     
000021f1  UART0_OutUDec                       
0000235d  UART0_OutUDec4                      
000023b1  UART0_OutUDec5                      
000023ed  UART0_OutUFix1                      
00002415  UART0_OutUFix2                      
00002525  UART0_OutUHex                       
00002591  UART0_OutUHex2                      
00005e91  UsageFault_Handler                  
4000480c  WDTCTL_SYM                          
00005e91  WDT_A_IRQHandler                    
00005ce7  WaitForInterrupt                    
2000c610  __CIOBUF_                           
20010000  __STACK_END                         
00000200  __STACK_SIZE                        
00000400  __SYSMEM_SIZE                       
00007248  __TI_CINIT_Base                     
00007260  __TI_CINIT_Limit                    
00007228  __TI_Handler_Table_Base             
00007234  __TI_Handler_Table_Limit            
000058b9  __TI_auto_init_nobinit_nopinit      
00005aa5  __TI_cleanup                        
2000c1dc  __TI_cleanup_ptr                    
00004f5d  __TI_closefile                      
000051f1  __TI_decompress_lzss                
00005e77  __TI_decompress_none                
00005709  __TI_doflush                        
2000c1e0  __TI_dtors_ptr                      
2000c1e4  __TI_enable_exit_profile_output     
2000c1cc  __TI_ft_end                         
00005663  __TI_ltoa                           
ffffffff  __TI_pprof_out_hndl                 
00000efd  __TI_printfi                        
ffffffff  __TI_prof_data_size                 
ffffffff  __TI_prof_data_start                
00005ad9  __TI_readmsg                        
00000000  __TI_static_base__                  
2000c730  __TI_tmpnams                        
000059fd  __TI_writemsg                       
00005389  __TI_wrt_ok                         
00005d91  __TI_zero_init_nomemset             
00004c51  __aeabi_cdcmpeq                     
00004c51  __aeabi_cdcmple                     
00004cd7  __aeabi_cdrcmple                    
000050af  __aeabi_d2f                         
000057e9  __aeabi_d2iz                        
000038ab  __aeabi_dadd                        
00003e81  __aeabi_ddiv                        
00004511  __aeabi_dmul                        
000038a1  __aeabi_dsub                        
00005ea1  __aeabi_errno_addr                  
00005a35  __aeabi_f2d                         
00005ba5  __aeabi_i2d                         
00003fb7  __aeabi_idiv0                       
00003fb7  __aeabi_ldiv0                       
00004ee1  __aeabi_memclr                      
00004ee1  __aeabi_memclr4                     
00004ee1  __aeabi_memclr8                     
00004a91  __aeabi_memcpy                      
00004a91  __aeabi_memcpy4                     
00004a91  __aeabi_memcpy8                     
00004ee3  __aeabi_memset                      
00004ee3  __aeabi_memset4                     
00004ee3  __aeabi_memset8                     
2000c1d8  __aeabi_stderr                      
2000c1d0  __aeabi_stdin                       
2000c1d4  __aeabi_stdout                      
00005d55  __aeabi_ui2d                        
00004b2d  __aeabi_uldivmod                    
ffffffff  __binit__                           
ffffffff  __c_args__                          
UNDEFED   __mpu_init                          
2000fe00  __stack                             
20000000  __start___llvm_prf_cnts             
20000000  __stop___llvm_prf_cnts              
00005b0d  _c_int00_noargs                     
0000703c  _ctypes_                            
2000c078  _device                             
2000bf88  _ftable                             
2000c1e8  _lock                               
00003a57  _nop                                
2000c150  _stream                             
2000c210  _sys_memory                         
UNDEFED   _system_post_cinit                  
00005eb9  _system_pre_init                    
2000c1ec  _unlock                             
00005ebd  abort                               
00004889  add_device                          
00004411  aligned_alloc                       
00006c54  asc2_0806                           
000064b0  asc2_1206                           
00005ec0  asc2_1608                           
00005755  atoi                                
ffffffff  binit                               
2000c114  ch6                                 
2000c118  ch7                                 
000054a9  close                               
2000c0f8  collect_flag                        
00005de5  copysign                            
00005de5  copysignl                           
0000360d  delay                               
0000194d  delay_ms                            
00002c19  delete_data                         
2000c200  errno                               
000057a1  exit                                
2000c104  f_length1                           
2000c108  f_length2                           
00002647  ferror                              
00002627  fgetc                               
00005b75  finddevice                          
00002c85  float_int                           
000049f5  fopen                               
00004bc5  fputc                               
000040dd  fputs                               
2000c124  frecq1                              
2000c128  frecq2                              
0000460d  free                                
00005b41  freopen                             
000052c1  frexp                               
000052c1  frexpl                              
00005325  fseek                               
20000000  g_pfnRAMVectors                     
00002b6f  get_index                           
00002b11  get_max                             
000058fd  getdevice                           
2000c1f8  i                                   
00000000  interruptVectors                    
2000c144  j                                   
2000c148  k                                   
2000c11c  key                                 
000032bd  key_init                            
2000c120  key_num                             
00004301  ldexp                               
00004301  ldexpl                              
00005c79  lseek                               
00000351  main                                
00005ea9  malloc                              
00004411  memalign                            
00005dc9  memccpy                             
00005d35  memchr                              
00004a91  memcpy                              
00004ee9  memset                              
2000c14c  mode                                
2000c0f4  num                                 
00001c8f  oled_pow                            
000047cd  open                                
00002cf5  out_phase                           
00002569  outnibble                           
2000c140  over_flag                           
2000c7e4  p1                                  
2000c7e8  p2                                  
2000c7d8  parmbuf                             
2000c12c  phase                               
00005259  printf                              
00004bc5  putc                                
00005bd5  remove                              
2000c10c  s_length1                           
2000c110  s_length2                           
00004301  scalbn                              
00004301  scalbnl                             
000046f1  setvbuf                             
00003bed  sqrt                                
00003bed  sqrtl                               
00005e17  strchr                              
00005dff  strcmp                              
00005e2d  strcpy                              
00005e41  strlen                              
00005a6d  strncpy                             
2000c1b8  temp                                
2000c0f0  test_flag                           
00002665  uart_close                          
000026e3  uart_lseek                          
00002655  uart_open                           
00002677  uart_read                           
000026ff  uart_rename                         
000026f3  uart_unlink                         
000026a1  uart_write                          
00005bd5  unlink                              
00005e55  wcslen                              
00005ca1  write                               


GLOBAL SYMBOLS: SORTED BY Symbol Address 

address   name                                
-------   ----                                
00000000  __TI_static_base__                  
00000000  interruptVectors                    
000000e5  GPIO_Interrupt                      
00000200  __STACK_SIZE                        
00000245  PORT4_IRQHandler                    
00000245  PORT4_IRQHandler                    
000002eb  SysTick_Handler                     
000002eb  SysTick_Handler                     
0000030f  T32_INT1_IRQHandler                 
0000030f  T32_INT1_IRQHandler                 
00000351  main                                
00000400  __SYSMEM_SIZE                       
00000efd  __TI_printfi                        
0000194d  delay_ms                            
0000197f  OLED_ColorTurn                      
000019a5  OLED_DisplayTurn                    
000019db  OLED_WR_Byte                        
00001a81  OLED_Set_Pos                        
00001abd  OLED_Display_On                     
00001ad9  OLED_Display_Off                    
00001af5  OLED_Clear                          
00001b5f  OLED_ShowChar                       
00001c8f  oled_pow                            
00001cc5  OLED_ShowNum                        
00001daf  OLED_ShowString                     
00001e1b  OLED_ShowChinese                    
00001edd  OLED_DrawBMP                        
00001f89  OLED_Init                           
000020dd  UART0_Init                          
00002123  UART0_InChar                        
00002133  UART0_OutChar                       
0000214f  UART0_OutString                     
0000216d  UART0_InUDec                        
000021f1  UART0_OutUDec                       
0000235d  UART0_OutUDec4                      
000023b1  UART0_OutUDec5                      
000023ed  UART0_OutUFix1                      
00002415  UART0_OutUFix2                      
00002461  UART0_InUHex                        
00002525  UART0_OutUHex                       
00002569  outnibble                           
00002591  UART0_OutUHex2                      
000025ad  UART0_InString                      
00002627  fgetc                               
00002647  ferror                              
00002655  uart_open                           
00002665  uart_close                          
00002677  uart_read                           
000026a1  uart_write                          
000026e3  uart_lseek                          
000026f3  uart_unlink                         
000026ff  uart_rename                         
0000270d  UART0_Initprintf                    
00002799  SystemCoreClockUpdate               
00002a11  SystemInit                          
00002b11  get_max                             
00002b6f  get_index                           
00002c19  delete_data                         
00002c85  float_int                           
00002cf5  out_phase                           
0000305d  ADC0_InitSWTriggerCh6               
000030ad  ADC_In6                             
000030cd  ADC0_InitSWTriggerCh67              
00003123  ADC_In67                            
00003159  ADC0_InitSWTriggerCh12              
000031a9  ADC_In12                            
000031c9  ADC0_InitSWTriggerCh17_12_16        
00003239  ADC_In17_12_16                      
000032bd  key_init                            
000033b9  Key_GetState                        
00003411  Key_Loop                            
000034b1  Key                                 
000034f1  Clock_Init48MHz                     
00003607  Clock_GetFreq                       
0000360d  delay                               
0000361b  Clock_Delay1us                      
00003645  Clock_Delay1ms                      
000038a1  __aeabi_dsub                        
000038ab  __aeabi_dadd                        
00003a57  _nop                                
00003a59  Timer32_initModule                  
00003ab9  Timer32_setCount                    
00003ae9  Timer32_setCountInBackground        
00003b19  Timer32_getValue                    
00003b27  Timer32_startTimer                  
00003b5b  Timer32_haltTimer                   
00003b6f  Timer32_enableInterrupt             
00003b83  Timer32_disableInterrupt            
00003b97  Timer32_clearInterruptFlag          
00003bab  Timer32_getInterruptStatus          
00003bb9  Timer32_registerInterrupt           
00003bcf  Timer32_unregisterInterrupt         
00003bed  sqrt                                
00003bed  sqrtl                               
00003e81  __aeabi_ddiv                        
00003fb7  __aeabi_idiv0                       
00003fb7  __aeabi_ldiv0                       
000040dd  fputs                               
00004301  ldexp                               
00004301  ldexpl                              
00004301  scalbn                              
00004301  scalbnl                             
00004411  aligned_alloc                       
00004411  memalign                            
00004511  __aeabi_dmul                        
0000460d  free                                
000046f1  setvbuf                             
000047cd  open                                
00004889  add_device                          
000049f5  fopen                               
00004a91  __aeabi_memcpy                      
00004a91  __aeabi_memcpy4                     
00004a91  __aeabi_memcpy8                     
00004a91  memcpy                              
00004b2d  __aeabi_uldivmod                    
00004bc5  fputc                               
00004bc5  putc                                
00004c51  __aeabi_cdcmpeq                     
00004c51  __aeabi_cdcmple                     
00004cd7  __aeabi_cdrcmple                    
00004d5d  GPIO_getEnabledInterruptStatus      
00004de1  Interrupt_disableInterrupt          
00004e61  Interrupt_enableInterrupt           
00004ee1  __aeabi_memclr                      
00004ee1  __aeabi_memclr4                     
00004ee1  __aeabi_memclr8                     
00004ee3  __aeabi_memset                      
00004ee3  __aeabi_memset4                     
00004ee3  __aeabi_memset8                     
00004ee9  memset                              
00004f5d  __TI_closefile                      
000050af  __aeabi_d2f                         
0000511d  HOSTrename                          
00005189  HOSTlseek                           
000051f1  __TI_decompress_lzss                
00005259  printf                              
000052c1  frexp                               
000052c1  frexpl                              
00005325  fseek                               
00005389  __TI_wrt_ok                         
000053ed  HOSTopen                            
0000544d  Interrupt_registerInterrupt         
000054a9  close                               
00005505  GPIO_setAsInputPinWithPullUpResistor
0000555d  HOSTread                            
000055b5  HOSTwrite                           
00005663  __TI_ltoa                           
00005709  __TI_doflush                        
00005755  atoi                                
000057a1  exit                                
000057e9  __aeabi_d2iz                        
00005831  HOSTclose                           
00005875  HOSTunlink                          
000058b9  __TI_auto_init_nobinit_nopinit      
000058fd  getdevice                           
00005941  SysTick_Init                        
000059c1  GPIO_interruptEdgeSelect            
000059fd  __TI_writemsg                       
00005a2b  C$$IO$$                             
00005a35  __aeabi_f2d                         
00005a6d  strncpy                             
00005aa5  __TI_cleanup                        
00005ad9  __TI_readmsg                        
00005b0d  _c_int00_noargs                     
00005b41  freopen                             
00005b75  finddevice                          
00005ba5  __aeabi_i2d                         
00005bd5  remove                              
00005bd5  unlink                              
00005c01  GPIO_clearInterruptFlag             
00005c29  GPIO_enableInterrupt                
00005c79  lseek                               
00005ca1  write                               
00005cc9  DisableInterrupts                   
00005ccf  EnableInterrupts                    
00005cd5  StartCritical                       
00005cdf  EndCritical                         
00005ce7  WaitForInterrupt                    
00005ced  GPIO_getInterruptStatus             
00005d11  GPIO_registerInterrupt              
00005d35  memchr                              
00005d55  __aeabi_ui2d                        
00005d75  Interrupt_unregisterInterrupt       
00005d91  __TI_zero_init_nomemset             
00005dc9  memccpy                             
00005de5  copysign                            
00005de5  copysignl                           
00005dff  strcmp                              
00005e17  strchr                              
00005e2d  strcpy                              
00005e41  strlen                              
00005e55  wcslen                              
00005e67  Interrupt_enableMaster              
00005e77  __TI_decompress_none                
00005e85  Reset_Handler                       
00005e91  ADC14_IRQHandler                    
00005e91  AES256_IRQHandler                   
00005e91  BusFault_Handler                    
00005e91  COMP_E0_IRQHandler                  
00005e91  COMP_E1_IRQHandler                  
00005e91  CS_IRQHandler                       
00005e91  DMA_ERR_IRQHandler                  
00005e91  DMA_INT0_IRQHandler                 
00005e91  DMA_INT1_IRQHandler                 
00005e91  DMA_INT2_IRQHandler                 
00005e91  DMA_INT3_IRQHandler                 
00005e91  DebugMon_Handler                    
00005e91  Default_Handler                     
00005e91  EUSCIA0_IRQHandler                  
00005e91  EUSCIA1_IRQHandler                  
00005e91  EUSCIA2_IRQHandler                  
00005e91  EUSCIA3_IRQHandler                  
00005e91  EUSCIB0_IRQHandler                  
00005e91  EUSCIB1_IRQHandler                  
00005e91  EUSCIB2_IRQHandler                  
00005e91  EUSCIB3_IRQHandler                  
00005e91  FLCTL_IRQHandler                    
00005e91  FPU_IRQHandler                      
00005e91  HardFault_Handler                   
00005e91  MemManage_Handler                   
00005e91  NMI_Handler                         
00005e91  PCM_IRQHandler                      
00005e91  PORT1_IRQHandler                    
00005e91  PORT2_IRQHandler                    
00005e91  PORT3_IRQHandler                    
00005e91  PORT5_IRQHandler                    
00005e91  PORT6_IRQHandler                    
00005e91  PSS_IRQHandler                      
00005e91  PendSV_Handler                      
00005e91  RTC_C_IRQHandler                    
00005e91  SVC_Handler                         
00005e91  T32_INT2_IRQHandler                 
00005e91  T32_INTC_IRQHandler                 
00005e91  TA0_0_IRQHandler                    
00005e91  TA0_N_IRQHandler                    
00005e91  TA1_0_IRQHandler                    
00005e91  TA1_N_IRQHandler                    
00005e91  TA2_0_IRQHandler                    
00005e91  TA2_N_IRQHandler                    
00005e91  TA3_0_IRQHandler                    
00005e91  TA3_N_IRQHandler                    
00005e91  UsageFault_Handler                  
00005e91  WDT_A_IRQHandler                    
00005e93  CPU_cpsie                           
00005ea1  __aeabi_errno_addr                  
00005ea9  malloc                              
00005eb9  _system_pre_init                    
00005ebd  C$$EXIT                             
00005ebd  abort                               
00005ec0  asc2_1608                           
000064b0  asc2_1206                           
00006924  Hzk1                                
00006c54  asc2_0806                           
00006e7c  Hzk                                 
0000703c  _ctypes_                            
00007228  __TI_Handler_Table_Base             
00007234  __TI_Handler_Table_Limit            
00007248  __TI_CINIT_Base                     
00007260  __TI_CINIT_Limit                    
20000000  __start___llvm_prf_cnts             
20000000  __stop___llvm_prf_cnts              
20000000  g_pfnRAMVectors                     
200000e8  ADCDeal_Channel1_Flag               
20002028  ADCDeal_Channel2_Flag               
20003f68  ADCFreq_Channel1                    
20005ea8  ADCFreq_Channel2                    
20007de8  ADCRaw_Channel1_Flag                
20009d28  ADCRaw_Channel2_Flag                
2000bc68  ADCEndFreq_Channel1                 
2000bdf8  ADCEndFreq_Channel2                 
2000bf88  _ftable                             
2000c078  _device                             
2000c0f0  test_flag                           
2000c0f4  num                                 
2000c0f8  collect_flag                        
2000c0fc  Key_Count                           
2000c100  Key_Num                             
2000c104  f_length1                           
2000c108  f_length2                           
2000c10c  s_length1                           
2000c110  s_length2                           
2000c114  ch6                                 
2000c118  ch7                                 
2000c11c  key                                 
2000c120  key_num                             
2000c124  frecq1                              
2000c128  frecq2                              
2000c12c  phase                               
2000c130  DCvoltage1                          
2000c134  DCvoltage2                          
2000c138  ACvoltage1                          
2000c13c  ACvoltage2                          
2000c140  over_flag                           
2000c144  j                                   
2000c148  k                                   
2000c14c  mode                                
2000c150  _stream                             
2000c1a0  ClockFrequency                      
2000c1a4  Prewait                             
2000c1a8  CPMwait                             
2000c1ac  Postwait                            
2000c1b0  IFlags                              
2000c1b4  Crystalstable                       
2000c1b8  temp                                
2000c1cc  __TI_ft_end                         
2000c1d0  __aeabi_stdin                       
2000c1d4  __aeabi_stdout                      
2000c1d8  __aeabi_stderr                      
2000c1dc  __TI_cleanup_ptr                    
2000c1e0  __TI_dtors_ptr                      
2000c1e4  __TI_enable_exit_profile_output     
2000c1e8  _lock                               
2000c1ec  _unlock                             
2000c1f8  i                                   
2000c200  errno                               
2000c20c  SystemCoreClock                     
2000c210  _sys_memory                         
2000c610  __CIOBUF_                           
2000c730  __TI_tmpnams                        
2000c7d0  Messageb                            
2000c7d8  parmbuf                             
2000c7e0  Messageindexb                       
2000c7e4  p1                                  
2000c7e8  p2                                  
2000c7ee  Key_KeyNumber                       
2000fe00  __stack                             
20010000  __STACK_END                         
4000480c  WDTCTL_SYM                          
ffffffff  __TI_pprof_out_hndl                 
ffffffff  __TI_prof_data_size                 
ffffffff  __TI_prof_data_start                
ffffffff  __binit__                           
ffffffff  __c_args__                          
ffffffff  binit                               
UNDEFED   __mpu_init                          
UNDEFED   _system_post_cinit                  

[336 symbols]
